******************************************************************************
                  TI ARM Linker PC v18.1.2                     
******************************************************************************
>> Linked Sun Jul 15 13:45:30 2018

OUTPUT FILE NAME:   <Four_axes_2018.out>
ENTRY POINT SYMBOL: "_c_int00_noargs"  address: 0000402d


MEMORY CONFIGURATION

         name            origin    length      used     unused   attr    fill
----------------------  --------  ---------  --------  --------  ----  --------
  FLASH                 00000000   00040000  000050f0  0003af10  R  X
  SRAM                  20000000   00008000  000007da  00007826  RW X


SEGMENT ALLOCATION MAP

run origin  load origin   length   init length attrs members
----------  ----------- ---------- ----------- ----- -------
00000000    00000000    000050f8   000050f8    r-x
  00000000    00000000    0000026c   0000026c    r-- .intvecs
  0000026c    0000026c    000041b0   000041b0    r-x .text
  00004420    00004420    00000ba4   00000ba4    r-- .const
  00004fc8    00004fc8    00000130   00000130    r-- .cinit
20000000    20000000    000007e5   00000000    rw-
  20000000    20000000    0000026c   00000000    rw- .vtable
  20000270    20000270    00000231   00000000    rw- .data
  200004a8    200004a8    00000200   00000000    rw- .stack
  200006a8    200006a8    0000013d   00000000    rw- .bss


SECTION ALLOCATION MAP

 output                                  attributes/
section   page    origin      length       input sections
--------  ----  ----------  ----------   ----------------
.intvecs   0    00000000    0000026c     
                  00000000    0000026c     tm4c123gh6pm_startup_ccs.obj (.intvecs)

.text      0    0000026c    000041b0     
                  0000026c    00000990     pid.obj (.text)
                  00000bfc    0000082c     OLED.obj (.text)
                  00001428    000004a4     Mavlink_test.obj (.text)
                  000018cc    0000049c     uartstdio.obj (.text)
                  00001d68    000003e4     uart_echo.obj (.text)
                  0000214c    00000368     Control.obj (.text)
                  000024b4    000002a0     key.obj (.text)
                  00002754    0000029c     colorful_LED.obj (.text)
                  000029f0    00000204     main.obj (.text)
                  00002bf4    000001dc     pwm.obj (.text)
                  00002dd0    000001d8     sonar.obj (.text)
                  00002fa8    000001b6     rtsv7M4_T_le_v4SPD16_eabi.lib : fd_add_t2.asm.obj (.text)
                  0000315e    00000002                                   : div0.asm.obj (.text)
                  00003160    000001b0     filter.obj (.text)
                  00003310    00000136     rtsv7M4_T_le_v4SPD16_eabi.lib : fd_div_t2.asm.obj (.text)
                  00003446    00000132     driverlib.lib : gpio.obj (.text:GPIOPadConfigSet)
                  00003578    00000110                   : sysctl.obj (.text:SysCtlClockGet)
                  00003688    000000fc     rtsv7M4_T_le_v4SPD16_eabi.lib : fd_mul_t2.asm.obj (.text)
                  00003784    000000f4     driverlib.lib : sysctl.obj (.text:SysCtlClockSet)
                  00003878    000000e4     Timer.obj (.text)
                  0000395c    0000009c     rtsv7M4_T_le_v4SPD16_eabi.lib : memcpy_t2.asm.obj (.text)
                  000039f8    00000086                                   : fd_cmp_t2.asm.obj (.text:__aeabi_cdcmple)
                  00003a7e    00000086                                   : fd_cmp_t2.asm.obj (.text:__aeabi_cdrcmple)
                  00003b04    0000007a                                   : memset_t2.asm.obj (.text)
                  00003b7e    0000006e                                   : fd_tos_t2.asm.obj (.text)
                  00003bec    00000068     driverlib.lib : interrupt.obj (.text:IntDisable)
                  00003c54    00000068                   : interrupt.obj (.text:IntEnable)
                  00003cbc    00000068     rtsv7M4_T_le_v4SPD16_eabi.lib : copy_decompress_lzss.c.obj (.text:decompress:lzss:__TI_decompress_lzss)
                  00003d24    00000060     driverlib.lib : timer.obj (.text:TimerConfigure)
                  00003d84    00000056                   : gpio.obj (.text:GPIOIntTypeSet)
                  00003dda    00000002     --HOLE-- [fill = 0]
                  00003ddc    00000048                   : gpio.obj (.text:GPIOPinConfigure)
                  00003e24    00000048     rtsv7M4_T_le_v4SPD16_eabi.lib : fd_toi_t2.asm.obj (.text)
                  00003e6c    00000046     driverlib.lib : uart.obj (.text:UARTConfigSetExpClk)
                  00003eb2    00000002     --HOLE-- [fill = 0]
                  00003eb4    00000044                   : gpio.obj (.text:_GPIOIntNumberGet)
                  00003ef8    00000044     rtsv7M4_T_le_v4SPD16_eabi.lib : autoinit.c.obj (.text:__TI_auto_init_nobinit_nopinit:__TI_auto_init_nobinit_nopinit)
                  00003f3c    00000040     delay.obj (.text)
                  00003f7c    00000040     rtsv7M4_T_le_v4SPD16_eabi.lib : u_divt2.asm.obj (.text)
                  00003fbc    00000038     driverlib.lib : sysctl.obj (.text:SysCtlPeripheralPresent)
                  00003ff4    00000038                   : sysctl.obj (.text:SysCtlPeripheralReady)
                  0000402c    00000038     rtsv7M4_T_le_v4SPD16_eabi.lib : boot_cortex_m.c.obj (.text:_c_int00_noargs:_c_int00_noargs)
                  00004064    00000038                                   : fs_tod_t2.asm.obj (.text)
                  0000409c    00000034     driverlib.lib : interrupt.obj (.text:IntRegister)
                  000040d0    00000034                   : sysctl.obj (.text:SysCtlPeripheralEnable)
                  00004104    0000002e     rtsv7M4_T_le_v4SPD16_eabi.lib : i_tofd_t2.asm.obj (.text)
                  00004132    0000002a     driverlib.lib : gpio.obj (.text:GPIODirModeSet)
                  0000415c    00000022                   : pwm.obj (.text:PWMGenConfigure)
                  0000417e    00000002     --HOLE-- [fill = 0]
                  00004180    00000020                   : uart.obj (.text:UARTDisable)
                  000041a0    00000020     rtsv7M4_T_le_v4SPD16_eabi.lib : u_tofd_t2.asm.obj (.text)
                  000041c0    0000001e     driverlib.lib : pwm.obj (.text:PWMPulseWidthSet)
                  000041de    00000018                   : gpio.obj (.text:GPIOIntRegister)
                  000041f6    00000018                   : gpio.obj (.text:GPIOPinTypeGPIOOutput)
                  0000420e    00000002     --HOLE-- [fill = 0]
                  00004210    00000014                   : sysctl.obj (.text:SysCtlPWMClockSet)
                  00004224    00000014                   : uart.obj (.text:UARTEnable)
                  00004238    00000012                   : gpio.obj (.text:GPIOPinTypeGPIOInput)
                  0000424a    00000012                   : gpio.obj (.text:GPIOPinTypePWM)
                  0000425c    00000012                   : gpio.obj (.text:GPIOPinTypeUART)
                  0000426e    00000012                   : pwm.obj (.text:PWMOutputState)
                  00004280    00000012                   : timer.obj (.text:TimerLoadSet)
                  00004292    00000012     rtsv7M4_T_le_v4SPD16_eabi.lib : copy_zero_init.c.obj (.text:decompress:ZI:__TI_zero_init_nomemset:__TI_zero_init_nomemset)
                  000042a4    00000010     driverlib.lib : fpu.obj (.text:FPUEnable)
                  000042b4    00000010                   : fpu.obj (.text:FPULazyStackingEnable)
                  000042c4    00000010                   : interrupt.obj (.text:IntMasterEnable)
                  000042d4    00000010                   : pwm.obj (.text:PWMDeadBandEnable)
                  000042e4    00000010                   : pwm.obj (.text:PWMGenPeriodSet)
                  000042f4    0000000e                   : gpio.obj (.text:GPIOIntDisable)
                  00004302    0000000e                   : gpio.obj (.text:GPIOIntStatus)
                  00004310    0000000e                   : timer.obj (.text:TimerEnable)
                  0000431e    0000000e                   : uart.obj (.text:UARTCharGetNonBlocking)
                  0000432c    0000000e                   : uart.obj (.text:UARTCharPutNonBlocking)
                  0000433a    0000000e                   : uart.obj (.text:UARTCharsAvail)
                  00004348    0000000e     rtsv7M4_T_le_v4SPD16_eabi.lib : copy_decompress_none.c.obj (.text:decompress:none:__TI_decompress_none)
                  00004356    0000000c     driverlib.lib : cpu.obj (.text:CPUcpsie)
                  00004362    0000000c                   : gpio.obj (.text:GPIOIntEnable)
                  0000436e    0000000c                   : pwm.obj (.text:PWMGenDisable)
                  0000437a    0000000c                   : pwm.obj (.text:PWMGenEnable)
                  00004386    0000000c     tm4c123gh6pm_startup_ccs.obj (.text)
                  00004392    0000000a     driverlib.lib : timer.obj (.text:TimerIntDisable)
                  0000439c    0000000a                   : timer.obj (.text:TimerIntStatus)
                  000043a6    0000000a                   : timer.obj (.text:TimerValueGet)
                  000043b0    0000000a                   : uart.obj (.text:UARTCharGet)
                  000043ba    0000000a                   : uart.obj (.text:UARTCharPut)
                  000043c4    0000000a                   : uart.obj (.text:UARTFIFOEnable)
                  000043ce    0000000a                   : uart.obj (.text:UARTIntStatus)
                  000043d8    00000008                   : timer.obj (.text:TimerIntEnable)
                  000043e0    00000008                   : uart.obj (.text:UARTIntEnable)
                  000043e8    00000006                   : gpio.obj (.text:GPIOIntClear)
                  000043ee    00000006                   : gpio.obj (.text:GPIOPinRead)
                  000043f4    00000006                   : gpio.obj (.text:GPIOPinWrite)
                  000043fa    00000006                   : sysctl.obj (.text:SysCtlDelay)
                  00004400    00000006                   : uart.obj (.text:UARTClockSourceSet)
                  00004406    00000006                   : uart.obj (.text:UARTFIFOLevelSet)
                  0000440c    00000004                   : timer.obj (.text:TimerIntClear)
                  00004410    00000004                   : uart.obj (.text:UARTIntClear)
                  00004414    00000004     rtsv7M4_T_le_v4SPD16_eabi.lib : pre_init.c.obj (.text:_system_pre_init)
                  00004418    00000004                                   : exit.c.obj (.text:abort:abort)

.const     0    00004420    00000ba4     
                  00004420    000005f0     OLED.obj (.const:.string:F8X16)
                  00004a10    00000228     OLED.obj (.const:F6x8)
                  00004c38    000000d8     driverlib.lib : gpio.obj (.const:g_ppui32GPIOIntMapSnowflake)
                  00004d10    000000c0                   : gpio.obj (.const:g_ppui32GPIOIntMapBlizzard)
                  00004dd0    00000090                   : gpio.obj (.const:g_pui32GPIOBaseAddrs)
                  00004e60    00000070                   : interrupt.obj (.const)
                  00004ed0    0000006c                   : sysctl.obj (.const:g_pui32Xtals)
                  00004f3c    00000004     uartstdio.obj (.const)
                  00004f40    00000058     sonar.obj (.const:$P$T0$3)
                  00004f98    00000012     uartstdio.obj (.const:.string)
                  00004faa    00000002     --HOLE-- [fill = 0]
                  00004fac    0000000c     uartstdio.obj (.const:g_ui32UARTBase)
                  00004fb8    0000000c     uartstdio.obj (.const:g_ui32UARTPeriph)

.cinit     0    00004fc8    00000130     
                  00004fc8    000000f6     (.cinit..data.load) [load image, compression = lzss]
                  000050be    00000002     --HOLE-- [fill = 0]
                  000050c0    0000000c     (__TI_handler_table)
                  000050cc    00000004     --HOLE-- [fill = 0]
                  000050d0    00000008     (.cinit..bss.load) [load image, compression = zero_init]
                  000050d8    00000008     (.cinit..vtable.load) [load image, compression = zero_init]
                  000050e0    00000018     (__TI_cinit_table)

.init_array 
*          0    00000000    00000000     UNINITIALIZED

.vtable    0    20000000    0000026c     UNINITIALIZED
                  20000000    0000026c     driverlib.lib : interrupt.obj (.vtable)

.data      0    20000270    00000231     UNINITIALIZED
                  20000270    00000180     OLED.obj (.data:Hzk)
                  200003f0    00000028     Mavlink_test.obj (.data:Rx_Buffer_attitude)
                  20000418    00000015     Timer.obj (.data)
                  2000042d    00000014     Mavlink_test.obj (.data:Rx_Buffer_height)
                  20000441    00000003     uart_echo.obj (.data)
                  20000444    00000012     pid.obj (.data)
                  20000456    00000002     --HOLE--
                  20000458    00000010     Control.obj (.data)
                  20000468    0000000a     pwm.obj (.data)
                  20000472    00000006     --HOLE--
                  20000478    0000000a     sonar.obj (.data)
                  20000482    00000002     --HOLE--
                  20000484    00000008     sonar.obj (.data:ui32Time$1)
                  2000048c    00000007     Mavlink_test.obj (.data)
                  20000493    00000001     --HOLE--
                  20000494    00000006     key.obj (.data)
                  2000049a    00000002     --HOLE--
                  2000049c    00000005     uartstdio.obj (.data)

.bss       0    200006a8    0000013d     UNINITIALIZED
                  200006a8    00000030     (.common:Source_attitude_payload)
                  200006d8    0000001c     (.common:PID_Data_H)
                  200006f4    0000001c     (.common:PID_Data_X)
                  20000710    0000001c     (.common:PID_Data_Y)
                  2000072c    0000001c     (.common:PID_H)
                  20000748    0000001c     (.common:PID_X)
                  20000764    0000001c     (.common:PID_Y)
                  20000780    00000010     (.common:ReciveData_UART0)
                  20000790    00000010     (.common:ReciveData_UART1)
                  200007a0    00000010     (.common:ReciveData_UART3)
                  200007b0    00000008     (.common:Source_Rangefinder_payload)
                  200007b8    00000004     (.common:ReadPin0)
                  200007bc    00000004     (.common:ReadPin4)
                  200007c0    00000004     (.common:distan)
                  200007c4    00000004     (.common:pitch)
                  200007c8    00000004     (.common:roll)
                  200007cc    00000004     (.common:yaw)
                  200007d0    00000002     (.common:RealAttitude_pitch)
                  200007d2    00000002     (.common:RealAttitude_roll)
                  200007d4    00000002     (.common:RealAttitude_yaw)
                  200007d6    00000002     (.common:Real_XCoordinate)
                  200007d8    00000002     (.common:Real_YCoordinate)
                  200007da    00000002     (.common:int_distance)
                  200007dc    00000002     (.common:int_pitch)
                  200007de    00000002     (.common:int_roll)
                  200007e0    00000002     (.common:int_yaw)
                  200007e2    00000001     Mavlink_test.obj (.bss)
                  200007e3    00000001     (.common:KeyPress0)
                  200007e4    00000001     (.common:rx_buffer)

.stack     0    200004a8    00000200     UNINITIALIZED
                  200004a8    00000004     rtsv7M4_T_le_v4SPD16_eabi.lib : boot_cortex_m.c.obj (.stack)
                  200004ac    000001fc     --HOLE--

MODULE SUMMARY

       Module                         code    ro data   rw data
       ------                         ----    -------   -------
    .\
       tm4c123gh6pm_startup_ccs.obj   12      620       0      
       main.obj                       516     0         1      
    +--+------------------------------+-------+---------+---------+
       Total:                         528     620       1      
                                                               
    .\0.96'OLED\
       OLED.obj                       2092    2072      384    
    +--+------------------------------+-------+---------+---------+
       Total:                         2092    2072      384    
                                                               
    .\Control\
       Control.obj                    872     0         26     
    +--+------------------------------+-------+---------+---------+
       Total:                         872     0         26     
                                                               
    .\Filter\
       filter.obj                     432     0         0      
    +--+------------------------------+-------+---------+---------+
       Total:                         432     0         0      
                                                               
    .\MavLink_Receive\
       Mavlink_test.obj               1188    0         149    
    +--+------------------------------+-------+---------+---------+
       Total:                         1188    0         149    
                                                               
    .\Pid\
       pid.obj                        2448    0         186    
    +--+------------------------------+-------+---------+---------+
       Total:                         2448    0         186    
                                                               
    .\Pwm\
       pwm.obj                        476     0         10     
    +--+------------------------------+-------+---------+---------+
       Total:                         476     0         10     
                                                               
    .\Timer\
       Timer.obj                      228     0         21     
    +--+------------------------------+-------+---------+---------+
       Total:                         228     0         21     
                                                               
    .\colorful_LED\
       colorful_LED.obj               668     0         0      
    +--+------------------------------+-------+---------+---------+
       Total:                         668     0         0      
                                                               
    .\delay\
       delay.obj                      64      0         0      
    +--+------------------------------+-------+---------+---------+
       Total:                         64      0         0      
                                                               
    .\key\
       key.obj                        672     0         14     
    +--+------------------------------+-------+---------+---------+
       Total:                         672     0         14     
                                                               
    .\sonar\
       sonar.obj                      472     88        18     
    +--+------------------------------+-------+---------+---------+
       Total:                         472     88        18     
                                                               
    .\uart\
       uartstdio.obj                  1180    46        5      
       uart_echo.obj                  996     0         51     
    +--+------------------------------+-------+---------+---------+
       Total:                         2176    46        56     
                                                               
    D:/ti/TivaWare_C_Series-2.1.4.178/driverlib/ccs/Debug/driverlib.lib
       gpio.obj                       734     552       0      
       interrupt.obj                  276     112       620    
       sysctl.obj                     706     108       0      
       uart.obj                       228     0         0      
       timer.obj                      170     0         0      
       pwm.obj                        138     0         0      
       fpu.obj                        32      0         0      
       cpu.obj                        12      0         0      
    +--+------------------------------+-------+---------+---------+
       Total:                         2296    772       620    
                                                               
    D:\Project_Program\Ccs\ccsv8\tools\compiler\ti-cgt-arm_18.1.2.LTS\lib\rtsv7M4_T_le_v4SPD16_eabi.lib
       fd_add_t2.asm.obj              438     0         0      
       fd_div_t2.asm.obj              310     0         0      
       fd_cmp_t2.asm.obj              268     0         0      
       fd_mul_t2.asm.obj              252     0         0      
       memcpy_t2.asm.obj              156     0         0      
       memset_t2.asm.obj              122     0         0      
       fd_tos_t2.asm.obj              110     0         0      
       copy_decompress_lzss.c.obj     104     0         0      
       fd_toi_t2.asm.obj              72      0         0      
       autoinit.c.obj                 68      0         0      
       u_divt2.asm.obj                64      0         0      
       boot_cortex_m.c.obj            56      0         0      
       fs_tod_t2.asm.obj              56      0         0      
       i_tofd_t2.asm.obj              46      0         0      
       u_tofd_t2.asm.obj              32      0         0      
       copy_zero_init.c.obj           18      0         0      
       copy_decompress_none.c.obj     14      0         0      
       exit.c.obj                     4       0         0      
       pre_init.c.obj                 4       0         0      
       div0.asm.obj                   2       0         0      
    +--+------------------------------+-------+---------+---------+
       Total:                         2196    0         0      
                                                               
       Stack:                         0       0         512    
       Linker Generated:              0       298       0      
    +--+------------------------------+-------+---------+---------+
       Grand Total:                   16808   3896      1997   


LINKER GENERATED COPY TABLES

__TI_cinit_table @ 000050e0 records: 3, size/record: 8, table size: 24
	.data: load addr=00004fc8, load size=000000f6 bytes, run addr=20000270, run size=00000231 bytes, compression=lzss
	.bss: load addr=000050d0, load size=00000008 bytes, run addr=200006a8, run size=0000013d bytes, compression=zero_init
	.vtable: load addr=000050d8, load size=00000008 bytes, run addr=20000000, run size=0000026c bytes, compression=zero_init


LINKER GENERATED HANDLER TABLE

__TI_handler_table @ 000050c0 records: 3, size/record: 4, table size: 12
	index: 0, handler: __TI_zero_init
	index: 1, handler: __TI_decompress_lzss
	index: 2, handler: __TI_decompress_none


GLOBAL SYMBOLS: SORTED ALPHABETICALLY BY Name 

address   name                          
-------   ----                          
000022b9  AltitudeHold                  
00002401  AttitudeProtection            
00001489  Attitude_Data_Store           
000017f7  Attitude_init                 
00002bf5  BeepPwmInit                   
20000424  Beep_Counter                  
20000420  Beep_Flag                     
20000428  Beep_Fre                      
00004419  C$$EXIT                       
00004357  CPUcpsie                      
20000466  Control_Open                  
20000467  Control_Serial                
2000041c  Counter                       
20000480  DataIsReady                   
00003f3d  Delay_ms                      
00003f5b  Delay_us                      
000023a7  Display                       
00001805  Distance_init                 
20000460  Error_Distance                
00004a10  F6x8                          
00004420  F8X16                         
000042a5  FPUEnable                     
000042b5  FPULazyStackingEnable         
00004133  GPIODirModeSet                
000043e9  GPIOIntClear                  
000042f5  GPIOIntDisable                
00004363  GPIOIntEnable                 
000041df  GPIOIntRegister               
00004303  GPIOIntStatus                 
00003d85  GPIOIntTypeSet                
00003447  GPIOPadConfigSet              
00003ddd  GPIOPinConfigure              
000043ef  GPIOPinRead                   
00004239  GPIOPinTypeGPIOInput          
000041f7  GPIOPinTypeGPIOOutput         
0000424b  GPIOPinTypePWM                
0000425d  GPIOPinTypeUART               
000043f5  GPIOPinWrite                  
00000bfd  GPIO_Init                     
00002eaf  GetAverageDistance            
0000228d  Get_Coordinate                
0000229f  Get_Distance                  
20000458  Goal_Distance                 
000029f1  HardwareConfig                
20000270  Hzk                           
00000c1f  IIC_Start                     
00000c4f  IIC_Stop                      
00000c75  IIC_Wait_Ack                  
00003bed  IntDisable                    
00003c55  IntEnable                     
000042c5  IntMasterEnable               
0000409d  IntRegister                   
00002e1d  Int_Handler_GPIOA             
000025b3  Int_Handler_GPIOF             
20000498  KEY_L                         
20000499  KEY_R                         
200007e3  KeyPress0                     
20000494  KeyPress4                     
000024b5  Key_Configure                 
000024e3  Key_Interrupt                 
00002503  Key_Scan                      
000027f5  LED_Color                     
00002755  LED_ColorInit                 
0000283f  LED_Config                    
0000285b  LED_Set                       
0000224d  LandMode                      
00002991  Led_Twinkle                   
00003203  LimitingFilter                
0000220d  LockPixhawk                   
00001429  Mav_recive_UART2_Config       
00001819  Mavlink_DateInit              
00000e79  OLED_Clear                    
00000e5d  OLED_Display_Off              
00000e41  OLED_Display_On               
00001295  OLED_DrawBMP                  
00001345  OLED_Init                     
00000ee1  OLED_On                       
00000e07  OLED_Set_Pos                  
000011d9  OLED_ShowCHinese              
00000f55  OLED_ShowChar                 
000010a1  OLED_ShowNum                  
0000116f  OLED_ShowString               
00000d7b  OLED_WR_Byte                  
00002351  OledDisplayInit               
200006d8  PID_Data_H                    
200006f4  PID_Data_X                    
20000710  PID_Data_Y                    
2000072c  PID_H                         
0000026d  PID_Init                      
20000748  PID_X                         
20000764  PID_Y                         
000042d5  PWMDeadBandEnable             
0000415d  PWMGenConfigure               
0000436f  PWMGenDisable                 
0000437b  PWMGenEnable                  
000042e5  PWMGenPeriodSet               
0000426f  PWMOutputState                
000041c1  PWMPulseWidthSet              
000003fd  Position_PID                  
20000468  PwmChannel_1                  
2000046a  PwmChannel_2                  
2000046c  PwmChannel_3                  
2000046e  PwmChannel_4                  
20000470  PwmChannel_5                  
00002c75  PwmConfig                     
200007b8  ReadPin0                      
200007bc  ReadPin4                      
200007d0  RealAttitude_pitch            
200007d2  RealAttitude_roll             
200007d4  RealAttitude_yaw              
2000045c  Real_Distance                 
200007d6  Real_XCoordinate              
200007d8  Real_YCoordinate              
20000780  ReciveData_UART0              
20000790  ReciveData_UART1              
200007a0  ReciveData_UART3              
20000441  ReciveData_i_UART0            
20000442  ReciveData_i_UART1            
20000443  ReciveData_i_UART3            
00004387  ResetISR                      
200003f0  Rx_Buffer_attitude            
2000042d  Rx_Buffer_height              
00003189  SelectSort                    
00002dfb  SonarTrig                     
00002dd1  Sonar_Configure               
00002f23  Sonar_GPIOA_Configure         
00002f41  Sonar_GPIOA_Interrupt         
200007b0  Source_Rangefinder_payload    
200006a8  Source_attitude_payload       
00003579  SysCtlClockGet                
00003785  SysCtlClockSet                
000043fb  SysCtlDelay                   
00004211  SysCtlPWMClockSet             
000040d1  SysCtlPeripheralEnable        
00003fbd  SysCtlPeripheralPresent       
00003ff5  SysCtlPeripheralReady         
20000418  Time_Flag                     
000038a9  Timer0IntHandler              
00003879  Timer0_Config                 
000007d5  Timer1IntHandler              
00003907  Timer1_Config                 
00003d25  TimerConfigure                
00004311  TimerEnable                   
0000440d  TimerIntClear                 
00004393  TimerIntDisable               
000043d9  TimerIntEnable                
0000439d  TimerIntStatus                
00004281  TimerLoadSet                  
000043a7  TimerValueGet                 
00001dd5  UART0Send                     
00001e53  UART1IntHandler               
00001ef7  UART1Send                     
000014bf  UART2IntHandler               
0000203d  UART3Iint                     
00001f71  UART3IntHandler               
00002005  UART3Send                     
000043b1  UARTCharGet                   
0000431f  UARTCharGetNonBlocking        
000043bb  UARTCharPut                   
0000432d  UARTCharPutNonBlocking        
0000433b  UARTCharsAvail                
00004401  UARTClockSourceSet            
00003e6d  UARTConfigSetExpClk           
00004181  UARTDisable                   
00004225  UARTEnable                    
000043c5  UARTFIFOEnable                
00004407  UARTFIFOLevelSet              
00004411  UARTIntClear                  
000043e1  UARTIntEnable                 
00001d69  UARTIntHandler                
000043cf  UARTIntStatus                 
000018cd  UARTStdioConfig               
00001a13  UARTgetc                      
00001959  UARTgets                      
00001d33  UARTprintf                    
00001a39  UARTvprintf                   
00001913  UARTwrite                     
00001dfd  Uart0Iint                     
00001f1f  Uart1Iint                     
0000214d  UnlockPixhawk                 
00000c8d  Write_IIC_Byte                
00000d1b  Write_IIC_Command             
00000d4b  Write_IIC_Data                
200006a8  __STACK_END                   
00000200  __STACK_SIZE                  
200006a8  __STACK_TOP                   
000050e0  __TI_CINIT_Base               
000050f8  __TI_CINIT_Limit              
000050c0  __TI_Handler_Table_Base       
000050cc  __TI_Handler_Table_Limit      
00003ef9  __TI_auto_init_nobinit_nopinit
00003cbd  __TI_decompress_lzss          
00004349  __TI_decompress_none          
ffffffff  __TI_pprof_out_hndl           
ffffffff  __TI_prof_data_size           
ffffffff  __TI_prof_data_start          
00000000  __TI_static_base__            
00004293  __TI_zero_init_nomemset       
000039f9  __aeabi_cdcmpeq               
000039f9  __aeabi_cdcmple               
00003a7f  __aeabi_cdrcmple              
00003b7f  __aeabi_d2f                   
00003e25  __aeabi_d2iz                  
00002fb3  __aeabi_dadd                  
00003311  __aeabi_ddiv                  
00003689  __aeabi_dmul                  
00002fa9  __aeabi_dsub                  
00004065  __aeabi_f2d                   
00004105  __aeabi_i2d                   
0000315f  __aeabi_idiv0                 
0000315f  __aeabi_ldiv0                 
00003b05  __aeabi_memclr                
00003b05  __aeabi_memclr4               
00003b05  __aeabi_memclr8               
0000395d  __aeabi_memcpy                
0000395d  __aeabi_memcpy4               
0000395d  __aeabi_memcpy8               
00003b07  __aeabi_memset                
00003b07  __aeabi_memset4               
00003b07  __aeabi_memset8               
000041a1  __aeabi_ui2d                  
00003f7d  __aeabi_uidiv                 
00003f7d  __aeabi_uidivmod              
ffffffff  __binit__                     
ffffffff  __c_args__                    
UNDEFED   __mpu_init                    
200004a8  __stack                       
0000402d  _c_int00_noargs               
UNDEFED   _system_post_cinit            
00004415  _system_pre_init              
00004419  abort                         
ffffffff  binit                         
2000048c  calculate_Flag                
00001641  calculate_test                
200007c0  distan                        
20000450  err_h                         
20000464  err_pitch                     
20000462  err_roll                      
20000448  err_x                         
2000044c  err_y                         
20000478  fPeriod                       
00000d99  fill_picture                  
20000000  g_pfnRAMVectors               
00000000  g_pfnVectors                  
20000452  get_x                         
20000454  get_y                         
200007da  int_distance                  
200007dc  int_pitch                     
200007de  int_roll                      
200007e0  int_yaw                       
2000042c  k                             
00002a39  main                          
0000395d  memcpy                        
00003b0d  memset                        
2000048d  newAttiFlag                   
2000048e  newHeightFlag                 
00001071  oled_pow                      
200007c4  pitch                         
200007c8  roll                          
200007e4  rx_buffer                     
20000446  start_PID_H                   
20000444  start_PID_X                   
20000445  start_PID_Y                   
2000048f  start_receive_attitude        
20000490  start_receive_height          
00003161  swap                          
200007cc  yaw                           


GLOBAL SYMBOLS: SORTED BY Symbol Address 

address   name                          
-------   ----                          
00000000  __TI_static_base__            
00000000  g_pfnVectors                  
00000200  __STACK_SIZE                  
0000026d  PID_Init                      
000003fd  Position_PID                  
000007d5  Timer1IntHandler              
00000bfd  GPIO_Init                     
00000c1f  IIC_Start                     
00000c4f  IIC_Stop                      
00000c75  IIC_Wait_Ack                  
00000c8d  Write_IIC_Byte                
00000d1b  Write_IIC_Command             
00000d4b  Write_IIC_Data                
00000d7b  OLED_WR_Byte                  
00000d99  fill_picture                  
00000e07  OLED_Set_Pos                  
00000e41  OLED_Display_On               
00000e5d  OLED_Display_Off              
00000e79  OLED_Clear                    
00000ee1  OLED_On                       
00000f55  OLED_ShowChar                 
00001071  oled_pow                      
000010a1  OLED_ShowNum                  
0000116f  OLED_ShowString               
000011d9  OLED_ShowCHinese              
00001295  OLED_DrawBMP                  
00001345  OLED_Init                     
00001429  Mav_recive_UART2_Config       
00001489  Attitude_Data_Store           
000014bf  UART2IntHandler               
00001641  calculate_test                
000017f7  Attitude_init                 
00001805  Distance_init                 
00001819  Mavlink_DateInit              
000018cd  UARTStdioConfig               
00001913  UARTwrite                     
00001959  UARTgets                      
00001a13  UARTgetc                      
00001a39  UARTvprintf                   
00001d33  UARTprintf                    
00001d69  UARTIntHandler                
00001dd5  UART0Send                     
00001dfd  Uart0Iint                     
00001e53  UART1IntHandler               
00001ef7  UART1Send                     
00001f1f  Uart1Iint                     
00001f71  UART3IntHandler               
00002005  UART3Send                     
0000203d  UART3Iint                     
0000214d  UnlockPixhawk                 
0000220d  LockPixhawk                   
0000224d  LandMode                      
0000228d  Get_Coordinate                
0000229f  Get_Distance                  
000022b9  AltitudeHold                  
00002351  OledDisplayInit               
000023a7  Display                       
00002401  AttitudeProtection            
000024b5  Key_Configure                 
000024e3  Key_Interrupt                 
00002503  Key_Scan                      
000025b3  Int_Handler_GPIOF             
00002755  LED_ColorInit                 
000027f5  LED_Color                     
0000283f  LED_Config                    
0000285b  LED_Set                       
00002991  Led_Twinkle                   
000029f1  HardwareConfig                
00002a39  main                          
00002bf5  BeepPwmInit                   
00002c75  PwmConfig                     
00002dd1  Sonar_Configure               
00002dfb  SonarTrig                     
00002e1d  Int_Handler_GPIOA             
00002eaf  GetAverageDistance            
00002f23  Sonar_GPIOA_Configure         
00002f41  Sonar_GPIOA_Interrupt         
00002fa9  __aeabi_dsub                  
00002fb3  __aeabi_dadd                  
0000315f  __aeabi_idiv0                 
0000315f  __aeabi_ldiv0                 
00003161  swap                          
00003189  SelectSort                    
00003203  LimitingFilter                
00003311  __aeabi_ddiv                  
00003447  GPIOPadConfigSet              
00003579  SysCtlClockGet                
00003689  __aeabi_dmul                  
00003785  SysCtlClockSet                
00003879  Timer0_Config                 
000038a9  Timer0IntHandler              
00003907  Timer1_Config                 
0000395d  __aeabi_memcpy                
0000395d  __aeabi_memcpy4               
0000395d  __aeabi_memcpy8               
0000395d  memcpy                        
000039f9  __aeabi_cdcmpeq               
000039f9  __aeabi_cdcmple               
00003a7f  __aeabi_cdrcmple              
00003b05  __aeabi_memclr                
00003b05  __aeabi_memclr4               
00003b05  __aeabi_memclr8               
00003b07  __aeabi_memset                
00003b07  __aeabi_memset4               
00003b07  __aeabi_memset8               
00003b0d  memset                        
00003b7f  __aeabi_d2f                   
00003bed  IntDisable                    
00003c55  IntEnable                     
00003cbd  __TI_decompress_lzss          
00003d25  TimerConfigure                
00003d85  GPIOIntTypeSet                
00003ddd  GPIOPinConfigure              
00003e25  __aeabi_d2iz                  
00003e6d  UARTConfigSetExpClk           
00003ef9  __TI_auto_init_nobinit_nopinit
00003f3d  Delay_ms                      
00003f5b  Delay_us                      
00003f7d  __aeabi_uidiv                 
00003f7d  __aeabi_uidivmod              
00003fbd  SysCtlPeripheralPresent       
00003ff5  SysCtlPeripheralReady         
0000402d  _c_int00_noargs               
00004065  __aeabi_f2d                   
0000409d  IntRegister                   
000040d1  SysCtlPeripheralEnable        
00004105  __aeabi_i2d                   
00004133  GPIODirModeSet                
0000415d  PWMGenConfigure               
00004181  UARTDisable                   
000041a1  __aeabi_ui2d                  
000041c1  PWMPulseWidthSet              
000041df  GPIOIntRegister               
000041f7  GPIOPinTypeGPIOOutput         
00004211  SysCtlPWMClockSet             
00004225  UARTEnable                    
00004239  GPIOPinTypeGPIOInput          
0000424b  GPIOPinTypePWM                
0000425d  GPIOPinTypeUART               
0000426f  PWMOutputState                
00004281  TimerLoadSet                  
00004293  __TI_zero_init_nomemset       
000042a5  FPUEnable                     
000042b5  FPULazyStackingEnable         
000042c5  IntMasterEnable               
000042d5  PWMDeadBandEnable             
000042e5  PWMGenPeriodSet               
000042f5  GPIOIntDisable                
00004303  GPIOIntStatus                 
00004311  TimerEnable                   
0000431f  UARTCharGetNonBlocking        
0000432d  UARTCharPutNonBlocking        
0000433b  UARTCharsAvail                
00004349  __TI_decompress_none          
00004357  CPUcpsie                      
00004363  GPIOIntEnable                 
0000436f  PWMGenDisable                 
0000437b  PWMGenEnable                  
00004387  ResetISR                      
00004393  TimerIntDisable               
0000439d  TimerIntStatus                
000043a7  TimerValueGet                 
000043b1  UARTCharGet                   
000043bb  UARTCharPut                   
000043c5  UARTFIFOEnable                
000043cf  UARTIntStatus                 
000043d9  TimerIntEnable                
000043e1  UARTIntEnable                 
000043e9  GPIOIntClear                  
000043ef  GPIOPinRead                   
000043f5  GPIOPinWrite                  
000043fb  SysCtlDelay                   
00004401  UARTClockSourceSet            
00004407  UARTFIFOLevelSet              
0000440d  TimerIntClear                 
00004411  UARTIntClear                  
00004415  _system_pre_init              
00004419  C$$EXIT                       
00004419  abort                         
00004420  F8X16                         
00004a10  F6x8                          
000050c0  __TI_Handler_Table_Base       
000050cc  __TI_Handler_Table_Limit      
000050e0  __TI_CINIT_Base               
000050f8  __TI_CINIT_Limit              
20000000  g_pfnRAMVectors               
20000270  Hzk                           
200003f0  Rx_Buffer_attitude            
20000418  Time_Flag                     
2000041c  Counter                       
20000420  Beep_Flag                     
20000424  Beep_Counter                  
20000428  Beep_Fre                      
2000042c  k                             
2000042d  Rx_Buffer_height              
20000441  ReciveData_i_UART0            
20000442  ReciveData_i_UART1            
20000443  ReciveData_i_UART3            
20000444  start_PID_X                   
20000445  start_PID_Y                   
20000446  start_PID_H                   
20000448  err_x                         
2000044c  err_y                         
20000450  err_h                         
20000452  get_x                         
20000454  get_y                         
20000458  Goal_Distance                 
2000045c  Real_Distance                 
20000460  Error_Distance                
20000462  err_roll                      
20000464  err_pitch                     
20000466  Control_Open                  
20000467  Control_Serial                
20000468  PwmChannel_1                  
2000046a  PwmChannel_2                  
2000046c  PwmChannel_3                  
2000046e  PwmChannel_4                  
20000470  PwmChannel_5                  
20000478  fPeriod                       
20000480  DataIsReady                   
2000048c  calculate_Flag                
2000048d  newAttiFlag                   
2000048e  newHeightFlag                 
2000048f  start_receive_attitude        
20000490  start_receive_height          
20000494  KeyPress4                     
20000498  KEY_L                         
20000499  KEY_R                         
200004a8  __stack                       
200006a8  Source_attitude_payload       
200006a8  __STACK_END                   
200006a8  __STACK_TOP                   
200006d8  PID_Data_H                    
200006f4  PID_Data_X                    
20000710  PID_Data_Y                    
2000072c  PID_H                         
20000748  PID_X                         
20000764  PID_Y                         
20000780  ReciveData_UART0              
20000790  ReciveData_UART1              
200007a0  ReciveData_UART3              
200007b0  Source_Rangefinder_payload    
200007b8  ReadPin0                      
200007bc  ReadPin4                      
200007c0  distan                        
200007c4  pitch                         
200007c8  roll                          
200007cc  yaw                           
200007d0  RealAttitude_pitch            
200007d2  RealAttitude_roll             
200007d4  RealAttitude_yaw              
200007d6  Real_XCoordinate              
200007d8  Real_YCoordinate              
200007da  int_distance                  
200007dc  int_pitch                     
200007de  int_roll                      
200007e0  int_yaw                       
200007e3  KeyPress0                     
200007e4  rx_buffer                     
ffffffff  __TI_pprof_out_hndl           
ffffffff  __TI_prof_data_size           
ffffffff  __TI_prof_data_start          
ffffffff  __binit__                     
ffffffff  __c_args__                    
ffffffff  binit                         
UNDEFED   __mpu_init                    
UNDEFED   _system_post_cinit            

[267 symbols]
