******************************************************************************
                  TI ARM Linker PC v18.1.2                     
******************************************************************************
>> Linked Tue Jul 10 17:26:54 2018

OUTPUT FILE NAME:   <Four_axes_2018.out>
ENTRY POINT SYMBOL: "_c_int00_noargs"  address: 00002619


MEMORY CONFIGURATION

         name            origin    length      used     unused   attr    fill
----------------------  --------  ---------  --------  --------  ----  --------
  FLASH                 00000000   00040000  000036cc  0003c934  R  X
  SRAM                  20000000   00008000  00000a38  000075c8  RW X


SEGMENT ALLOCATION MAP

run origin  load origin   length   init length attrs members
----------  ----------- ---------- ----------- ----- -------
00000000    00000000    000036d0   000036d0    r-x
  00000000    00000000    0000026c   0000026c    r-- .intvecs
  0000026c    0000026c    000026ec   000026ec    r-x .text
  00002958    00002958    00000b74   00000b74    r-- .const
  000034d0    000034d0    00000200   00000200    r-- .cinit
20000000    20000000    00000a43   00000000    rw-
  20000000    20000000    0000026c   00000000    rw- .vtable
  20000270    20000270    000005a9   00000000    rw- .data
  20000820    20000820    00000200   00000000    rw- .stack
  20000a20    20000a20    00000023   00000000    rw- .bss


SECTION ALLOCATION MAP

 output                                  attributes/
section   page    origin      length       input sections
--------  ----  ----------  ----------   ----------------
.intvecs   0    00000000    0000026c     
                  00000000    0000026c     tm4c123gh6pm_startup_ccs.obj (.intvecs)

.text      0    0000026c    000026ec     
                  0000026c    0000082c     OLED.obj (.text)
                  00000a98    0000049c     uartstdio.obj (.text)
                  00000f34    000002d0     sonar.obj (.text)
                  00001204    00000240     uart_echo.obj (.text)
                  00001444    000001dc     pwm.obj (.text)
                  00001620    000001b6     rtsv7M4_T_le_v4SPD16_eabi.lib : fd_add_t2.asm.obj (.text)
                  000017d6    00000136                                   : fd_div_t2.asm.obj (.text)
                  0000190c    00000132     driverlib.lib : gpio.obj (.text:GPIOPadConfigSet)
                  00001a3e    00000002     rtsv7M4_T_le_v4SPD16_eabi.lib : div0.asm.obj (.text)
                  00001a40    00000124     colorful_LED.obj (.text)
                  00001b64    00000110     driverlib.lib : sysctl.obj (.text:SysCtlClockGet)
                  00001c74    000000fc     rtsv7M4_T_le_v4SPD16_eabi.lib : fd_mul_t2.asm.obj (.text)
                  00001d70    000000f4     Control.obj (.text)
                  00001e64    000000f4     driverlib.lib : sysctl.obj (.text:SysCtlClockSet)
                  00001f58    000000bc     Timer.obj (.text)
                  00002014    000000a0     main.obj (.text)
                  000020b4    0000009c     rtsv7M4_T_le_v4SPD16_eabi.lib : memcpy_t2.asm.obj (.text)
                  00002150    00000086                                   : fd_cmp_t2.asm.obj (.text:__aeabi_cdrcmple)
                  000021d6    00000002     --HOLE-- [fill = 0]
                  000021d8    00000068     driverlib.lib : interrupt.obj (.text:IntDisable)
                  00002240    00000068                   : interrupt.obj (.text:IntEnable)
                  000022a8    00000068     rtsv7M4_T_le_v4SPD16_eabi.lib : copy_decompress_lzss.c.obj (.text:decompress:lzss:__TI_decompress_lzss)
                  00002310    00000060     driverlib.lib : timer.obj (.text:TimerConfigure)
                  00002370    00000056                   : gpio.obj (.text:GPIOIntTypeSet)
                  000023c6    00000002     --HOLE-- [fill = 0]
                  000023c8    00000048                   : gpio.obj (.text:GPIOPinConfigure)
                  00002410    00000048     rtsv7M4_T_le_v4SPD16_eabi.lib : fd_toi_t2.asm.obj (.text)
                  00002458    00000046     driverlib.lib : uart.obj (.text:UARTConfigSetExpClk)
                  0000249e    00000002     --HOLE-- [fill = 0]
                  000024a0    00000044                   : gpio.obj (.text:_GPIOIntNumberGet)
                  000024e4    00000044     rtsv7M4_T_le_v4SPD16_eabi.lib : autoinit.c.obj (.text:__TI_auto_init_nobinit_nopinit:__TI_auto_init_nobinit_nopinit)
                  00002528    00000040     delay.obj (.text)
                  00002568    00000040     rtsv7M4_T_le_v4SPD16_eabi.lib : u_divt2.asm.obj (.text)
                  000025a8    00000038     driverlib.lib : sysctl.obj (.text:SysCtlPeripheralPresent)
                  000025e0    00000038                   : sysctl.obj (.text:SysCtlPeripheralReady)
                  00002618    00000038     rtsv7M4_T_le_v4SPD16_eabi.lib : boot_cortex_m.c.obj (.text:_c_int00_noargs:_c_int00_noargs)
                  00002650    00000034     driverlib.lib : interrupt.obj (.text:IntRegister)
                  00002684    00000034                   : sysctl.obj (.text:SysCtlPeripheralEnable)
                  000026b8    0000002a                   : gpio.obj (.text:GPIODirModeSet)
                  000026e2    00000022                   : pwm.obj (.text:PWMGenConfigure)
                  00002704    00000020                   : uart.obj (.text:UARTDisable)
                  00002724    00000020     rtsv7M4_T_le_v4SPD16_eabi.lib : u_tofd_t2.asm.obj (.text)
                  00002744    0000001e     driverlib.lib : pwm.obj (.text:PWMPulseWidthSet)
                  00002762    00000018                   : gpio.obj (.text:GPIOIntRegister)
                  0000277a    00000018                   : gpio.obj (.text:GPIOPinTypeGPIOOutput)
                  00002792    00000002     --HOLE-- [fill = 0]
                  00002794    00000014                   : sysctl.obj (.text:SysCtlPWMClockSet)
                  000027a8    00000014                   : uart.obj (.text:UARTEnable)
                  000027bc    00000012                   : gpio.obj (.text:GPIOPinTypeGPIOInput)
                  000027ce    00000012                   : gpio.obj (.text:GPIOPinTypePWM)
                  000027e0    00000012                   : gpio.obj (.text:GPIOPinTypeUART)
                  000027f2    00000012                   : pwm.obj (.text:PWMOutputState)
                  00002804    00000012                   : timer.obj (.text:TimerLoadSet)
                  00002816    00000012     rtsv7M4_T_le_v4SPD16_eabi.lib : copy_zero_init.c.obj (.text:decompress:ZI:__TI_zero_init_nomemset:__TI_zero_init_nomemset)
                  00002828    00000010     driverlib.lib : interrupt.obj (.text:IntMasterEnable)
                  00002838    00000010                   : pwm.obj (.text:PWMDeadBandEnable)
                  00002848    00000010                   : pwm.obj (.text:PWMGenPeriodSet)
                  00002858    0000000e                   : gpio.obj (.text:GPIOIntStatus)
                  00002866    0000000e                   : timer.obj (.text:TimerEnable)
                  00002874    0000000e                   : uart.obj (.text:UARTCharGetNonBlocking)
                  00002882    0000000e                   : uart.obj (.text:UARTCharPutNonBlocking)
                  00002890    0000000e                   : uart.obj (.text:UARTCharsAvail)
                  0000289e    0000000e     rtsv7M4_T_le_v4SPD16_eabi.lib : copy_decompress_none.c.obj (.text:decompress:none:__TI_decompress_none)
                  000028ac    0000000c     driverlib.lib : cpu.obj (.text:CPUcpsie)
                  000028b8    0000000c                   : gpio.obj (.text:GPIOIntEnable)
                  000028c4    0000000c                   : pwm.obj (.text:PWMGenDisable)
                  000028d0    0000000c                   : pwm.obj (.text:PWMGenEnable)
                  000028dc    0000000c     tm4c123gh6pm_startup_ccs.obj (.text)
                  000028e8    0000000a     driverlib.lib : timer.obj (.text:TimerIntStatus)
                  000028f2    0000000a                   : timer.obj (.text:TimerValueGet)
                  000028fc    0000000a                   : uart.obj (.text:UARTCharGet)
                  00002906    0000000a                   : uart.obj (.text:UARTCharPut)
                  00002910    0000000a                   : uart.obj (.text:UARTIntStatus)
                  0000291a    00000008                   : timer.obj (.text:TimerIntEnable)
                  00002922    00000008                   : uart.obj (.text:UARTIntEnable)
                  0000292a    00000006                   : gpio.obj (.text:GPIOIntClear)
                  00002930    00000006                   : gpio.obj (.text:GPIOPinRead)
                  00002936    00000006                   : gpio.obj (.text:GPIOPinWrite)
                  0000293c    00000006                   : sysctl.obj (.text:SysCtlDelay)
                  00002942    00000006                   : uart.obj (.text:UARTClockSourceSet)
                  00002948    00000004                   : timer.obj (.text:TimerIntClear)
                  0000294c    00000004                   : uart.obj (.text:UARTIntClear)
                  00002950    00000004     rtsv7M4_T_le_v4SPD16_eabi.lib : pre_init.c.obj (.text:_system_pre_init)
                  00002954    00000004                                   : exit.c.obj (.text:abort:abort)

.const     0    00002958    00000b74     
                  00002958    000005f0     OLED.obj (.const:.string:F8X16)
                  00002f48    00000228     OLED.obj (.const:F6x8)
                  00003170    000000d8     driverlib.lib : gpio.obj (.const:g_ppui32GPIOIntMapSnowflake)
                  00003248    000000c0                   : gpio.obj (.const:g_ppui32GPIOIntMapBlizzard)
                  00003308    00000090                   : gpio.obj (.const:g_pui32GPIOBaseAddrs)
                  00003398    00000070                   : interrupt.obj (.const)
                  00003408    0000006c                   : sysctl.obj (.const:g_pui32Xtals)
                  00003474    00000004     uartstdio.obj (.const)
                  00003478    00000028     sonar.obj (.const:$P$T0$3)
                  000034a0    00000012     uartstdio.obj (.const:.string)
                  000034b2    00000002     --HOLE-- [fill = 0]
                  000034b4    0000000c     uartstdio.obj (.const:g_ui32UARTBase)
                  000034c0    0000000c     uartstdio.obj (.const:g_ui32UARTPeriph)

.cinit     0    000034d0    00000200     
                  000034d0    000001cb     (.cinit..data.load) [load image, compression = lzss]
                  0000369b    00000001     --HOLE-- [fill = 0]
                  0000369c    0000000c     (__TI_handler_table)
                  000036a8    00000008     (.cinit..bss.load) [load image, compression = zero_init]
                  000036b0    00000008     (.cinit..vtable.load) [load image, compression = zero_init]
                  000036b8    00000018     (__TI_cinit_table)

.init_array 
*          0    00000000    00000000     UNINITIALIZED

.vtable    0    20000000    0000026c     UNINITIALIZED
                  20000000    0000026c     driverlib.lib : interrupt.obj (.vtable)

.data      0    20000270    000005a9     UNINITIALIZED
                  20000270    00000400     main.obj (.data:BMP3)
                  20000670    00000180     OLED.obj (.data:Hzk)
                  200007f0    0000000a     pwm.obj (.data)
                  200007fa    00000002     uart_echo.obj (.data)
                  200007fc    00000004     --HOLE--
                  20000800    0000000a     sonar.obj (.data)
                  2000080a    00000002     --HOLE--
                  2000080c    00000008     sonar.obj (.data:ui32Time$1)
                  20000814    00000005     uartstdio.obj (.data)

.bss       0    20000a20    00000023     UNINITIALIZED
                  20000a20    00000010     (.common:ReciveData_UART0)
                  20000a30    00000010     (.common:ReciveData_UART1)
                  20000a40    00000002     (.common:Disetence)
                  20000a42    00000001     (.common:KeyPress0)

.stack     0    20000820    00000200     UNINITIALIZED
                  20000820    00000004     rtsv7M4_T_le_v4SPD16_eabi.lib : boot_cortex_m.c.obj (.stack)
                  20000824    000001fc     --HOLE--

MODULE SUMMARY

       Module                         code   ro data   rw data
       ------                         ----   -------   -------
    .\
       main.obj                       160    0         1027   
       tm4c123gh6pm_startup_ccs.obj   12     620       0      
    +--+------------------------------+------+---------+---------+
       Total:                         172    620       1027   
                                                              
    .\9.6'OLED\
       OLED.obj                       2092   2072      384    
    +--+------------------------------+------+---------+---------+
       Total:                         2092   2072      384    
                                                              
    .\Control\
       Control.obj                    244    0         0      
    +--+------------------------------+------+---------+---------+
       Total:                         244    0         0      
                                                              
    .\Pwm\
       pwm.obj                        476    0         10     
    +--+------------------------------+------+---------+---------+
       Total:                         476    0         10     
                                                              
    .\Timer\
       Timer.obj                      188    0         0      
    +--+------------------------------+------+---------+---------+
       Total:                         188    0         0      
                                                              
    .\colorful_LED\
       colorful_LED.obj               292    0         0      
    +--+------------------------------+------+---------+---------+
       Total:                         292    0         0      
                                                              
    .\delay\
       delay.obj                      64     0         0      
    +--+------------------------------+------+---------+---------+
       Total:                         64     0         0      
                                                              
    .\sonar\
       sonar.obj                      720    40        18     
    +--+------------------------------+------+---------+---------+
       Total:                         720    40        18     
                                                              
    .\uart\
       uartstdio.obj                  1180   46        5      
       uart_echo.obj                  576    0         34     
    +--+------------------------------+------+---------+---------+
       Total:                         1756   46        39     
                                                              
    D:/ti/TivaWare_C_Series-2.1.4.178/driverlib/ccs/Debug/driverlib.lib
       gpio.obj                       720    552       0      
       interrupt.obj                  276    112       620    
       sysctl.obj                     706    108       0      
       uart.obj                       212    0         0      
       timer.obj                      160    0         0      
       pwm.obj                        138    0         0      
       cpu.obj                        12     0         0      
    +--+------------------------------+------+---------+---------+
       Total:                         2224   772       620    
                                                              
    D:\Project_Program\Ccs\ccsv8\tools\compiler\ti-cgt-arm_18.1.2.LTS\lib\rtsv7M4_T_le_v4SPD16_eabi.lib
       fd_add_t2.asm.obj              438    0         0      
       fd_div_t2.asm.obj              310    0         0      
       fd_mul_t2.asm.obj              252    0         0      
       memcpy_t2.asm.obj              156    0         0      
       fd_cmp_t2.asm.obj              134    0         0      
       copy_decompress_lzss.c.obj     104    0         0      
       fd_toi_t2.asm.obj              72     0         0      
       autoinit.c.obj                 68     0         0      
       u_divt2.asm.obj                64     0         0      
       boot_cortex_m.c.obj            56     0         0      
       u_tofd_t2.asm.obj              32     0         0      
       copy_zero_init.c.obj           18     0         0      
       copy_decompress_none.c.obj     14     0         0      
       exit.c.obj                     4      0         0      
       pre_init.c.obj                 4      0         0      
       div0.asm.obj                   2      0         0      
    +--+------------------------------+------+---------+---------+
       Total:                         1728   0         0      
                                                              
       Stack:                         0      0         512    
       Linker Generated:              0      511       0      
    +--+------------------------------+------+---------+---------+
       Grand Total:                   9956   4061      2610   


LINKER GENERATED COPY TABLES

__TI_cinit_table @ 000036b8 records: 3, size/record: 8, table size: 24
	.data: load addr=000034d0, load size=000001cb bytes, run addr=20000270, run size=000005a9 bytes, compression=lzss
	.bss: load addr=000036a8, load size=00000008 bytes, run addr=20000a20, run size=00000023 bytes, compression=zero_init
	.vtable: load addr=000036b0, load size=00000008 bytes, run addr=20000000, run size=0000026c bytes, compression=zero_init


LINKER GENERATED HANDLER TABLE

__TI_handler_table @ 0000369c records: 3, size/record: 4, table size: 12
	index: 0, handler: __TI_zero_init
	index: 1, handler: __TI_decompress_lzss
	index: 2, handler: __TI_decompress_none


GLOBAL SYMBOLS: SORTED ALPHABETICALLY BY Name 

address   name                          
-------   ----                          
20000270  BMP3                          
00001445  BeepPwmInit                   
00002955  C$$EXIT                       
000028ad  CPUcpsie                      
20000808  DataIsReady                   
00002529  Delay_ms                      
00002547  Delay_us                      
20000a40  Disetence                     
00002f48  F6x8                          
00002958  F8X16                         
000026b9  GPIODirModeSet                
0000292b  GPIOIntClear                  
000028b9  GPIOIntEnable                 
00002763  GPIOIntRegister               
00002859  GPIOIntStatus                 
00002371  GPIOIntTypeSet                
0000190d  GPIOPadConfigSet              
000023c9  GPIOPinConfigure              
00002931  GPIOPinRead                   
000027bd  GPIOPinTypeGPIOInput          
0000277b  GPIOPinTypeGPIOOutput         
000027cf  GPIOPinTypePWM                
000027e1  GPIOPinTypeUART               
00002937  GPIOPinWrite                  
0000026d  GPIO_Init                     
00001013  GetAverageDistance            
00002015  HardwareConfig                
20000670  Hzk                           
0000028f  IIC_Start                     
000002bf  IIC_Stop                      
000002e5  IIC_Wait_Ack                  
000021d9  IntDisable                    
00002241  IntEnable                     
00002829  IntMasterEnable               
00002651  IntRegister                   
00000f81  Int_Handler_GPIOA             
20000a42  KeyPress0                     
00001ae1  LED_Color                     
00001a41  LED_ColorInit                 
00001b2b  LED_Config                    
00001e21  LandMode                      
00001df1  LockPixhawk                   
000004e9  OLED_Clear                    
000004cd  OLED_Display_Off              
000004b1  OLED_Display_On               
00000905  OLED_DrawBMP                  
000009b5  OLED_Init                     
00000551  OLED_On                       
00000477  OLED_Set_Pos                  
00000849  OLED_ShowCHinese              
000005c5  OLED_ShowChar                 
00000711  OLED_ShowNum                  
000007df  OLED_ShowString               
000003eb  OLED_WR_Byte                  
00002839  PWMDeadBandEnable             
000026e3  PWMGenConfigure               
000028c5  PWMGenDisable                 
000028d1  PWMGenEnable                  
00002849  PWMGenPeriodSet               
000027f3  PWMOutputState                
00002745  PWMPulseWidthSet              
200007f0  PwmChannel_1                  
200007f2  PwmChannel_2                  
200007f4  PwmChannel_3                  
200007f6  PwmChannel_4                  
200007f8  PwmChannel_5                  
000014c5  PwmConfig                     
20000a20  ReciveData_UART0              
20000a30  ReciveData_UART1              
200007fa  ReciveData_i_UART0            
200007fb  ReciveData_i_UART1            
000028dd  ResetISR                      
000010f7  ShellSort                     
00000f5f  SonarTrig                     
00000f35  Sonar_Configure               
000010a7  Sonar_GPIOA_Configure         
000010c5  Sonar_GPIOA_Interrupt         
00001b65  SysCtlClockGet                
00001e65  SysCtlClockSet                
0000293d  SysCtlDelay                   
00002795  SysCtlPWMClockSet             
00002685  SysCtlPeripheralEnable        
000025a9  SysCtlPeripheralPresent       
000025e1  SysCtlPeripheralReady         
00001f89  Timer0IntHandler              
00001f59  Timer0_Config                 
00001ff9  Timer1IntHandler              
00001fbf  Timer1_Config                 
00002311  TimerConfigure                
00002867  TimerEnable                   
00002949  TimerIntClear                 
0000291b  TimerIntEnable                
000028e9  TimerIntStatus                
00002805  TimerLoadSet                  
000028f3  TimerValueGet                 
00001271  UART0Send                     
000012ef  UART1IntHandler               
00001363  UART1Send                     
000028fd  UARTCharGet                   
00002875  UARTCharGetNonBlocking        
00002907  UARTCharPut                   
00002883  UARTCharPutNonBlocking        
00002891  UARTCharsAvail                
00002943  UARTClockSourceSet            
00002459  UARTConfigSetExpClk           
00002705  UARTDisable                   
000027a9  UARTEnable                    
0000294d  UARTIntClear                  
00002923  UARTIntEnable                 
00001205  UARTIntHandler                
00002911  UARTIntStatus                 
00000a99  UARTStdioConfig               
00000bdf  UARTgetc                      
00000b25  UARTgets                      
00000eff  UARTprintf                    
00000c05  UARTvprintf                   
00000adf  UARTwrite                     
00001299  Uart0Iint                     
0000138b  Uart1Iint                     
00001d71  UnlockPixhawk                 
000002fd  Write_IIC_Byte                
0000038b  Write_IIC_Command             
000003bb  Write_IIC_Data                
20000a20  __STACK_END                   
00000200  __STACK_SIZE                  
20000a20  __STACK_TOP                   
000036b8  __TI_CINIT_Base               
000036d0  __TI_CINIT_Limit              
0000369c  __TI_Handler_Table_Base       
000036a8  __TI_Handler_Table_Limit      
000024e5  __TI_auto_init_nobinit_nopinit
000022a9  __TI_decompress_lzss          
0000289f  __TI_decompress_none          
ffffffff  __TI_pprof_out_hndl           
ffffffff  __TI_prof_data_size           
ffffffff  __TI_prof_data_start          
00000000  __TI_static_base__            
00002817  __TI_zero_init_nomemset       
00002151  __aeabi_cdrcmple              
00002411  __aeabi_d2iz                  
0000162b  __aeabi_dadd                  
000017d7  __aeabi_ddiv                  
00001c75  __aeabi_dmul                  
00001621  __aeabi_dsub                  
00001a3f  __aeabi_idiv0                 
00001a3f  __aeabi_ldiv0                 
000020b5  __aeabi_memcpy                
000020b5  __aeabi_memcpy4               
000020b5  __aeabi_memcpy8               
00002725  __aeabi_ui2d                  
00002569  __aeabi_uidiv                 
00002569  __aeabi_uidivmod              
ffffffff  __binit__                     
ffffffff  __c_args__                    
UNDEFED   __mpu_init                    
20000820  __stack                       
00002619  _c_int00_noargs               
UNDEFED   _system_post_cinit            
00002951  _system_pre_init              
00002955  abort                         
ffffffff  binit                         
20000800  fPeriod                       
00000409  fill_picture                  
20000000  g_pfnRAMVectors               
00000000  g_pfnVectors                  
0000205b  main                          
000020b5  memcpy                        
000006e1  oled_pow                      


GLOBAL SYMBOLS: SORTED BY Symbol Address 

address   name                          
-------   ----                          
00000000  __TI_static_base__            
00000000  g_pfnVectors                  
00000200  __STACK_SIZE                  
0000026d  GPIO_Init                     
0000028f  IIC_Start                     
000002bf  IIC_Stop                      
000002e5  IIC_Wait_Ack                  
000002fd  Write_IIC_Byte                
0000038b  Write_IIC_Command             
000003bb  Write_IIC_Data                
000003eb  OLED_WR_Byte                  
00000409  fill_picture                  
00000477  OLED_Set_Pos                  
000004b1  OLED_Display_On               
000004cd  OLED_Display_Off              
000004e9  OLED_Clear                    
00000551  OLED_On                       
000005c5  OLED_ShowChar                 
000006e1  oled_pow                      
00000711  OLED_ShowNum                  
000007df  OLED_ShowString               
00000849  OLED_ShowCHinese              
00000905  OLED_DrawBMP                  
000009b5  OLED_Init                     
00000a99  UARTStdioConfig               
00000adf  UARTwrite                     
00000b25  UARTgets                      
00000bdf  UARTgetc                      
00000c05  UARTvprintf                   
00000eff  UARTprintf                    
00000f35  Sonar_Configure               
00000f5f  SonarTrig                     
00000f81  Int_Handler_GPIOA             
00001013  GetAverageDistance            
000010a7  Sonar_GPIOA_Configure         
000010c5  Sonar_GPIOA_Interrupt         
000010f7  ShellSort                     
00001205  UARTIntHandler                
00001271  UART0Send                     
00001299  Uart0Iint                     
000012ef  UART1IntHandler               
00001363  UART1Send                     
0000138b  Uart1Iint                     
00001445  BeepPwmInit                   
000014c5  PwmConfig                     
00001621  __aeabi_dsub                  
0000162b  __aeabi_dadd                  
000017d7  __aeabi_ddiv                  
0000190d  GPIOPadConfigSet              
00001a3f  __aeabi_idiv0                 
00001a3f  __aeabi_ldiv0                 
00001a41  LED_ColorInit                 
00001ae1  LED_Color                     
00001b2b  LED_Config                    
00001b65  SysCtlClockGet                
00001c75  __aeabi_dmul                  
00001d71  UnlockPixhawk                 
00001df1  LockPixhawk                   
00001e21  LandMode                      
00001e65  SysCtlClockSet                
00001f59  Timer0_Config                 
00001f89  Timer0IntHandler              
00001fbf  Timer1_Config                 
00001ff9  Timer1IntHandler              
00002015  HardwareConfig                
0000205b  main                          
000020b5  __aeabi_memcpy                
000020b5  __aeabi_memcpy4               
000020b5  __aeabi_memcpy8               
000020b5  memcpy                        
00002151  __aeabi_cdrcmple              
000021d9  IntDisable                    
00002241  IntEnable                     
000022a9  __TI_decompress_lzss          
00002311  TimerConfigure                
00002371  GPIOIntTypeSet                
000023c9  GPIOPinConfigure              
00002411  __aeabi_d2iz                  
00002459  UARTConfigSetExpClk           
000024e5  __TI_auto_init_nobinit_nopinit
00002529  Delay_ms                      
00002547  Delay_us                      
00002569  __aeabi_uidiv                 
00002569  __aeabi_uidivmod              
000025a9  SysCtlPeripheralPresent       
000025e1  SysCtlPeripheralReady         
00002619  _c_int00_noargs               
00002651  IntRegister                   
00002685  SysCtlPeripheralEnable        
000026b9  GPIODirModeSet                
000026e3  PWMGenConfigure               
00002705  UARTDisable                   
00002725  __aeabi_ui2d                  
00002745  PWMPulseWidthSet              
00002763  GPIOIntRegister               
0000277b  GPIOPinTypeGPIOOutput         
00002795  SysCtlPWMClockSet             
000027a9  UARTEnable                    
000027bd  GPIOPinTypeGPIOInput          
000027cf  GPIOPinTypePWM                
000027e1  GPIOPinTypeUART               
000027f3  PWMOutputState                
00002805  TimerLoadSet                  
00002817  __TI_zero_init_nomemset       
00002829  IntMasterEnable               
00002839  PWMDeadBandEnable             
00002849  PWMGenPeriodSet               
00002859  GPIOIntStatus                 
00002867  TimerEnable                   
00002875  UARTCharGetNonBlocking        
00002883  UARTCharPutNonBlocking        
00002891  UARTCharsAvail                
0000289f  __TI_decompress_none          
000028ad  CPUcpsie                      
000028b9  GPIOIntEnable                 
000028c5  PWMGenDisable                 
000028d1  PWMGenEnable                  
000028dd  ResetISR                      
000028e9  TimerIntStatus                
000028f3  TimerValueGet                 
000028fd  UARTCharGet                   
00002907  UARTCharPut                   
00002911  UARTIntStatus                 
0000291b  TimerIntEnable                
00002923  UARTIntEnable                 
0000292b  GPIOIntClear                  
00002931  GPIOPinRead                   
00002937  GPIOPinWrite                  
0000293d  SysCtlDelay                   
00002943  UARTClockSourceSet            
00002949  TimerIntClear                 
0000294d  UARTIntClear                  
00002951  _system_pre_init              
00002955  C$$EXIT                       
00002955  abort                         
00002958  F8X16                         
00002f48  F6x8                          
0000369c  __TI_Handler_Table_Base       
000036a8  __TI_Handler_Table_Limit      
000036b8  __TI_CINIT_Base               
000036d0  __TI_CINIT_Limit              
20000000  g_pfnRAMVectors               
20000270  BMP3                          
20000670  Hzk                           
200007f0  PwmChannel_1                  
200007f2  PwmChannel_2                  
200007f4  PwmChannel_3                  
200007f6  PwmChannel_4                  
200007f8  PwmChannel_5                  
200007fa  ReciveData_i_UART0            
200007fb  ReciveData_i_UART1            
20000800  fPeriod                       
20000808  DataIsReady                   
20000820  __stack                       
20000a20  ReciveData_UART0              
20000a20  __STACK_END                   
20000a20  __STACK_TOP                   
20000a30  ReciveData_UART1              
20000a40  Disetence                     
20000a42  KeyPress0                     
ffffffff  __TI_pprof_out_hndl           
ffffffff  __TI_prof_data_size           
ffffffff  __TI_prof_data_start          
ffffffff  __binit__                     
ffffffff  __c_args__                    
ffffffff  binit                         
UNDEFED   __mpu_init                    
UNDEFED   _system_post_cinit            

[168 symbols]
