******************************************************************************
                  TI ARM Linker PC v18.1.2                     
******************************************************************************
>> Linked Tue Jul 10 19:21:46 2018

OUTPUT FILE NAME:   <Four_axes_2018.out>
ENTRY POINT SYMBOL: "_c_int00_noargs"  address: 0000273d


MEMORY CONFIGURATION

         name            origin    length      used     unused   attr    fill
----------------------  --------  ---------  --------  --------  ----  --------
  FLASH                 00000000   00040000  000037f0  0003c810  R  X
  SRAM                  20000000   00008000  00000a38  000075c8  RW X


SEGMENT ALLOCATION MAP

run origin  load origin   length   init length attrs members
----------  ----------- ---------- ----------- ----- -------
00000000    00000000    000037f8   000037f8    r-x
  00000000    00000000    0000026c   0000026c    r-- .intvecs
  0000026c    0000026c    00002810   00002810    r-x .text
  00002a80    00002a80    00000b74   00000b74    r-- .const
  000035f8    000035f8    00000200   00000200    r-- .cinit
20000000    20000000    00000a43   00000000    rw-
  20000000    20000000    0000026c   00000000    rw- .vtable
  20000270    20000270    000005a9   00000000    rw- .data
  20000820    20000820    00000200   00000000    rw- .stack
  20000a20    20000a20    00000023   00000000    rw- .bss


SECTION ALLOCATION MAP

 output                                  attributes/
section   page    origin      length       input sections
--------  ----  ----------  ----------   ----------------
.intvecs   0    00000000    0000026c     
                  00000000    0000026c     tm4c123gh6pm_startup_ccs.obj (.intvecs)

.text      0    0000026c    00002810     
                  0000026c    0000082c     OLED.obj (.text)
                  00000a98    0000049c     uartstdio.obj (.text)
                  00000f34    000002d0     sonar.obj (.text)
                  00001204    00000240     uart_echo.obj (.text)
                  00001444    00000234     colorful_LED.obj (.text)
                  00001678    000001dc     pwm.obj (.text)
                  00001854    000001b6     rtsv7M4_T_le_v4SPD16_eabi.lib : fd_add_t2.asm.obj (.text)
                  00001a0a    00000136                                   : fd_div_t2.asm.obj (.text)
                  00001b40    00000132     driverlib.lib : gpio.obj (.text:GPIOPadConfigSet)
                  00001c72    00000002     rtsv7M4_T_le_v4SPD16_eabi.lib : div0.asm.obj (.text)
                  00001c74    00000110     driverlib.lib : sysctl.obj (.text:SysCtlClockGet)
                  00001d84    000000fc     rtsv7M4_T_le_v4SPD16_eabi.lib : fd_mul_t2.asm.obj (.text)
                  00001e80    000000f4     Control.obj (.text)
                  00001f74    000000f4     driverlib.lib : sysctl.obj (.text:SysCtlClockSet)
                  00002068    000000bc     Timer.obj (.text)
                  00002124    000000b4     main.obj (.text)
                  000021d8    0000009c     rtsv7M4_T_le_v4SPD16_eabi.lib : memcpy_t2.asm.obj (.text)
                  00002274    00000086                                   : fd_cmp_t2.asm.obj (.text:__aeabi_cdrcmple)
                  000022fa    00000002     --HOLE-- [fill = 0]
                  000022fc    00000068     driverlib.lib : interrupt.obj (.text:IntDisable)
                  00002364    00000068                   : interrupt.obj (.text:IntEnable)
                  000023cc    00000068     rtsv7M4_T_le_v4SPD16_eabi.lib : copy_decompress_lzss.c.obj (.text:decompress:lzss:__TI_decompress_lzss)
                  00002434    00000060     driverlib.lib : timer.obj (.text:TimerConfigure)
                  00002494    00000056                   : gpio.obj (.text:GPIOIntTypeSet)
                  000024ea    00000002     --HOLE-- [fill = 0]
                  000024ec    00000048                   : gpio.obj (.text:GPIOPinConfigure)
                  00002534    00000048     rtsv7M4_T_le_v4SPD16_eabi.lib : fd_toi_t2.asm.obj (.text)
                  0000257c    00000046     driverlib.lib : uart.obj (.text:UARTConfigSetExpClk)
                  000025c2    00000002     --HOLE-- [fill = 0]
                  000025c4    00000044                   : gpio.obj (.text:_GPIOIntNumberGet)
                  00002608    00000044     rtsv7M4_T_le_v4SPD16_eabi.lib : autoinit.c.obj (.text:__TI_auto_init_nobinit_nopinit:__TI_auto_init_nobinit_nopinit)
                  0000264c    00000040     delay.obj (.text)
                  0000268c    00000040     rtsv7M4_T_le_v4SPD16_eabi.lib : u_divt2.asm.obj (.text)
                  000026cc    00000038     driverlib.lib : sysctl.obj (.text:SysCtlPeripheralPresent)
                  00002704    00000038                   : sysctl.obj (.text:SysCtlPeripheralReady)
                  0000273c    00000038     rtsv7M4_T_le_v4SPD16_eabi.lib : boot_cortex_m.c.obj (.text:_c_int00_noargs:_c_int00_noargs)
                  00002774    00000034     driverlib.lib : interrupt.obj (.text:IntRegister)
                  000027a8    00000034                   : sysctl.obj (.text:SysCtlPeripheralEnable)
                  000027dc    0000002a                   : gpio.obj (.text:GPIODirModeSet)
                  00002806    00000022                   : pwm.obj (.text:PWMGenConfigure)
                  00002828    00000020                   : uart.obj (.text:UARTDisable)
                  00002848    00000020     rtsv7M4_T_le_v4SPD16_eabi.lib : u_tofd_t2.asm.obj (.text)
                  00002868    0000001e     driverlib.lib : pwm.obj (.text:PWMPulseWidthSet)
                  00002886    00000018                   : gpio.obj (.text:GPIOIntRegister)
                  0000289e    00000018                   : gpio.obj (.text:GPIOPinTypeGPIOOutput)
                  000028b6    00000002     --HOLE-- [fill = 0]
                  000028b8    00000014                   : sysctl.obj (.text:SysCtlPWMClockSet)
                  000028cc    00000014                   : uart.obj (.text:UARTEnable)
                  000028e0    00000012                   : gpio.obj (.text:GPIOPinTypeGPIOInput)
                  000028f2    00000012                   : gpio.obj (.text:GPIOPinTypePWM)
                  00002904    00000012                   : gpio.obj (.text:GPIOPinTypeUART)
                  00002916    00000012                   : pwm.obj (.text:PWMOutputState)
                  00002928    00000012                   : timer.obj (.text:TimerLoadSet)
                  0000293a    00000012     rtsv7M4_T_le_v4SPD16_eabi.lib : copy_zero_init.c.obj (.text:decompress:ZI:__TI_zero_init_nomemset:__TI_zero_init_nomemset)
                  0000294c    00000010     driverlib.lib : interrupt.obj (.text:IntMasterEnable)
                  0000295c    00000010                   : pwm.obj (.text:PWMDeadBandEnable)
                  0000296c    00000010                   : pwm.obj (.text:PWMGenPeriodSet)
                  0000297c    0000000e                   : gpio.obj (.text:GPIOIntStatus)
                  0000298a    0000000e                   : timer.obj (.text:TimerEnable)
                  00002998    0000000e                   : uart.obj (.text:UARTCharGetNonBlocking)
                  000029a6    0000000e                   : uart.obj (.text:UARTCharPutNonBlocking)
                  000029b4    0000000e                   : uart.obj (.text:UARTCharsAvail)
                  000029c2    0000000e     rtsv7M4_T_le_v4SPD16_eabi.lib : copy_decompress_none.c.obj (.text:decompress:none:__TI_decompress_none)
                  000029d0    0000000c     driverlib.lib : cpu.obj (.text:CPUcpsie)
                  000029dc    0000000c                   : gpio.obj (.text:GPIOIntEnable)
                  000029e8    0000000c                   : pwm.obj (.text:PWMGenDisable)
                  000029f4    0000000c                   : pwm.obj (.text:PWMGenEnable)
                  00002a00    0000000c     tm4c123gh6pm_startup_ccs.obj (.text)
                  00002a0c    0000000a     driverlib.lib : timer.obj (.text:TimerIntStatus)
                  00002a16    0000000a                   : timer.obj (.text:TimerValueGet)
                  00002a20    0000000a                   : uart.obj (.text:UARTCharGet)
                  00002a2a    0000000a                   : uart.obj (.text:UARTCharPut)
                  00002a34    0000000a                   : uart.obj (.text:UARTIntStatus)
                  00002a3e    00000008                   : timer.obj (.text:TimerIntEnable)
                  00002a46    00000008                   : uart.obj (.text:UARTIntEnable)
                  00002a4e    00000006                   : gpio.obj (.text:GPIOIntClear)
                  00002a54    00000006                   : gpio.obj (.text:GPIOPinRead)
                  00002a5a    00000006                   : gpio.obj (.text:GPIOPinWrite)
                  00002a60    00000006                   : sysctl.obj (.text:SysCtlDelay)
                  00002a66    00000006                   : uart.obj (.text:UARTClockSourceSet)
                  00002a6c    00000004                   : timer.obj (.text:TimerIntClear)
                  00002a70    00000004                   : uart.obj (.text:UARTIntClear)
                  00002a74    00000004     rtsv7M4_T_le_v4SPD16_eabi.lib : pre_init.c.obj (.text:_system_pre_init)
                  00002a78    00000004                                   : exit.c.obj (.text:abort:abort)

.const     0    00002a80    00000b74     
                  00002a80    000005f0     OLED.obj (.const:.string:F8X16)
                  00003070    00000228     OLED.obj (.const:F6x8)
                  00003298    000000d8     driverlib.lib : gpio.obj (.const:g_ppui32GPIOIntMapSnowflake)
                  00003370    000000c0                   : gpio.obj (.const:g_ppui32GPIOIntMapBlizzard)
                  00003430    00000090                   : gpio.obj (.const:g_pui32GPIOBaseAddrs)
                  000034c0    00000070                   : interrupt.obj (.const)
                  00003530    0000006c                   : sysctl.obj (.const:g_pui32Xtals)
                  0000359c    00000004     uartstdio.obj (.const)
                  000035a0    00000028     sonar.obj (.const:$P$T0$3)
                  000035c8    00000012     uartstdio.obj (.const:.string)
                  000035da    00000002     --HOLE-- [fill = 0]
                  000035dc    0000000c     uartstdio.obj (.const:g_ui32UARTBase)
                  000035e8    0000000c     uartstdio.obj (.const:g_ui32UARTPeriph)

.cinit     0    000035f8    00000200     
                  000035f8    000001cb     (.cinit..data.load) [load image, compression = lzss]
                  000037c3    00000001     --HOLE-- [fill = 0]
                  000037c4    0000000c     (__TI_handler_table)
                  000037d0    00000008     (.cinit..bss.load) [load image, compression = zero_init]
                  000037d8    00000008     (.cinit..vtable.load) [load image, compression = zero_init]
                  000037e0    00000018     (__TI_cinit_table)

.init_array 
*          0    00000000    00000000     UNINITIALIZED

.vtable    0    20000000    0000026c     UNINITIALIZED
                  20000000    0000026c     driverlib.lib : interrupt.obj (.vtable)

.data      0    20000270    000005a9     UNINITIALIZED
                  20000270    00000400     main.obj (.data:BMP3)
                  20000670    00000180     OLED.obj (.data:Hzk)
                  200007f0    0000000a     pwm.obj (.data)
                  200007fa    00000002     uart_echo.obj (.data)
                  200007fc    00000004     --HOLE--
                  20000800    0000000a     sonar.obj (.data)
                  2000080a    00000002     --HOLE--
                  2000080c    00000008     sonar.obj (.data:ui32Time$1)
                  20000814    00000005     uartstdio.obj (.data)

.bss       0    20000a20    00000023     UNINITIALIZED
                  20000a20    00000010     (.common:ReciveData_UART0)
                  20000a30    00000010     (.common:ReciveData_UART1)
                  20000a40    00000002     (.common:Disetence)
                  20000a42    00000001     (.common:KeyPress0)

.stack     0    20000820    00000200     UNINITIALIZED
                  20000820    00000004     rtsv7M4_T_le_v4SPD16_eabi.lib : boot_cortex_m.c.obj (.stack)
                  20000824    000001fc     --HOLE--

MODULE SUMMARY

       Module                         code    ro data   rw data
       ------                         ----    -------   -------
    .\
       main.obj                       180     0         1027   
       tm4c123gh6pm_startup_ccs.obj   12      620       0      
    +--+------------------------------+-------+---------+---------+
       Total:                         192     620       1027   
                                                               
    .\9.6'OLED\
       OLED.obj                       2092    2072      384    
    +--+------------------------------+-------+---------+---------+
       Total:                         2092    2072      384    
                                                               
    .\Control\
       Control.obj                    244     0         0      
    +--+------------------------------+-------+---------+---------+
       Total:                         244     0         0      
                                                               
    .\Pwm\
       pwm.obj                        476     0         10     
    +--+------------------------------+-------+---------+---------+
       Total:                         476     0         10     
                                                               
    .\Timer\
       Timer.obj                      188     0         0      
    +--+------------------------------+-------+---------+---------+
       Total:                         188     0         0      
                                                               
    .\colorful_LED\
       colorful_LED.obj               564     0         0      
    +--+------------------------------+-------+---------+---------+
       Total:                         564     0         0      
                                                               
    .\delay\
       delay.obj                      64      0         0      
    +--+------------------------------+-------+---------+---------+
       Total:                         64      0         0      
                                                               
    .\sonar\
       sonar.obj                      720     40        18     
    +--+------------------------------+-------+---------+---------+
       Total:                         720     40        18     
                                                               
    .\uart\
       uartstdio.obj                  1180    46        5      
       uart_echo.obj                  576     0         34     
    +--+------------------------------+-------+---------+---------+
       Total:                         1756    46        39     
                                                               
    D:/ti/TivaWare_C_Series-2.1.4.178/driverlib/ccs/Debug/driverlib.lib
       gpio.obj                       720     552       0      
       interrupt.obj                  276     112       620    
       sysctl.obj                     706     108       0      
       uart.obj                       212     0         0      
       timer.obj                      160     0         0      
       pwm.obj                        138     0         0      
       cpu.obj                        12      0         0      
    +--+------------------------------+-------+---------+---------+
       Total:                         2224    772       620    
                                                               
    D:\Project_Program\Ccs\ccsv8\tools\compiler\ti-cgt-arm_18.1.2.LTS\lib\rtsv7M4_T_le_v4SPD16_eabi.lib
       fd_add_t2.asm.obj              438     0         0      
       fd_div_t2.asm.obj              310     0         0      
       fd_mul_t2.asm.obj              252     0         0      
       memcpy_t2.asm.obj              156     0         0      
       fd_cmp_t2.asm.obj              134     0         0      
       copy_decompress_lzss.c.obj     104     0         0      
       fd_toi_t2.asm.obj              72      0         0      
       autoinit.c.obj                 68      0         0      
       u_divt2.asm.obj                64      0         0      
       boot_cortex_m.c.obj            56      0         0      
       u_tofd_t2.asm.obj              32      0         0      
       copy_zero_init.c.obj           18      0         0      
       copy_decompress_none.c.obj     14      0         0      
       exit.c.obj                     4       0         0      
       pre_init.c.obj                 4       0         0      
       div0.asm.obj                   2       0         0      
    +--+------------------------------+-------+---------+---------+
       Total:                         1728    0         0      
                                                               
       Stack:                         0       0         512    
       Linker Generated:              0       511       0      
    +--+------------------------------+-------+---------+---------+
       Grand Total:                   10248   4061      2610   


LINKER GENERATED COPY TABLES

__TI_cinit_table @ 000037e0 records: 3, size/record: 8, table size: 24
	.data: load addr=000035f8, load size=000001cb bytes, run addr=20000270, run size=000005a9 bytes, compression=lzss
	.bss: load addr=000037d0, load size=00000008 bytes, run addr=20000a20, run size=00000023 bytes, compression=zero_init
	.vtable: load addr=000037d8, load size=00000008 bytes, run addr=20000000, run size=0000026c bytes, compression=zero_init


LINKER GENERATED HANDLER TABLE

__TI_handler_table @ 000037c4 records: 3, size/record: 4, table size: 12
	index: 0, handler: __TI_zero_init
	index: 1, handler: __TI_decompress_lzss
	index: 2, handler: __TI_decompress_none


GLOBAL SYMBOLS: SORTED ALPHABETICALLY BY Name 

address   name                          
-------   ----                          
20000270  BMP3                          
00001679  BeepPwmInit                   
00002a79  C$$EXIT                       
000029d1  CPUcpsie                      
20000808  DataIsReady                   
0000264d  Delay_ms                      
0000266b  Delay_us                      
20000a40  Disetence                     
00003070  F6x8                          
00002a80  F8X16                         
000027dd  GPIODirModeSet                
00002a4f  GPIOIntClear                  
000029dd  GPIOIntEnable                 
00002887  GPIOIntRegister               
0000297d  GPIOIntStatus                 
00002495  GPIOIntTypeSet                
00001b41  GPIOPadConfigSet              
000024ed  GPIOPinConfigure              
00002a55  GPIOPinRead                   
000028e1  GPIOPinTypeGPIOInput          
0000289f  GPIOPinTypeGPIOOutput         
000028f3  GPIOPinTypePWM                
00002905  GPIOPinTypeUART               
00002a5b  GPIOPinWrite                  
0000026d  GPIO_Init                     
00001013  GetAverageDistance            
00002125  HardwareConfig                
20000670  Hzk                           
0000028f  IIC_Start                     
000002bf  IIC_Stop                      
000002e5  IIC_Wait_Ack                  
000022fd  IntDisable                    
00002365  IntEnable                     
0000294d  IntMasterEnable               
00002775  IntRegister                   
00000f81  Int_Handler_GPIOA             
20000a42  KeyPress0                     
000014e5  LED_Color                     
00001445  LED_ColorInit                 
0000152f  LED_Config                    
0000154b  LED_Set                       
00001f31  LandMode                      
00001f01  LockPixhawk                   
000004e9  OLED_Clear                    
000004cd  OLED_Display_Off              
000004b1  OLED_Display_On               
00000905  OLED_DrawBMP                  
000009b5  OLED_Init                     
00000551  OLED_On                       
00000477  OLED_Set_Pos                  
00000849  OLED_ShowCHinese              
000005c5  OLED_ShowChar                 
00000711  OLED_ShowNum                  
000007df  OLED_ShowString               
000003eb  OLED_WR_Byte                  
0000295d  PWMDeadBandEnable             
00002807  PWMGenConfigure               
000029e9  PWMGenDisable                 
000029f5  PWMGenEnable                  
0000296d  PWMGenPeriodSet               
00002917  PWMOutputState                
00002869  PWMPulseWidthSet              
200007f0  PwmChannel_1                  
200007f2  PwmChannel_2                  
200007f4  PwmChannel_3                  
200007f6  PwmChannel_4                  
200007f8  PwmChannel_5                  
000016f9  PwmConfig                     
20000a20  ReciveData_UART0              
20000a30  ReciveData_UART1              
200007fa  ReciveData_i_UART0            
200007fb  ReciveData_i_UART1            
00002a01  ResetISR                      
000010f7  ShellSort                     
00000f5f  SonarTrig                     
00000f35  Sonar_Configure               
000010a7  Sonar_GPIOA_Configure         
000010c5  Sonar_GPIOA_Interrupt         
00001c75  SysCtlClockGet                
00001f75  SysCtlClockSet                
00002a61  SysCtlDelay                   
000028b9  SysCtlPWMClockSet             
000027a9  SysCtlPeripheralEnable        
000026cd  SysCtlPeripheralPresent       
00002705  SysCtlPeripheralReady         
00002099  Timer0IntHandler              
00002069  Timer0_Config                 
00002109  Timer1IntHandler              
000020cf  Timer1_Config                 
00002435  TimerConfigure                
0000298b  TimerEnable                   
00002a6d  TimerIntClear                 
00002a3f  TimerIntEnable                
00002a0d  TimerIntStatus                
00002929  TimerLoadSet                  
00002a17  TimerValueGet                 
00001271  UART0Send                     
000012ef  UART1IntHandler               
00001363  UART1Send                     
00002a21  UARTCharGet                   
00002999  UARTCharGetNonBlocking        
00002a2b  UARTCharPut                   
000029a7  UARTCharPutNonBlocking        
000029b5  UARTCharsAvail                
00002a67  UARTClockSourceSet            
0000257d  UARTConfigSetExpClk           
00002829  UARTDisable                   
000028cd  UARTEnable                    
00002a71  UARTIntClear                  
00002a47  UARTIntEnable                 
00001205  UARTIntHandler                
00002a35  UARTIntStatus                 
00000a99  UARTStdioConfig               
00000bdf  UARTgetc                      
00000b25  UARTgets                      
00000eff  UARTprintf                    
00000c05  UARTvprintf                   
00000adf  UARTwrite                     
00001299  Uart0Iint                     
0000138b  Uart1Iint                     
00001e81  UnlockPixhawk                 
000002fd  Write_IIC_Byte                
0000038b  Write_IIC_Command             
000003bb  Write_IIC_Data                
20000a20  __STACK_END                   
00000200  __STACK_SIZE                  
20000a20  __STACK_TOP                   
000037e0  __TI_CINIT_Base               
000037f8  __TI_CINIT_Limit              
000037c4  __TI_Handler_Table_Base       
000037d0  __TI_Handler_Table_Limit      
00002609  __TI_auto_init_nobinit_nopinit
000023cd  __TI_decompress_lzss          
000029c3  __TI_decompress_none          
ffffffff  __TI_pprof_out_hndl           
ffffffff  __TI_prof_data_size           
ffffffff  __TI_prof_data_start          
00000000  __TI_static_base__            
0000293b  __TI_zero_init_nomemset       
00002275  __aeabi_cdrcmple              
00002535  __aeabi_d2iz                  
0000185f  __aeabi_dadd                  
00001a0b  __aeabi_ddiv                  
00001d85  __aeabi_dmul                  
00001855  __aeabi_dsub                  
00001c73  __aeabi_idiv0                 
00001c73  __aeabi_ldiv0                 
000021d9  __aeabi_memcpy                
000021d9  __aeabi_memcpy4               
000021d9  __aeabi_memcpy8               
00002849  __aeabi_ui2d                  
0000268d  __aeabi_uidiv                 
0000268d  __aeabi_uidivmod              
ffffffff  __binit__                     
ffffffff  __c_args__                    
UNDEFED   __mpu_init                    
20000820  __stack                       
0000273d  _c_int00_noargs               
UNDEFED   _system_post_cinit            
00002a75  _system_pre_init              
00002a79  abort                         
ffffffff  binit                         
20000800  fPeriod                       
00000409  fill_picture                  
20000000  g_pfnRAMVectors               
00000000  g_pfnVectors                  
0000216d  main                          
000021d9  memcpy                        
000006e1  oled_pow                      


GLOBAL SYMBOLS: SORTED BY Symbol Address 

address   name                          
-------   ----                          
00000000  __TI_static_base__            
00000000  g_pfnVectors                  
00000200  __STACK_SIZE                  
0000026d  GPIO_Init                     
0000028f  IIC_Start                     
000002bf  IIC_Stop                      
000002e5  IIC_Wait_Ack                  
000002fd  Write_IIC_Byte                
0000038b  Write_IIC_Command             
000003bb  Write_IIC_Data                
000003eb  OLED_WR_Byte                  
00000409  fill_picture                  
00000477  OLED_Set_Pos                  
000004b1  OLED_Display_On               
000004cd  OLED_Display_Off              
000004e9  OLED_Clear                    
00000551  OLED_On                       
000005c5  OLED_ShowChar                 
000006e1  oled_pow                      
00000711  OLED_ShowNum                  
000007df  OLED_ShowString               
00000849  OLED_ShowCHinese              
00000905  OLED_DrawBMP                  
000009b5  OLED_Init                     
00000a99  UARTStdioConfig               
00000adf  UARTwrite                     
00000b25  UARTgets                      
00000bdf  UARTgetc                      
00000c05  UARTvprintf                   
00000eff  UARTprintf                    
00000f35  Sonar_Configure               
00000f5f  SonarTrig                     
00000f81  Int_Handler_GPIOA             
00001013  GetAverageDistance            
000010a7  Sonar_GPIOA_Configure         
000010c5  Sonar_GPIOA_Interrupt         
000010f7  ShellSort                     
00001205  UARTIntHandler                
00001271  UART0Send                     
00001299  Uart0Iint                     
000012ef  UART1IntHandler               
00001363  UART1Send                     
0000138b  Uart1Iint                     
00001445  LED_ColorInit                 
000014e5  LED_Color                     
0000152f  LED_Config                    
0000154b  LED_Set                       
00001679  BeepPwmInit                   
000016f9  PwmConfig                     
00001855  __aeabi_dsub                  
0000185f  __aeabi_dadd                  
00001a0b  __aeabi_ddiv                  
00001b41  GPIOPadConfigSet              
00001c73  __aeabi_idiv0                 
00001c73  __aeabi_ldiv0                 
00001c75  SysCtlClockGet                
00001d85  __aeabi_dmul                  
00001e81  UnlockPixhawk                 
00001f01  LockPixhawk                   
00001f31  LandMode                      
00001f75  SysCtlClockSet                
00002069  Timer0_Config                 
00002099  Timer0IntHandler              
000020cf  Timer1_Config                 
00002109  Timer1IntHandler              
00002125  HardwareConfig                
0000216d  main                          
000021d9  __aeabi_memcpy                
000021d9  __aeabi_memcpy4               
000021d9  __aeabi_memcpy8               
000021d9  memcpy                        
00002275  __aeabi_cdrcmple              
000022fd  IntDisable                    
00002365  IntEnable                     
000023cd  __TI_decompress_lzss          
00002435  TimerConfigure                
00002495  GPIOIntTypeSet                
000024ed  GPIOPinConfigure              
00002535  __aeabi_d2iz                  
0000257d  UARTConfigSetExpClk           
00002609  __TI_auto_init_nobinit_nopinit
0000264d  Delay_ms                      
0000266b  Delay_us                      
0000268d  __aeabi_uidiv                 
0000268d  __aeabi_uidivmod              
000026cd  SysCtlPeripheralPresent       
00002705  SysCtlPeripheralReady         
0000273d  _c_int00_noargs               
00002775  IntRegister                   
000027a9  SysCtlPeripheralEnable        
000027dd  GPIODirModeSet                
00002807  PWMGenConfigure               
00002829  UARTDisable                   
00002849  __aeabi_ui2d                  
00002869  PWMPulseWidthSet              
00002887  GPIOIntRegister               
0000289f  GPIOPinTypeGPIOOutput         
000028b9  SysCtlPWMClockSet             
000028cd  UARTEnable                    
000028e1  GPIOPinTypeGPIOInput          
000028f3  GPIOPinTypePWM                
00002905  GPIOPinTypeUART               
00002917  PWMOutputState                
00002929  TimerLoadSet                  
0000293b  __TI_zero_init_nomemset       
0000294d  IntMasterEnable               
0000295d  PWMDeadBandEnable             
0000296d  PWMGenPeriodSet               
0000297d  GPIOIntStatus                 
0000298b  TimerEnable                   
00002999  UARTCharGetNonBlocking        
000029a7  UARTCharPutNonBlocking        
000029b5  UARTCharsAvail                
000029c3  __TI_decompress_none          
000029d1  CPUcpsie                      
000029dd  GPIOIntEnable                 
000029e9  PWMGenDisable                 
000029f5  PWMGenEnable                  
00002a01  ResetISR                      
00002a0d  TimerIntStatus                
00002a17  TimerValueGet                 
00002a21  UARTCharGet                   
00002a2b  UARTCharPut                   
00002a35  UARTIntStatus                 
00002a3f  TimerIntEnable                
00002a47  UARTIntEnable                 
00002a4f  GPIOIntClear                  
00002a55  GPIOPinRead                   
00002a5b  GPIOPinWrite                  
00002a61  SysCtlDelay                   
00002a67  UARTClockSourceSet            
00002a6d  TimerIntClear                 
00002a71  UARTIntClear                  
00002a75  _system_pre_init              
00002a79  C$$EXIT                       
00002a79  abort                         
00002a80  F8X16                         
00003070  F6x8                          
000037c4  __TI_Handler_Table_Base       
000037d0  __TI_Handler_Table_Limit      
000037e0  __TI_CINIT_Base               
000037f8  __TI_CINIT_Limit              
20000000  g_pfnRAMVectors               
20000270  BMP3                          
20000670  Hzk                           
200007f0  PwmChannel_1                  
200007f2  PwmChannel_2                  
200007f4  PwmChannel_3                  
200007f6  PwmChannel_4                  
200007f8  PwmChannel_5                  
200007fa  ReciveData_i_UART0            
200007fb  ReciveData_i_UART1            
20000800  fPeriod                       
20000808  DataIsReady                   
20000820  __stack                       
20000a20  ReciveData_UART0              
20000a20  __STACK_END                   
20000a20  __STACK_TOP                   
20000a30  ReciveData_UART1              
20000a40  Disetence                     
20000a42  KeyPress0                     
ffffffff  __TI_pprof_out_hndl           
ffffffff  __TI_prof_data_size           
ffffffff  __TI_prof_data_start          
ffffffff  __binit__                     
ffffffff  __c_args__                    
ffffffff  binit                         
UNDEFED   __mpu_init                    
UNDEFED   _system_post_cinit            

[169 symbols]
