******************************************************************************
                  TI ARM Linker PC v18.1.2                     
******************************************************************************
>> Linked Wed Jul 18 15:48:48 2018

OUTPUT FILE NAME:   <Four_axes_2018.out>
ENTRY POINT SYMBOL: "_c_int00_noargs"  address: 00003f35


MEMORY CONFIGURATION

         name            origin    length      used     unused   attr    fill
----------------------  --------  ---------  --------  --------  ----  --------
  FLASH                 00000000   00040000  00004fea  0003b016  R  X
  SRAM                  20000000   00008000  000007c7  00007839  RW X


SEGMENT ALLOCATION MAP

run origin  load origin   length   init length attrs members
----------  ----------- ---------- ----------- ----- -------
00000000    00000000    00004ff0   00004ff0    r-x
  00000000    00000000    0000026c   0000026c    r-- .intvecs
  0000026c    0000026c    000040b2   000040b2    r-x .text
  00004320    00004320    00000ba4   00000ba4    r-- .const
  00004ec8    00004ec8    00000128   00000128    r-- .cinit
20000000    20000000    000007d2   00000000    rw-
  20000000    20000000    0000026c   00000000    rw- .vtable
  20000270    20000270    00000219   00000000    rw- .data
  20000490    20000490    00000200   00000000    rw- .stack
  20000690    20000690    00000142   00000000    rw- .bss


SECTION ALLOCATION MAP

 output                                  attributes/
section   page    origin      length       input sections
--------  ----  ----------  ----------   ----------------
.intvecs   0    00000000    0000026c     
                  00000000    0000026c     tm4c123gh6pm_startup_ccs.obj (.intvecs)

.text      0    0000026c    000040b2     
                  0000026c    0000082c     OLED.obj (.text)
                  00000a98    000007b8     pid.obj (.text)
                  00001250    00000508     Control.obj (.text)
                  00001758    0000049c     uartstdio.obj (.text)
                  00001bf4    000003fc     Mavlink_test.obj (.text)
                  00001ff0    000003fc     uart_echo.obj (.text)
                  000023ec    000002a0     key.obj (.text)
                  0000268c    0000029c     colorful_LED.obj (.text)
                  00002928    000001dc     pwm.obj (.text)
                  00002b04    000001d8     sonar.obj (.text)
                  00002cdc    000001c8     main.obj (.text)
                  00002ea4    000001b6     rtsv7M4_T_le_v4SPD16_eabi.lib : fd_add_t2.asm.obj (.text)
                  0000305a    00000002                                   : div0.asm.obj (.text)
                  0000305c    000001b0     filter.obj (.text)
                  0000320c    00000136     rtsv7M4_T_le_v4SPD16_eabi.lib : fd_div_t2.asm.obj (.text)
                  00003342    00000132     driverlib.lib : gpio.obj (.text:GPIOPadConfigSet)
                  00003474    00000110                   : sysctl.obj (.text:SysCtlClockGet)
                  00003584    000000fc     rtsv7M4_T_le_v4SPD16_eabi.lib : fd_mul_t2.asm.obj (.text)
                  00003680    000000f4     driverlib.lib : sysctl.obj (.text:SysCtlClockSet)
                  00003774    000000f0     Timer.obj (.text)
                  00003864    0000009c     rtsv7M4_T_le_v4SPD16_eabi.lib : memcpy_t2.asm.obj (.text)
                  00003900    00000086                                   : fd_cmp_t2.asm.obj (.text:__aeabi_cdcmple)
                  00003986    00000086                                   : fd_cmp_t2.asm.obj (.text:__aeabi_cdrcmple)
                  00003a0c    0000007a                                   : memset_t2.asm.obj (.text)
                  00003a86    0000006e                                   : fd_tos_t2.asm.obj (.text)
                  00003af4    00000068     driverlib.lib : interrupt.obj (.text:IntDisable)
                  00003b5c    00000068                   : interrupt.obj (.text:IntEnable)
                  00003bc4    00000068     rtsv7M4_T_le_v4SPD16_eabi.lib : copy_decompress_lzss.c.obj (.text:decompress:lzss:__TI_decompress_lzss)
                  00003c2c    00000060     driverlib.lib : timer.obj (.text:TimerConfigure)
                  00003c8c    00000056                   : gpio.obj (.text:GPIOIntTypeSet)
                  00003ce2    00000002     --HOLE-- [fill = 0]
                  00003ce4    00000048                   : gpio.obj (.text:GPIOPinConfigure)
                  00003d2c    00000048     rtsv7M4_T_le_v4SPD16_eabi.lib : fd_toi_t2.asm.obj (.text)
                  00003d74    00000046     driverlib.lib : uart.obj (.text:UARTConfigSetExpClk)
                  00003dba    00000002     --HOLE-- [fill = 0]
                  00003dbc    00000044                   : gpio.obj (.text:_GPIOIntNumberGet)
                  00003e00    00000044     rtsv7M4_T_le_v4SPD16_eabi.lib : autoinit.c.obj (.text:__TI_auto_init_nobinit_nopinit:__TI_auto_init_nobinit_nopinit)
                  00003e44    00000040     delay.obj (.text)
                  00003e84    00000040     rtsv7M4_T_le_v4SPD16_eabi.lib : u_divt2.asm.obj (.text)
                  00003ec4    00000038     driverlib.lib : sysctl.obj (.text:SysCtlPeripheralPresent)
                  00003efc    00000038                   : sysctl.obj (.text:SysCtlPeripheralReady)
                  00003f34    00000038     rtsv7M4_T_le_v4SPD16_eabi.lib : boot_cortex_m.c.obj (.text:_c_int00_noargs:_c_int00_noargs)
                  00003f6c    00000038                                   : fs_tod_t2.asm.obj (.text)
                  00003fa4    00000034     driverlib.lib : interrupt.obj (.text:IntRegister)
                  00003fd8    00000034                   : sysctl.obj (.text:SysCtlPeripheralEnable)
                  0000400c    0000002e     rtsv7M4_T_le_v4SPD16_eabi.lib : i_tofd_t2.asm.obj (.text)
                  0000403a    0000002a     driverlib.lib : gpio.obj (.text:GPIODirModeSet)
                  00004064    00000022                   : pwm.obj (.text:PWMGenConfigure)
                  00004086    00000002     --HOLE-- [fill = 0]
                  00004088    00000020                   : uart.obj (.text:UARTDisable)
                  000040a8    00000020     rtsv7M4_T_le_v4SPD16_eabi.lib : u_tofd_t2.asm.obj (.text)
                  000040c8    0000001e     driverlib.lib : pwm.obj (.text:PWMPulseWidthSet)
                  000040e6    00000018                   : gpio.obj (.text:GPIOIntRegister)
                  000040fe    00000018                   : gpio.obj (.text:GPIOPinTypeGPIOOutput)
                  00004116    00000002     --HOLE-- [fill = 0]
                  00004118    00000014                   : sysctl.obj (.text:SysCtlPWMClockSet)
                  0000412c    00000014                   : uart.obj (.text:UARTEnable)
                  00004140    00000012                   : gpio.obj (.text:GPIOPinTypeGPIOInput)
                  00004152    00000012                   : gpio.obj (.text:GPIOPinTypePWM)
                  00004164    00000012                   : gpio.obj (.text:GPIOPinTypeUART)
                  00004176    00000012                   : pwm.obj (.text:PWMOutputState)
                  00004188    00000012                   : timer.obj (.text:TimerLoadSet)
                  0000419a    00000012     rtsv7M4_T_le_v4SPD16_eabi.lib : copy_zero_init.c.obj (.text:decompress:ZI:__TI_zero_init_nomemset:__TI_zero_init_nomemset)
                  000041ac    00000010     driverlib.lib : fpu.obj (.text:FPUEnable)
                  000041bc    00000010                   : fpu.obj (.text:FPULazyStackingEnable)
                  000041cc    00000010                   : interrupt.obj (.text:IntMasterEnable)
                  000041dc    00000010                   : pwm.obj (.text:PWMDeadBandEnable)
                  000041ec    00000010                   : pwm.obj (.text:PWMGenPeriodSet)
                  000041fc    0000000e                   : gpio.obj (.text:GPIOIntDisable)
                  0000420a    0000000e                   : gpio.obj (.text:GPIOIntStatus)
                  00004218    0000000e                   : timer.obj (.text:TimerEnable)
                  00004226    0000000e                   : uart.obj (.text:UARTCharGetNonBlocking)
                  00004234    0000000e                   : uart.obj (.text:UARTCharPutNonBlocking)
                  00004242    0000000e                   : uart.obj (.text:UARTCharsAvail)
                  00004250    0000000e     rtsv7M4_T_le_v4SPD16_eabi.lib : copy_decompress_none.c.obj (.text:decompress:none:__TI_decompress_none)
                  0000425e    0000000c     driverlib.lib : cpu.obj (.text:CPUcpsie)
                  0000426a    0000000c                   : gpio.obj (.text:GPIOIntEnable)
                  00004276    0000000c                   : pwm.obj (.text:PWMGenDisable)
                  00004282    0000000c                   : pwm.obj (.text:PWMGenEnable)
                  0000428e    0000000c     tm4c123gh6pm_startup_ccs.obj (.text)
                  0000429a    0000000a     driverlib.lib : timer.obj (.text:TimerIntDisable)
                  000042a4    0000000a                   : timer.obj (.text:TimerIntStatus)
                  000042ae    0000000a                   : timer.obj (.text:TimerValueGet)
                  000042b8    0000000a                   : uart.obj (.text:UARTCharGet)
                  000042c2    0000000a                   : uart.obj (.text:UARTCharPut)
                  000042cc    0000000a                   : uart.obj (.text:UARTFIFOEnable)
                  000042d6    0000000a                   : uart.obj (.text:UARTIntStatus)
                  000042e0    00000008                   : timer.obj (.text:TimerIntEnable)
                  000042e8    00000008                   : uart.obj (.text:UARTIntEnable)
                  000042f0    00000006                   : gpio.obj (.text:GPIOIntClear)
                  000042f6    00000006                   : gpio.obj (.text:GPIOPinRead)
                  000042fc    00000006                   : gpio.obj (.text:GPIOPinWrite)
                  00004302    00000006                   : sysctl.obj (.text:SysCtlDelay)
                  00004308    00000006                   : uart.obj (.text:UARTFIFOLevelSet)
                  0000430e    00000004                   : timer.obj (.text:TimerIntClear)
                  00004312    00000004                   : uart.obj (.text:UARTIntClear)
                  00004316    00000004     rtsv7M4_T_le_v4SPD16_eabi.lib : pre_init.c.obj (.text:_system_pre_init)
                  0000431a    00000004                                   : exit.c.obj (.text:abort:abort)

.const     0    00004320    00000ba4     
                  00004320    000005f0     OLED.obj (.const:.string:F8X16)
                  00004910    00000228     OLED.obj (.const:F6x8)
                  00004b38    000000d8     driverlib.lib : gpio.obj (.const:g_ppui32GPIOIntMapSnowflake)
                  00004c10    000000c0                   : gpio.obj (.const:g_ppui32GPIOIntMapBlizzard)
                  00004cd0    00000090                   : gpio.obj (.const:g_pui32GPIOBaseAddrs)
                  00004d60    00000070                   : interrupt.obj (.const)
                  00004dd0    0000006c                   : sysctl.obj (.const:g_pui32Xtals)
                  00004e3c    00000004     uartstdio.obj (.const)
                  00004e40    00000058     sonar.obj (.const:$P$T0$3)
                  00004e98    00000012     uartstdio.obj (.const:.string)
                  00004eaa    00000002     --HOLE-- [fill = 0]
                  00004eac    0000000c     uartstdio.obj (.const:g_ui32UARTBase)
                  00004eb8    0000000c     uartstdio.obj (.const:g_ui32UARTPeriph)

.cinit     0    00004ec8    00000128     
                  00004ec8    000000ef     (.cinit..data.load) [load image, compression = lzss]
                  00004fb7    00000001     --HOLE-- [fill = 0]
                  00004fb8    0000000c     (__TI_handler_table)
                  00004fc4    00000004     --HOLE-- [fill = 0]
                  00004fc8    00000008     (.cinit..bss.load) [load image, compression = zero_init]
                  00004fd0    00000008     (.cinit..vtable.load) [load image, compression = zero_init]
                  00004fd8    00000018     (__TI_cinit_table)

.init_array 
*          0    00000000    00000000     UNINITIALIZED

.vtable    0    20000000    0000026c     UNINITIALIZED
                  20000000    0000026c     driverlib.lib : interrupt.obj (.vtable)

.data      0    20000270    00000219     UNINITIALIZED
                  20000270    00000180     OLED.obj (.data:Hzk)
                  200003f0    00000028     Mavlink_test.obj (.data:Rx_Buffer_attitude)
                  20000418    00000014     Control.obj (.data)
                  2000042c    00000014     Mavlink_test.obj (.data:Rx_Buffer_height)
                  20000440    00000012     pid.obj (.data)
                  20000452    0000000a     pwm.obj (.data)
                  2000045c    00000003     uart_echo.obj (.data)
                  2000045f    00000001     --HOLE--
                  20000460    0000000a     sonar.obj (.data)
                  2000046a    00000002     --HOLE--
                  2000046c    00000008     sonar.obj (.data:ui32Time$1)
                  20000474    00000007     Mavlink_test.obj (.data)
                  2000047b    00000001     --HOLE--
                  2000047c    00000006     key.obj (.data)
                  20000482    00000002     --HOLE--
                  20000484    00000005     uartstdio.obj (.data)

.bss       0    20000690    00000142     UNINITIALIZED
                  20000690    00000030     (.common:Source_attitude_payload)
                  200006c0    0000001c     (.common:PID_Data_H)
                  200006dc    0000001c     (.common:PID_Data_X)
                  200006f8    0000001c     (.common:PID_Data_Y)
                  20000714    0000001c     (.common:PID_H)
                  20000730    0000001c     (.common:PID_X)
                  2000074c    0000001c     (.common:PID_Y)
                  20000768    00000011     Mavlink_test.obj (.bss)
                  20000779    00000010     (.common:ReciveData_UART0)
                  20000789    00000010     (.common:ReciveData_UART1)
                  20000799    00000010     (.common:ReciveData_UART3)
                  200007a9    00000001     (.common:rx_buffer)
                  200007aa    00000002     (.common:RealAttitude_pitch)
                  200007ac    00000008     (.common:Source_Rangefinder_payload)
                  200007b4    00000004     (.common:Distance_Laser)
                  200007b8    00000004     (.common:ReadPin0)
                  200007bc    00000004     (.common:ReadPin4)
                  200007c0    00000004     (.common:int_distance)
                  200007c4    00000002     (.common:RealAttitude_roll)
                  200007c6    00000002     (.common:RealAttitude_yaw)
                  200007c8    00000002     (.common:Real_XCoordinate)
                  200007ca    00000002     (.common:Real_YCoordinate)
                  200007cc    00000002     (.common:int_pitch)
                  200007ce    00000002     (.common:int_roll)
                  200007d0    00000002     (.common:int_yaw)

.stack     0    20000490    00000200     UNINITIALIZED
                  20000490    00000004     rtsv7M4_T_le_v4SPD16_eabi.lib : boot_cortex_m.c.obj (.stack)
                  20000494    000001fc     --HOLE--

MODULE SUMMARY

       Module                         code    ro data   rw data
       ------                         ----    -------   -------
    .\
       tm4c123gh6pm_startup_ccs.obj   12      620       0      
       main.obj                       456     0         0      
    +--+------------------------------+-------+---------+---------+
       Total:                         468     620       0      
                                                               
    .\0.96'OLED\
       OLED.obj                       2092    2072      384    
    +--+------------------------------+-------+---------+---------+
       Total:                         2092    2072      384    
                                                               
    .\Control\
       Control.obj                    1288    0         30     
    +--+------------------------------+-------+---------+---------+
       Total:                         1288    0         30     
                                                               
    .\Filter\
       filter.obj                     432     0         0      
    +--+------------------------------+-------+---------+---------+
       Total:                         432     0         0      
                                                               
    .\MavLink_Receive\
       Mavlink_test.obj               1020    0         151    
    +--+------------------------------+-------+---------+---------+
       Total:                         1020    0         151    
                                                               
    .\Pid\
       pid.obj                        1976    0         186    
    +--+------------------------------+-------+---------+---------+
       Total:                         1976    0         186    
                                                               
    .\Pwm\
       pwm.obj                        476     0         10     
    +--+------------------------------+-------+---------+---------+
       Total:                         476     0         10     
                                                               
    .\Timer\
       Timer.obj                      240     0         0      
    +--+------------------------------+-------+---------+---------+
       Total:                         240     0         0      
                                                               
    .\colorful_LED\
       colorful_LED.obj               668     0         0      
    +--+------------------------------+-------+---------+---------+
       Total:                         668     0         0      
                                                               
    .\delay\
       delay.obj                      64      0         0      
    +--+------------------------------+-------+---------+---------+
       Total:                         64      0         0      
                                                               
    .\key\
       key.obj                        672     0         14     
    +--+------------------------------+-------+---------+---------+
       Total:                         672     0         14     
                                                               
    .\sonar\
       sonar.obj                      472     88        18     
    +--+------------------------------+-------+---------+---------+
       Total:                         472     88        18     
                                                               
    .\uart\
       uartstdio.obj                  1180    46        5      
       uart_echo.obj                  1020    0         55     
    +--+------------------------------+-------+---------+---------+
       Total:                         2200    46        60     
                                                               
    D:/ti/TivaWare_C_Series-2.1.4.178/driverlib/ccs/Debug/driverlib.lib
       gpio.obj                       734     552       0      
       interrupt.obj                  276     112       620    
       sysctl.obj                     706     108       0      
       uart.obj                       222     0         0      
       timer.obj                      170     0         0      
       pwm.obj                        138     0         0      
       fpu.obj                        32      0         0      
       cpu.obj                        12      0         0      
    +--+------------------------------+-------+---------+---------+
       Total:                         2290    772       620    
                                                               
    D:\Project_Program\Ccs\ccsv8\tools\compiler\ti-cgt-arm_18.1.2.LTS\lib\rtsv7M4_T_le_v4SPD16_eabi.lib
       fd_add_t2.asm.obj              438     0         0      
       fd_div_t2.asm.obj              310     0         0      
       fd_cmp_t2.asm.obj              268     0         0      
       fd_mul_t2.asm.obj              252     0         0      
       memcpy_t2.asm.obj              156     0         0      
       memset_t2.asm.obj              122     0         0      
       fd_tos_t2.asm.obj              110     0         0      
       copy_decompress_lzss.c.obj     104     0         0      
       fd_toi_t2.asm.obj              72      0         0      
       autoinit.c.obj                 68      0         0      
       u_divt2.asm.obj                64      0         0      
       boot_cortex_m.c.obj            56      0         0      
       fs_tod_t2.asm.obj              56      0         0      
       i_tofd_t2.asm.obj              46      0         0      
       u_tofd_t2.asm.obj              32      0         0      
       copy_zero_init.c.obj           18      0         0      
       copy_decompress_none.c.obj     14      0         0      
       exit.c.obj                     4       0         0      
       pre_init.c.obj                 4       0         0      
       div0.asm.obj                   2       0         0      
    +--+------------------------------+-------+---------+---------+
       Total:                         2196    0         0      
                                                               
       Stack:                         0       0         512    
       Linker Generated:              0       291       0      
    +--+------------------------------+-------+---------+---------+
       Grand Total:                   16554   3889      1985   


LINKER GENERATED COPY TABLES

__TI_cinit_table @ 00004fd8 records: 3, size/record: 8, table size: 24
	.data: load addr=00004ec8, load size=000000ef bytes, run addr=20000270, run size=00000219 bytes, compression=lzss
	.bss: load addr=00004fc8, load size=00000008 bytes, run addr=20000690, run size=00000142 bytes, compression=zero_init
	.vtable: load addr=00004fd0, load size=00000008 bytes, run addr=20000000, run size=0000026c bytes, compression=zero_init


LINKER GENERATED HANDLER TABLE

__TI_handler_table @ 00004fb8 records: 3, size/record: 4, table size: 12
	index: 0, handler: __TI_zero_init
	index: 1, handler: __TI_decompress_lzss
	index: 2, handler: __TI_decompress_none


GLOBAL SYMBOLS: SORTED ALPHABETICALLY BY Name 

address   name                          
-------   ----                          
0000140f  AltitudeHold                  
000016b5  AttitudeProtection            
00001c55  Attitude_Data_Store           
00001f39  Attitude_init                 
00002929  BeepPwmInit                   
0000431b  C$$EXIT                       
0000425f  CPUcpsie                      
2000042a  Control_Open                  
2000042b  Control_Serial                
20000440  Coordinate_Open_Flag          
20000468  DataIsReady                   
00003e45  Delay_ms                      
00003e63  Delay_us                      
00001639  Display                       
200007b4  Distance_Laser                
00001f51  Distance_init                 
20000424  Error_Distance                
00004910  F6x8                          
00004320  F8X16                         
000041ad  FPUEnable                     
000041bd  FPULazyStackingEnable         
0000403b  GPIODirModeSet                
000042f1  GPIOIntClear                  
000041fd  GPIOIntDisable                
0000426b  GPIOIntEnable                 
000040e7  GPIOIntRegister               
0000420b  GPIOIntStatus                 
00003c8d  GPIOIntTypeSet                
00003343  GPIOPadConfigSet              
00003ce5  GPIOPinConfigure              
000042f7  GPIOPinRead                   
00004141  GPIOPinTypeGPIOInput          
000040ff  GPIOPinTypeGPIOOutput         
00004153  GPIOPinTypePWM                
00004165  GPIOPinTypeUART               
000042fd  GPIOPinWrite                  
0000026d  GPIO_Init                     
00002be3  GetAverageDistance            
000013f5  Get_Attitude                  
00001391  Get_Coordinate                
000013a3  Get_Distance                  
20000418  Goal_Distance                 
00002cdd  HardwareConfig                
20000270  Hzk                           
0000028f  IIC_Start                     
000002bf  IIC_Stop                      
000002e5  IIC_Wait_Ack                  
00003af5  IntDisable                    
00003b5d  IntEnable                     
000041cd  IntMasterEnable               
00003fa5  IntRegister                   
00002b51  Int_Handler_GPIOA             
000024eb  Int_Handler_GPIOF             
20000480  KEY_L                         
20000481  KEY_R                         
2000047c  KeyPress4                     
000023ed  Key_Configure                 
0000241b  Key_Interrupt                 
0000243b  Key_Scan                      
0000272d  LED_Color                     
0000268d  LED_ColorInit                 
00002777  LED_Config                    
00002793  LED_Set                       
00001351  LandMode                      
20000420  Last_Real_Distance            
000028c9  Led_Twinkle                   
000030ff  LimitingFilter                
00001311  LockPixhawk                   
00001bf5  Mav_recive_UART2_Config       
00001f65  Mavlink_DateInit              
000004e9  OLED_Clear                    
000004cd  OLED_Display_Off              
000004b1  OLED_Display_On               
00000905  OLED_DrawBMP                  
000009b5  OLED_Init                     
00000551  OLED_On                       
00000477  OLED_Set_Pos                  
00000849  OLED_ShowCHinese              
000005c5  OLED_ShowChar                 
00000711  OLED_ShowNum                  
000007df  OLED_ShowString               
000003eb  OLED_WR_Byte                  
000015d7  OledDisplayInit               
200006c0  PID_Data_H                    
200006dc  PID_Data_X                    
200006f8  PID_Data_Y                    
20000714  PID_H                         
00000a99  PID_Init                      
20000730  PID_X                         
2000074c  PID_Y                         
000041dd  PWMDeadBandEnable             
00004065  PWMGenConfigure               
00004277  PWMGenDisable                 
00004283  PWMGenEnable                  
000041ed  PWMGenPeriodSet               
00004177  PWMOutputState                
000040c9  PWMPulseWidthSet              
00000c2d  Position_PID                  
20000452  PwmChannel_1                  
20000454  PwmChannel_2                  
20000456  PwmChannel_3                  
20000458  PwmChannel_4                  
2000045a  PwmChannel_5                  
000029a9  PwmConfig                     
200007b8  ReadPin0                      
200007bc  ReadPin4                      
200007aa  RealAttitude_pitch            
200007c4  RealAttitude_roll             
200007c6  RealAttitude_yaw              
2000041c  Real_Distance                 
200007c8  Real_XCoordinate              
200007ca  Real_YCoordinate              
20000779  ReciveData_UART0              
20000789  ReciveData_UART1              
20000799  ReciveData_UART3              
2000045c  ReciveData_i_UART0            
2000045d  ReciveData_i_UART1            
2000045e  ReciveData_i_UART3            
0000428f  ResetISR                      
00003085  SelectSort                    
00002b2f  SonarTrig                     
00002b05  Sonar_Configure               
00002c57  Sonar_GPIOA_Configure         
00002c75  Sonar_GPIOA_Interrupt         
200007ac  Source_Rangefinder_payload    
20000690  Source_attitude_payload       
00003475  SysCtlClockGet                
00003681  SysCtlClockSet                
00004303  SysCtlDelay                   
00004119  SysCtlPWMClockSet             
00003fd9  SysCtlPeripheralEnable        
00003ec5  SysCtlPeripheralPresent       
00003efd  SysCtlPeripheralReady         
000037a5  Timer0IntHandler              
00003775  Timer0_Config                 
00000fe1  Timer1IntHandler              
000037bb  Timer1_Config                 
00003827  Timer2IntHandler              
000037f1  Timer2_Config                 
00003c2d  TimerConfigure                
00004219  TimerEnable                   
0000430f  TimerIntClear                 
0000429b  TimerIntDisable               
000042e1  TimerIntEnable                
000042a5  TimerIntStatus                
00004189  TimerLoadSet                  
000042af  TimerValueGet                 
0000206b  UART0Send                     
00002103  UART1IntHandler               
000021a7  UART1Send                     
00001c8b  UART2IntHandler               
000022dd  UART3Iint                     
00002221  UART3IntHandler               
00002299  UART3Send                     
000042b9  UARTCharGet                   
00004227  UARTCharGetNonBlocking        
000042c3  UARTCharPut                   
00004235  UARTCharPutNonBlocking        
00004243  UARTCharsAvail                
00003d75  UARTConfigSetExpClk           
00004089  UARTDisable                   
0000412d  UARTEnable                    
000042cd  UARTFIFOEnable                
00004309  UARTFIFOLevelSet              
00004313  UARTIntClear                  
000042e9  UARTIntEnable                 
00001ff1  UARTIntHandler                
000042d7  UARTIntStatus                 
00001759  UARTStdioConfig               
0000189f  UARTgetc                      
000017e5  UARTgets                      
00001bbf  UARTprintf                    
000018c5  UARTvprintf                   
0000179f  UARTwrite                     
00002093  Uart0Iint                     
000021cf  Uart1Iint                     
00001251  UnlockPixhawk                 
000002fd  Write_IIC_Byte                
0000038b  Write_IIC_Command             
000003bb  Write_IIC_Data                
20000690  __STACK_END                   
00000200  __STACK_SIZE                  
20000690  __STACK_TOP                   
00004fd8  __TI_CINIT_Base               
00004ff0  __TI_CINIT_Limit              
00004fb8  __TI_Handler_Table_Base       
00004fc4  __TI_Handler_Table_Limit      
00003e01  __TI_auto_init_nobinit_nopinit
00003bc5  __TI_decompress_lzss          
00004251  __TI_decompress_none          
ffffffff  __TI_pprof_out_hndl           
ffffffff  __TI_prof_data_size           
ffffffff  __TI_prof_data_start          
00000000  __TI_static_base__            
0000419b  __TI_zero_init_nomemset       
00003901  __aeabi_cdcmpeq               
00003901  __aeabi_cdcmple               
00003987  __aeabi_cdrcmple              
00003a87  __aeabi_d2f                   
00003d2d  __aeabi_d2iz                  
00002eaf  __aeabi_dadd                  
0000320d  __aeabi_ddiv                  
00003585  __aeabi_dmul                  
00002ea5  __aeabi_dsub                  
00003f6d  __aeabi_f2d                   
0000400d  __aeabi_i2d                   
0000305b  __aeabi_idiv0                 
0000305b  __aeabi_ldiv0                 
00003a0d  __aeabi_memclr                
00003a0d  __aeabi_memclr4               
00003a0d  __aeabi_memclr8               
00003865  __aeabi_memcpy                
00003865  __aeabi_memcpy4               
00003865  __aeabi_memcpy8               
00003a0f  __aeabi_memset                
00003a0f  __aeabi_memset4               
00003a0f  __aeabi_memset8               
000040a9  __aeabi_ui2d                  
00003e85  __aeabi_uidiv                 
00003e85  __aeabi_uidivmod              
ffffffff  __binit__                     
ffffffff  __c_args__                    
UNDEFED   __mpu_init                    
20000490  __stack                       
00003f35  _c_int00_noargs               
UNDEFED   _system_post_cinit            
00004317  _system_pre_init              
0000431b  abort                         
ffffffff  binit                         
20000474  calculate_Flag                
00001df1  calculate_test                
2000044c  err_h                         
20000428  err_pitch                     
20000426  err_roll                      
20000444  err_x                         
20000448  err_y                         
20000460  fPeriod                       
00000409  fill_picture                  
20000000  g_pfnRAMVectors               
00000000  g_pfnVectors                  
2000044e  get_x                         
20000450  get_y                         
200007c0  int_distance                  
200007cc  int_pitch                     
200007ce  int_roll                      
200007d0  int_yaw                       
00002d31  main                          
00003865  memcpy                        
00003a15  memset                        
20000475  newAttiFlag                   
20000476  newHeightFlag                 
000006e1  oled_pow                      
200007a9  rx_buffer                     
20000443  start_PID_H                   
20000441  start_PID_X                   
20000442  start_PID_Y                   
0000305d  swap                          


GLOBAL SYMBOLS: SORTED BY Symbol Address 

address   name                          
-------   ----                          
00000000  __TI_static_base__            
00000000  g_pfnVectors                  
00000200  __STACK_SIZE                  
0000026d  GPIO_Init                     
0000028f  IIC_Start                     
000002bf  IIC_Stop                      
000002e5  IIC_Wait_Ack                  
000002fd  Write_IIC_Byte                
0000038b  Write_IIC_Command             
000003bb  Write_IIC_Data                
000003eb  OLED_WR_Byte                  
00000409  fill_picture                  
00000477  OLED_Set_Pos                  
000004b1  OLED_Display_On               
000004cd  OLED_Display_Off              
000004e9  OLED_Clear                    
00000551  OLED_On                       
000005c5  OLED_ShowChar                 
000006e1  oled_pow                      
00000711  OLED_ShowNum                  
000007df  OLED_ShowString               
00000849  OLED_ShowCHinese              
00000905  OLED_DrawBMP                  
000009b5  OLED_Init                     
00000a99  PID_Init                      
00000c2d  Position_PID                  
00000fe1  Timer1IntHandler              
00001251  UnlockPixhawk                 
00001311  LockPixhawk                   
00001351  LandMode                      
00001391  Get_Coordinate                
000013a3  Get_Distance                  
000013f5  Get_Attitude                  
0000140f  AltitudeHold                  
000015d7  OledDisplayInit               
00001639  Display                       
000016b5  AttitudeProtection            
00001759  UARTStdioConfig               
0000179f  UARTwrite                     
000017e5  UARTgets                      
0000189f  UARTgetc                      
000018c5  UARTvprintf                   
00001bbf  UARTprintf                    
00001bf5  Mav_recive_UART2_Config       
00001c55  Attitude_Data_Store           
00001c8b  UART2IntHandler               
00001df1  calculate_test                
00001f39  Attitude_init                 
00001f51  Distance_init                 
00001f65  Mavlink_DateInit              
00001ff1  UARTIntHandler                
0000206b  UART0Send                     
00002093  Uart0Iint                     
00002103  UART1IntHandler               
000021a7  UART1Send                     
000021cf  Uart1Iint                     
00002221  UART3IntHandler               
00002299  UART3Send                     
000022dd  UART3Iint                     
000023ed  Key_Configure                 
0000241b  Key_Interrupt                 
0000243b  Key_Scan                      
000024eb  Int_Handler_GPIOF             
0000268d  LED_ColorInit                 
0000272d  LED_Color                     
00002777  LED_Config                    
00002793  LED_Set                       
000028c9  Led_Twinkle                   
00002929  BeepPwmInit                   
000029a9  PwmConfig                     
00002b05  Sonar_Configure               
00002b2f  SonarTrig                     
00002b51  Int_Handler_GPIOA             
00002be3  GetAverageDistance            
00002c57  Sonar_GPIOA_Configure         
00002c75  Sonar_GPIOA_Interrupt         
00002cdd  HardwareConfig                
00002d31  main                          
00002ea5  __aeabi_dsub                  
00002eaf  __aeabi_dadd                  
0000305b  __aeabi_idiv0                 
0000305b  __aeabi_ldiv0                 
0000305d  swap                          
00003085  SelectSort                    
000030ff  LimitingFilter                
0000320d  __aeabi_ddiv                  
00003343  GPIOPadConfigSet              
00003475  SysCtlClockGet                
00003585  __aeabi_dmul                  
00003681  SysCtlClockSet                
00003775  Timer0_Config                 
000037a5  Timer0IntHandler              
000037bb  Timer1_Config                 
000037f1  Timer2_Config                 
00003827  Timer2IntHandler              
00003865  __aeabi_memcpy                
00003865  __aeabi_memcpy4               
00003865  __aeabi_memcpy8               
00003865  memcpy                        
00003901  __aeabi_cdcmpeq               
00003901  __aeabi_cdcmple               
00003987  __aeabi_cdrcmple              
00003a0d  __aeabi_memclr                
00003a0d  __aeabi_memclr4               
00003a0d  __aeabi_memclr8               
00003a0f  __aeabi_memset                
00003a0f  __aeabi_memset4               
00003a0f  __aeabi_memset8               
00003a15  memset                        
00003a87  __aeabi_d2f                   
00003af5  IntDisable                    
00003b5d  IntEnable                     
00003bc5  __TI_decompress_lzss          
00003c2d  TimerConfigure                
00003c8d  GPIOIntTypeSet                
00003ce5  GPIOPinConfigure              
00003d2d  __aeabi_d2iz                  
00003d75  UARTConfigSetExpClk           
00003e01  __TI_auto_init_nobinit_nopinit
00003e45  Delay_ms                      
00003e63  Delay_us                      
00003e85  __aeabi_uidiv                 
00003e85  __aeabi_uidivmod              
00003ec5  SysCtlPeripheralPresent       
00003efd  SysCtlPeripheralReady         
00003f35  _c_int00_noargs               
00003f6d  __aeabi_f2d                   
00003fa5  IntRegister                   
00003fd9  SysCtlPeripheralEnable        
0000400d  __aeabi_i2d                   
0000403b  GPIODirModeSet                
00004065  PWMGenConfigure               
00004089  UARTDisable                   
000040a9  __aeabi_ui2d                  
000040c9  PWMPulseWidthSet              
000040e7  GPIOIntRegister               
000040ff  GPIOPinTypeGPIOOutput         
00004119  SysCtlPWMClockSet             
0000412d  UARTEnable                    
00004141  GPIOPinTypeGPIOInput          
00004153  GPIOPinTypePWM                
00004165  GPIOPinTypeUART               
00004177  PWMOutputState                
00004189  TimerLoadSet                  
0000419b  __TI_zero_init_nomemset       
000041ad  FPUEnable                     
000041bd  FPULazyStackingEnable         
000041cd  IntMasterEnable               
000041dd  PWMDeadBandEnable             
000041ed  PWMGenPeriodSet               
000041fd  GPIOIntDisable                
0000420b  GPIOIntStatus                 
00004219  TimerEnable                   
00004227  UARTCharGetNonBlocking        
00004235  UARTCharPutNonBlocking        
00004243  UARTCharsAvail                
00004251  __TI_decompress_none          
0000425f  CPUcpsie                      
0000426b  GPIOIntEnable                 
00004277  PWMGenDisable                 
00004283  PWMGenEnable                  
0000428f  ResetISR                      
0000429b  TimerIntDisable               
000042a5  TimerIntStatus                
000042af  TimerValueGet                 
000042b9  UARTCharGet                   
000042c3  UARTCharPut                   
000042cd  UARTFIFOEnable                
000042d7  UARTIntStatus                 
000042e1  TimerIntEnable                
000042e9  UARTIntEnable                 
000042f1  GPIOIntClear                  
000042f7  GPIOPinRead                   
000042fd  GPIOPinWrite                  
00004303  SysCtlDelay                   
00004309  UARTFIFOLevelSet              
0000430f  TimerIntClear                 
00004313  UARTIntClear                  
00004317  _system_pre_init              
0000431b  C$$EXIT                       
0000431b  abort                         
00004320  F8X16                         
00004910  F6x8                          
00004fb8  __TI_Handler_Table_Base       
00004fc4  __TI_Handler_Table_Limit      
00004fd8  __TI_CINIT_Base               
00004ff0  __TI_CINIT_Limit              
20000000  g_pfnRAMVectors               
20000270  Hzk                           
20000418  Goal_Distance                 
2000041c  Real_Distance                 
20000420  Last_Real_Distance            
20000424  Error_Distance                
20000426  err_roll                      
20000428  err_pitch                     
2000042a  Control_Open                  
2000042b  Control_Serial                
20000440  Coordinate_Open_Flag          
20000441  start_PID_X                   
20000442  start_PID_Y                   
20000443  start_PID_H                   
20000444  err_x                         
20000448  err_y                         
2000044c  err_h                         
2000044e  get_x                         
20000450  get_y                         
20000452  PwmChannel_1                  
20000454  PwmChannel_2                  
20000456  PwmChannel_3                  
20000458  PwmChannel_4                  
2000045a  PwmChannel_5                  
2000045c  ReciveData_i_UART0            
2000045d  ReciveData_i_UART1            
2000045e  ReciveData_i_UART3            
20000460  fPeriod                       
20000468  DataIsReady                   
20000474  calculate_Flag                
20000475  newAttiFlag                   
20000476  newHeightFlag                 
2000047c  KeyPress4                     
20000480  KEY_L                         
20000481  KEY_R                         
20000490  __stack                       
20000690  Source_attitude_payload       
20000690  __STACK_END                   
20000690  __STACK_TOP                   
200006c0  PID_Data_H                    
200006dc  PID_Data_X                    
200006f8  PID_Data_Y                    
20000714  PID_H                         
20000730  PID_X                         
2000074c  PID_Y                         
20000779  ReciveData_UART0              
20000789  ReciveData_UART1              
20000799  ReciveData_UART3              
200007a9  rx_buffer                     
200007aa  RealAttitude_pitch            
200007ac  Source_Rangefinder_payload    
200007b4  Distance_Laser                
200007b8  ReadPin0                      
200007bc  ReadPin4                      
200007c0  int_distance                  
200007c4  RealAttitude_roll             
200007c6  RealAttitude_yaw              
200007c8  Real_XCoordinate              
200007ca  Real_YCoordinate              
200007cc  int_pitch                     
200007ce  int_roll                      
200007d0  int_yaw                       
ffffffff  __TI_pprof_out_hndl           
ffffffff  __TI_prof_data_size           
ffffffff  __TI_prof_data_start          
ffffffff  __binit__                     
ffffffff  __c_args__                    
ffffffff  binit                         
UNDEFED   __mpu_init                    
UNDEFED   _system_post_cinit            

[257 symbols]
