******************************************************************************
                  TI ARM Linker PC v18.1.2                     
******************************************************************************
>> Linked Tue Jul 10 15:41:29 2018

OUTPUT FILE NAME:   <Four_axes_2018.out>
ENTRY POINT SYMBOL: "_c_int00_noargs"  address: 000024a1


MEMORY CONFIGURATION

         name            origin    length      used     unused   attr    fill
----------------------  --------  ---------  --------  --------  ----  --------
  FLASH                 00000000   00040000  000035a0  0003ca60  R  X
  SRAM                  20000000   00008000  00000a38  000075c8  RW X


SEGMENT ALLOCATION MAP

run origin  load origin   length   init length attrs members
----------  ----------- ---------- ----------- ----- -------
00000000    00000000    000035a8   000035a8    r-x
  00000000    00000000    0000026c   0000026c    r-- .intvecs
  0000026c    0000026c    000025b8   000025b8    r-x .text
  00002828    00002828    00000b74   00000b74    r-- .const
  000033a0    000033a0    00000208   00000208    r-- .cinit
20000000    20000000    00000a40   00000000    rw-
  20000000    20000000    0000026c   00000000    rw- .vtable
  20000270    20000270    000005ac   00000000    rw- .data
  20000820    20000820    00000200   00000000    rw- .stack
  20000a20    20000a20    00000020   00000000    rw- .bss


SECTION ALLOCATION MAP

 output                                  attributes/
section   page    origin      length       input sections
--------  ----  ----------  ----------   ----------------
.intvecs   0    00000000    0000026c     
                  00000000    0000026c     tm4c123gh6pm_startup_ccs.obj (.intvecs)

.text      0    0000026c    000025b8     
                  0000026c    0000082c     OLED.obj (.text)
                  00000a98    0000049c     uartstdio.obj (.text)
                  00000f34    00000324     sonar.obj (.text)
                  00001258    00000240     uart_echo.obj (.text)
                  00001498    000001dc     pwm.obj (.text)
                  00001674    000001b6     rtsv7M4_T_le_v4SPD16_eabi.lib : fd_add_t2.asm.obj (.text)
                  0000182a    00000002                                   : div0.asm.obj (.text)
                  0000182c    00000158                                   : e_sqrt.c.obj (.text:sqrt)
                  00001984    00000136                                   : fd_div_t2.asm.obj (.text)
                  00001aba    00000132     driverlib.lib : gpio.obj (.text:GPIOPadConfigSet)
                  00001bec    00000110                   : sysctl.obj (.text:SysCtlClockGet)
                  00001cfc    000000fc     rtsv7M4_T_le_v4SPD16_eabi.lib : fd_mul_t2.asm.obj (.text)
                  00001df8    000000f4     Control.obj (.text)
                  00001eec    000000f4     driverlib.lib : sysctl.obj (.text:SysCtlClockSet)
                  00001fe0    0000009c     rtsv7M4_T_le_v4SPD16_eabi.lib : memcpy_t2.asm.obj (.text)
                  0000207c    00000086                                   : fd_cmp_t2.asm.obj (.text:__aeabi_cdrcmple)
                  00002102    00000002     --HOLE-- [fill = 0]
                  00002104    0000006c     main.obj (.text)
                  00002170    00000068     driverlib.lib : interrupt.obj (.text:IntEnable)
                  000021d8    00000068     rtsv7M4_T_le_v4SPD16_eabi.lib : copy_decompress_lzss.c.obj (.text:decompress:lzss:__TI_decompress_lzss)
                  00002240    00000056     driverlib.lib : gpio.obj (.text:GPIOIntTypeSet)
                  00002296    00000002     --HOLE-- [fill = 0]
                  00002298    00000048                   : gpio.obj (.text:GPIOPinConfigure)
                  000022e0    00000046                   : uart.obj (.text:UARTConfigSetExpClk)
                  00002326    00000002     --HOLE-- [fill = 0]
                  00002328    00000044                   : gpio.obj (.text:_GPIOIntNumberGet)
                  0000236c    00000044     rtsv7M4_T_le_v4SPD16_eabi.lib : autoinit.c.obj (.text:__TI_auto_init_nobinit_nopinit:__TI_auto_init_nobinit_nopinit)
                  000023b0    00000040     delay.obj (.text)
                  000023f0    00000040     rtsv7M4_T_le_v4SPD16_eabi.lib : u_divt2.asm.obj (.text)
                  00002430    00000038     driverlib.lib : sysctl.obj (.text:SysCtlPeripheralPresent)
                  00002468    00000038                   : sysctl.obj (.text:SysCtlPeripheralReady)
                  000024a0    00000038     rtsv7M4_T_le_v4SPD16_eabi.lib : boot_cortex_m.c.obj (.text:_c_int00_noargs:_c_int00_noargs)
                  000024d8    00000034     driverlib.lib : interrupt.obj (.text:IntRegister)
                  0000250c    00000034                   : sysctl.obj (.text:SysCtlPeripheralEnable)
                  00002540    0000002e     rtsv7M4_T_le_v4SPD16_eabi.lib : i_tofd_t2.asm.obj (.text)
                  0000256e    0000002a     driverlib.lib : gpio.obj (.text:GPIODirModeSet)
                  00002598    00000028     Timer.obj (.text)
                  000025c0    00000022     driverlib.lib : pwm.obj (.text:PWMGenConfigure)
                  000025e2    00000002     --HOLE-- [fill = 0]
                  000025e4    00000020                   : uart.obj (.text:UARTDisable)
                  00002604    00000020     rtsv7M4_T_le_v4SPD16_eabi.lib : u_tofd_t2.asm.obj (.text)
                  00002624    0000001e     driverlib.lib : pwm.obj (.text:PWMPulseWidthSet)
                  00002642    00000018                   : gpio.obj (.text:GPIOIntRegister)
                  0000265a    00000018                   : gpio.obj (.text:GPIOPinTypeGPIOOutput)
                  00002672    00000002     --HOLE-- [fill = 0]
                  00002674    00000014                   : sysctl.obj (.text:SysCtlPWMClockSet)
                  00002688    00000014                   : uart.obj (.text:UARTEnable)
                  0000269c    00000012                   : gpio.obj (.text:GPIOPinTypeGPIOInput)
                  000026ae    00000012                   : gpio.obj (.text:GPIOPinTypePWM)
                  000026c0    00000012                   : gpio.obj (.text:GPIOPinTypeUART)
                  000026d2    00000012                   : pwm.obj (.text:PWMOutputState)
                  000026e4    00000012     rtsv7M4_T_le_v4SPD16_eabi.lib : copy_zero_init.c.obj (.text:decompress:ZI:__TI_zero_init_nomemset:__TI_zero_init_nomemset)
                  000026f6    00000010     driverlib.lib : interrupt.obj (.text:IntMasterDisable)
                  00002706    00000010                   : interrupt.obj (.text:IntMasterEnable)
                  00002716    00000010                   : pwm.obj (.text:PWMDeadBandEnable)
                  00002726    00000010                   : pwm.obj (.text:PWMGenPeriodSet)
                  00002736    0000000e                   : gpio.obj (.text:GPIOIntStatus)
                  00002744    0000000e                   : uart.obj (.text:UARTCharGetNonBlocking)
                  00002752    0000000e                   : uart.obj (.text:UARTCharPutNonBlocking)
                  00002760    0000000e                   : uart.obj (.text:UARTCharsAvail)
                  0000276e    0000000e     rtsv7M4_T_le_v4SPD16_eabi.lib : copy_decompress_none.c.obj (.text:decompress:none:__TI_decompress_none)
                  0000277c    0000000c     driverlib.lib : cpu.obj (.text:CPUcpsid)
                  00002788    0000000c                   : cpu.obj (.text:CPUcpsie)
                  00002794    0000000c                   : gpio.obj (.text:GPIOIntEnable)
                  000027a0    0000000c                   : pwm.obj (.text:PWMGenDisable)
                  000027ac    0000000c                   : pwm.obj (.text:PWMGenEnable)
                  000027b8    0000000c     tm4c123gh6pm_startup_ccs.obj (.text)
                  000027c4    0000000a     driverlib.lib : timer.obj (.text:TimerValueGet)
                  000027ce    0000000a                   : uart.obj (.text:UARTCharGet)
                  000027d8    0000000a                   : uart.obj (.text:UARTCharPut)
                  000027e2    0000000a                   : uart.obj (.text:UARTIntStatus)
                  000027ec    00000008                   : uart.obj (.text:UARTIntEnable)
                  000027f4    00000008     rtsv7M4_T_le_v4SPD16_eabi.lib : errno.c.obj (.text:__aeabi_errno_addr)
                  000027fc    00000006     driverlib.lib : gpio.obj (.text:GPIOIntClear)
                  00002802    00000006                   : gpio.obj (.text:GPIOPinWrite)
                  00002808    00000006                   : sysctl.obj (.text:SysCtlDelay)
                  0000280e    00000006                   : uart.obj (.text:UARTClockSourceSet)
                  00002814    00000004                   : timer.obj (.text:TimerIntClear)
                  00002818    00000004                   : uart.obj (.text:UARTIntClear)
                  0000281c    00000004     rtsv7M4_T_le_v4SPD16_eabi.lib : pre_init.c.obj (.text:_system_pre_init)
                  00002820    00000004                                   : exit.c.obj (.text:abort:abort)

.const     0    00002828    00000b74     
                  00002828    000005f0     OLED.obj (.const:.string:F8X16)
                  00002e18    00000228     OLED.obj (.const:F6x8)
                  00003040    000000d8     driverlib.lib : gpio.obj (.const:g_ppui32GPIOIntMapSnowflake)
                  00003118    000000c0                   : gpio.obj (.const:g_ppui32GPIOIntMapBlizzard)
                  000031d8    00000090                   : gpio.obj (.const:g_pui32GPIOBaseAddrs)
                  00003268    00000070                   : interrupt.obj (.const)
                  000032d8    0000006c                   : sysctl.obj (.const:g_pui32Xtals)
                  00003344    00000004     uartstdio.obj (.const)
                  00003348    00000028     sonar.obj (.const:$P$T0$3)
                  00003370    00000012     uartstdio.obj (.const:.string)
                  00003382    00000002     --HOLE-- [fill = 0]
                  00003384    0000000c     uartstdio.obj (.const:g_ui32UARTBase)
                  00003390    0000000c     uartstdio.obj (.const:g_ui32UARTPeriph)

.cinit     0    000033a0    00000208     
                  000033a0    000001cd     (.cinit..data.load) [load image, compression = lzss]
                  0000356d    00000003     --HOLE-- [fill = 0]
                  00003570    0000000c     (__TI_handler_table)
                  0000357c    00000004     --HOLE-- [fill = 0]
                  00003580    00000008     (.cinit..bss.load) [load image, compression = zero_init]
                  00003588    00000008     (.cinit..vtable.load) [load image, compression = zero_init]
                  00003590    00000018     (__TI_cinit_table)

.init_array 
*          0    00000000    00000000     UNINITIALIZED

.vtable    0    20000000    0000026c     UNINITIALIZED
                  20000000    0000026c     driverlib.lib : interrupt.obj (.vtable)

.data      0    20000270    000005ac     UNINITIALIZED
                  20000270    00000400     main.obj (.data:BMP3)
                  20000670    00000180     OLED.obj (.data:Hzk)
                  200007f0    0000000b     sonar.obj (.data)
                  200007fb    00000001     --HOLE--
                  200007fc    0000000a     pwm.obj (.data)
                  20000806    00000002     uart_echo.obj (.data)
                  20000808    00000008     sonar.obj (.data:ui32Time$1)
                  20000810    00000005     uartstdio.obj (.data)
                  20000815    00000003     --HOLE--
                  20000818    00000004     rtsv7M4_T_le_v4SPD16_eabi.lib : errno.c.obj (.data)

.bss       0    20000a20    00000020     UNINITIALIZED
                  20000a20    00000010     (.common:ReciveData_UART0)
                  20000a30    00000010     (.common:ReciveData_UART1)

.stack     0    20000820    00000200     UNINITIALIZED
                  20000820    00000004     rtsv7M4_T_le_v4SPD16_eabi.lib : boot_cortex_m.c.obj (.stack)
                  20000824    000001fc     --HOLE--

MODULE SUMMARY

       Module                         code   ro data   rw data
       ------                         ----   -------   -------
    .\
       main.obj                       108    0         1024   
       tm4c123gh6pm_startup_ccs.obj   12     620       0      
    +--+------------------------------+------+---------+---------+
       Total:                         120    620       1024   
                                                              
    .\9.6'OLED\
       OLED.obj                       2092   2072      384    
    +--+------------------------------+------+---------+---------+
       Total:                         2092   2072      384    
                                                              
    .\Control\
       Control.obj                    244    0         0      
    +--+------------------------------+------+---------+---------+
       Total:                         244    0         0      
                                                              
    .\Pwm\
       pwm.obj                        476    0         10     
    +--+------------------------------+------+---------+---------+
       Total:                         476    0         10     
                                                              
    .\Timer\
       Timer.obj                      40     0         0      
    +--+------------------------------+------+---------+---------+
       Total:                         40     0         0      
                                                              
    .\delay\
       delay.obj                      64     0         0      
    +--+------------------------------+------+---------+---------+
       Total:                         64     0         0      
                                                              
    .\sonar\
       sonar.obj                      804    40        19     
    +--+------------------------------+------+---------+---------+
       Total:                         804    40        19     
                                                              
    .\uart\
       uartstdio.obj                  1180   46        5      
       uart_echo.obj                  576    0         34     
    +--+------------------------------+------+---------+---------+
       Total:                         1756   46        39     
                                                              
    D:/ti/TivaWare_C_Series-2.1.4.178/driverlib/ccs/Debug/driverlib.lib
       gpio.obj                       714    552       0      
       interrupt.obj                  188    112       620    
       sysctl.obj                     706    108       0      
       uart.obj                       212    0         0      
       pwm.obj                        138    0         0      
       cpu.obj                        24     0         0      
       timer.obj                      14     0         0      
    +--+------------------------------+------+---------+---------+
       Total:                         1996   772       620    
                                                              
    D:\Project_Program\Ccs\ccsv8\tools\compiler\ti-cgt-arm_18.1.2.LTS\lib\rtsv7M4_T_le_v4SPD16_eabi.lib
       fd_add_t2.asm.obj              438    0         0      
       e_sqrt.c.obj                   344    0         0      
       fd_div_t2.asm.obj              310    0         0      
       fd_mul_t2.asm.obj              252    0         0      
       memcpy_t2.asm.obj              156    0         0      
       fd_cmp_t2.asm.obj              134    0         0      
       copy_decompress_lzss.c.obj     104    0         0      
       autoinit.c.obj                 68     0         0      
       u_divt2.asm.obj                64     0         0      
       boot_cortex_m.c.obj            56     0         0      
       i_tofd_t2.asm.obj              46     0         0      
       u_tofd_t2.asm.obj              32     0         0      
       copy_zero_init.c.obj           18     0         0      
       copy_decompress_none.c.obj     14     0         0      
       errno.c.obj                    8      0         4      
       exit.c.obj                     4      0         0      
       pre_init.c.obj                 4      0         0      
       div0.asm.obj                   2      0         0      
    +--+------------------------------+------+---------+---------+
       Total:                         2054   0         4      
                                                              
       Stack:                         0      0         512    
       Linker Generated:              0      513       0      
    +--+------------------------------+------+---------+---------+
       Grand Total:                   9646   4063      2612   


LINKER GENERATED COPY TABLES

__TI_cinit_table @ 00003590 records: 3, size/record: 8, table size: 24
	.data: load addr=000033a0, load size=000001cd bytes, run addr=20000270, run size=000005ac bytes, compression=lzss
	.bss: load addr=00003580, load size=00000008 bytes, run addr=20000a20, run size=00000020 bytes, compression=zero_init
	.vtable: load addr=00003588, load size=00000008 bytes, run addr=20000000, run size=0000026c bytes, compression=zero_init


LINKER GENERATED HANDLER TABLE

__TI_handler_table @ 00003570 records: 3, size/record: 4, table size: 12
	index: 0, handler: __TI_zero_init
	index: 1, handler: __TI_decompress_lzss
	index: 2, handler: __TI_decompress_none


GLOBAL SYMBOLS: SORTED ALPHABETICALLY BY Name 

address   name                          
-------   ----                          
20000270  BMP3                          
00001499  BeepPwmInit                   
00002821  C$$EXIT                       
0000277d  CPUcpsid                      
00002789  CPUcpsie                      
200007f9  DataIsReady                   
000023b1  Delay_ms                      
000023cf  Delay_us                      
00002e18  F6x8                          
00002828  F8X16                         
0000256f  GPIODirModeSet                
000027fd  GPIOIntClear                  
00002795  GPIOIntEnable                 
00002643  GPIOIntRegister               
00002737  GPIOIntStatus                 
00002241  GPIOIntTypeSet                
00001abb  GPIOPadConfigSet              
00002299  GPIOPinConfigure              
0000269d  GPIOPinTypeGPIOInput          
0000265b  GPIOPinTypeGPIOOutput         
000026af  GPIOPinTypePWM                
000026c1  GPIOPinTypeUART               
00002803  GPIOPinWrite                  
0000026d  GPIO_Init                     
00001013  GetAverageDistance            
00002105  HardwareConfig                
20000670  Hzk                           
0000028f  IIC_Start                     
000002bf  IIC_Stop                      
000002e5  IIC_Wait_Ack                  
00002171  IntEnable                     
000026f7  IntMasterDisable              
00002707  IntMasterEnable               
000024d9  IntRegister                   
00000f81  Int_Handler_GPIOA             
00001ea9  LandMode                      
00001e79  LockPixhawk                   
000004e9  OLED_Clear                    
000004cd  OLED_Display_Off              
000004b1  OLED_Display_On               
00000905  OLED_DrawBMP                  
000009b5  OLED_Init                     
00000551  OLED_On                       
00000477  OLED_Set_Pos                  
00000849  OLED_ShowCHinese              
000005c5  OLED_ShowChar                 
00000711  OLED_ShowNum                  
000007df  OLED_ShowString               
000003eb  OLED_WR_Byte                  
00002717  PWMDeadBandEnable             
000025c1  PWMGenConfigure               
000027a1  PWMGenDisable                 
000027ad  PWMGenEnable                  
00002727  PWMGenPeriodSet               
000026d3  PWMOutputState                
00002625  PWMPulseWidthSet              
200007fc  PwmChannel_1                  
200007fe  PwmChannel_2                  
20000800  PwmChannel_3                  
20000802  PwmChannel_4                  
20000804  PwmChannel_5                  
00001519  PwmConfig                     
20000a20  ReciveData_UART0              
20000a30  ReciveData_UART1              
20000806  ReciveData_i_UART0            
20000807  ReciveData_i_UART1            
000027b9  ResetISR                      
00001135  ShellSort                     
00000f5f  SonarTrig                     
00000f35  Sonar_Configure               
000010e1  Sonar_GPIOA_Configure         
000010ff  Sonar_GPIOA_Interrupt         
00001bed  SysCtlClockGet                
00001eed  SysCtlClockSet                
00002809  SysCtlDelay                   
00002675  SysCtlPWMClockSet             
0000250d  SysCtlPeripheralEnable        
00002431  SysCtlPeripheralPresent       
00002469  SysCtlPeripheralReady         
00002599  Timer0IntHandler              
000025ad  Timer1IntHandler              
00002815  TimerIntClear                 
000027c5  TimerValueGet                 
000012c5  UART0Send                     
00001343  UART1IntHandler               
000013b7  UART1Send                     
000027cf  UARTCharGet                   
00002745  UARTCharGetNonBlocking        
000027d9  UARTCharPut                   
00002753  UARTCharPutNonBlocking        
00002761  UARTCharsAvail                
0000280f  UARTClockSourceSet            
000022e1  UARTConfigSetExpClk           
000025e5  UARTDisable                   
00002689  UARTEnable                    
00002819  UARTIntClear                  
000027ed  UARTIntEnable                 
00001259  UARTIntHandler                
000027e3  UARTIntStatus                 
00000a99  UARTStdioConfig               
00000bdf  UARTgetc                      
00000b25  UARTgets                      
00000eff  UARTprintf                    
00000c05  UARTvprintf                   
00000adf  UARTwrite                     
000012ed  Uart0Iint                     
000013df  Uart1Iint                     
00001df9  UnlockPixhawk                 
000002fd  Write_IIC_Byte                
0000038b  Write_IIC_Command             
000003bb  Write_IIC_Data                
20000a20  __STACK_END                   
00000200  __STACK_SIZE                  
20000a20  __STACK_TOP                   
00003590  __TI_CINIT_Base               
000035a8  __TI_CINIT_Limit              
00003570  __TI_Handler_Table_Base       
0000357c  __TI_Handler_Table_Limit      
0000236d  __TI_auto_init_nobinit_nopinit
000021d9  __TI_decompress_lzss          
0000276f  __TI_decompress_none          
ffffffff  __TI_pprof_out_hndl           
ffffffff  __TI_prof_data_size           
ffffffff  __TI_prof_data_start          
00000000  __TI_static_base__            
000026e5  __TI_zero_init_nomemset       
0000207d  __aeabi_cdrcmple              
0000167f  __aeabi_dadd                  
00001985  __aeabi_ddiv                  
00001cfd  __aeabi_dmul                  
00001675  __aeabi_dsub                  
000027f5  __aeabi_errno_addr            
00002541  __aeabi_i2d                   
0000182b  __aeabi_idiv0                 
0000182b  __aeabi_ldiv0                 
00001fe1  __aeabi_memcpy                
00001fe1  __aeabi_memcpy4               
00001fe1  __aeabi_memcpy8               
00002605  __aeabi_ui2d                  
000023f1  __aeabi_uidiv                 
000023f1  __aeabi_uidivmod              
ffffffff  __binit__                     
ffffffff  __c_args__                    
UNDEFED   __mpu_init                    
20000820  __stack                       
000024a1  _c_int00_noargs               
UNDEFED   _system_post_cinit            
0000281d  _system_pre_init              
00002821  abort                         
ffffffff  binit                         
20000818  errno                         
200007f0  fPeriod                       
00000409  fill_picture                  
20000000  g_pfnRAMVectors               
00000000  g_pfnVectors                  
0000213f  main                          
00001fe1  memcpy                        
000006e1  oled_pow                      
0000182d  sqrt                          
0000182d  sqrtl                         
200007f8  temperature                   


GLOBAL SYMBOLS: SORTED BY Symbol Address 

address   name                          
-------   ----                          
00000000  __TI_static_base__            
00000000  g_pfnVectors                  
00000200  __STACK_SIZE                  
0000026d  GPIO_Init                     
0000028f  IIC_Start                     
000002bf  IIC_Stop                      
000002e5  IIC_Wait_Ack                  
000002fd  Write_IIC_Byte                
0000038b  Write_IIC_Command             
000003bb  Write_IIC_Data                
000003eb  OLED_WR_Byte                  
00000409  fill_picture                  
00000477  OLED_Set_Pos                  
000004b1  OLED_Display_On               
000004cd  OLED_Display_Off              
000004e9  OLED_Clear                    
00000551  OLED_On                       
000005c5  OLED_ShowChar                 
000006e1  oled_pow                      
00000711  OLED_ShowNum                  
000007df  OLED_ShowString               
00000849  OLED_ShowCHinese              
00000905  OLED_DrawBMP                  
000009b5  OLED_Init                     
00000a99  UARTStdioConfig               
00000adf  UARTwrite                     
00000b25  UARTgets                      
00000bdf  UARTgetc                      
00000c05  UARTvprintf                   
00000eff  UARTprintf                    
00000f35  Sonar_Configure               
00000f5f  SonarTrig                     
00000f81  Int_Handler_GPIOA             
00001013  GetAverageDistance            
000010e1  Sonar_GPIOA_Configure         
000010ff  Sonar_GPIOA_Interrupt         
00001135  ShellSort                     
00001259  UARTIntHandler                
000012c5  UART0Send                     
000012ed  Uart0Iint                     
00001343  UART1IntHandler               
000013b7  UART1Send                     
000013df  Uart1Iint                     
00001499  BeepPwmInit                   
00001519  PwmConfig                     
00001675  __aeabi_dsub                  
0000167f  __aeabi_dadd                  
0000182b  __aeabi_idiv0                 
0000182b  __aeabi_ldiv0                 
0000182d  sqrt                          
0000182d  sqrtl                         
00001985  __aeabi_ddiv                  
00001abb  GPIOPadConfigSet              
00001bed  SysCtlClockGet                
00001cfd  __aeabi_dmul                  
00001df9  UnlockPixhawk                 
00001e79  LockPixhawk                   
00001ea9  LandMode                      
00001eed  SysCtlClockSet                
00001fe1  __aeabi_memcpy                
00001fe1  __aeabi_memcpy4               
00001fe1  __aeabi_memcpy8               
00001fe1  memcpy                        
0000207d  __aeabi_cdrcmple              
00002105  HardwareConfig                
0000213f  main                          
00002171  IntEnable                     
000021d9  __TI_decompress_lzss          
00002241  GPIOIntTypeSet                
00002299  GPIOPinConfigure              
000022e1  UARTConfigSetExpClk           
0000236d  __TI_auto_init_nobinit_nopinit
000023b1  Delay_ms                      
000023cf  Delay_us                      
000023f1  __aeabi_uidiv                 
000023f1  __aeabi_uidivmod              
00002431  SysCtlPeripheralPresent       
00002469  SysCtlPeripheralReady         
000024a1  _c_int00_noargs               
000024d9  IntRegister                   
0000250d  SysCtlPeripheralEnable        
00002541  __aeabi_i2d                   
0000256f  GPIODirModeSet                
00002599  Timer0IntHandler              
000025ad  Timer1IntHandler              
000025c1  PWMGenConfigure               
000025e5  UARTDisable                   
00002605  __aeabi_ui2d                  
00002625  PWMPulseWidthSet              
00002643  GPIOIntRegister               
0000265b  GPIOPinTypeGPIOOutput         
00002675  SysCtlPWMClockSet             
00002689  UARTEnable                    
0000269d  GPIOPinTypeGPIOInput          
000026af  GPIOPinTypePWM                
000026c1  GPIOPinTypeUART               
000026d3  PWMOutputState                
000026e5  __TI_zero_init_nomemset       
000026f7  IntMasterDisable              
00002707  IntMasterEnable               
00002717  PWMDeadBandEnable             
00002727  PWMGenPeriodSet               
00002737  GPIOIntStatus                 
00002745  UARTCharGetNonBlocking        
00002753  UARTCharPutNonBlocking        
00002761  UARTCharsAvail                
0000276f  __TI_decompress_none          
0000277d  CPUcpsid                      
00002789  CPUcpsie                      
00002795  GPIOIntEnable                 
000027a1  PWMGenDisable                 
000027ad  PWMGenEnable                  
000027b9  ResetISR                      
000027c5  TimerValueGet                 
000027cf  UARTCharGet                   
000027d9  UARTCharPut                   
000027e3  UARTIntStatus                 
000027ed  UARTIntEnable                 
000027f5  __aeabi_errno_addr            
000027fd  GPIOIntClear                  
00002803  GPIOPinWrite                  
00002809  SysCtlDelay                   
0000280f  UARTClockSourceSet            
00002815  TimerIntClear                 
00002819  UARTIntClear                  
0000281d  _system_pre_init              
00002821  C$$EXIT                       
00002821  abort                         
00002828  F8X16                         
00002e18  F6x8                          
00003570  __TI_Handler_Table_Base       
0000357c  __TI_Handler_Table_Limit      
00003590  __TI_CINIT_Base               
000035a8  __TI_CINIT_Limit              
20000000  g_pfnRAMVectors               
20000270  BMP3                          
20000670  Hzk                           
200007f0  fPeriod                       
200007f8  temperature                   
200007f9  DataIsReady                   
200007fc  PwmChannel_1                  
200007fe  PwmChannel_2                  
20000800  PwmChannel_3                  
20000802  PwmChannel_4                  
20000804  PwmChannel_5                  
20000806  ReciveData_i_UART0            
20000807  ReciveData_i_UART1            
20000818  errno                         
20000820  __stack                       
20000a20  ReciveData_UART0              
20000a20  __STACK_END                   
20000a20  __STACK_TOP                   
20000a30  ReciveData_UART1              
ffffffff  __TI_pprof_out_hndl           
ffffffff  __TI_prof_data_size           
ffffffff  __TI_prof_data_start          
ffffffff  __binit__                     
ffffffff  __c_args__                    
ffffffff  binit                         
UNDEFED   __mpu_init                    
UNDEFED   _system_post_cinit            

[161 symbols]
