******************************************************************************
                  TI ARM Linker PC v18.1.2                     
******************************************************************************
>> Linked Mon Jul  9 14:40:45 2018

OUTPUT FILE NAME:   <Four_axes_2018.out>
ENTRY POINT SYMBOL: "_c_int00_noargs"  address: 000010c9


MEMORY CONFIGURATION

         name            origin    length      used     unused   attr    fill
----------------------  --------  ---------  --------  --------  ----  --------
  FLASH                 00000000   00040000  00001dc0  0003e240  R  X
  SRAM                  20000000   00008000  00000f80  00007080  RW X


SEGMENT ALLOCATION MAP

run origin  load origin   length   init length attrs members
----------  ----------- ---------- ----------- ----- -------
00000000    00000000    00001dc0   00001dc0    r-x
  00000000    00000000    0000026c   0000026c    r-- .intvecs
  0000026c    0000026c    00000f38   00000f38    r-x .text
  000011a4    000011a4    00000884   00000884    r-- .const
  00001a28    00001a28    00000398   00000398    r-- .cinit
20000000    20000000    00000f80   00000000    rw-
  20000000    20000000    00000d80   00000000    rw- .data
  20000d80    20000d80    00000200   00000000    rw- .stack


SECTION ALLOCATION MAP

 output                                  attributes/
section   page    origin      length       input sections
--------  ----  ----------  ----------   ----------------
.intvecs   0    00000000    0000026c     
                  00000000    0000026c     tm4c123gh6pm_startup_ccs.obj (.intvecs)

.text      0    0000026c    00000f38     
                  0000026c    0000082c     OLED.obj (.text)
                  00000a98    00000170     main.obj (.text)
                  00000c08    00000132     driverlib.lib : gpio.obj (.text:GPIOPadConfigSet)
                  00000d3a    00000002     --HOLE-- [fill = 0]
                  00000d3c    00000110                   : sysctl.obj (.text:SysCtlClockGet)
                  00000e4c    000000f4                   : sysctl.obj (.text:SysCtlClockSet)
                  00000f40    0000009c     rtsv7M4_T_le_v4SPD16_eabi.lib : memcpy_t2.asm.obj (.text)
                  00000fdc    00000068                                   : copy_decompress_lzss.c.obj (.text:decompress:lzss:__TI_decompress_lzss)
                  00001044    00000044                                   : autoinit.c.obj (.text:__TI_auto_init_nobinit_nopinit:__TI_auto_init_nobinit_nopinit)
                  00001088    00000040     delay.obj (.text)
                  000010c8    00000038     rtsv7M4_T_le_v4SPD16_eabi.lib : boot_cortex_m.c.obj (.text:_c_int00_noargs:_c_int00_noargs)
                  00001100    00000034     driverlib.lib : sysctl.obj (.text:SysCtlPeripheralEnable)
                  00001134    0000002a                   : gpio.obj (.text:GPIODirModeSet)
                  0000115e    00000018                   : gpio.obj (.text:GPIOPinTypeGPIOOutput)
                  00001176    0000000e     rtsv7M4_T_le_v4SPD16_eabi.lib : copy_decompress_none.c.obj (.text:decompress:none:__TI_decompress_none)
                  00001184    0000000c     tm4c123gh6pm_startup_ccs.obj (.text)
                  00001190    00000006     driverlib.lib : gpio.obj (.text:GPIOPinWrite)
                  00001196    00000006                   : sysctl.obj (.text:SysCtlDelay)
                  0000119c    00000004     rtsv7M4_T_le_v4SPD16_eabi.lib : pre_init.c.obj (.text:_system_pre_init)
                  000011a0    00000004                                   : exit.c.obj (.text:abort:abort)

.const     0    000011a4    00000884     
                  000011a4    000005f0     OLED.obj (.const:.string:F8X16)
                  00001794    00000228     OLED.obj (.const:F6x8)
                  000019bc    0000006c     driverlib.lib : sysctl.obj (.const:g_pui32Xtals)

.cinit     0    00001a28    00000398     
                  00001a28    00000385     (.cinit..data.load) [load image, compression = lzss]
                  00001dad    00000003     --HOLE-- [fill = 0]
                  00001db0    00000008     (__TI_handler_table)
                  00001db8    00000008     (__TI_cinit_table)

.init_array 
*          0    00000000    00000000     UNINITIALIZED

.data      0    20000000    00000d80     UNINITIALIZED
                  20000000    00000400     main.obj (.data:BMP1)
                  20000400    00000400     main.obj (.data:BMP2)
                  20000800    00000400     main.obj (.data:BMP3)
                  20000c00    00000180     OLED.obj (.data:Hzk)

.stack     0    20000d80    00000200     UNINITIALIZED
                  20000d80    00000004     rtsv7M4_T_le_v4SPD16_eabi.lib : boot_cortex_m.c.obj (.stack)
                  20000d84    000001fc     --HOLE--

MODULE SUMMARY

       Module                         code   ro data   rw data
       ------                         ----   -------   -------
    .\
       main.obj                       368    0         3072   
       tm4c123gh6pm_startup_ccs.obj   12     620       0      
    +--+------------------------------+------+---------+---------+
       Total:                         380    620       3072   
                                                              
    .\9.6'OLED\
       OLED.obj                       2092   2072      384    
    +--+------------------------------+------+---------+---------+
       Total:                         2092   2072      384    
                                                              
    .\delay\
       delay.obj                      64     0         0      
    +--+------------------------------+------+---------+---------+
       Total:                         64     0         0      
                                                              
    D:/ti/TivaWare_C_Series-2.1.4.178/driverlib/ccs/Debug/driverlib.lib
       sysctl.obj                     574    108       0      
       gpio.obj                       378    0         0      
    +--+------------------------------+------+---------+---------+
       Total:                         952    108       0      
                                                              
    D:\Project_Program\Ccs\ccsv8\tools\compiler\ti-cgt-arm_18.1.2.LTS\lib\rtsv7M4_T_le_v4SPD16_eabi.lib
       memcpy_t2.asm.obj              156    0         0      
       copy_decompress_lzss.c.obj     104    0         0      
       autoinit.c.obj                 68     0         0      
       boot_cortex_m.c.obj            56     0         0      
       copy_decompress_none.c.obj     14     0         0      
       exit.c.obj                     4      0         0      
       pre_init.c.obj                 4      0         0      
    +--+------------------------------+------+---------+---------+
       Total:                         406    0         0      
                                                              
       Stack:                         0      0         512    
       Linker Generated:              0      917       0      
    +--+------------------------------+------+---------+---------+
       Grand Total:                   3894   3717      3968   


LINKER GENERATED COPY TABLES

__TI_cinit_table @ 00001db8 records: 1, size/record: 8, table size: 8
	.data: load addr=00001a28, load size=00000385 bytes, run addr=20000000, run size=00000d80 bytes, compression=lzss


LINKER GENERATED HANDLER TABLE

__TI_handler_table @ 00001db0 records: 2, size/record: 4, table size: 8
	index: 0, handler: __TI_decompress_lzss
	index: 1, handler: __TI_decompress_none


GLOBAL SYMBOLS: SORTED ALPHABETICALLY BY Name 

address   name                          
-------   ----                          
20000000  BMP1                          
20000400  BMP2                          
20000800  BMP3                          
000011a1  C$$EXIT                       
00001089  Delay_ms                      
000010a7  Delay_us                      
00001794  F6x8                          
000011a4  F8X16                         
00001135  GPIODirModeSet                
00000c09  GPIOPadConfigSet              
0000115f  GPIOPinTypeGPIOOutput         
00001191  GPIOPinWrite                  
0000026d  GPIO_Init                     
20000c00  Hzk                           
0000028f  IIC_Start                     
000002bf  IIC_Stop                      
000002e5  IIC_Wait_Ack                  
000004e9  OLED_Clear                    
000004cd  OLED_Display_Off              
000004b1  OLED_Display_On               
00000905  OLED_DrawBMP                  
000009b5  OLED_Init                     
00000551  OLED_On                       
00000477  OLED_Set_Pos                  
00000849  OLED_ShowCHinese              
000005c5  OLED_ShowChar                 
00000711  OLED_ShowNum                  
000007df  OLED_ShowString               
000003eb  OLED_WR_Byte                  
00001185  ResetISR                      
00000d3d  SysCtlClockGet                
00000e4d  SysCtlClockSet                
00001197  SysCtlDelay                   
00001101  SysCtlPeripheralEnable        
000002fd  Write_IIC_Byte                
0000038b  Write_IIC_Command             
000003bb  Write_IIC_Data                
20000f80  __STACK_END                   
00000200  __STACK_SIZE                  
20000f80  __STACK_TOP                   
00001db8  __TI_CINIT_Base               
00001dc0  __TI_CINIT_Limit              
00001db0  __TI_Handler_Table_Base       
00001db8  __TI_Handler_Table_Limit      
00001045  __TI_auto_init_nobinit_nopinit
00000fdd  __TI_decompress_lzss          
00001177  __TI_decompress_none          
ffffffff  __TI_pprof_out_hndl           
ffffffff  __TI_prof_data_size           
ffffffff  __TI_prof_data_start          
00000000  __TI_static_base__            
00000f41  __aeabi_memcpy                
00000f41  __aeabi_memcpy4               
00000f41  __aeabi_memcpy8               
ffffffff  __binit__                     
ffffffff  __c_args__                    
UNDEFED   __mpu_init                    
20000d80  __stack                       
000010c9  _c_int00_noargs               
UNDEFED   _system_post_cinit            
0000119d  _system_pre_init              
000011a1  abort                         
ffffffff  binit                         
00000409  fill_picture                  
00000000  g_pfnVectors                  
00000a99  main                          
00000f41  memcpy                        
000006e1  oled_pow                      


GLOBAL SYMBOLS: SORTED BY Symbol Address 

address   name                          
-------   ----                          
00000000  __TI_static_base__            
00000000  g_pfnVectors                  
00000200  __STACK_SIZE                  
0000026d  GPIO_Init                     
0000028f  IIC_Start                     
000002bf  IIC_Stop                      
000002e5  IIC_Wait_Ack                  
000002fd  Write_IIC_Byte                
0000038b  Write_IIC_Command             
000003bb  Write_IIC_Data                
000003eb  OLED_WR_Byte                  
00000409  fill_picture                  
00000477  OLED_Set_Pos                  
000004b1  OLED_Display_On               
000004cd  OLED_Display_Off              
000004e9  OLED_Clear                    
00000551  OLED_On                       
000005c5  OLED_ShowChar                 
000006e1  oled_pow                      
00000711  OLED_ShowNum                  
000007df  OLED_ShowString               
00000849  OLED_ShowCHinese              
00000905  OLED_DrawBMP                  
000009b5  OLED_Init                     
00000a99  main                          
00000c09  GPIOPadConfigSet              
00000d3d  SysCtlClockGet                
00000e4d  SysCtlClockSet                
00000f41  __aeabi_memcpy                
00000f41  __aeabi_memcpy4               
00000f41  __aeabi_memcpy8               
00000f41  memcpy                        
00000fdd  __TI_decompress_lzss          
00001045  __TI_auto_init_nobinit_nopinit
00001089  Delay_ms                      
000010a7  Delay_us                      
000010c9  _c_int00_noargs               
00001101  SysCtlPeripheralEnable        
00001135  GPIODirModeSet                
0000115f  GPIOPinTypeGPIOOutput         
00001177  __TI_decompress_none          
00001185  ResetISR                      
00001191  GPIOPinWrite                  
00001197  SysCtlDelay                   
0000119d  _system_pre_init              
000011a1  C$$EXIT                       
000011a1  abort                         
000011a4  F8X16                         
00001794  F6x8                          
00001db0  __TI_Handler_Table_Base       
00001db8  __TI_CINIT_Base               
00001db8  __TI_Handler_Table_Limit      
00001dc0  __TI_CINIT_Limit              
20000000  BMP1                          
20000400  BMP2                          
20000800  BMP3                          
20000c00  Hzk                           
20000d80  __stack                       
20000f80  __STACK_END                   
20000f80  __STACK_TOP                   
ffffffff  __TI_pprof_out_hndl           
ffffffff  __TI_prof_data_size           
ffffffff  __TI_prof_data_start          
ffffffff  __binit__                     
ffffffff  __c_args__                    
ffffffff  binit                         
UNDEFED   __mpu_init                    
UNDEFED   _system_post_cinit            

[68 symbols]
