<?xml version="1.0" encoding="ISO-8859-1" ?>
<link_info>
   <banner>TI ARM Linker PC v18.1.2.LTS</banner>
   <copyright>Copyright (c) 1996-2017 Texas Instruments Incorporated</copyright>
   <link_time>0x5b4b8e0b</link_time>
   <link_errors>0x0</link_errors>
   <output_file>Four_axes_2018.out</output_file>
   <entry_point>
      <name>_c_int00_noargs</name>
      <address>0x3f9d</address>
   </entry_point>
   <input_file_list>
      <input_file id="fl-2">
         <path>.\</path>
         <kind>object</kind>
         <file>main.obj</file>
         <name>main.obj</name>
      </input_file>
      <input_file id="fl-3">
         <path>.\</path>
         <kind>object</kind>
         <file>tm4c123gh6pm_startup_ccs.obj</file>
         <name>tm4c123gh6pm_startup_ccs.obj</name>
      </input_file>
      <input_file id="fl-4">
         <path>.\0.96&apos;OLED\</path>
         <kind>object</kind>
         <file>OLED.obj</file>
         <name>OLED.obj</name>
      </input_file>
      <input_file id="fl-5">
         <path>.\Beep\</path>
         <kind>object</kind>
         <file>Beep.obj</file>
         <name>Beep.obj</name>
      </input_file>
      <input_file id="fl-6">
         <path>.\Control\</path>
         <kind>object</kind>
         <file>Control.obj</file>
         <name>Control.obj</name>
      </input_file>
      <input_file id="fl-7">
         <path>.\Filter\</path>
         <kind>object</kind>
         <file>filter.obj</file>
         <name>filter.obj</name>
      </input_file>
      <input_file id="fl-8">
         <path>.\MavLink_Receive\</path>
         <kind>object</kind>
         <file>Mavlink_test.obj</file>
         <name>Mavlink_test.obj</name>
      </input_file>
      <input_file id="fl-9">
         <path>.\Pid\</path>
         <kind>object</kind>
         <file>pid.obj</file>
         <name>pid.obj</name>
      </input_file>
      <input_file id="fl-a">
         <path>.\Pwm\</path>
         <kind>object</kind>
         <file>pwm.obj</file>
         <name>pwm.obj</name>
      </input_file>
      <input_file id="fl-b">
         <path>.\Timer\</path>
         <kind>object</kind>
         <file>Timer.obj</file>
         <name>Timer.obj</name>
      </input_file>
      <input_file id="fl-c">
         <path>.\colorful_LED\</path>
         <kind>object</kind>
         <file>colorful_LED.obj</file>
         <name>colorful_LED.obj</name>
      </input_file>
      <input_file id="fl-d">
         <path>.\delay\</path>
         <kind>object</kind>
         <file>delay.obj</file>
         <name>delay.obj</name>
      </input_file>
      <input_file id="fl-e">
         <path>.\key\</path>
         <kind>object</kind>
         <file>key.obj</file>
         <name>key.obj</name>
      </input_file>
      <input_file id="fl-f">
         <path>.\sonar\</path>
         <kind>object</kind>
         <file>sonar.obj</file>
         <name>sonar.obj</name>
      </input_file>
      <input_file id="fl-10">
         <path>.\uart\</path>
         <kind>object</kind>
         <file>uart_echo.obj</file>
         <name>uart_echo.obj</name>
      </input_file>
      <input_file id="fl-11">
         <path>.\uart\</path>
         <kind>object</kind>
         <file>uartstdio.obj</file>
         <name>uartstdio.obj</name>
      </input_file>
      <input_file id="fl-16">
         <kind>object</kind>
         <file>&lt;internal&gt;</file>
         <name>&lt;internal&gt;</name>
      </input_file>
      <input_file id="fl-17">
         <path>D:\ti\TivaWare_C_Series-2.1.4.178\driverlib\ccs\Debug\</path>
         <kind>archive</kind>
         <file>driverlib.lib</file>
         <name>fpu.obj</name>
      </input_file>
      <input_file id="fl-18">
         <path>D:\ti\TivaWare_C_Series-2.1.4.178\driverlib\ccs\Debug\</path>
         <kind>archive</kind>
         <file>driverlib.lib</file>
         <name>gpio.obj</name>
      </input_file>
      <input_file id="fl-19">
         <path>D:\ti\TivaWare_C_Series-2.1.4.178\driverlib\ccs\Debug\</path>
         <kind>archive</kind>
         <file>driverlib.lib</file>
         <name>interrupt.obj</name>
      </input_file>
      <input_file id="fl-1a">
         <path>D:\ti\TivaWare_C_Series-2.1.4.178\driverlib\ccs\Debug\</path>
         <kind>archive</kind>
         <file>driverlib.lib</file>
         <name>pwm.obj</name>
      </input_file>
      <input_file id="fl-1b">
         <path>D:\ti\TivaWare_C_Series-2.1.4.178\driverlib\ccs\Debug\</path>
         <kind>archive</kind>
         <file>driverlib.lib</file>
         <name>sysctl.obj</name>
      </input_file>
      <input_file id="fl-1c">
         <path>D:\ti\TivaWare_C_Series-2.1.4.178\driverlib\ccs\Debug\</path>
         <kind>archive</kind>
         <file>driverlib.lib</file>
         <name>timer.obj</name>
      </input_file>
      <input_file id="fl-1d">
         <path>D:\ti\TivaWare_C_Series-2.1.4.178\driverlib\ccs\Debug\</path>
         <kind>archive</kind>
         <file>driverlib.lib</file>
         <name>uart.obj</name>
      </input_file>
      <input_file id="fl-1e">
         <path>D:\ti\TivaWare_C_Series-2.1.4.178\driverlib\ccs\Debug\</path>
         <kind>archive</kind>
         <file>driverlib.lib</file>
         <name>cpu.obj</name>
      </input_file>
      <input_file id="fl-d4">
         <path>D:\Project_Program\Ccs\ccsv8\tools\compiler\ti-cgt-arm_18.1.2.LTS\lib\</path>
         <kind>archive</kind>
         <file>rtsv7M4_T_le_v4SPD16_eabi.lib</file>
         <name>u_divt2.asm.obj</name>
      </input_file>
      <input_file id="fl-d5">
         <path>D:\Project_Program\Ccs\ccsv8\tools\compiler\ti-cgt-arm_18.1.2.LTS\lib\</path>
         <kind>archive</kind>
         <file>rtsv7M4_T_le_v4SPD16_eabi.lib</file>
         <name>memset_t2.asm.obj</name>
      </input_file>
      <input_file id="fl-d6">
         <path>D:\Project_Program\Ccs\ccsv8\tools\compiler\ti-cgt-arm_18.1.2.LTS\lib\</path>
         <kind>archive</kind>
         <file>rtsv7M4_T_le_v4SPD16_eabi.lib</file>
         <name>fd_add_t2.asm.obj</name>
      </input_file>
      <input_file id="fl-d7">
         <path>D:\Project_Program\Ccs\ccsv8\tools\compiler\ti-cgt-arm_18.1.2.LTS\lib\</path>
         <kind>archive</kind>
         <file>rtsv7M4_T_le_v4SPD16_eabi.lib</file>
         <name>fd_cmp_t2.asm.obj</name>
      </input_file>
      <input_file id="fl-d8">
         <path>D:\Project_Program\Ccs\ccsv8\tools\compiler\ti-cgt-arm_18.1.2.LTS\lib\</path>
         <kind>archive</kind>
         <file>rtsv7M4_T_le_v4SPD16_eabi.lib</file>
         <name>fd_div_t2.asm.obj</name>
      </input_file>
      <input_file id="fl-d9">
         <path>D:\Project_Program\Ccs\ccsv8\tools\compiler\ti-cgt-arm_18.1.2.LTS\lib\</path>
         <kind>archive</kind>
         <file>rtsv7M4_T_le_v4SPD16_eabi.lib</file>
         <name>fd_mul_t2.asm.obj</name>
      </input_file>
      <input_file id="fl-da">
         <path>D:\Project_Program\Ccs\ccsv8\tools\compiler\ti-cgt-arm_18.1.2.LTS\lib\</path>
         <kind>archive</kind>
         <file>rtsv7M4_T_le_v4SPD16_eabi.lib</file>
         <name>fd_toi_t2.asm.obj</name>
      </input_file>
      <input_file id="fl-db">
         <path>D:\Project_Program\Ccs\ccsv8\tools\compiler\ti-cgt-arm_18.1.2.LTS\lib\</path>
         <kind>archive</kind>
         <file>rtsv7M4_T_le_v4SPD16_eabi.lib</file>
         <name>fd_tos_t2.asm.obj</name>
      </input_file>
      <input_file id="fl-dc">
         <path>D:\Project_Program\Ccs\ccsv8\tools\compiler\ti-cgt-arm_18.1.2.LTS\lib\</path>
         <kind>archive</kind>
         <file>rtsv7M4_T_le_v4SPD16_eabi.lib</file>
         <name>fs_tod_t2.asm.obj</name>
      </input_file>
      <input_file id="fl-dd">
         <path>D:\Project_Program\Ccs\ccsv8\tools\compiler\ti-cgt-arm_18.1.2.LTS\lib\</path>
         <kind>archive</kind>
         <file>rtsv7M4_T_le_v4SPD16_eabi.lib</file>
         <name>i_tofd_t2.asm.obj</name>
      </input_file>
      <input_file id="fl-de">
         <path>D:\Project_Program\Ccs\ccsv8\tools\compiler\ti-cgt-arm_18.1.2.LTS\lib\</path>
         <kind>archive</kind>
         <file>rtsv7M4_T_le_v4SPD16_eabi.lib</file>
         <name>memcpy_t2.asm.obj</name>
      </input_file>
      <input_file id="fl-df">
         <path>D:\Project_Program\Ccs\ccsv8\tools\compiler\ti-cgt-arm_18.1.2.LTS\lib\</path>
         <kind>archive</kind>
         <file>rtsv7M4_T_le_v4SPD16_eabi.lib</file>
         <name>u_tofd_t2.asm.obj</name>
      </input_file>
      <input_file id="fl-e0">
         <path>D:\Project_Program\Ccs\ccsv8\tools\compiler\ti-cgt-arm_18.1.2.LTS\lib\</path>
         <kind>archive</kind>
         <file>rtsv7M4_T_le_v4SPD16_eabi.lib</file>
         <name>copy_zero_init.c.obj</name>
      </input_file>
      <input_file id="fl-e1">
         <path>D:\Project_Program\Ccs\ccsv8\tools\compiler\ti-cgt-arm_18.1.2.LTS\lib\</path>
         <kind>archive</kind>
         <file>rtsv7M4_T_le_v4SPD16_eabi.lib</file>
         <name>copy_decompress_none.c.obj</name>
      </input_file>
      <input_file id="fl-e2">
         <path>D:\Project_Program\Ccs\ccsv8\tools\compiler\ti-cgt-arm_18.1.2.LTS\lib\</path>
         <kind>archive</kind>
         <file>rtsv7M4_T_le_v4SPD16_eabi.lib</file>
         <name>copy_decompress_lzss.c.obj</name>
      </input_file>
      <input_file id="fl-e3">
         <path>D:\Project_Program\Ccs\ccsv8\tools\compiler\ti-cgt-arm_18.1.2.LTS\lib\</path>
         <kind>archive</kind>
         <file>rtsv7M4_T_le_v4SPD16_eabi.lib</file>
         <name>boot_cortex_m.c.obj</name>
      </input_file>
      <input_file id="fl-e4">
         <path>D:\Project_Program\Ccs\ccsv8\tools\compiler\ti-cgt-arm_18.1.2.LTS\lib\</path>
         <kind>archive</kind>
         <file>rtsv7M4_T_le_v4SPD16_eabi.lib</file>
         <name>exit.c.obj</name>
      </input_file>
      <input_file id="fl-e5">
         <path>D:\Project_Program\Ccs\ccsv8\tools\compiler\ti-cgt-arm_18.1.2.LTS\lib\</path>
         <kind>archive</kind>
         <file>rtsv7M4_T_le_v4SPD16_eabi.lib</file>
         <name>_lock.c.obj</name>
      </input_file>
      <input_file id="fl-e6">
         <path>D:\Project_Program\Ccs\ccsv8\tools\compiler\ti-cgt-arm_18.1.2.LTS\lib\</path>
         <kind>archive</kind>
         <file>rtsv7M4_T_le_v4SPD16_eabi.lib</file>
         <name>args_main.c.obj</name>
      </input_file>
      <input_file id="fl-e7">
         <path>D:\Project_Program\Ccs\ccsv8\tools\compiler\ti-cgt-arm_18.1.2.LTS\lib\</path>
         <kind>archive</kind>
         <file>rtsv7M4_T_le_v4SPD16_eabi.lib</file>
         <name>div0.asm.obj</name>
      </input_file>
      <input_file id="fl-e8">
         <path>D:\Project_Program\Ccs\ccsv8\tools\compiler\ti-cgt-arm_18.1.2.LTS\lib\</path>
         <kind>archive</kind>
         <file>rtsv7M4_T_le_v4SPD16_eabi.lib</file>
         <name>autoinit.c.obj</name>
      </input_file>
      <input_file id="fl-e9">
         <path>D:\Project_Program\Ccs\ccsv8\tools\compiler\ti-cgt-arm_18.1.2.LTS\lib\</path>
         <kind>archive</kind>
         <file>rtsv7M4_T_le_v4SPD16_eabi.lib</file>
         <name>pre_init.c.obj</name>
      </input_file>
      <input_file id="fl-ea">
         <path>D:\Project_Program\Ccs\ccsv8\tools\compiler\ti-cgt-arm_18.1.2.LTS\lib\</path>
         <kind>archive</kind>
         <file>rtsv7M4_T_le_v4SPD16_eabi.lib</file>
         <name>cpy_tbl.c.obj</name>
      </input_file>
   </input_file_list>
   <object_component_list>
      <object_component id="oc-f">
         <name>.intvecs</name>
         <load_address>0x0</load_address>
         <run_address>0x0</run_address>
         <size>0x26c</size>
         <input_file_ref idref="fl-3"/>
      </object_component>
      <object_component id="oc-1c3">
         <name>.text</name>
         <load_address>0x26c</load_address>
         <run_address>0x26c</run_address>
         <size>0x82c</size>
         <input_file_ref idref="fl-4"/>
      </object_component>
      <object_component id="oc-3c">
         <name>.text</name>
         <load_address>0xa98</load_address>
         <run_address>0xa98</run_address>
         <size>0x76c</size>
         <input_file_ref idref="fl-9"/>
      </object_component>
      <object_component id="oc-144">
         <name>.text</name>
         <load_address>0x1204</load_address>
         <run_address>0x1204</run_address>
         <size>0x4e0</size>
         <input_file_ref idref="fl-6"/>
      </object_component>
      <object_component id="oc-13e">
         <name>.text</name>
         <load_address>0x16e4</load_address>
         <run_address>0x16e4</run_address>
         <size>0x49c</size>
         <input_file_ref idref="fl-11"/>
      </object_component>
      <object_component id="oc-48">
         <name>.text</name>
         <load_address>0x1b80</load_address>
         <run_address>0x1b80</run_address>
         <size>0x478</size>
         <input_file_ref idref="fl-8"/>
      </object_component>
      <object_component id="oc-30">
         <name>.text</name>
         <load_address>0x1ff8</load_address>
         <run_address>0x1ff8</run_address>
         <size>0x3e4</size>
         <input_file_ref idref="fl-10"/>
      </object_component>
      <object_component id="oc-42">
         <name>.text</name>
         <load_address>0x23dc</load_address>
         <run_address>0x23dc</run_address>
         <size>0x2a0</size>
         <input_file_ref idref="fl-e"/>
      </object_component>
      <object_component id="oc-1c9">
         <name>.text</name>
         <load_address>0x267c</load_address>
         <run_address>0x267c</run_address>
         <size>0x29c</size>
         <input_file_ref idref="fl-c"/>
      </object_component>
      <object_component id="oc-366">
         <name>.text</name>
         <load_address>0x2918</load_address>
         <run_address>0x2918</run_address>
         <size>0x1dc</size>
         <input_file_ref idref="fl-a"/>
      </object_component>
      <object_component id="oc-2a">
         <name>.text</name>
         <load_address>0x2af4</load_address>
         <run_address>0x2af4</run_address>
         <size>0x1d8</size>
         <input_file_ref idref="fl-f"/>
      </object_component>
      <object_component id="oc-230">
         <name>.text</name>
         <load_address>0x2ccc</load_address>
         <run_address>0x2ccc</run_address>
         <size>0x1c4</size>
         <input_file_ref idref="fl-2"/>
      </object_component>
      <object_component id="oc-1fe">
         <name>.text</name>
         <load_address>0x2e90</load_address>
         <run_address>0x2e90</run_address>
         <size>0x1b6</size>
         <input_file_ref idref="fl-d6"/>
      </object_component>
      <object_component id="oc-3ef">
         <name>.text</name>
         <load_address>0x3046</load_address>
         <run_address>0x3046</run_address>
         <size>0x2</size>
         <input_file_ref idref="fl-e7"/>
      </object_component>
      <object_component id="oc-cf">
         <name>.text</name>
         <load_address>0x3048</load_address>
         <run_address>0x3048</run_address>
         <size>0x1b0</size>
         <input_file_ref idref="fl-7"/>
      </object_component>
      <object_component id="oc-36">
         <name>.text</name>
         <load_address>0x31f8</load_address>
         <run_address>0x31f8</run_address>
         <size>0x16c</size>
         <input_file_ref idref="fl-b"/>
      </object_component>
      <object_component id="oc-26a">
         <name>.text</name>
         <load_address>0x3364</load_address>
         <run_address>0x3364</run_address>
         <size>0x136</size>
         <input_file_ref idref="fl-d8"/>
      </object_component>
      <object_component id="oc-1b7">
         <name>.text:GPIOPadConfigSet</name>
         <load_address>0x349a</load_address>
         <run_address>0x349a</run_address>
         <size>0x132</size>
         <input_file_ref idref="fl-18"/>
      </object_component>
      <object_component id="oc-119">
         <name>.text:SysCtlClockGet</name>
         <load_address>0x35cc</load_address>
         <run_address>0x35cc</run_address>
         <size>0x110</size>
         <input_file_ref idref="fl-1b"/>
      </object_component>
      <object_component id="oc-ca">
         <name>.text</name>
         <load_address>0x36dc</load_address>
         <run_address>0x36dc</run_address>
         <size>0xfc</size>
         <input_file_ref idref="fl-d9"/>
      </object_component>
      <object_component id="oc-378">
         <name>.text:SysCtlClockSet</name>
         <load_address>0x37d8</load_address>
         <run_address>0x37d8</run_address>
         <size>0xf4</size>
         <input_file_ref idref="fl-1b"/>
      </object_component>
      <object_component id="oc-5c">
         <name>.text</name>
         <load_address>0x38cc</load_address>
         <run_address>0x38cc</run_address>
         <size>0x9c</size>
         <input_file_ref idref="fl-de"/>
      </object_component>
      <object_component id="oc-25b">
         <name>.text:__aeabi_cdcmple</name>
         <load_address>0x3968</load_address>
         <run_address>0x3968</run_address>
         <size>0x86</size>
         <input_file_ref idref="fl-d7"/>
      </object_component>
      <object_component id="oc-260">
         <name>.text:__aeabi_cdrcmple</name>
         <load_address>0x39ee</load_address>
         <run_address>0x39ee</run_address>
         <size>0x86</size>
         <input_file_ref idref="fl-d7"/>
      </object_component>
      <object_component id="oc-1e3">
         <name>.text</name>
         <load_address>0x3a74</load_address>
         <run_address>0x3a74</run_address>
         <size>0x7a</size>
         <input_file_ref idref="fl-d5"/>
      </object_component>
      <object_component id="oc-1f9">
         <name>.text</name>
         <load_address>0x3aee</load_address>
         <run_address>0x3aee</run_address>
         <size>0x6e</size>
         <input_file_ref idref="fl-db"/>
      </object_component>
      <object_component id="oc-172">
         <name>.text:IntDisable</name>
         <load_address>0x3b5c</load_address>
         <run_address>0x3b5c</run_address>
         <size>0x68</size>
         <input_file_ref idref="fl-19"/>
      </object_component>
      <object_component id="oc-e7">
         <name>.text:IntEnable</name>
         <load_address>0x3bc4</load_address>
         <run_address>0x3bc4</run_address>
         <size>0x68</size>
         <input_file_ref idref="fl-19"/>
      </object_component>
      <object_component id="oc-12">
         <name>.text:decompress:lzss:__TI_decompress_lzss</name>
         <load_address>0x3c2c</load_address>
         <run_address>0x3c2c</run_address>
         <size>0x68</size>
         <input_file_ref idref="fl-e2"/>
      </object_component>
      <object_component id="oc-166">
         <name>.text:TimerConfigure</name>
         <load_address>0x3c94</load_address>
         <run_address>0x3c94</run_address>
         <size>0x60</size>
         <input_file_ref idref="fl-1c"/>
      </object_component>
      <object_component id="oc-bf">
         <name>.text:GPIOIntTypeSet</name>
         <load_address>0x3cf4</load_address>
         <run_address>0x3cf4</run_address>
         <size>0x56</size>
         <input_file_ref idref="fl-18"/>
      </object_component>
      <object_component id="oc-12c">
         <name>.text:GPIOPinConfigure</name>
         <load_address>0x3d4c</load_address>
         <run_address>0x3d4c</run_address>
         <size>0x48</size>
         <input_file_ref idref="fl-18"/>
      </object_component>
      <object_component id="oc-2dc">
         <name>.text</name>
         <load_address>0x3d94</load_address>
         <run_address>0x3d94</run_address>
         <size>0x48</size>
         <input_file_ref idref="fl-da"/>
      </object_component>
      <object_component id="oc-14a">
         <name>.text:UARTConfigSetExpClk</name>
         <load_address>0x3ddc</load_address>
         <run_address>0x3ddc</run_address>
         <size>0x46</size>
         <input_file_ref idref="fl-1d"/>
      </object_component>
      <object_component id="oc-273">
         <name>.text:_GPIOIntNumberGet</name>
         <load_address>0x3e24</load_address>
         <run_address>0x3e24</run_address>
         <size>0x44</size>
         <input_file_ref idref="fl-18"/>
      </object_component>
      <object_component id="oc-38b">
         <name>.text:__TI_auto_init_nobinit_nopinit:__TI_auto_init_nobinit_nopinit</name>
         <load_address>0x3e68</load_address>
         <run_address>0x3e68</run_address>
         <size>0x44</size>
         <input_file_ref idref="fl-e8"/>
      </object_component>
      <object_component id="oc-a7">
         <name>.text</name>
         <load_address>0x3eac</load_address>
         <run_address>0x3eac</run_address>
         <size>0x40</size>
         <input_file_ref idref="fl-d"/>
      </object_component>
      <object_component id="oc-2cd">
         <name>.text</name>
         <load_address>0x3eec</load_address>
         <run_address>0x3eec</run_address>
         <size>0x40</size>
         <input_file_ref idref="fl-d4"/>
      </object_component>
      <object_component id="oc-2ac">
         <name>.text:SysCtlPeripheralPresent</name>
         <load_address>0x3f2c</load_address>
         <run_address>0x3f2c</run_address>
         <size>0x38</size>
         <input_file_ref idref="fl-1b"/>
      </object_component>
      <object_component id="oc-95">
         <name>.text:SysCtlPeripheralReady</name>
         <load_address>0x3f64</load_address>
         <run_address>0x3f64</run_address>
         <size>0x38</size>
         <input_file_ref idref="fl-1b"/>
      </object_component>
      <object_component id="oc-7a">
         <name>.text:_c_int00_noargs:_c_int00_noargs</name>
         <load_address>0x3f9c</load_address>
         <run_address>0x3f9c</run_address>
         <size>0x38</size>
         <input_file_ref idref="fl-e3"/>
      </object_component>
      <object_component id="oc-1f4">
         <name>.text</name>
         <load_address>0x3fd4</load_address>
         <run_address>0x3fd4</run_address>
         <size>0x38</size>
         <input_file_ref idref="fl-dc"/>
      </object_component>
      <object_component id="oc-279">
         <name>.text:IntRegister</name>
         <load_address>0x400c</load_address>
         <run_address>0x400c</run_address>
         <size>0x34</size>
         <input_file_ref idref="fl-19"/>
      </object_component>
      <object_component id="oc-8f">
         <name>.text:SysCtlPeripheralEnable</name>
         <load_address>0x4040</load_address>
         <run_address>0x4040</run_address>
         <size>0x34</size>
         <input_file_ref idref="fl-1b"/>
      </object_component>
      <object_component id="oc-265">
         <name>.text</name>
         <load_address>0x4074</load_address>
         <run_address>0x4074</run_address>
         <size>0x2e</size>
         <input_file_ref idref="fl-dd"/>
      </object_component>
      <object_component id="oc-24a">
         <name>.text:GPIODirModeSet</name>
         <load_address>0x40a2</load_address>
         <run_address>0x40a2</run_address>
         <size>0x2a</size>
         <input_file_ref idref="fl-18"/>
      </object_component>
      <object_component id="oc-325">
         <name>.text:PWMGenConfigure</name>
         <load_address>0x40cc</load_address>
         <run_address>0x40cc</run_address>
         <size>0x22</size>
         <input_file_ref idref="fl-1a"/>
      </object_component>
      <object_component id="oc-2e2">
         <name>.text:UARTDisable</name>
         <load_address>0x40f0</load_address>
         <run_address>0x40f0</run_address>
         <size>0x20</size>
         <input_file_ref idref="fl-1d"/>
      </object_component>
      <object_component id="oc-c5">
         <name>.text</name>
         <load_address>0x4110</load_address>
         <run_address>0x4110</run_address>
         <size>0x20</size>
         <input_file_ref idref="fl-df"/>
      </object_component>
      <object_component id="oc-1b0">
         <name>.text:PWMPulseWidthSet</name>
         <load_address>0x4130</load_address>
         <run_address>0x4130</run_address>
         <size>0x1e</size>
         <input_file_ref idref="fl-1a"/>
      </object_component>
      <object_component id="oc-e1">
         <name>.text:GPIOIntRegister</name>
         <load_address>0x414e</load_address>
         <run_address>0x414e</run_address>
         <size>0x18</size>
         <input_file_ref idref="fl-18"/>
      </object_component>
      <object_component id="oc-9b">
         <name>.text:GPIOPinTypeGPIOOutput</name>
         <load_address>0x4166</load_address>
         <run_address>0x4166</run_address>
         <size>0x18</size>
         <input_file_ref idref="fl-18"/>
      </object_component>
      <object_component id="oc-319">
         <name>.text:SysCtlPWMClockSet</name>
         <load_address>0x4180</load_address>
         <run_address>0x4180</run_address>
         <size>0x14</size>
         <input_file_ref idref="fl-1b"/>
      </object_component>
      <object_component id="oc-2b2">
         <name>.text:UARTEnable</name>
         <load_address>0x4194</load_address>
         <run_address>0x4194</run_address>
         <size>0x14</size>
         <input_file_ref idref="fl-1d"/>
      </object_component>
      <object_component id="oc-d5">
         <name>.text:GPIOPinTypeGPIOInput</name>
         <load_address>0x41a8</load_address>
         <run_address>0x41a8</run_address>
         <size>0x12</size>
         <input_file_ref idref="fl-18"/>
      </object_component>
      <object_component id="oc-31f">
         <name>.text:GPIOPinTypePWM</name>
         <load_address>0x41ba</load_address>
         <run_address>0x41ba</run_address>
         <size>0x12</size>
         <input_file_ref idref="fl-18"/>
      </object_component>
      <object_component id="oc-132">
         <name>.text:GPIOPinTypeUART</name>
         <load_address>0x41cc</load_address>
         <run_address>0x41cc</run_address>
         <size>0x12</size>
         <input_file_ref idref="fl-18"/>
      </object_component>
      <object_component id="oc-331">
         <name>.text:PWMOutputState</name>
         <load_address>0x41de</load_address>
         <run_address>0x41de</run_address>
         <size>0x12</size>
         <input_file_ref idref="fl-1a"/>
      </object_component>
      <object_component id="oc-16c">
         <name>.text:TimerLoadSet</name>
         <load_address>0x41f0</load_address>
         <run_address>0x41f0</run_address>
         <size>0x12</size>
         <input_file_ref idref="fl-1c"/>
      </object_component>
      <object_component id="oc-68">
         <name>.text:decompress:ZI:__TI_zero_init_nomemset:__TI_zero_init_nomemset</name>
         <load_address>0x4202</load_address>
         <run_address>0x4202</run_address>
         <size>0x12</size>
         <input_file_ref idref="fl-e0"/>
      </object_component>
      <object_component id="oc-36c">
         <name>.text:FPUEnable</name>
         <load_address>0x4214</load_address>
         <run_address>0x4214</run_address>
         <size>0x10</size>
         <input_file_ref idref="fl-17"/>
      </object_component>
      <object_component id="oc-372">
         <name>.text:FPULazyStackingEnable</name>
         <load_address>0x4224</load_address>
         <run_address>0x4224</run_address>
         <size>0x10</size>
         <input_file_ref idref="fl-17"/>
      </object_component>
      <object_component id="oc-ed">
         <name>.text:IntMasterEnable</name>
         <load_address>0x4234</load_address>
         <run_address>0x4234</run_address>
         <size>0x10</size>
         <input_file_ref idref="fl-19"/>
      </object_component>
      <object_component id="oc-40c">
         <name>.text:PWMDeadBandEnable</name>
         <load_address>0x4244</load_address>
         <run_address>0x4244</run_address>
         <size>0x10</size>
         <input_file_ref idref="fl-1a"/>
      </object_component>
      <object_component id="oc-32b">
         <name>.text:PWMGenPeriodSet</name>
         <load_address>0x4254</load_address>
         <run_address>0x4254</run_address>
         <size>0x10</size>
         <input_file_ref idref="fl-1a"/>
      </object_component>
      <object_component id="oc-1bd">
         <name>.text:GPIOIntDisable</name>
         <load_address>0x4264</load_address>
         <run_address>0x4264</run_address>
         <size>0xe</size>
         <input_file_ref idref="fl-18"/>
      </object_component>
      <object_component id="oc-ad">
         <name>.text:GPIOIntStatus</name>
         <load_address>0x4272</load_address>
         <run_address>0x4272</run_address>
         <size>0xe</size>
         <input_file_ref idref="fl-18"/>
      </object_component>
      <object_component id="oc-178">
         <name>.text:TimerEnable</name>
         <load_address>0x4280</load_address>
         <run_address>0x4280</run_address>
         <size>0xe</size>
         <input_file_ref idref="fl-1c"/>
      </object_component>
      <object_component id="oc-113">
         <name>.text:UARTCharGetNonBlocking</name>
         <load_address>0x428e</load_address>
         <run_address>0x428e</run_address>
         <size>0xe</size>
         <input_file_ref idref="fl-1d"/>
      </object_component>
      <object_component id="oc-126">
         <name>.text:UARTCharPutNonBlocking</name>
         <load_address>0x429c</load_address>
         <run_address>0x429c</run_address>
         <size>0xe</size>
         <input_file_ref idref="fl-1d"/>
      </object_component>
      <object_component id="oc-120">
         <name>.text:UARTCharsAvail</name>
         <load_address>0x42aa</load_address>
         <run_address>0x42aa</run_address>
         <size>0xe</size>
         <input_file_ref idref="fl-1d"/>
      </object_component>
      <object_component id="oc-18">
         <name>.text:decompress:none:__TI_decompress_none</name>
         <load_address>0x42b8</load_address>
         <run_address>0x42b8</run_address>
         <size>0xe</size>
         <input_file_ref idref="fl-e1"/>
      </object_component>
      <object_component id="oc-285">
         <name>.text:CPUcpsie</name>
         <load_address>0x42c6</load_address>
         <run_address>0x42c6</run_address>
         <size>0xc</size>
         <input_file_ref idref="fl-1e"/>
      </object_component>
      <object_component id="oc-db">
         <name>.text:GPIOIntEnable</name>
         <load_address>0x42d2</load_address>
         <run_address>0x42d2</run_address>
         <size>0xc</size>
         <input_file_ref idref="fl-18"/>
      </object_component>
      <object_component id="oc-412">
         <name>.text:PWMGenDisable</name>
         <load_address>0x42de</load_address>
         <run_address>0x42de</run_address>
         <size>0xc</size>
         <input_file_ref idref="fl-1a"/>
      </object_component>
      <object_component id="oc-337">
         <name>.text:PWMGenEnable</name>
         <load_address>0x42ea</load_address>
         <run_address>0x42ea</run_address>
         <size>0xc</size>
         <input_file_ref idref="fl-1a"/>
      </object_component>
      <object_component id="oc-24">
         <name>.text</name>
         <load_address>0x42f6</load_address>
         <run_address>0x42f6</run_address>
         <size>0xc</size>
         <input_file_ref idref="fl-3"/>
      </object_component>
      <object_component id="oc-1aa">
         <name>.text:TimerIntDisable</name>
         <load_address>0x4302</load_address>
         <run_address>0x4302</run_address>
         <size>0xa</size>
         <input_file_ref idref="fl-1c"/>
      </object_component>
      <object_component id="oc-17e">
         <name>.text:TimerIntStatus</name>
         <load_address>0x430c</load_address>
         <run_address>0x430c</run_address>
         <size>0xa</size>
         <input_file_ref idref="fl-1c"/>
      </object_component>
      <object_component id="oc-b9">
         <name>.text:TimerValueGet</name>
         <load_address>0x4316</load_address>
         <run_address>0x4316</run_address>
         <size>0xa</size>
         <input_file_ref idref="fl-1c"/>
      </object_component>
      <object_component id="oc-2be">
         <name>.text:UARTCharGet</name>
         <load_address>0x4320</load_address>
         <run_address>0x4320</run_address>
         <size>0xa</size>
         <input_file_ref idref="fl-1d"/>
      </object_component>
      <object_component id="oc-2b8">
         <name>.text:UARTCharPut</name>
         <load_address>0x432a</load_address>
         <run_address>0x432a</run_address>
         <size>0xa</size>
         <input_file_ref idref="fl-1d"/>
      </object_component>
      <object_component id="oc-1d7">
         <name>.text:UARTFIFOEnable</name>
         <load_address>0x4334</load_address>
         <run_address>0x4334</run_address>
         <size>0xa</size>
         <input_file_ref idref="fl-1d"/>
      </object_component>
      <object_component id="oc-107">
         <name>.text:UARTIntStatus</name>
         <load_address>0x433e</load_address>
         <run_address>0x433e</run_address>
         <size>0xa</size>
         <input_file_ref idref="fl-1d"/>
      </object_component>
      <object_component id="oc-190">
         <name>.text:TimerIntEnable</name>
         <load_address>0x4348</load_address>
         <run_address>0x4348</run_address>
         <size>0x8</size>
         <input_file_ref idref="fl-1c"/>
      </object_component>
      <object_component id="oc-150">
         <name>.text:UARTIntEnable</name>
         <load_address>0x4350</load_address>
         <run_address>0x4350</run_address>
         <size>0x8</size>
         <input_file_ref idref="fl-1d"/>
      </object_component>
      <object_component id="oc-b3">
         <name>.text:GPIOIntClear</name>
         <load_address>0x4358</load_address>
         <run_address>0x4358</run_address>
         <size>0x6</size>
         <input_file_ref idref="fl-18"/>
      </object_component>
      <object_component id="oc-18a">
         <name>.text:GPIOPinRead</name>
         <load_address>0x435e</load_address>
         <run_address>0x435e</run_address>
         <size>0x6</size>
         <input_file_ref idref="fl-18"/>
      </object_component>
      <object_component id="oc-a1">
         <name>.text:GPIOPinWrite</name>
         <load_address>0x4364</load_address>
         <run_address>0x4364</run_address>
         <size>0x6</size>
         <input_file_ref idref="fl-18"/>
      </object_component>
      <object_component id="oc-11f">
         <name>.text:SysCtlDelay</name>
         <load_address>0x436a</load_address>
         <run_address>0x436a</run_address>
         <size>0x6</size>
         <input_file_ref idref="fl-1b"/>
      </object_component>
      <object_component id="oc-138">
         <name>.text:UARTClockSourceSet</name>
         <load_address>0x4370</load_address>
         <run_address>0x4370</run_address>
         <size>0x6</size>
         <input_file_ref idref="fl-1d"/>
      </object_component>
      <object_component id="oc-1dd">
         <name>.text:UARTFIFOLevelSet</name>
         <load_address>0x4376</load_address>
         <run_address>0x4376</run_address>
         <size>0x6</size>
         <input_file_ref idref="fl-1d"/>
      </object_component>
      <object_component id="oc-184">
         <name>.text:TimerIntClear</name>
         <load_address>0x437c</load_address>
         <run_address>0x437c</run_address>
         <size>0x4</size>
         <input_file_ref idref="fl-1c"/>
      </object_component>
      <object_component id="oc-10d">
         <name>.text:UARTIntClear</name>
         <load_address>0x4380</load_address>
         <run_address>0x4380</run_address>
         <size>0x4</size>
         <input_file_ref idref="fl-1d"/>
      </object_component>
      <object_component id="oc-22a">
         <name>.text:_system_pre_init</name>
         <load_address>0x4384</load_address>
         <run_address>0x4384</run_address>
         <size>0x4</size>
         <input_file_ref idref="fl-e9"/>
      </object_component>
      <object_component id="oc-37f">
         <name>.text:abort:abort</name>
         <load_address>0x4388</load_address>
         <run_address>0x4388</run_address>
         <size>0x4</size>
         <input_file_ref idref="fl-e4"/>
      </object_component>
      <object_component id="oc-30e">
         <name>.const:.string:F8X16</name>
         <load_address>0x4390</load_address>
         <run_address>0x4390</run_address>
         <size>0x5f0</size>
         <input_file_ref idref="fl-4"/>
      </object_component>
      <object_component id="oc-311">
         <name>.const:F6x8</name>
         <load_address>0x4980</load_address>
         <run_address>0x4980</run_address>
         <size>0x228</size>
         <input_file_ref idref="fl-4"/>
      </object_component>
      <object_component id="oc-3d2">
         <name>.const:g_ppui32GPIOIntMapSnowflake</name>
         <load_address>0x4ba8</load_address>
         <run_address>0x4ba8</run_address>
         <size>0xd8</size>
         <input_file_ref idref="fl-18"/>
      </object_component>
      <object_component id="oc-3cf">
         <name>.const:g_ppui32GPIOIntMapBlizzard</name>
         <load_address>0x4c80</load_address>
         <run_address>0x4c80</run_address>
         <size>0xc0</size>
         <input_file_ref idref="fl-18"/>
      </object_component>
      <object_component id="oc-2a6">
         <name>.const:g_pui32GPIOBaseAddrs</name>
         <load_address>0x4d40</load_address>
         <run_address>0x4d40</run_address>
         <size>0x90</size>
         <input_file_ref idref="fl-18"/>
      </object_component>
      <object_component id="oc-280">
         <name>.const</name>
         <load_address>0x4dd0</load_address>
         <run_address>0x4dd0</run_address>
         <size>0x70</size>
         <input_file_ref idref="fl-19"/>
      </object_component>
      <object_component id="oc-2a0">
         <name>.const:g_pui32Xtals</name>
         <load_address>0x4e40</load_address>
         <run_address>0x4e40</run_address>
         <size>0x6c</size>
         <input_file_ref idref="fl-1b"/>
      </object_component>
      <object_component id="oc-2d2">
         <name>.const</name>
         <load_address>0x4eac</load_address>
         <run_address>0x4eac</run_address>
         <size>0x4</size>
         <input_file_ref idref="fl-11"/>
      </object_component>
      <object_component id="oc-f7">
         <name>.const:$P$T0$3</name>
         <load_address>0x4eb0</load_address>
         <run_address>0x4eb0</run_address>
         <size>0x58</size>
         <input_file_ref idref="fl-f"/>
      </object_component>
      <object_component id="oc-3f5">
         <name>.const:.string</name>
         <load_address>0x4f08</load_address>
         <run_address>0x4f08</run_address>
         <size>0x12</size>
         <input_file_ref idref="fl-11"/>
      </object_component>
      <object_component id="oc-2ca">
         <name>.const:g_ui32UARTBase</name>
         <load_address>0x4f1c</load_address>
         <run_address>0x4f1c</run_address>
         <size>0xc</size>
         <input_file_ref idref="fl-11"/>
      </object_component>
      <object_component id="oc-2c4">
         <name>.const:g_ui32UARTPeriph</name>
         <load_address>0x4f28</load_address>
         <run_address>0x4f28</run_address>
         <size>0xc</size>
         <input_file_ref idref="fl-11"/>
      </object_component>
      <object_component id="oc-4a4">
         <name>.cinit..data.load</name>
         <load_address>0x4f38</load_address>
         <run_address>0x4f38</run_address>
         <size>0xf8</size>
      </object_component>
      <object_component id="oc-4a1">
         <name>__TI_handler_table</name>
         <load_address>0x5030</load_address>
         <run_address>0x5030</run_address>
         <size>0xc</size>
      </object_component>
      <object_component id="oc-4a5">
         <name>.cinit..bss.load</name>
         <load_address>0x5040</load_address>
         <run_address>0x5040</run_address>
         <size>0x8</size>
      </object_component>
      <object_component id="oc-4a3">
         <name>.cinit..vtable.load</name>
         <load_address>0x5048</load_address>
         <run_address>0x5048</run_address>
         <size>0x8</size>
      </object_component>
      <object_component id="oc-4a2">
         <name>__TI_cinit_table</name>
         <load_address>0x5050</load_address>
         <run_address>0x5050</run_address>
         <size>0x18</size>
      </object_component>
      <object_component id="oc-3d6">
         <name>.vtable</name>
         <uninitialized>true</uninitialized>
         <run_address>0x20000000</run_address>
         <size>0x26c</size>
         <input_file_ref idref="fl-19"/>
      </object_component>
      <object_component id="oc-314">
         <name>.data:Hzk</name>
         <load_address>0x20000270</load_address>
         <run_address>0x20000270</run_address>
         <size>0x180</size>
         <input_file_ref idref="fl-4"/>
      </object_component>
      <object_component id="oc-15d">
         <name>.data</name>
         <load_address>0x20000430</load_address>
         <run_address>0x20000430</run_address>
         <size>0x14</size>
         <input_file_ref idref="fl-6"/>
      </object_component>
      <object_component id="oc-1ee">
         <name>.data</name>
         <load_address>0x2000048c</load_address>
         <run_address>0x2000048c</run_address>
         <size>0x7</size>
         <input_file_ref idref="fl-8"/>
      </object_component>
      <object_component id="oc-1e8">
         <name>.data:Rx_Buffer_attitude</name>
         <load_address>0x200003f0</load_address>
         <run_address>0x200003f0</run_address>
         <size>0x28</size>
         <input_file_ref idref="fl-8"/>
      </object_component>
      <object_component id="oc-1f1">
         <name>.data:Rx_Buffer_height</name>
         <load_address>0x20000444</load_address>
         <run_address>0x20000444</run_address>
         <size>0x14</size>
         <input_file_ref idref="fl-8"/>
      </object_component>
      <object_component id="oc-1a1">
         <name>.data</name>
         <load_address>0x20000458</load_address>
         <run_address>0x20000458</run_address>
         <size>0x12</size>
         <input_file_ref idref="fl-9"/>
      </object_component>
      <object_component id="oc-418">
         <name>.data</name>
         <load_address>0x2000046a</load_address>
         <run_address>0x2000046a</run_address>
         <size>0xa</size>
         <input_file_ref idref="fl-a"/>
      </object_component>
      <object_component id="oc-19d">
         <name>.data</name>
         <load_address>0x20000418</load_address>
         <run_address>0x20000418</run_address>
         <size>0x16</size>
         <input_file_ref idref="fl-b"/>
      </object_component>
      <object_component id="oc-1d3">
         <name>.data</name>
         <load_address>0x20000494</load_address>
         <run_address>0x20000494</run_address>
         <size>0x6</size>
         <input_file_ref idref="fl-e"/>
      </object_component>
      <object_component id="oc-f4">
         <name>.data</name>
         <load_address>0x20000478</load_address>
         <run_address>0x20000478</run_address>
         <size>0xa</size>
         <input_file_ref idref="fl-f"/>
      </object_component>
      <object_component id="oc-f3">
         <name>.data:ui32Time$1</name>
         <load_address>0x20000484</load_address>
         <run_address>0x20000484</run_address>
         <size>0x8</size>
         <input_file_ref idref="fl-f"/>
      </object_component>
      <object_component id="oc-156">
         <name>.data</name>
         <load_address>0x20000474</load_address>
         <run_address>0x20000474</run_address>
         <size>0x3</size>
         <input_file_ref idref="fl-10"/>
      </object_component>
      <object_component id="oc-2c7">
         <name>.data</name>
         <load_address>0x2000049c</load_address>
         <run_address>0x2000049c</run_address>
         <size>0x5</size>
         <input_file_ref idref="fl-11"/>
      </object_component>
      <object_component id="oc-203">
         <name>.bss</name>
         <uninitialized>true</uninitialized>
         <run_address>0x20000780</run_address>
         <size>0x19</size>
         <input_file_ref idref="fl-8"/>
      </object_component>
      <object_component id="oc-196">
         <name>.common:KeyPress0</name>
         <uninitialized>true</uninitialized>
         <run_address>0x200007c9</run_address>
         <size>0x1</size>
      </object_component>
      <object_component id="oc-209">
         <name>.common:RealAttitude_roll</name>
         <uninitialized>true</uninitialized>
         <run_address>0x200007e0</run_address>
         <size>0x2</size>
      </object_component>
      <object_component id="oc-208">
         <name>.common:RealAttitude_pitch</name>
         <uninitialized>true</uninitialized>
         <run_address>0x200007ca</run_address>
         <size>0x2</size>
      </object_component>
      <object_component id="oc-20a">
         <name>.common:RealAttitude_yaw</name>
         <uninitialized>true</uninitialized>
         <run_address>0x200007e2</run_address>
         <size>0x2</size>
      </object_component>
      <object_component id="oc-161">
         <name>.common:Real_XCoordinate</name>
         <uninitialized>true</uninitialized>
         <run_address>0x200007e4</run_address>
         <size>0x2</size>
      </object_component>
      <object_component id="oc-164">
         <name>.common:Real_YCoordinate</name>
         <uninitialized>true</uninitialized>
         <run_address>0x200007e6</run_address>
         <size>0x2</size>
      </object_component>
      <object_component id="oc-1eb">
         <name>.common:rx_buffer</name>
         <uninitialized>true</uninitialized>
         <run_address>0x200007e8</run_address>
         <size>0x1</size>
      </object_component>
      <object_component id="oc-20b">
         <name>.common:int_distance</name>
         <uninitialized>true</uninitialized>
         <run_address>0x200007dc</run_address>
         <size>0x4</size>
      </object_component>
      <object_component id="oc-206">
         <name>.common:Source_attitude_payload</name>
         <uninitialized>true</uninitialized>
         <run_address>0x200006a8</run_address>
         <size>0x30</size>
      </object_component>
      <object_component id="oc-207">
         <name>.common:Source_Rangefinder_payload</name>
         <uninitialized>true</uninitialized>
         <run_address>0x200007cc</run_address>
         <size>0x8</size>
      </object_component>
      <object_component id="oc-1a8">
         <name>.common:PID_X</name>
         <uninitialized>true</uninitialized>
         <run_address>0x20000748</run_address>
         <size>0x1c</size>
      </object_component>
      <object_component id="oc-1a4">
         <name>.common:PID_Y</name>
         <uninitialized>true</uninitialized>
         <run_address>0x20000764</run_address>
         <size>0x1c</size>
      </object_component>
      <object_component id="oc-1a6">
         <name>.common:PID_H</name>
         <uninitialized>true</uninitialized>
         <run_address>0x2000072c</run_address>
         <size>0x1c</size>
      </object_component>
      <object_component id="oc-1a9">
         <name>.common:PID_Data_X</name>
         <uninitialized>true</uninitialized>
         <run_address>0x200006f4</run_address>
         <size>0x1c</size>
      </object_component>
      <object_component id="oc-1a5">
         <name>.common:PID_Data_Y</name>
         <uninitialized>true</uninitialized>
         <run_address>0x20000710</run_address>
         <size>0x1c</size>
      </object_component>
      <object_component id="oc-1a7">
         <name>.common:PID_Data_H</name>
         <uninitialized>true</uninitialized>
         <run_address>0x200006d8</run_address>
         <size>0x1c</size>
      </object_component>
      <object_component id="oc-1cf">
         <name>.common:ReadPin0</name>
         <uninitialized>true</uninitialized>
         <run_address>0x200007d4</run_address>
         <size>0x4</size>
      </object_component>
      <object_component id="oc-1d2">
         <name>.common:ReadPin4</name>
         <uninitialized>true</uninitialized>
         <run_address>0x200007d8</run_address>
         <size>0x4</size>
      </object_component>
      <object_component id="oc-159">
         <name>.common:ReciveData_UART0</name>
         <uninitialized>true</uninitialized>
         <run_address>0x20000799</run_address>
         <size>0x10</size>
      </object_component>
      <object_component id="oc-15c">
         <name>.common:ReciveData_UART1</name>
         <uninitialized>true</uninitialized>
         <run_address>0x200007a9</run_address>
         <size>0x10</size>
      </object_component>
      <object_component id="oc-160">
         <name>.common:ReciveData_UART3</name>
         <uninitialized>true</uninitialized>
         <run_address>0x200007b9</run_address>
         <size>0x10</size>
      </object_component>
      <object_component id="oc-21">
         <name>.stack</name>
         <uninitialized>true</uninitialized>
         <run_address>0x200004a8</run_address>
         <size>0x4</size>
         <input_file_ref idref="fl-e3"/>
      </object_component>
      <object_component id="oc-4a6">
         <name>.stack</name>
         <uninitialized>true</uninitialized>
         <run_address>0x200004a8</run_address>
         <size>0x0</size>
      </object_component>
      <object_component id="oc-197">
         <name>.debug_info</name>
         <load_address>0x0</load_address>
         <run_address>0x0</run_address>
         <size>0x981</size>
         <input_file_ref idref="fl-2"/>
      </object_component>
      <object_component id="oc-231">
         <name>.debug_info</name>
         <load_address>0x981</load_address>
         <run_address>0x981</run_address>
         <size>0x428</size>
         <input_file_ref idref="fl-2"/>
      </object_component>
      <object_component id="oc-20f">
         <name>.debug_info</name>
         <load_address>0xda9</load_address>
         <run_address>0xda9</run_address>
         <size>0x26b</size>
         <input_file_ref idref="fl-2"/>
      </object_component>
      <object_component id="oc-292">
         <name>.debug_info</name>
         <load_address>0x1014</load_address>
         <run_address>0x1014</run_address>
         <size>0x6bd</size>
         <input_file_ref idref="fl-2"/>
      </object_component>
      <object_component id="oc-2fe">
         <name>.debug_info</name>
         <load_address>0x16d1</load_address>
         <run_address>0x16d1</run_address>
         <size>0x165</size>
         <input_file_ref idref="fl-2"/>
      </object_component>
      <object_component id="oc-349">
         <name>.debug_info</name>
         <load_address>0x1836</load_address>
         <run_address>0x1836</run_address>
         <size>0xf5</size>
         <input_file_ref idref="fl-2"/>
      </object_component>
      <object_component id="oc-102">
         <name>.debug_info</name>
         <load_address>0x192b</load_address>
         <run_address>0x192b</run_address>
         <size>0x8b</size>
         <input_file_ref idref="fl-2"/>
      </object_component>
      <object_component id="oc-297">
         <name>.debug_info</name>
         <load_address>0x19b6</load_address>
         <run_address>0x19b6</run_address>
         <size>0x297</size>
         <input_file_ref idref="fl-2"/>
      </object_component>
      <object_component id="oc-fd">
         <name>.debug_info</name>
         <load_address>0x1c4d</load_address>
         <run_address>0x1c4d</run_address>
         <size>0xbb</size>
         <input_file_ref idref="fl-2"/>
      </object_component>
      <object_component id="oc-2d7">
         <name>.debug_info</name>
         <load_address>0x1d08</load_address>
         <run_address>0x1d08</run_address>
         <size>0x2c</size>
         <input_file_ref idref="fl-2"/>
      </object_component>
      <object_component id="oc-50">
         <name>.debug_info</name>
         <load_address>0x1d34</load_address>
         <run_address>0x1d34</run_address>
         <size>0x403</size>
         <input_file_ref idref="fl-3"/>
      </object_component>
      <object_component id="oc-10">
         <name>.debug_info</name>
         <load_address>0x2137</load_address>
         <run_address>0x2137</run_address>
         <size>0xe0</size>
         <input_file_ref idref="fl-3"/>
      </object_component>
      <object_component id="oc-27">
         <name>.debug_info</name>
         <load_address>0x2217</load_address>
         <run_address>0x2217</run_address>
         <size>0x25d</size>
         <input_file_ref idref="fl-3"/>
      </object_component>
      <object_component id="oc-57">
         <name>.debug_info</name>
         <load_address>0x2474</load_address>
         <run_address>0x2474</run_address>
         <size>0x84</size>
         <input_file_ref idref="fl-3"/>
      </object_component>
      <object_component id="oc-318">
         <name>.debug_info</name>
         <load_address>0x24f8</load_address>
         <run_address>0x24f8</run_address>
         <size>0x366</size>
         <input_file_ref idref="fl-4"/>
      </object_component>
      <object_component id="oc-312">
         <name>.debug_info</name>
         <load_address>0x285e</load_address>
         <run_address>0x285e</run_address>
         <size>0xc6</size>
         <input_file_ref idref="fl-4"/>
      </object_component>
      <object_component id="oc-30f">
         <name>.debug_info</name>
         <load_address>0x2924</load_address>
         <run_address>0x2924</run_address>
         <size>0xc8</size>
         <input_file_ref idref="fl-4"/>
      </object_component>
      <object_component id="oc-315">
         <name>.debug_info</name>
         <load_address>0x29ec</load_address>
         <run_address>0x29ec</run_address>
         <size>0xc4</size>
         <input_file_ref idref="fl-4"/>
      </object_component>
      <object_component id="oc-1c5">
         <name>.debug_info</name>
         <load_address>0x2ab0</load_address>
         <run_address>0x2ab0</run_address>
         <size>0x1517</size>
         <input_file_ref idref="fl-4"/>
      </object_component>
      <object_component id="oc-162">
         <name>.debug_info</name>
         <load_address>0x3fc7</load_address>
         <run_address>0x3fc7</run_address>
         <size>0x776</size>
         <input_file_ref idref="fl-6"/>
      </object_component>
      <object_component id="oc-15e">
         <name>.debug_info</name>
         <load_address>0x473d</load_address>
         <run_address>0x473d</run_address>
         <size>0x200</size>
         <input_file_ref idref="fl-6"/>
      </object_component>
      <object_component id="oc-147">
         <name>.debug_info</name>
         <load_address>0x493d</load_address>
         <run_address>0x493d</run_address>
         <size>0x8a5</size>
         <input_file_ref idref="fl-6"/>
      </object_component>
      <object_component id="oc-270">
         <name>.debug_info</name>
         <load_address>0x51e2</load_address>
         <run_address>0x51e2</run_address>
         <size>0x481</size>
         <input_file_ref idref="fl-7"/>
      </object_component>
      <object_component id="oc-d1">
         <name>.debug_info</name>
         <load_address>0x5663</load_address>
         <run_address>0x5663</run_address>
         <size>0x3bf</size>
         <input_file_ref idref="fl-7"/>
      </object_component>
      <object_component id="oc-1ec">
         <name>.debug_info</name>
         <load_address>0x5a22</load_address>
         <run_address>0x5a22</run_address>
         <size>0x90e</size>
         <input_file_ref idref="fl-8"/>
      </object_component>
      <object_component id="oc-1ef">
         <name>.debug_info</name>
         <load_address>0x6330</load_address>
         <run_address>0x6330</run_address>
         <size>0x1ae</size>
         <input_file_ref idref="fl-8"/>
      </object_component>
      <object_component id="oc-1e9">
         <name>.debug_info</name>
         <load_address>0x64de</load_address>
         <run_address>0x64de</run_address>
         <size>0xef</size>
         <input_file_ref idref="fl-8"/>
      </object_component>
      <object_component id="oc-1f2">
         <name>.debug_info</name>
         <load_address>0x65cd</load_address>
         <run_address>0x65cd</run_address>
         <size>0xeb</size>
         <input_file_ref idref="fl-8"/>
      </object_component>
      <object_component id="oc-204">
         <name>.debug_info</name>
         <load_address>0x66b8</load_address>
         <run_address>0x66b8</run_address>
         <size>0x1b1</size>
         <input_file_ref idref="fl-8"/>
      </object_component>
      <object_component id="oc-49">
         <name>.debug_info</name>
         <load_address>0x6869</load_address>
         <run_address>0x6869</run_address>
         <size>0x7cb</size>
         <input_file_ref idref="fl-8"/>
      </object_component>
      <object_component id="oc-34e">
         <name>.debug_info</name>
         <load_address>0x7034</load_address>
         <run_address>0x7034</run_address>
         <size>0x2c</size>
         <input_file_ref idref="fl-8"/>
      </object_component>
      <object_component id="oc-199">
         <name>.debug_info</name>
         <load_address>0x7060</load_address>
         <run_address>0x7060</run_address>
         <size>0x7ce</size>
         <input_file_ref idref="fl-9"/>
      </object_component>
      <object_component id="oc-1a2">
         <name>.debug_info</name>
         <load_address>0x782e</load_address>
         <run_address>0x782e</run_address>
         <size>0x1a2</size>
         <input_file_ref idref="fl-9"/>
      </object_component>
      <object_component id="oc-3d">
         <name>.debug_info</name>
         <load_address>0x79d0</load_address>
         <run_address>0x79d0</run_address>
         <size>0x2b9</size>
         <input_file_ref idref="fl-9"/>
      </object_component>
      <object_component id="oc-419">
         <name>.debug_info</name>
         <load_address>0x7c89</load_address>
         <run_address>0x7c89</run_address>
         <size>0x173</size>
         <input_file_ref idref="fl-a"/>
      </object_component>
      <object_component id="oc-367">
         <name>.debug_info</name>
         <load_address>0x7dfc</load_address>
         <run_address>0x7dfc</run_address>
         <size>0x562</size>
         <input_file_ref idref="fl-a"/>
      </object_component>
      <object_component id="oc-19b">
         <name>.debug_info</name>
         <load_address>0x835e</load_address>
         <run_address>0x835e</run_address>
         <size>0x732</size>
         <input_file_ref idref="fl-b"/>
      </object_component>
      <object_component id="oc-19e">
         <name>.debug_info</name>
         <load_address>0x8a90</load_address>
         <run_address>0x8a90</run_address>
         <size>0x17f</size>
         <input_file_ref idref="fl-b"/>
      </object_component>
      <object_component id="oc-37">
         <name>.debug_info</name>
         <load_address>0x8c0f</load_address>
         <run_address>0x8c0f</run_address>
         <size>0x534</size>
         <input_file_ref idref="fl-b"/>
      </object_component>
      <object_component id="oc-1ca">
         <name>.debug_info</name>
         <load_address>0x9143</load_address>
         <run_address>0x9143</run_address>
         <size>0x7c3</size>
         <input_file_ref idref="fl-c"/>
      </object_component>
      <object_component id="oc-a9">
         <name>.debug_info</name>
         <load_address>0x9906</load_address>
         <run_address>0x9906</run_address>
         <size>0x200</size>
         <input_file_ref idref="fl-d"/>
      </object_component>
      <object_component id="oc-1d0">
         <name>.debug_info</name>
         <load_address>0x9b06</load_address>
         <run_address>0x9b06</run_address>
         <size>0x7f4</size>
         <input_file_ref idref="fl-e"/>
      </object_component>
      <object_component id="oc-1d4">
         <name>.debug_info</name>
         <load_address>0xa2fa</load_address>
         <run_address>0xa2fa</run_address>
         <size>0xff</size>
         <input_file_ref idref="fl-e"/>
      </object_component>
      <object_component id="oc-43">
         <name>.debug_info</name>
         <load_address>0xa3f9</load_address>
         <run_address>0xa3f9</run_address>
         <size>0x4fa</size>
         <input_file_ref idref="fl-e"/>
      </object_component>
      <object_component id="oc-fb">
         <name>.debug_info</name>
         <load_address>0xa8f3</load_address>
         <run_address>0xa8f3</run_address>
         <size>0x81e</size>
         <input_file_ref idref="fl-f"/>
      </object_component>
      <object_component id="oc-f5">
         <name>.debug_info</name>
         <load_address>0xb111</load_address>
         <run_address>0xb111</run_address>
         <size>0xf0</size>
         <input_file_ref idref="fl-f"/>
      </object_component>
      <object_component id="oc-f8">
         <name>.debug_info</name>
         <load_address>0xb201</load_address>
         <run_address>0xb201</run_address>
         <size>0xc8</size>
         <input_file_ref idref="fl-f"/>
      </object_component>
      <object_component id="oc-2b">
         <name>.debug_info</name>
         <load_address>0xb2c9</load_address>
         <run_address>0xb2c9</run_address>
         <size>0x5d9</size>
         <input_file_ref idref="fl-f"/>
      </object_component>
      <object_component id="oc-15a">
         <name>.debug_info</name>
         <load_address>0xb8a2</load_address>
         <run_address>0xb8a2</run_address>
         <size>0x9f0</size>
         <input_file_ref idref="fl-10"/>
      </object_component>
      <object_component id="oc-157">
         <name>.debug_info</name>
         <load_address>0xc292</load_address>
         <run_address>0xc292</run_address>
         <size>0x14d</size>
         <input_file_ref idref="fl-10"/>
      </object_component>
      <object_component id="oc-31">
         <name>.debug_info</name>
         <load_address>0xc3df</load_address>
         <run_address>0xc3df</run_address>
         <size>0xb55</size>
         <input_file_ref idref="fl-10"/>
      </object_component>
      <object_component id="oc-2d6">
         <name>.debug_info</name>
         <load_address>0xcf34</load_address>
         <run_address>0xcf34</run_address>
         <size>0x3da</size>
         <input_file_ref idref="fl-11"/>
      </object_component>
      <object_component id="oc-2c8">
         <name>.debug_info</name>
         <load_address>0xd30e</load_address>
         <run_address>0xd30e</run_address>
         <size>0xd1</size>
         <input_file_ref idref="fl-11"/>
      </object_component>
      <object_component id="oc-2d3">
         <name>.debug_info</name>
         <load_address>0xd3df</load_address>
         <run_address>0xd3df</run_address>
         <size>0xcb</size>
         <input_file_ref idref="fl-11"/>
      </object_component>
      <object_component id="oc-2cb">
         <name>.debug_info</name>
         <load_address>0xd4aa</load_address>
         <run_address>0xd4aa</run_address>
         <size>0xd9</size>
         <input_file_ref idref="fl-11"/>
      </object_component>
      <object_component id="oc-2c5">
         <name>.debug_info</name>
         <load_address>0xd583</load_address>
         <run_address>0xd583</run_address>
         <size>0xdd</size>
         <input_file_ref idref="fl-11"/>
      </object_component>
      <object_component id="oc-13f">
         <name>.debug_info</name>
         <load_address>0xd660</load_address>
         <run_address>0xd660</run_address>
         <size>0x7b6</size>
         <input_file_ref idref="fl-11"/>
      </object_component>
      <object_component id="oc-373">
         <name>.debug_info</name>
         <load_address>0xde16</load_address>
         <run_address>0xde16</run_address>
         <size>0x225</size>
         <input_file_ref idref="fl-17"/>
      </object_component>
      <object_component id="oc-36d">
         <name>.debug_info</name>
         <load_address>0xe03b</load_address>
         <run_address>0xe03b</run_address>
         <size>0x20d</size>
         <input_file_ref idref="fl-17"/>
      </object_component>
      <object_component id="oc-243">
         <name>.debug_info</name>
         <load_address>0xe248</load_address>
         <run_address>0xe248</run_address>
         <size>0x18b</size>
         <input_file_ref idref="fl-17"/>
      </object_component>
      <object_component id="oc-251">
         <name>.debug_info</name>
         <load_address>0xe3d3</load_address>
         <run_address>0xe3d3</run_address>
         <size>0x240</size>
         <input_file_ref idref="fl-18"/>
      </object_component>
      <object_component id="oc-3d0">
         <name>.debug_info</name>
         <load_address>0xe613</load_address>
         <run_address>0xe613</run_address>
         <size>0x167</size>
         <input_file_ref idref="fl-18"/>
      </object_component>
      <object_component id="oc-3d3">
         <name>.debug_info</name>
         <load_address>0xe77a</load_address>
         <run_address>0xe77a</run_address>
         <size>0x169</size>
         <input_file_ref idref="fl-18"/>
      </object_component>
      <object_component id="oc-2a7">
         <name>.debug_info</name>
         <load_address>0xe8e3</load_address>
         <run_address>0xe8e3</run_address>
         <size>0x15b</size>
         <input_file_ref idref="fl-18"/>
      </object_component>
      <object_component id="oc-a2">
         <name>.debug_info</name>
         <load_address>0xea3e</load_address>
         <run_address>0xea3e</run_address>
         <size>0x2a3</size>
         <input_file_ref idref="fl-18"/>
      </object_component>
      <object_component id="oc-24b">
         <name>.debug_info</name>
         <load_address>0xece1</load_address>
         <run_address>0xece1</run_address>
         <size>0x2b3</size>
         <input_file_ref idref="fl-18"/>
      </object_component>
      <object_component id="oc-1b8">
         <name>.debug_info</name>
         <load_address>0xef94</load_address>
         <run_address>0xef94</run_address>
         <size>0x316</size>
         <input_file_ref idref="fl-18"/>
      </object_component>
      <object_component id="oc-133">
         <name>.debug_info</name>
         <load_address>0xf2aa</load_address>
         <run_address>0xf2aa</run_address>
         <size>0x27b</size>
         <input_file_ref idref="fl-18"/>
      </object_component>
      <object_component id="oc-320">
         <name>.debug_info</name>
         <load_address>0xf525</load_address>
         <run_address>0xf525</run_address>
         <size>0x279</size>
         <input_file_ref idref="fl-18"/>
      </object_component>
      <object_component id="oc-9c">
         <name>.debug_info</name>
         <load_address>0xf79e</load_address>
         <run_address>0xf79e</run_address>
         <size>0x2b7</size>
         <input_file_ref idref="fl-18"/>
      </object_component>
      <object_component id="oc-d6">
         <name>.debug_info</name>
         <load_address>0xfa55</load_address>
         <run_address>0xfa55</run_address>
         <size>0x285</size>
         <input_file_ref idref="fl-18"/>
      </object_component>
      <object_component id="oc-18b">
         <name>.debug_info</name>
         <load_address>0xfcda</load_address>
         <run_address>0xfcda</run_address>
         <size>0x27b</size>
         <input_file_ref idref="fl-18"/>
      </object_component>
      <object_component id="oc-12d">
         <name>.debug_info</name>
         <load_address>0xff55</load_address>
         <run_address>0xff55</run_address>
         <size>0x280</size>
         <input_file_ref idref="fl-18"/>
      </object_component>
      <object_component id="oc-274">
         <name>.debug_info</name>
         <load_address>0x101d5</load_address>
         <run_address>0x101d5</run_address>
         <size>0x298</size>
         <input_file_ref idref="fl-18"/>
      </object_component>
      <object_component id="oc-c0">
         <name>.debug_info</name>
         <load_address>0x1046d</load_address>
         <run_address>0x1046d</run_address>
         <size>0x2bb</size>
         <input_file_ref idref="fl-18"/>
      </object_component>
      <object_component id="oc-ae">
         <name>.debug_info</name>
         <load_address>0x10728</load_address>
         <run_address>0x10728</run_address>
         <size>0x27f</size>
         <input_file_ref idref="fl-18"/>
      </object_component>
      <object_component id="oc-e2">
         <name>.debug_info</name>
         <load_address>0x109a7</load_address>
         <run_address>0x109a7</run_address>
         <size>0x2cf</size>
         <input_file_ref idref="fl-18"/>
      </object_component>
      <object_component id="oc-dc">
         <name>.debug_info</name>
         <load_address>0x10c76</load_address>
         <run_address>0x10c76</run_address>
         <size>0x28f</size>
         <input_file_ref idref="fl-18"/>
      </object_component>
      <object_component id="oc-1be">
         <name>.debug_info</name>
         <load_address>0x10f05</load_address>
         <run_address>0x10f05</run_address>
         <size>0x291</size>
         <input_file_ref idref="fl-18"/>
      </object_component>
      <object_component id="oc-b4">
         <name>.debug_info</name>
         <load_address>0x11196</load_address>
         <run_address>0x11196</run_address>
         <size>0x28d</size>
         <input_file_ref idref="fl-18"/>
      </object_component>
      <object_component id="oc-284">
         <name>.debug_info</name>
         <load_address>0x11423</load_address>
         <run_address>0x11423</run_address>
         <size>0x20e</size>
         <input_file_ref idref="fl-19"/>
      </object_component>
      <object_component id="oc-281">
         <name>.debug_info</name>
         <load_address>0x11631</load_address>
         <run_address>0x11631</run_address>
         <size>0x210</size>
         <input_file_ref idref="fl-19"/>
      </object_component>
      <object_component id="oc-3d7">
         <name>.debug_info</name>
         <load_address>0x11841</load_address>
         <run_address>0x11841</run_address>
         <size>0x157</size>
         <input_file_ref idref="fl-19"/>
      </object_component>
      <object_component id="oc-27a">
         <name>.debug_info</name>
         <load_address>0x11998</load_address>
         <run_address>0x11998</run_address>
         <size>0x2c1</size>
         <input_file_ref idref="fl-19"/>
      </object_component>
      <object_component id="oc-ee">
         <name>.debug_info</name>
         <load_address>0x11c59</load_address>
         <run_address>0x11c59</run_address>
         <size>0x23e</size>
         <input_file_ref idref="fl-19"/>
      </object_component>
      <object_component id="oc-e8">
         <name>.debug_info</name>
         <load_address>0x11e97</load_address>
         <run_address>0x11e97</run_address>
         <size>0x268</size>
         <input_file_ref idref="fl-19"/>
      </object_component>
      <object_component id="oc-173">
         <name>.debug_info</name>
         <load_address>0x120ff</load_address>
         <run_address>0x120ff</run_address>
         <size>0x26a</size>
         <input_file_ref idref="fl-19"/>
      </object_component>
      <object_component id="oc-30b">
         <name>.debug_info</name>
         <load_address>0x12369</load_address>
         <run_address>0x12369</run_address>
         <size>0x1ed</size>
         <input_file_ref idref="fl-1a"/>
      </object_component>
      <object_component id="oc-1b1">
         <name>.debug_info</name>
         <load_address>0x12556</load_address>
         <run_address>0x12556</run_address>
         <size>0x2f6</size>
         <input_file_ref idref="fl-1a"/>
      </object_component>
      <object_component id="oc-332">
         <name>.debug_info</name>
         <load_address>0x1284c</load_address>
         <run_address>0x1284c</run_address>
         <size>0x2c4</size>
         <input_file_ref idref="fl-1a"/>
      </object_component>
      <object_component id="oc-32c">
         <name>.debug_info</name>
         <load_address>0x12b10</load_address>
         <run_address>0x12b10</run_address>
         <size>0x2b6</size>
         <input_file_ref idref="fl-1a"/>
      </object_component>
      <object_component id="oc-338">
         <name>.debug_info</name>
         <load_address>0x12dc6</load_address>
         <run_address>0x12dc6</run_address>
         <size>0x276</size>
         <input_file_ref idref="fl-1a"/>
      </object_component>
      <object_component id="oc-413">
         <name>.debug_info</name>
         <load_address>0x1303c</load_address>
         <run_address>0x1303c</run_address>
         <size>0x278</size>
         <input_file_ref idref="fl-1a"/>
      </object_component>
      <object_component id="oc-326">
         <name>.debug_info</name>
         <load_address>0x132b4</load_address>
         <run_address>0x132b4</run_address>
         <size>0x2b3</size>
         <input_file_ref idref="fl-1a"/>
      </object_component>
      <object_component id="oc-40d">
         <name>.debug_info</name>
         <load_address>0x13567</load_address>
         <run_address>0x13567</run_address>
         <size>0x2e4</size>
         <input_file_ref idref="fl-1a"/>
      </object_component>
      <object_component id="oc-248">
         <name>.debug_info</name>
         <load_address>0x1384b</load_address>
         <run_address>0x1384b</run_address>
         <size>0x298</size>
         <input_file_ref idref="fl-1b"/>
      </object_component>
      <object_component id="oc-2a1">
         <name>.debug_info</name>
         <load_address>0x13ae3</load_address>
         <run_address>0x13ae3</run_address>
         <size>0x14d</size>
         <input_file_ref idref="fl-1b"/>
      </object_component>
      <object_component id="oc-98">
         <name>.debug_info</name>
         <load_address>0x13c30</load_address>
         <run_address>0x13c30</run_address>
         <size>0x27f</size>
         <input_file_ref idref="fl-1b"/>
      </object_component>
      <object_component id="oc-2af">
         <name>.debug_info</name>
         <load_address>0x13eaf</load_address>
         <run_address>0x13eaf</run_address>
         <size>0x283</size>
         <input_file_ref idref="fl-1b"/>
      </object_component>
      <object_component id="oc-92">
         <name>.debug_info</name>
         <load_address>0x14132</load_address>
         <run_address>0x14132</run_address>
         <size>0x27d</size>
         <input_file_ref idref="fl-1b"/>
      </object_component>
      <object_component id="oc-31b">
         <name>.debug_info</name>
         <load_address>0x143af</load_address>
         <run_address>0x143af</run_address>
         <size>0x263</size>
         <input_file_ref idref="fl-1b"/>
      </object_component>
      <object_component id="oc-379">
         <name>.debug_info</name>
         <load_address>0x14612</load_address>
         <run_address>0x14612</run_address>
         <size>0x2db</size>
         <input_file_ref idref="fl-1b"/>
      </object_component>
      <object_component id="oc-11a">
         <name>.debug_info</name>
         <load_address>0x148ed</load_address>
         <run_address>0x148ed</run_address>
         <size>0x2b5</size>
         <input_file_ref idref="fl-1b"/>
      </object_component>
      <object_component id="oc-3bf">
         <name>.debug_info</name>
         <load_address>0x14ba2</load_address>
         <run_address>0x14ba2</run_address>
         <size>0x5f</size>
         <input_file_ref idref="fl-1b"/>
      </object_component>
      <object_component id="oc-257">
         <name>.debug_info</name>
         <load_address>0x14c01</load_address>
         <run_address>0x14c01</run_address>
         <size>0x223</size>
         <input_file_ref idref="fl-1c"/>
      </object_component>
      <object_component id="oc-ba">
         <name>.debug_info</name>
         <load_address>0x14e24</load_address>
         <run_address>0x14e24</run_address>
         <size>0x28a</size>
         <input_file_ref idref="fl-1c"/>
      </object_component>
      <object_component id="oc-16e">
         <name>.debug_info</name>
         <load_address>0x150ae</load_address>
         <run_address>0x150ae</run_address>
         <size>0x2ba</size>
         <input_file_ref idref="fl-1c"/>
      </object_component>
      <object_component id="oc-180">
         <name>.debug_info</name>
         <load_address>0x15368</load_address>
         <run_address>0x15368</run_address>
         <size>0x284</size>
         <input_file_ref idref="fl-1c"/>
      </object_component>
      <object_component id="oc-192">
         <name>.debug_info</name>
         <load_address>0x155ec</load_address>
         <run_address>0x155ec</run_address>
         <size>0x294</size>
         <input_file_ref idref="fl-1c"/>
      </object_component>
      <object_component id="oc-1ac">
         <name>.debug_info</name>
         <load_address>0x15880</load_address>
         <run_address>0x15880</run_address>
         <size>0x296</size>
         <input_file_ref idref="fl-1c"/>
      </object_component>
      <object_component id="oc-186">
         <name>.debug_info</name>
         <load_address>0x15b16</load_address>
         <run_address>0x15b16</run_address>
         <size>0x292</size>
         <input_file_ref idref="fl-1c"/>
      </object_component>
      <object_component id="oc-17a">
         <name>.debug_info</name>
         <load_address>0x15da8</load_address>
         <run_address>0x15da8</run_address>
         <size>0x27f</size>
         <input_file_ref idref="fl-1c"/>
      </object_component>
      <object_component id="oc-167">
         <name>.debug_info</name>
         <load_address>0x16027</load_address>
         <run_address>0x16027</run_address>
         <size>0x28c</size>
         <input_file_ref idref="fl-1c"/>
      </object_component>
      <object_component id="oc-29d">
         <name>.debug_info</name>
         <load_address>0x162b3</load_address>
         <run_address>0x162b3</run_address>
         <size>0x227</size>
         <input_file_ref idref="fl-1d"/>
      </object_component>
      <object_component id="oc-108">
         <name>.debug_info</name>
         <load_address>0x164da</load_address>
         <run_address>0x164da</run_address>
         <size>0x27f</size>
         <input_file_ref idref="fl-1d"/>
      </object_component>
      <object_component id="oc-151">
         <name>.debug_info</name>
         <load_address>0x16759</load_address>
         <run_address>0x16759</run_address>
         <size>0x28f</size>
         <input_file_ref idref="fl-1d"/>
      </object_component>
      <object_component id="oc-10e">
         <name>.debug_info</name>
         <load_address>0x169e8</load_address>
         <run_address>0x169e8</run_address>
         <size>0x28d</size>
         <input_file_ref idref="fl-1d"/>
      </object_component>
      <object_component id="oc-1de">
         <name>.debug_info</name>
         <load_address>0x16c75</load_address>
         <run_address>0x16c75</run_address>
         <size>0x2cf</size>
         <input_file_ref idref="fl-1d"/>
      </object_component>
      <object_component id="oc-1d8">
         <name>.debug_info</name>
         <load_address>0x16f44</load_address>
         <run_address>0x16f44</run_address>
         <size>0x24f</size>
         <input_file_ref idref="fl-1d"/>
      </object_component>
      <object_component id="oc-2b3">
         <name>.debug_info</name>
         <load_address>0x17193</load_address>
         <run_address>0x17193</run_address>
         <size>0x247</size>
         <input_file_ref idref="fl-1d"/>
      </object_component>
      <object_component id="oc-2e3">
[...]
      </symbol>
      <symbol id="sm-3e9">
         <name>GetAverageDistance</name>
         <value>0x2bd3</value>
         <object_component_ref idref="oc-2a"/>
      </symbol>
      <symbol id="sm-3ea">
         <name>DataIsReady</name>
         <value>0x20000480</value>
         <object_component_ref idref="oc-f4"/>
      </symbol>
      <symbol id="sm-3eb">
         <name>Sonar_Configure</name>
         <value>0x2af5</value>
         <object_component_ref idref="oc-2a"/>
      </symbol>
      <symbol id="sm-3ec">
         <name>Sonar_GPIOA_Interrupt</name>
         <value>0x2c65</value>
         <object_component_ref idref="oc-2a"/>
      </symbol>
      <symbol id="sm-3ed">
         <name>Sonar_GPIOA_Configure</name>
         <value>0x2c47</value>
         <object_component_ref idref="oc-2a"/>
      </symbol>
      <symbol id="sm-3ee">
         <name>fPeriod</name>
         <value>0x20000478</value>
         <object_component_ref idref="oc-f4"/>
      </symbol>
      <symbol id="sm-3ef">
         <name>SonarTrig</name>
         <value>0x2b1f</value>
         <object_component_ref idref="oc-2a"/>
      </symbol>
      <symbol id="sm-3f0">
         <name>Int_Handler_GPIOA</name>
         <value>0x2b41</value>
         <object_component_ref idref="oc-2a"/>
      </symbol>
      <symbol id="sm-446">
         <name>ReciveData_UART0</name>
         <value>0x20000799</value>
      </symbol>
      <symbol id="sm-447">
         <name>ReciveData_UART1</name>
         <value>0x200007a9</value>
      </symbol>
      <symbol id="sm-448">
         <name>ReciveData_UART3</name>
         <value>0x200007b9</value>
      </symbol>
      <symbol id="sm-449">
         <name>UART1IntHandler</name>
         <value>0x20e3</value>
         <object_component_ref idref="oc-30"/>
      </symbol>
      <symbol id="sm-44a">
         <name>UART3IntHandler</name>
         <value>0x2201</value>
         <object_component_ref idref="oc-30"/>
      </symbol>
      <symbol id="sm-44b">
         <name>Uart1Iint</name>
         <value>0x21af</value>
         <object_component_ref idref="oc-30"/>
      </symbol>
      <symbol id="sm-44c">
         <name>UART3Iint</name>
         <value>0x22cd</value>
         <object_component_ref idref="oc-30"/>
      </symbol>
      <symbol id="sm-44d">
         <name>Uart0Iint</name>
         <value>0x208d</value>
         <object_component_ref idref="oc-30"/>
      </symbol>
      <symbol id="sm-44e">
         <name>UART1Send</name>
         <value>0x2187</value>
         <object_component_ref idref="oc-30"/>
      </symbol>
      <symbol id="sm-44f">
         <name>UART0Send</name>
         <value>0x2065</value>
         <object_component_ref idref="oc-30"/>
      </symbol>
      <symbol id="sm-450">
         <name>ReciveData_i_UART3</name>
         <value>0x20000476</value>
         <object_component_ref idref="oc-156"/>
      </symbol>
      <symbol id="sm-451">
         <name>ReciveData_i_UART1</name>
         <value>0x20000475</value>
         <object_component_ref idref="oc-156"/>
      </symbol>
      <symbol id="sm-452">
         <name>ReciveData_i_UART0</name>
         <value>0x20000474</value>
         <object_component_ref idref="oc-156"/>
      </symbol>
      <symbol id="sm-453">
         <name>UARTIntHandler</name>
         <value>0x1ff9</value>
         <object_component_ref idref="oc-30"/>
      </symbol>
      <symbol id="sm-454">
         <name>UART3Send</name>
         <value>0x2295</value>
         <object_component_ref idref="oc-30"/>
      </symbol>
      <symbol id="sm-4c3">
         <name>UARTgetc</name>
         <value>0x182b</value>
         <object_component_ref idref="oc-13e"/>
      </symbol>
      <symbol id="sm-4c4">
         <name>UARTgets</name>
         <value>0x1771</value>
         <object_component_ref idref="oc-13e"/>
      </symbol>
      <symbol id="sm-4c5">
         <name>UARTStdioConfig</name>
         <value>0x16e5</value>
         <object_component_ref idref="oc-13e"/>
      </symbol>
      <symbol id="sm-4c6">
         <name>UARTwrite</name>
         <value>0x172b</value>
         <object_component_ref idref="oc-13e"/>
      </symbol>
      <symbol id="sm-4c7">
         <name>UARTprintf</name>
         <value>0x1b4b</value>
         <object_component_ref idref="oc-13e"/>
      </symbol>
      <symbol id="sm-4c8">
         <name>UARTvprintf</name>
         <value>0x1851</value>
         <object_component_ref idref="oc-13e"/>
      </symbol>
      <symbol id="sm-4e3">
         <name>FPULazyStackingEnable</name>
         <value>0x4225</value>
         <object_component_ref idref="oc-372"/>
      </symbol>
      <symbol id="sm-4e4">
         <name>FPUEnable</name>
         <value>0x4215</value>
         <object_component_ref idref="oc-36c"/>
      </symbol>
      <symbol id="sm-58d">
         <name>GPIOPinTypePWM</name>
         <value>0x41bb</value>
         <object_component_ref idref="oc-31f"/>
      </symbol>
      <symbol id="sm-58e">
         <name>GPIOIntRegister</name>
         <value>0x414f</value>
         <object_component_ref idref="oc-e1"/>
      </symbol>
      <symbol id="sm-58f">
         <name>GPIOPinConfigure</name>
         <value>0x3d4d</value>
         <object_component_ref idref="oc-12c"/>
      </symbol>
      <symbol id="sm-590">
         <name>GPIOIntDisable</name>
         <value>0x4265</value>
         <object_component_ref idref="oc-1bd"/>
      </symbol>
      <symbol id="sm-591">
         <name>GPIOIntEnable</name>
         <value>0x42d3</value>
         <object_component_ref idref="oc-db"/>
      </symbol>
      <symbol id="sm-592">
         <name>GPIOIntTypeSet</name>
         <value>0x3cf5</value>
         <object_component_ref idref="oc-bf"/>
      </symbol>
      <symbol id="sm-593">
         <name>GPIOPinTypeGPIOInput</name>
         <value>0x41a9</value>
         <object_component_ref idref="oc-d5"/>
      </symbol>
      <symbol id="sm-594">
         <name>GPIOIntClear</name>
         <value>0x4359</value>
         <object_component_ref idref="oc-b3"/>
      </symbol>
      <symbol id="sm-595">
         <name>GPIOPinTypeUART</name>
         <value>0x41cd</value>
         <object_component_ref idref="oc-132"/>
      </symbol>
      <symbol id="sm-596">
         <name>GPIOIntStatus</name>
         <value>0x4273</value>
         <object_component_ref idref="oc-ad"/>
      </symbol>
      <symbol id="sm-597">
         <name>GPIOPinTypeGPIOOutput</name>
         <value>0x4167</value>
         <object_component_ref idref="oc-9b"/>
      </symbol>
      <symbol id="sm-598">
         <name>GPIOPinRead</name>
         <value>0x435f</value>
         <object_component_ref idref="oc-18a"/>
      </symbol>
      <symbol id="sm-599">
         <name>GPIODirModeSet</name>
         <value>0x40a3</value>
         <object_component_ref idref="oc-24a"/>
      </symbol>
      <symbol id="sm-59a">
         <name>GPIOPinWrite</name>
         <value>0x4365</value>
         <object_component_ref idref="oc-a1"/>
      </symbol>
      <symbol id="sm-59b">
         <name>GPIOPadConfigSet</name>
         <value>0x349b</value>
         <object_component_ref idref="oc-1b7"/>
      </symbol>
      <symbol id="sm-5f0">
         <name>IntEnable</name>
         <value>0x3bc5</value>
         <object_component_ref idref="oc-e7"/>
      </symbol>
      <symbol id="sm-5f1">
         <name>IntDisable</name>
         <value>0x3b5d</value>
         <object_component_ref idref="oc-172"/>
      </symbol>
      <symbol id="sm-5f2">
         <name>IntRegister</name>
         <value>0x400d</value>
         <object_component_ref idref="oc-279"/>
      </symbol>
      <symbol id="sm-5f3">
         <name>g_pfnRAMVectors</name>
         <value>0x20000000</value>
         <object_component_ref idref="oc-3d6"/>
      </symbol>
      <symbol id="sm-5f4">
         <name>IntMasterEnable</name>
         <value>0x4235</value>
         <object_component_ref idref="oc-ed"/>
      </symbol>
      <symbol id="sm-631">
         <name>PWMGenPeriodSet</name>
         <value>0x4255</value>
         <object_component_ref idref="oc-32b"/>
      </symbol>
      <symbol id="sm-632">
         <name>PWMGenDisable</name>
         <value>0x42df</value>
         <object_component_ref idref="oc-412"/>
      </symbol>
      <symbol id="sm-633">
         <name>PWMDeadBandEnable</name>
         <value>0x4245</value>
         <object_component_ref idref="oc-40c"/>
      </symbol>
      <symbol id="sm-634">
         <name>PWMPulseWidthSet</name>
         <value>0x4131</value>
         <object_component_ref idref="oc-1b0"/>
      </symbol>
      <symbol id="sm-635">
         <name>PWMOutputState</name>
         <value>0x41df</value>
         <object_component_ref idref="oc-331"/>
      </symbol>
      <symbol id="sm-636">
         <name>PWMGenEnable</name>
         <value>0x42eb</value>
         <object_component_ref idref="oc-337"/>
      </symbol>
      <symbol id="sm-637">
         <name>PWMGenConfigure</name>
         <value>0x40cd</value>
         <object_component_ref idref="oc-325"/>
      </symbol>
      <symbol id="sm-6a9">
         <name>SysCtlPeripheralPresent</name>
         <value>0x3f2d</value>
         <object_component_ref idref="oc-2ac"/>
      </symbol>
      <symbol id="sm-6aa">
         <name>SysCtlClockSet</name>
         <value>0x37d9</value>
         <object_component_ref idref="oc-378"/>
      </symbol>
      <symbol id="sm-6ab">
         <name>SysCtlDelay</name>
         <value>0x436b</value>
         <object_component_ref idref="oc-11f"/>
      </symbol>
      <symbol id="sm-6ac">
         <name>SysCtlPeripheralEnable</name>
         <value>0x4041</value>
         <object_component_ref idref="oc-8f"/>
      </symbol>
      <symbol id="sm-6ad">
         <name>SysCtlClockGet</name>
         <value>0x35cd</value>
         <object_component_ref idref="oc-119"/>
      </symbol>
      <symbol id="sm-6ae">
         <name>SysCtlPWMClockSet</name>
         <value>0x4181</value>
         <object_component_ref idref="oc-319"/>
      </symbol>
      <symbol id="sm-6af">
         <name>SysCtlPeripheralReady</name>
         <value>0x3f65</value>
         <object_component_ref idref="oc-95"/>
      </symbol>
      <symbol id="sm-6fb">
         <name>TimerLoadSet</name>
         <value>0x41f1</value>
         <object_component_ref idref="oc-16c"/>
      </symbol>
      <symbol id="sm-6fc">
         <name>TimerEnable</name>
         <value>0x4281</value>
         <object_component_ref idref="oc-178"/>
      </symbol>
      <symbol id="sm-6fd">
         <name>TimerIntStatus</name>
         <value>0x430d</value>
         <object_component_ref idref="oc-17e"/>
      </symbol>
      <symbol id="sm-6fe">
         <name>TimerIntDisable</name>
         <value>0x4303</value>
         <object_component_ref idref="oc-1aa"/>
      </symbol>
      <symbol id="sm-6ff">
         <name>TimerValueGet</name>
         <value>0x4317</value>
         <object_component_ref idref="oc-b9"/>
      </symbol>
      <symbol id="sm-700">
         <name>TimerIntEnable</name>
         <value>0x4349</value>
         <object_component_ref idref="oc-190"/>
      </symbol>
      <symbol id="sm-701">
         <name>TimerConfigure</name>
         <value>0x3c95</value>
         <object_component_ref idref="oc-166"/>
      </symbol>
      <symbol id="sm-702">
         <name>TimerIntClear</name>
         <value>0x437d</value>
         <object_component_ref idref="oc-184"/>
      </symbol>
      <symbol id="sm-77d">
         <name>UARTCharPutNonBlocking</name>
         <value>0x429d</value>
         <object_component_ref idref="oc-126"/>
      </symbol>
      <symbol id="sm-77e">
         <name>UARTConfigSetExpClk</name>
         <value>0x3ddd</value>
         <object_component_ref idref="oc-14a"/>
      </symbol>
      <symbol id="sm-77f">
         <name>UARTDisable</name>
         <value>0x40f1</value>
         <object_component_ref idref="oc-2e2"/>
      </symbol>
      <symbol id="sm-780">
         <name>UARTIntEnable</name>
         <value>0x4351</value>
         <object_component_ref idref="oc-150"/>
      </symbol>
      <symbol id="sm-781">
         <name>UARTCharsAvail</name>
         <value>0x42ab</value>
         <object_component_ref idref="oc-120"/>
      </symbol>
      <symbol id="sm-782">
         <name>UARTCharGetNonBlocking</name>
         <value>0x428f</value>
         <object_component_ref idref="oc-113"/>
      </symbol>
      <symbol id="sm-783">
         <name>UARTClockSourceSet</name>
         <value>0x4371</value>
         <object_component_ref idref="oc-138"/>
      </symbol>
      <symbol id="sm-784">
         <name>UARTCharPut</name>
         <value>0x432b</value>
         <object_component_ref idref="oc-2b8"/>
      </symbol>
      <symbol id="sm-785">
         <name>UARTEnable</name>
         <value>0x4195</value>
         <object_component_ref idref="oc-2b2"/>
      </symbol>
      <symbol id="sm-786">
         <name>UARTFIFOEnable</name>
         <value>0x4335</value>
         <object_component_ref idref="oc-1d7"/>
      </symbol>
      <symbol id="sm-787">
         <name>UARTIntClear</name>
         <value>0x4381</value>
         <object_component_ref idref="oc-10d"/>
      </symbol>
      <symbol id="sm-788">
         <name>UARTIntStatus</name>
         <value>0x433f</value>
         <object_component_ref idref="oc-107"/>
      </symbol>
      <symbol id="sm-789">
         <name>UARTCharGet</name>
         <value>0x4321</value>
         <object_component_ref idref="oc-2be"/>
      </symbol>
      <symbol id="sm-78a">
         <name>UARTFIFOLevelSet</name>
         <value>0x4377</value>
         <object_component_ref idref="oc-1dd"/>
      </symbol>
      <symbol id="sm-794">
         <name>CPUcpsie</name>
         <value>0x42c7</value>
         <object_component_ref idref="oc-285"/>
      </symbol>
      <symbol id="sm-7a3">
         <name>__aeabi_uidivmod</name>
         <value>0x3eed</value>
         <object_component_ref idref="oc-2cd"/>
      </symbol>
      <symbol id="sm-7a4">
         <name>__aeabi_uidiv</name>
         <value>0x3eed</value>
         <object_component_ref idref="oc-2cd"/>
      </symbol>
      <symbol id="sm-7b3">
         <name>__aeabi_memset</name>
         <value>0x3a77</value>
         <object_component_ref idref="oc-1e3"/>
      </symbol>
      <symbol id="sm-7b4">
         <name>memset</name>
         <value>0x3a7d</value>
         <object_component_ref idref="oc-1e3"/>
      </symbol>
      <symbol id="sm-7b5">
         <name>__aeabi_memset8</name>
         <value>0x3a77</value>
         <object_component_ref idref="oc-1e3"/>
      </symbol>
      <symbol id="sm-7b6">
         <name>__aeabi_memset4</name>
         <value>0x3a77</value>
         <object_component_ref idref="oc-1e3"/>
      </symbol>
      <symbol id="sm-7b7">
         <name>__aeabi_memclr8</name>
         <value>0x3a75</value>
         <object_component_ref idref="oc-1e3"/>
      </symbol>
      <symbol id="sm-7b8">
         <name>__aeabi_memclr4</name>
         <value>0x3a75</value>
         <object_component_ref idref="oc-1e3"/>
      </symbol>
      <symbol id="sm-7b9">
         <name>__aeabi_memclr</name>
         <value>0x3a75</value>
         <object_component_ref idref="oc-1e3"/>
      </symbol>
      <symbol id="sm-7d0">
         <name>__aeabi_dsub</name>
         <value>0x2e91</value>
         <object_component_ref idref="oc-1fe"/>
      </symbol>
      <symbol id="sm-7d1">
         <name>__aeabi_dadd</name>
         <value>0x2e9b</value>
         <object_component_ref idref="oc-1fe"/>
      </symbol>
      <symbol id="sm-7f3">
         <name>__aeabi_cdcmpeq</name>
         <value>0x3969</value>
         <object_component_ref idref="oc-25b"/>
      </symbol>
      <symbol id="sm-7f4">
         <name>__aeabi_cdcmple</name>
         <value>0x3969</value>
         <object_component_ref idref="oc-25b"/>
      </symbol>
      <symbol id="sm-7f5">
         <name>__aeabi_cdrcmple</name>
         <value>0x39ef</value>
         <object_component_ref idref="oc-260"/>
      </symbol>
      <symbol id="sm-809">
         <name>__aeabi_ddiv</name>
         <value>0x3365</value>
         <object_component_ref idref="oc-26a"/>
      </symbol>
      <symbol id="sm-814">
         <name>__aeabi_dmul</name>
         <value>0x36dd</value>
         <object_component_ref idref="oc-ca"/>
      </symbol>
      <symbol id="sm-81e">
         <name>__aeabi_d2iz</name>
         <value>0x3d95</value>
         <object_component_ref idref="oc-2dc"/>
      </symbol>
      <symbol id="sm-82a">
         <name>__aeabi_d2f</name>
         <value>0x3aef</value>
         <object_component_ref idref="oc-1f9"/>
      </symbol>
      <symbol id="sm-835">
         <name>__aeabi_f2d</name>
         <value>0x3fd5</value>
         <object_component_ref idref="oc-1f4"/>
      </symbol>
      <symbol id="sm-83f">
         <name>__aeabi_i2d</name>
         <value>0x4075</value>
         <object_component_ref idref="oc-265"/>
      </symbol>
      <symbol id="sm-85a">
         <name>memcpy</name>
         <value>0x38cd</value>
         <object_component_ref idref="oc-5c"/>
      </symbol>
      <symbol id="sm-85b">
         <name>__aeabi_memcpy</name>
         <value>0x38cd</value>
         <object_component_ref idref="oc-5c"/>
      </symbol>
      <symbol id="sm-85c">
         <name>__aeabi_memcpy8</name>
         <value>0x38cd</value>
         <object_component_ref idref="oc-5c"/>
      </symbol>
      <symbol id="sm-85d">
         <name>__aeabi_memcpy4</name>
         <value>0x38cd</value>
         <object_component_ref idref="oc-5c"/>
      </symbol>
      <symbol id="sm-867">
         <name>__aeabi_ui2d</name>
         <value>0x4111</value>
         <object_component_ref idref="oc-c5"/>
      </symbol>
      <symbol id="sm-87b">
         <name>__TI_zero_init_nomemset</name>
         <value>0x4203</value>
         <object_component_ref idref="oc-68"/>
      </symbol>
      <symbol id="sm-892">
         <name>__TI_decompress_none</name>
         <value>0x42b9</value>
         <object_component_ref idref="oc-18"/>
      </symbol>
      <symbol id="sm-8b5">
         <name>__TI_decompress_lzss</name>
         <value>0x3c2d</value>
         <object_component_ref idref="oc-12"/>
      </symbol>
      <symbol id="sm-8c8">
         <name>__stack</name>
         <value>0x200004a8</value>
         <object_component_ref idref="oc-21"/>
      </symbol>
      <symbol id="sm-8c9">
         <name>_c_int00_noargs</name>
         <value>0x3f9d</value>
         <object_component_ref idref="oc-7a"/>
      </symbol>
      <symbol id="sm-8d4">
         <name>C$$EXIT</name>
         <value>0x4389</value>
         <object_component_ref idref="oc-37f"/>
      </symbol>
      <symbol id="sm-8d5">
         <name>abort</name>
         <value>0x4389</value>
         <object_component_ref idref="oc-37f"/>
      </symbol>
      <symbol id="sm-8e1">
         <name>__aeabi_idiv0</name>
         <value>0x3047</value>
         <object_component_ref idref="oc-3ef"/>
      </symbol>
      <symbol id="sm-8e2">
         <name>__aeabi_ldiv0</name>
         <value>0x3047</value>
         <object_component_ref idref="oc-3ef"/>
      </symbol>
      <symbol id="sm-90a">
         <name>__TI_auto_init_nobinit_nopinit</name>
         <value>0x3e69</value>
         <object_component_ref idref="oc-38b"/>
      </symbol>
      <symbol id="sm-914">
         <name>_system_pre_init</name>
         <value>0x4385</value>
         <object_component_ref idref="oc-22a"/>
      </symbol>
      <symbol id="sm-916">
         <name>__TI_static_base__</name>
         <value>0x0</value>
      </symbol>
      <symbol id="sm-919">
         <name>__mpu_init</name>
         <value>0x0</value>
      </symbol>
      <symbol id="sm-91a">
         <name>_system_post_cinit</name>
         <value>0x0</value>
      </symbol>
   </symbol_table>
   <title>Link successful</title>
</link_info>
