******************************************************************************
                  TI ARM Linker PC v18.1.2                     
******************************************************************************
>> Linked Mon Jul 16 15:46:03 2018

OUTPUT FILE NAME:   <Four_axes_2018.out>
ENTRY POINT SYMBOL: "_c_int00_noargs"  address: 00003f65


MEMORY CONFIGURATION

         name            origin    length      used     unused   attr    fill
----------------------  --------  ---------  --------  --------  ----  --------
  FLASH                 00000000   00040000  00005028  0003afd8  R  X
  SRAM                  20000000   00008000  000007dc  00007824  RW X


SEGMENT ALLOCATION MAP

run origin  load origin   length   init length attrs members
----------  ----------- ---------- ----------- ----- -------
00000000    00000000    00005030   00005030    r-x
  00000000    00000000    0000026c   0000026c    r-- .intvecs
  0000026c    0000026c    000040e8   000040e8    r-x .text
  00004358    00004358    00000ba4   00000ba4    r-- .const
  00004f00    00004f00    00000130   00000130    r-- .cinit
20000000    20000000    000007e7   00000000    rw-
  20000000    20000000    0000026c   00000000    rw- .vtable
  20000270    20000270    00000231   00000000    rw- .data
  200004a8    200004a8    00000200   00000000    rw- .stack
  200006a8    200006a8    0000013f   00000000    rw- .bss


SECTION ALLOCATION MAP

 output                                  attributes/
section   page    origin      length       input sections
--------  ----  ----------  ----------   ----------------
.intvecs   0    00000000    0000026c     
                  00000000    0000026c     tm4c123gh6pm_startup_ccs.obj (.intvecs)

.text      0    0000026c    000040e8     
                  0000026c    0000082c     OLED.obj (.text)
                  00000a98    000007b8     pid.obj (.text)
                  00001250    00000508     Control.obj (.text)
                  00001758    0000049c     uartstdio.obj (.text)
                  00001bf4    000003f8     Mavlink_test.obj (.text)
                  00001fec    000003e4     uart_echo.obj (.text)
                  000023d0    000002a0     key.obj (.text)
                  00002670    0000029c     colorful_LED.obj (.text)
                  0000290c    000001dc     pwm.obj (.text)
                  00002ae8    000001d8     sonar.obj (.text)
                  00002cc0    000001c4     main.obj (.text)
                  00002e84    000001b6     rtsv7M4_T_le_v4SPD16_eabi.lib : fd_add_t2.asm.obj (.text)
                  0000303a    00000002                                   : div0.asm.obj (.text)
                  0000303c    000001b0     filter.obj (.text)
                  000031ec    00000140     Timer.obj (.text)
                  0000332c    00000136     rtsv7M4_T_le_v4SPD16_eabi.lib : fd_div_t2.asm.obj (.text)
                  00003462    00000132     driverlib.lib : gpio.obj (.text:GPIOPadConfigSet)
                  00003594    00000110                   : sysctl.obj (.text:SysCtlClockGet)
                  000036a4    000000fc     rtsv7M4_T_le_v4SPD16_eabi.lib : fd_mul_t2.asm.obj (.text)
                  000037a0    000000f4     driverlib.lib : sysctl.obj (.text:SysCtlClockSet)
                  00003894    0000009c     rtsv7M4_T_le_v4SPD16_eabi.lib : memcpy_t2.asm.obj (.text)
                  00003930    00000086                                   : fd_cmp_t2.asm.obj (.text:__aeabi_cdcmple)
                  000039b6    00000086                                   : fd_cmp_t2.asm.obj (.text:__aeabi_cdrcmple)
                  00003a3c    0000007a                                   : memset_t2.asm.obj (.text)
                  00003ab6    0000006e                                   : fd_tos_t2.asm.obj (.text)
                  00003b24    00000068     driverlib.lib : interrupt.obj (.text:IntDisable)
                  00003b8c    00000068                   : interrupt.obj (.text:IntEnable)
                  00003bf4    00000068     rtsv7M4_T_le_v4SPD16_eabi.lib : copy_decompress_lzss.c.obj (.text:decompress:lzss:__TI_decompress_lzss)
                  00003c5c    00000060     driverlib.lib : timer.obj (.text:TimerConfigure)
                  00003cbc    00000056                   : gpio.obj (.text:GPIOIntTypeSet)
                  00003d12    00000002     --HOLE-- [fill = 0]
                  00003d14    00000048                   : gpio.obj (.text:GPIOPinConfigure)
                  00003d5c    00000048     rtsv7M4_T_le_v4SPD16_eabi.lib : fd_toi_t2.asm.obj (.text)
                  00003da4    00000046     driverlib.lib : uart.obj (.text:UARTConfigSetExpClk)
                  00003dea    00000002     --HOLE-- [fill = 0]
                  00003dec    00000044                   : gpio.obj (.text:_GPIOIntNumberGet)
                  00003e30    00000044     rtsv7M4_T_le_v4SPD16_eabi.lib : autoinit.c.obj (.text:__TI_auto_init_nobinit_nopinit:__TI_auto_init_nobinit_nopinit)
                  00003e74    00000040     delay.obj (.text)
                  00003eb4    00000040     rtsv7M4_T_le_v4SPD16_eabi.lib : u_divt2.asm.obj (.text)
                  00003ef4    00000038     driverlib.lib : sysctl.obj (.text:SysCtlPeripheralPresent)
                  00003f2c    00000038                   : sysctl.obj (.text:SysCtlPeripheralReady)
                  00003f64    00000038     rtsv7M4_T_le_v4SPD16_eabi.lib : boot_cortex_m.c.obj (.text:_c_int00_noargs:_c_int00_noargs)
                  00003f9c    00000038                                   : fs_tod_t2.asm.obj (.text)
                  00003fd4    00000034     driverlib.lib : interrupt.obj (.text:IntRegister)
                  00004008    00000034                   : sysctl.obj (.text:SysCtlPeripheralEnable)
                  0000403c    0000002e     rtsv7M4_T_le_v4SPD16_eabi.lib : i_tofd_t2.asm.obj (.text)
                  0000406a    0000002a     driverlib.lib : gpio.obj (.text:GPIODirModeSet)
                  00004094    00000022                   : pwm.obj (.text:PWMGenConfigure)
                  000040b6    00000002     --HOLE-- [fill = 0]
                  000040b8    00000020                   : uart.obj (.text:UARTDisable)
                  000040d8    00000020     rtsv7M4_T_le_v4SPD16_eabi.lib : u_tofd_t2.asm.obj (.text)
                  000040f8    0000001e     driverlib.lib : pwm.obj (.text:PWMPulseWidthSet)
                  00004116    00000018                   : gpio.obj (.text:GPIOIntRegister)
                  0000412e    00000018                   : gpio.obj (.text:GPIOPinTypeGPIOOutput)
                  00004146    00000002     --HOLE-- [fill = 0]
                  00004148    00000014                   : sysctl.obj (.text:SysCtlPWMClockSet)
                  0000415c    00000014                   : uart.obj (.text:UARTEnable)
                  00004170    00000012                   : gpio.obj (.text:GPIOPinTypeGPIOInput)
                  00004182    00000012                   : gpio.obj (.text:GPIOPinTypePWM)
                  00004194    00000012                   : gpio.obj (.text:GPIOPinTypeUART)
                  000041a6    00000012                   : pwm.obj (.text:PWMOutputState)
                  000041b8    00000012                   : timer.obj (.text:TimerLoadSet)
                  000041ca    00000012     rtsv7M4_T_le_v4SPD16_eabi.lib : copy_zero_init.c.obj (.text:decompress:ZI:__TI_zero_init_nomemset:__TI_zero_init_nomemset)
                  000041dc    00000010     driverlib.lib : fpu.obj (.text:FPUEnable)
                  000041ec    00000010                   : fpu.obj (.text:FPULazyStackingEnable)
                  000041fc    00000010                   : interrupt.obj (.text:IntMasterEnable)
                  0000420c    00000010                   : pwm.obj (.text:PWMDeadBandEnable)
                  0000421c    00000010                   : pwm.obj (.text:PWMGenPeriodSet)
                  0000422c    0000000e                   : gpio.obj (.text:GPIOIntDisable)
                  0000423a    0000000e                   : gpio.obj (.text:GPIOIntStatus)
                  00004248    0000000e                   : timer.obj (.text:TimerEnable)
                  00004256    0000000e                   : uart.obj (.text:UARTCharGetNonBlocking)
                  00004264    0000000e                   : uart.obj (.text:UARTCharPutNonBlocking)
                  00004272    0000000e                   : uart.obj (.text:UARTCharsAvail)
                  00004280    0000000e     rtsv7M4_T_le_v4SPD16_eabi.lib : copy_decompress_none.c.obj (.text:decompress:none:__TI_decompress_none)
                  0000428e    0000000c     driverlib.lib : cpu.obj (.text:CPUcpsie)
                  0000429a    0000000c                   : gpio.obj (.text:GPIOIntEnable)
                  000042a6    0000000c                   : pwm.obj (.text:PWMGenDisable)
                  000042b2    0000000c                   : pwm.obj (.text:PWMGenEnable)
                  000042be    0000000c     tm4c123gh6pm_startup_ccs.obj (.text)
                  000042ca    0000000a     driverlib.lib : timer.obj (.text:TimerIntDisable)
                  000042d4    0000000a                   : timer.obj (.text:TimerIntStatus)
                  000042de    0000000a                   : timer.obj (.text:TimerValueGet)
                  000042e8    0000000a                   : uart.obj (.text:UARTCharGet)
                  000042f2    0000000a                   : uart.obj (.text:UARTCharPut)
                  000042fc    0000000a                   : uart.obj (.text:UARTFIFOEnable)
                  00004306    0000000a                   : uart.obj (.text:UARTIntStatus)
                  00004310    00000008                   : timer.obj (.text:TimerIntEnable)
                  00004318    00000008                   : uart.obj (.text:UARTIntEnable)
                  00004320    00000006                   : gpio.obj (.text:GPIOIntClear)
                  00004326    00000006                   : gpio.obj (.text:GPIOPinRead)
                  0000432c    00000006                   : gpio.obj (.text:GPIOPinWrite)
                  00004332    00000006                   : sysctl.obj (.text:SysCtlDelay)
                  00004338    00000006                   : uart.obj (.text:UARTClockSourceSet)
                  0000433e    00000006                   : uart.obj (.text:UARTFIFOLevelSet)
                  00004344    00000004                   : timer.obj (.text:TimerIntClear)
                  00004348    00000004                   : uart.obj (.text:UARTIntClear)
                  0000434c    00000004     rtsv7M4_T_le_v4SPD16_eabi.lib : pre_init.c.obj (.text:_system_pre_init)
                  00004350    00000004                                   : exit.c.obj (.text:abort:abort)

.const     0    00004358    00000ba4     
                  00004358    000005f0     OLED.obj (.const:.string:F8X16)
                  00004948    00000228     OLED.obj (.const:F6x8)
                  00004b70    000000d8     driverlib.lib : gpio.obj (.const:g_ppui32GPIOIntMapSnowflake)
                  00004c48    000000c0                   : gpio.obj (.const:g_ppui32GPIOIntMapBlizzard)
                  00004d08    00000090                   : gpio.obj (.const:g_pui32GPIOBaseAddrs)
                  00004d98    00000070                   : interrupt.obj (.const)
                  00004e08    0000006c                   : sysctl.obj (.const:g_pui32Xtals)
                  00004e74    00000004     uartstdio.obj (.const)
                  00004e78    00000058     sonar.obj (.const:$P$T0$3)
                  00004ed0    00000012     uartstdio.obj (.const:.string)
                  00004ee2    00000002     --HOLE-- [fill = 0]
                  00004ee4    0000000c     uartstdio.obj (.const:g_ui32UARTBase)
                  00004ef0    0000000c     uartstdio.obj (.const:g_ui32UARTPeriph)

.cinit     0    00004f00    00000130     
                  00004f00    000000f8     (.cinit..data.load) [load image, compression = lzss]
                  00004ff8    0000000c     (__TI_handler_table)
                  00005004    00000004     --HOLE-- [fill = 0]
                  00005008    00000008     (.cinit..bss.load) [load image, compression = zero_init]
                  00005010    00000008     (.cinit..vtable.load) [load image, compression = zero_init]
                  00005018    00000018     (__TI_cinit_table)

.init_array 
*          0    00000000    00000000     UNINITIALIZED

.vtable    0    20000000    0000026c     UNINITIALIZED
                  20000000    0000026c     driverlib.lib : interrupt.obj (.vtable)

.data      0    20000270    00000231     UNINITIALIZED
                  20000270    00000180     OLED.obj (.data:Hzk)
                  200003f0    00000028     Mavlink_test.obj (.data:Rx_Buffer_attitude)
                  20000418    00000016     Timer.obj (.data)
                  2000042e    00000002     --HOLE--
                  20000430    00000014     Control.obj (.data)
                  20000444    00000014     Mavlink_test.obj (.data:Rx_Buffer_height)
                  20000458    00000012     pid.obj (.data)
                  2000046a    0000000a     pwm.obj (.data)
                  20000474    00000003     uart_echo.obj (.data)
                  20000477    00000001     --HOLE--
                  20000478    0000000a     sonar.obj (.data)
                  20000482    00000002     --HOLE--
                  20000484    00000008     sonar.obj (.data:ui32Time$1)
                  2000048c    00000007     Mavlink_test.obj (.data)
                  20000493    00000001     --HOLE--
                  20000494    00000006     key.obj (.data)
                  2000049a    00000002     --HOLE--
                  2000049c    00000005     uartstdio.obj (.data)

.bss       0    200006a8    0000013f     UNINITIALIZED
                  200006a8    00000030     (.common:Source_attitude_payload)
                  200006d8    0000001c     (.common:PID_Data_H)
                  200006f4    0000001c     (.common:PID_Data_X)
                  20000710    0000001c     (.common:PID_Data_Y)
                  2000072c    0000001c     (.common:PID_H)
                  20000748    0000001c     (.common:PID_X)
                  20000764    0000001c     (.common:PID_Y)
                  20000780    00000011     Mavlink_test.obj (.bss)
                  20000791    00000010     (.common:ReciveData_UART0)
                  200007a1    00000010     (.common:ReciveData_UART1)
                  200007b1    00000010     (.common:ReciveData_UART3)
                  200007c1    00000001     (.common:KeyPress0)
                  200007c2    00000002     (.common:RealAttitude_pitch)
                  200007c4    00000008     (.common:Source_Rangefinder_payload)
                  200007cc    00000004     (.common:ReadPin0)
                  200007d0    00000004     (.common:ReadPin4)
                  200007d4    00000004     (.common:int_distance)
                  200007d8    00000002     (.common:RealAttitude_roll)
                  200007da    00000002     (.common:RealAttitude_yaw)
                  200007dc    00000002     (.common:Real_XCoordinate)
                  200007de    00000002     (.common:Real_YCoordinate)
                  200007e0    00000002     (.common:int_pitch)
                  200007e2    00000002     (.common:int_roll)
                  200007e4    00000002     (.common:int_yaw)
                  200007e6    00000001     (.common:rx_buffer)

.stack     0    200004a8    00000200     UNINITIALIZED
                  200004a8    00000004     rtsv7M4_T_le_v4SPD16_eabi.lib : boot_cortex_m.c.obj (.stack)
                  200004ac    000001fc     --HOLE--

MODULE SUMMARY

       Module                         code    ro data   rw data
       ------                         ----    -------   -------
    .\
       tm4c123gh6pm_startup_ccs.obj   12      620       0      
       main.obj                       452     0         1      
    +--+------------------------------+-------+---------+---------+
       Total:                         464     620       1      
                                                               
    .\0.96'OLED\
       OLED.obj                       2092    2072      384    
    +--+------------------------------+-------+---------+---------+
       Total:                         2092    2072      384    
                                                               
    .\Control\
       Control.obj                    1288    0         30     
    +--+------------------------------+-------+---------+---------+
       Total:                         1288    0         30     
                                                               
    .\Filter\
       filter.obj                     432     0         0      
    +--+------------------------------+-------+---------+---------+
       Total:                         432     0         0      
                                                               
    .\MavLink_Receive\
       Mavlink_test.obj               1016    0         151    
    +--+------------------------------+-------+---------+---------+
       Total:                         1016    0         151    
                                                               
    .\Pid\
       pid.obj                        1976    0         186    
    +--+------------------------------+-------+---------+---------+
       Total:                         1976    0         186    
                                                               
    .\Pwm\
       pwm.obj                        476     0         10     
    +--+------------------------------+-------+---------+---------+
       Total:                         476     0         10     
                                                               
    .\Timer\
       Timer.obj                      320     0         22     
    +--+------------------------------+-------+---------+---------+
       Total:                         320     0         22     
                                                               
    .\colorful_LED\
       colorful_LED.obj               668     0         0      
    +--+------------------------------+-------+---------+---------+
       Total:                         668     0         0      
                                                               
    .\delay\
       delay.obj                      64      0         0      
    +--+------------------------------+-------+---------+---------+
       Total:                         64      0         0      
                                                               
    .\key\
       key.obj                        672     0         14     
    +--+------------------------------+-------+---------+---------+
       Total:                         672     0         14     
                                                               
    .\sonar\
       sonar.obj                      472     88        18     
    +--+------------------------------+-------+---------+---------+
       Total:                         472     88        18     
                                                               
    .\uart\
       uartstdio.obj                  1180    46        5      
       uart_echo.obj                  996     0         51     
    +--+------------------------------+-------+---------+---------+
       Total:                         2176    46        56     
                                                               
    D:/ti/TivaWare_C_Series-2.1.4.178/driverlib/ccs/Debug/driverlib.lib
       gpio.obj                       734     552       0      
       interrupt.obj                  276     112       620    
       sysctl.obj                     706     108       0      
       uart.obj                       228     0         0      
       timer.obj                      170     0         0      
       pwm.obj                        138     0         0      
       fpu.obj                        32      0         0      
       cpu.obj                        12      0         0      
    +--+------------------------------+-------+---------+---------+
       Total:                         2296    772       620    
                                                               
    D:\Project_Program\Ccs\ccsv8\tools\compiler\ti-cgt-arm_18.1.2.LTS\lib\rtsv7M4_T_le_v4SPD16_eabi.lib
       fd_add_t2.asm.obj              438     0         0      
       fd_div_t2.asm.obj              310     0         0      
       fd_cmp_t2.asm.obj              268     0         0      
       fd_mul_t2.asm.obj              252     0         0      
       memcpy_t2.asm.obj              156     0         0      
       memset_t2.asm.obj              122     0         0      
       fd_tos_t2.asm.obj              110     0         0      
       copy_decompress_lzss.c.obj     104     0         0      
       fd_toi_t2.asm.obj              72      0         0      
       autoinit.c.obj                 68      0         0      
       u_divt2.asm.obj                64      0         0      
       boot_cortex_m.c.obj            56      0         0      
       fs_tod_t2.asm.obj              56      0         0      
       i_tofd_t2.asm.obj              46      0         0      
       u_tofd_t2.asm.obj              32      0         0      
       copy_zero_init.c.obj           18      0         0      
       copy_decompress_none.c.obj     14      0         0      
       exit.c.obj                     4       0         0      
       pre_init.c.obj                 4       0         0      
       div0.asm.obj                   2       0         0      
    +--+------------------------------+-------+---------+---------+
       Total:                         2196    0         0      
                                                               
       Stack:                         0       0         512    
       Linker Generated:              0       300       0      
    +--+------------------------------+-------+---------+---------+
       Grand Total:                   16608   3898      2004   


LINKER GENERATED COPY TABLES

__TI_cinit_table @ 00005018 records: 3, size/record: 8, table size: 24
	.data: load addr=00004f00, load size=000000f8 bytes, run addr=20000270, run size=00000231 bytes, compression=lzss
	.bss: load addr=00005008, load size=00000008 bytes, run addr=200006a8, run size=0000013f bytes, compression=zero_init
	.vtable: load addr=00005010, load size=00000008 bytes, run addr=20000000, run size=0000026c bytes, compression=zero_init


LINKER GENERATED HANDLER TABLE

__TI_handler_table @ 00004ff8 records: 3, size/record: 4, table size: 12
	index: 0, handler: __TI_zero_init
	index: 1, handler: __TI_decompress_lzss
	index: 2, handler: __TI_decompress_none


GLOBAL SYMBOLS: SORTED ALPHABETICALLY BY Name 

address   name                          
-------   ----                          
0000140f  AltitudeHold                  
000016b5  AttitudeProtection            
00001c55  Attitude_Data_Store           
00001f35  Attitude_init                 
0000290d  BeepPwmInit                   
20000424  Beep_Counter                  
20000420  Beep_Flag                     
20000428  Beep_Fre                      
00004351  C$$EXIT                       
0000428f  CPUcpsie                      
20000442  Control_Open                  
20000443  Control_Serial                
20000458  Coordinate_Open_Flag          
2000041c  Counter                       
20000480  DataIsReady                   
00003e75  Delay_ms                      
00003e93  Delay_us                      
00001639  Display                       
00001f49  Distance_init                 
2000043c  Error_Distance                
00004948  F6x8                          
00004358  F8X16                         
000041dd  FPUEnable                     
000041ed  FPULazyStackingEnable         
0000406b  GPIODirModeSet                
00004321  GPIOIntClear                  
0000422d  GPIOIntDisable                
0000429b  GPIOIntEnable                 
00004117  GPIOIntRegister               
0000423b  GPIOIntStatus                 
00003cbd  GPIOIntTypeSet                
00003463  GPIOPadConfigSet              
00003d15  GPIOPinConfigure              
00004327  GPIOPinRead                   
00004171  GPIOPinTypeGPIOInput          
0000412f  GPIOPinTypeGPIOOutput         
00004183  GPIOPinTypePWM                
00004195  GPIOPinTypeUART               
0000432d  GPIOPinWrite                  
0000026d  GPIO_Init                     
00002bc7  GetAverageDistance            
000013f5  Get_Attitude                  
00001391  Get_Coordinate                
000013a3  Get_Distance                  
20000430  Goal_Distance                 
00002cc1  HardwareConfig                
20000270  Hzk                           
0000028f  IIC_Start                     
000002bf  IIC_Stop                      
000002e5  IIC_Wait_Ack                  
00003b25  IntDisable                    
00003b8d  IntEnable                     
000041fd  IntMasterEnable               
00003fd5  IntRegister                   
00002b35  Int_Handler_GPIOA             
000024cf  Int_Handler_GPIOF             
20000498  KEY_L                         
20000499  KEY_R                         
200007c1  KeyPress0                     
20000494  KeyPress4                     
000023d1  Key_Configure                 
000023ff  Key_Interrupt                 
0000241f  Key_Scan                      
00002711  LED_Color                     
00002671  LED_ColorInit                 
0000275b  LED_Config                    
00002777  LED_Set                       
00001351  LandMode                      
20000438  Last_Real_Distance            
000028ad  Led_Twinkle                   
000030df  LimitingFilter                
00001311  LockPixhawk                   
00001bf5  Mav_recive_UART2_Config       
00001f61  Mavlink_DateInit              
000004e9  OLED_Clear                    
000004cd  OLED_Display_Off              
000004b1  OLED_Display_On               
00000905  OLED_DrawBMP                  
000009b5  OLED_Init                     
00000551  OLED_On                       
00000477  OLED_Set_Pos                  
00000849  OLED_ShowCHinese              
000005c5  OLED_ShowChar                 
00000711  OLED_ShowNum                  
000007df  OLED_ShowString               
000003eb  OLED_WR_Byte                  
000015d7  OledDisplayInit               
200006d8  PID_Data_H                    
200006f4  PID_Data_X                    
20000710  PID_Data_Y                    
2000072c  PID_H                         
00000a99  PID_Init                      
20000748  PID_X                         
20000764  PID_Y                         
0000420d  PWMDeadBandEnable             
00004095  PWMGenConfigure               
000042a7  PWMGenDisable                 
000042b3  PWMGenEnable                  
0000421d  PWMGenPeriodSet               
000041a7  PWMOutputState                
000040f9  PWMPulseWidthSet              
00000c2d  Position_PID                  
2000046a  PwmChannel_1                  
2000046c  PwmChannel_2                  
2000046e  PwmChannel_3                  
20000470  PwmChannel_4                  
20000472  PwmChannel_5                  
0000298d  PwmConfig                     
200007cc  ReadPin0                      
200007d0  ReadPin4                      
200007c2  RealAttitude_pitch            
200007d8  RealAttitude_roll             
200007da  RealAttitude_yaw              
20000434  Real_Distance                 
200007dc  Real_XCoordinate              
200007de  Real_YCoordinate              
20000791  ReciveData_UART0              
200007a1  ReciveData_UART1              
200007b1  ReciveData_UART3              
20000474  ReciveData_i_UART0            
20000475  ReciveData_i_UART1            
20000476  ReciveData_i_UART3            
000042bf  ResetISR                      
00003065  SelectSort                    
00002b13  SonarTrig                     
00002ae9  Sonar_Configure               
00002c3b  Sonar_GPIOA_Configure         
00002c59  Sonar_GPIOA_Interrupt         
200007c4  Source_Rangefinder_payload    
200006a8  Source_attitude_payload       
00003595  SysCtlClockGet                
000037a1  SysCtlClockSet                
00004333  SysCtlDelay                   
00004149  SysCtlPWMClockSet             
00004009  SysCtlPeripheralEnable        
00003ef5  SysCtlPeripheralPresent       
00003f2d  SysCtlPeripheralReady         
20000418  Time_Flag                     
0000321d  Timer0IntHandler              
000031ed  Timer0_Config                 
00000fe1  Timer1IntHandler              
0000327b  Timer1_Config                 
000032e7  Timer2IntHandler              
000032b1  Timer2_Config                 
00003c5d  TimerConfigure                
00004249  TimerEnable                   
00004345  TimerIntClear                 
000042cb  TimerIntDisable               
00004311  TimerIntEnable                
000042d5  TimerIntStatus                
000041b9  TimerLoadSet                  
000042df  TimerValueGet                 
00002059  UART0Send                     
000020d7  UART1IntHandler               
0000217b  UART1Send                     
00001c8b  UART2IntHandler               
000022c1  UART3Iint                     
000021f5  UART3IntHandler               
00002289  UART3Send                     
000042e9  UARTCharGet                   
00004257  UARTCharGetNonBlocking        
000042f3  UARTCharPut                   
00004265  UARTCharPutNonBlocking        
00004273  UARTCharsAvail                
00004339  UARTClockSourceSet            
00003da5  UARTConfigSetExpClk           
000040b9  UARTDisable                   
0000415d  UARTEnable                    
000042fd  UARTFIFOEnable                
0000433f  UARTFIFOLevelSet              
00004349  UARTIntClear                  
00004319  UARTIntEnable                 
00001fed  UARTIntHandler                
00004307  UARTIntStatus                 
00001759  UARTStdioConfig               
0000189f  UARTgetc                      
000017e5  UARTgets                      
00001bbf  UARTprintf                    
000018c5  UARTvprintf                   
0000179f  UARTwrite                     
00002081  Uart0Iint                     
000021a3  Uart1Iint                     
00001251  UnlockPixhawk                 
000002fd  Write_IIC_Byte                
0000038b  Write_IIC_Command             
000003bb  Write_IIC_Data                
200006a8  __STACK_END                   
00000200  __STACK_SIZE                  
200006a8  __STACK_TOP                   
00005018  __TI_CINIT_Base               
00005030  __TI_CINIT_Limit              
00004ff8  __TI_Handler_Table_Base       
00005004  __TI_Handler_Table_Limit      
00003e31  __TI_auto_init_nobinit_nopinit
00003bf5  __TI_decompress_lzss          
00004281  __TI_decompress_none          
ffffffff  __TI_pprof_out_hndl           
ffffffff  __TI_prof_data_size           
ffffffff  __TI_prof_data_start          
00000000  __TI_static_base__            
000041cb  __TI_zero_init_nomemset       
00003931  __aeabi_cdcmpeq               
00003931  __aeabi_cdcmple               
000039b7  __aeabi_cdrcmple              
00003ab7  __aeabi_d2f                   
00003d5d  __aeabi_d2iz                  
00002e8f  __aeabi_dadd                  
0000332d  __aeabi_ddiv                  
000036a5  __aeabi_dmul                  
00002e85  __aeabi_dsub                  
00003f9d  __aeabi_f2d                   
0000403d  __aeabi_i2d                   
0000303b  __aeabi_idiv0                 
0000303b  __aeabi_ldiv0                 
00003a3d  __aeabi_memclr                
00003a3d  __aeabi_memclr4               
00003a3d  __aeabi_memclr8               
00003895  __aeabi_memcpy                
00003895  __aeabi_memcpy4               
00003895  __aeabi_memcpy8               
00003a3f  __aeabi_memset                
00003a3f  __aeabi_memset4               
00003a3f  __aeabi_memset8               
000040d9  __aeabi_ui2d                  
00003eb5  __aeabi_uidiv                 
00003eb5  __aeabi_uidivmod              
ffffffff  __binit__                     
ffffffff  __c_args__                    
UNDEFED   __mpu_init                    
200004a8  __stack                       
00003f65  _c_int00_noargs               
UNDEFED   _system_post_cinit            
0000434d  _system_pre_init              
00004351  abort                         
ffffffff  binit                         
2000048c  calculate_Flag                
00001ded  calculate_test                
20000464  err_h                         
20000440  err_pitch                     
2000043e  err_roll                      
2000045c  err_x                         
20000460  err_y                         
20000478  fPeriod                       
00000409  fill_picture                  
20000000  g_pfnRAMVectors               
00000000  g_pfnVectors                  
20000466  get_x                         
20000468  get_y                         
2000042d  i                             
200007d4  int_distance                  
200007e0  int_pitch                     
200007e2  int_roll                      
200007e4  int_yaw                       
2000042c  k                             
00002d09  main                          
00003895  memcpy                        
00003a45  memset                        
2000048d  newAttiFlag                   
2000048e  newHeightFlag                 
000006e1  oled_pow                      
200007e6  rx_buffer                     
2000045b  start_PID_H                   
20000459  start_PID_X                   
2000045a  start_PID_Y                   
0000303d  swap                          


GLOBAL SYMBOLS: SORTED BY Symbol Address 

address   name                          
-------   ----                          
00000000  __TI_static_base__            
00000000  g_pfnVectors                  
00000200  __STACK_SIZE                  
0000026d  GPIO_Init                     
0000028f  IIC_Start                     
000002bf  IIC_Stop                      
000002e5  IIC_Wait_Ack                  
000002fd  Write_IIC_Byte                
0000038b  Write_IIC_Command             
000003bb  Write_IIC_Data                
000003eb  OLED_WR_Byte                  
00000409  fill_picture                  
00000477  OLED_Set_Pos                  
000004b1  OLED_Display_On               
000004cd  OLED_Display_Off              
000004e9  OLED_Clear                    
00000551  OLED_On                       
000005c5  OLED_ShowChar                 
000006e1  oled_pow                      
00000711  OLED_ShowNum                  
000007df  OLED_ShowString               
00000849  OLED_ShowCHinese              
00000905  OLED_DrawBMP                  
000009b5  OLED_Init                     
00000a99  PID_Init                      
00000c2d  Position_PID                  
00000fe1  Timer1IntHandler              
00001251  UnlockPixhawk                 
00001311  LockPixhawk                   
00001351  LandMode                      
00001391  Get_Coordinate                
000013a3  Get_Distance                  
000013f5  Get_Attitude                  
0000140f  AltitudeHold                  
000015d7  OledDisplayInit               
00001639  Display                       
000016b5  AttitudeProtection            
00001759  UARTStdioConfig               
0000179f  UARTwrite                     
000017e5  UARTgets                      
0000189f  UARTgetc                      
000018c5  UARTvprintf                   
00001bbf  UARTprintf                    
00001bf5  Mav_recive_UART2_Config       
00001c55  Attitude_Data_Store           
00001c8b  UART2IntHandler               
00001ded  calculate_test                
00001f35  Attitude_init                 
00001f49  Distance_init                 
00001f61  Mavlink_DateInit              
00001fed  UARTIntHandler                
00002059  UART0Send                     
00002081  Uart0Iint                     
000020d7  UART1IntHandler               
0000217b  UART1Send                     
000021a3  Uart1Iint                     
000021f5  UART3IntHandler               
00002289  UART3Send                     
000022c1  UART3Iint                     
000023d1  Key_Configure                 
000023ff  Key_Interrupt                 
0000241f  Key_Scan                      
000024cf  Int_Handler_GPIOF             
00002671  LED_ColorInit                 
00002711  LED_Color                     
0000275b  LED_Config                    
00002777  LED_Set                       
000028ad  Led_Twinkle                   
0000290d  BeepPwmInit                   
0000298d  PwmConfig                     
00002ae9  Sonar_Configure               
00002b13  SonarTrig                     
00002b35  Int_Handler_GPIOA             
00002bc7  GetAverageDistance            
00002c3b  Sonar_GPIOA_Configure         
00002c59  Sonar_GPIOA_Interrupt         
00002cc1  HardwareConfig                
00002d09  main                          
00002e85  __aeabi_dsub                  
00002e8f  __aeabi_dadd                  
0000303b  __aeabi_idiv0                 
0000303b  __aeabi_ldiv0                 
0000303d  swap                          
00003065  SelectSort                    
000030df  LimitingFilter                
000031ed  Timer0_Config                 
0000321d  Timer0IntHandler              
0000327b  Timer1_Config                 
000032b1  Timer2_Config                 
000032e7  Timer2IntHandler              
0000332d  __aeabi_ddiv                  
00003463  GPIOPadConfigSet              
00003595  SysCtlClockGet                
000036a5  __aeabi_dmul                  
000037a1  SysCtlClockSet                
00003895  __aeabi_memcpy                
00003895  __aeabi_memcpy4               
00003895  __aeabi_memcpy8               
00003895  memcpy                        
00003931  __aeabi_cdcmpeq               
00003931  __aeabi_cdcmple               
000039b7  __aeabi_cdrcmple              
00003a3d  __aeabi_memclr                
00003a3d  __aeabi_memclr4               
00003a3d  __aeabi_memclr8               
00003a3f  __aeabi_memset                
00003a3f  __aeabi_memset4               
00003a3f  __aeabi_memset8               
00003a45  memset                        
00003ab7  __aeabi_d2f                   
00003b25  IntDisable                    
00003b8d  IntEnable                     
00003bf5  __TI_decompress_lzss          
00003c5d  TimerConfigure                
00003cbd  GPIOIntTypeSet                
00003d15  GPIOPinConfigure              
00003d5d  __aeabi_d2iz                  
00003da5  UARTConfigSetExpClk           
00003e31  __TI_auto_init_nobinit_nopinit
00003e75  Delay_ms                      
00003e93  Delay_us                      
00003eb5  __aeabi_uidiv                 
00003eb5  __aeabi_uidivmod              
00003ef5  SysCtlPeripheralPresent       
00003f2d  SysCtlPeripheralReady         
00003f65  _c_int00_noargs               
00003f9d  __aeabi_f2d                   
00003fd5  IntRegister                   
00004009  SysCtlPeripheralEnable        
0000403d  __aeabi_i2d                   
0000406b  GPIODirModeSet                
00004095  PWMGenConfigure               
000040b9  UARTDisable                   
000040d9  __aeabi_ui2d                  
000040f9  PWMPulseWidthSet              
00004117  GPIOIntRegister               
0000412f  GPIOPinTypeGPIOOutput         
00004149  SysCtlPWMClockSet             
0000415d  UARTEnable                    
00004171  GPIOPinTypeGPIOInput          
00004183  GPIOPinTypePWM                
00004195  GPIOPinTypeUART               
000041a7  PWMOutputState                
000041b9  TimerLoadSet                  
000041cb  __TI_zero_init_nomemset       
000041dd  FPUEnable                     
000041ed  FPULazyStackingEnable         
000041fd  IntMasterEnable               
0000420d  PWMDeadBandEnable             
0000421d  PWMGenPeriodSet               
0000422d  GPIOIntDisable                
0000423b  GPIOIntStatus                 
00004249  TimerEnable                   
00004257  UARTCharGetNonBlocking        
00004265  UARTCharPutNonBlocking        
00004273  UARTCharsAvail                
00004281  __TI_decompress_none          
0000428f  CPUcpsie                      
0000429b  GPIOIntEnable                 
000042a7  PWMGenDisable                 
000042b3  PWMGenEnable                  
000042bf  ResetISR                      
000042cb  TimerIntDisable               
000042d5  TimerIntStatus                
000042df  TimerValueGet                 
000042e9  UARTCharGet                   
000042f3  UARTCharPut                   
000042fd  UARTFIFOEnable                
00004307  UARTIntStatus                 
00004311  TimerIntEnable                
00004319  UARTIntEnable                 
00004321  GPIOIntClear                  
00004327  GPIOPinRead                   
0000432d  GPIOPinWrite                  
00004333  SysCtlDelay                   
00004339  UARTClockSourceSet            
0000433f  UARTFIFOLevelSet              
00004345  TimerIntClear                 
00004349  UARTIntClear                  
0000434d  _system_pre_init              
00004351  C$$EXIT                       
00004351  abort                         
00004358  F8X16                         
00004948  F6x8                          
00004ff8  __TI_Handler_Table_Base       
00005004  __TI_Handler_Table_Limit      
00005018  __TI_CINIT_Base               
00005030  __TI_CINIT_Limit              
20000000  g_pfnRAMVectors               
20000270  Hzk                           
20000418  Time_Flag                     
2000041c  Counter                       
20000420  Beep_Flag                     
20000424  Beep_Counter                  
20000428  Beep_Fre                      
2000042c  k                             
2000042d  i                             
20000430  Goal_Distance                 
20000434  Real_Distance                 
20000438  Last_Real_Distance            
2000043c  Error_Distance                
2000043e  err_roll                      
20000440  err_pitch                     
20000442  Control_Open                  
20000443  Control_Serial                
20000458  Coordinate_Open_Flag          
20000459  start_PID_X                   
2000045a  start_PID_Y                   
2000045b  start_PID_H                   
2000045c  err_x                         
20000460  err_y                         
20000464  err_h                         
20000466  get_x                         
20000468  get_y                         
2000046a  PwmChannel_1                  
2000046c  PwmChannel_2                  
2000046e  PwmChannel_3                  
20000470  PwmChannel_4                  
20000472  PwmChannel_5                  
20000474  ReciveData_i_UART0            
20000475  ReciveData_i_UART1            
20000476  ReciveData_i_UART3            
20000478  fPeriod                       
20000480  DataIsReady                   
2000048c  calculate_Flag                
2000048d  newAttiFlag                   
2000048e  newHeightFlag                 
20000494  KeyPress4                     
20000498  KEY_L                         
20000499  KEY_R                         
200004a8  __stack                       
200006a8  Source_attitude_payload       
200006a8  __STACK_END                   
200006a8  __STACK_TOP                   
200006d8  PID_Data_H                    
200006f4  PID_Data_X                    
20000710  PID_Data_Y                    
2000072c  PID_H                         
20000748  PID_X                         
20000764  PID_Y                         
20000791  ReciveData_UART0              
200007a1  ReciveData_UART1              
200007b1  ReciveData_UART3              
200007c1  KeyPress0                     
200007c2  RealAttitude_pitch            
200007c4  Source_Rangefinder_payload    
200007cc  ReadPin0                      
200007d0  ReadPin4                      
200007d4  int_distance                  
200007d8  RealAttitude_roll             
200007da  RealAttitude_yaw              
200007dc  Real_XCoordinate              
200007de  Real_YCoordinate              
200007e0  int_pitch                     
200007e2  int_roll                      
200007e4  int_yaw                       
200007e6  rx_buffer                     
ffffffff  __TI_pprof_out_hndl           
ffffffff  __TI_prof_data_size           
ffffffff  __TI_prof_data_start          
ffffffff  __binit__                     
ffffffff  __c_args__                    
ffffffff  binit                         
UNDEFED   __mpu_init                    
UNDEFED   _system_post_cinit            

[265 symbols]
