******************************************************************************
                  TI ARM Linker PC v18.1.2                     
******************************************************************************
>> Linked Fri Jul 13 20:34:16 2018

OUTPUT FILE NAME:   <Four_axes_2018.out>
ENTRY POINT SYMBOL: "_c_int00_noargs"  address: 00003e09


MEMORY CONFIGURATION

         name            origin    length      used     unused   attr    fill
----------------------  --------  ---------  --------  --------  ----  --------
  FLASH                 00000000   00040000  00004ec4  0003b13c  R  X
  SRAM                  20000000   00008000  000007cc  00007834  RW X


SEGMENT ALLOCATION MAP

run origin  load origin   length   init length attrs members
----------  ----------- ---------- ----------- ----- -------
00000000    00000000    00004ec8   00004ec8    r-x
  00000000    00000000    0000026c   0000026c    r-- .intvecs
  0000026c    0000026c    00003f8c   00003f8c    r-x .text
  000041f8    000041f8    00000ba4   00000ba4    r-- .const
  00004da0    00004da0    00000128   00000128    r-- .cinit
20000000    20000000    000007d7   00000000    rw-
  20000000    20000000    0000026c   00000000    rw- .vtable
  20000270    20000270    00000221   00000000    rw- .data
  20000498    20000498    00000200   00000000    rw- .stack
  20000698    20000698    0000013f   00000000    rw- .bss


SECTION ALLOCATION MAP

 output                                  attributes/
section   page    origin      length       input sections
--------  ----  ----------  ----------   ----------------
.intvecs   0    00000000    0000026c     
                  00000000    0000026c     tm4c123gh6pm_startup_ccs.obj (.intvecs)

.text      0    0000026c    00003f8c     
                  0000026c    00000914     pid.obj (.text)
                  00000b80    0000082c     OLED.obj (.text)
                  000013ac    0000049c     uartstdio.obj (.text)
                  00001848    0000042c     uart_echo.obj (.text)
                  00001c74    0000041c     Mavlink_test.obj (.text)
                  00002090    000002b8     Control.obj (.text)
                  00002348    000002a0     key.obj (.text)
                  000025e8    0000029c     colorful_LED.obj (.text)
                  00002884    000001dc     pwm.obj (.text)
                  00002a60    000001d8     sonar.obj (.text)
                  00002c38    000001b6     rtsv7M4_T_le_v4SPD16_eabi.lib : fd_add_t2.asm.obj (.text)
                  00002dee    00000002                                   : div0.asm.obj (.text)
                  00002df0    000001b0     filter.obj (.text)
                  00002fa0    0000014c     main.obj (.text)
                  000030ec    00000136     rtsv7M4_T_le_v4SPD16_eabi.lib : fd_div_t2.asm.obj (.text)
                  00003222    00000132     driverlib.lib : gpio.obj (.text:GPIOPadConfigSet)
                  00003354    00000110                   : sysctl.obj (.text:SysCtlClockGet)
                  00003464    000000fc     rtsv7M4_T_le_v4SPD16_eabi.lib : fd_mul_t2.asm.obj (.text)
                  00003560    000000f4     driverlib.lib : sysctl.obj (.text:SysCtlClockSet)
                  00003654    000000e4     Timer.obj (.text)
                  00003738    0000009c     rtsv7M4_T_le_v4SPD16_eabi.lib : memcpy_t2.asm.obj (.text)
                  000037d4    00000086                                   : fd_cmp_t2.asm.obj (.text:__aeabi_cdcmple)
                  0000385a    00000086                                   : fd_cmp_t2.asm.obj (.text:__aeabi_cdrcmple)
                  000038e0    0000007a                                   : memset_t2.asm.obj (.text)
                  0000395a    0000006e                                   : fd_tos_t2.asm.obj (.text)
                  000039c8    00000068     driverlib.lib : interrupt.obj (.text:IntDisable)
                  00003a30    00000068                   : interrupt.obj (.text:IntEnable)
                  00003a98    00000068     rtsv7M4_T_le_v4SPD16_eabi.lib : copy_decompress_lzss.c.obj (.text:decompress:lzss:__TI_decompress_lzss)
                  00003b00    00000060     driverlib.lib : timer.obj (.text:TimerConfigure)
                  00003b60    00000056                   : gpio.obj (.text:GPIOIntTypeSet)
                  00003bb6    00000002     --HOLE-- [fill = 0]
                  00003bb8    00000048                   : gpio.obj (.text:GPIOPinConfigure)
                  00003c00    00000048     rtsv7M4_T_le_v4SPD16_eabi.lib : fd_toi_t2.asm.obj (.text)
                  00003c48    00000046     driverlib.lib : uart.obj (.text:UARTConfigSetExpClk)
                  00003c8e    00000002     --HOLE-- [fill = 0]
                  00003c90    00000044                   : gpio.obj (.text:_GPIOIntNumberGet)
                  00003cd4    00000044     rtsv7M4_T_le_v4SPD16_eabi.lib : autoinit.c.obj (.text:__TI_auto_init_nobinit_nopinit:__TI_auto_init_nobinit_nopinit)
                  00003d18    00000040     delay.obj (.text)
                  00003d58    00000040     rtsv7M4_T_le_v4SPD16_eabi.lib : u_divt2.asm.obj (.text)
                  00003d98    00000038     driverlib.lib : sysctl.obj (.text:SysCtlPeripheralPresent)
                  00003dd0    00000038                   : sysctl.obj (.text:SysCtlPeripheralReady)
                  00003e08    00000038     rtsv7M4_T_le_v4SPD16_eabi.lib : boot_cortex_m.c.obj (.text:_c_int00_noargs:_c_int00_noargs)
                  00003e40    00000038                                   : fs_tod_t2.asm.obj (.text)
                  00003e78    00000034     driverlib.lib : interrupt.obj (.text:IntRegister)
                  00003eac    00000034                   : sysctl.obj (.text:SysCtlPeripheralEnable)
                  00003ee0    0000002e     rtsv7M4_T_le_v4SPD16_eabi.lib : i_tofd_t2.asm.obj (.text)
                  00003f0e    0000002a     driverlib.lib : gpio.obj (.text:GPIODirModeSet)
                  00003f38    00000022                   : pwm.obj (.text:PWMGenConfigure)
                  00003f5a    00000002     --HOLE-- [fill = 0]
                  00003f5c    00000020                   : uart.obj (.text:UARTDisable)
                  00003f7c    00000020     rtsv7M4_T_le_v4SPD16_eabi.lib : u_tofd_t2.asm.obj (.text)
                  00003f9c    0000001e     driverlib.lib : pwm.obj (.text:PWMPulseWidthSet)
                  00003fba    00000018                   : gpio.obj (.text:GPIOIntRegister)
                  00003fd2    00000018                   : gpio.obj (.text:GPIOPinTypeGPIOOutput)
                  00003fea    00000002     --HOLE-- [fill = 0]
                  00003fec    00000014                   : sysctl.obj (.text:SysCtlPWMClockSet)
                  00004000    00000014                   : uart.obj (.text:UARTEnable)
                  00004014    00000012                   : gpio.obj (.text:GPIOPinTypeGPIOInput)
                  00004026    00000012                   : gpio.obj (.text:GPIOPinTypePWM)
                  00004038    00000012                   : gpio.obj (.text:GPIOPinTypeUART)
                  0000404a    00000012                   : pwm.obj (.text:PWMOutputState)
                  0000405c    00000012                   : timer.obj (.text:TimerLoadSet)
                  0000406e    00000012     rtsv7M4_T_le_v4SPD16_eabi.lib : copy_zero_init.c.obj (.text:decompress:ZI:__TI_zero_init_nomemset:__TI_zero_init_nomemset)
                  00004080    00000010     driverlib.lib : fpu.obj (.text:FPUEnable)
                  00004090    00000010                   : fpu.obj (.text:FPULazyStackingEnable)
                  000040a0    00000010                   : interrupt.obj (.text:IntMasterEnable)
                  000040b0    00000010                   : pwm.obj (.text:PWMDeadBandEnable)
                  000040c0    00000010                   : pwm.obj (.text:PWMGenPeriodSet)
                  000040d0    0000000e                   : gpio.obj (.text:GPIOIntDisable)
                  000040de    0000000e                   : gpio.obj (.text:GPIOIntStatus)
                  000040ec    0000000e                   : timer.obj (.text:TimerEnable)
                  000040fa    0000000e                   : uart.obj (.text:UARTCharGetNonBlocking)
                  00004108    0000000e                   : uart.obj (.text:UARTCharPutNonBlocking)
                  00004116    0000000e                   : uart.obj (.text:UARTCharsAvail)
                  00004124    0000000e     rtsv7M4_T_le_v4SPD16_eabi.lib : copy_decompress_none.c.obj (.text:decompress:none:__TI_decompress_none)
                  00004132    0000000c     driverlib.lib : cpu.obj (.text:CPUcpsie)
                  0000413e    0000000c                   : gpio.obj (.text:GPIOIntEnable)
                  0000414a    0000000c                   : pwm.obj (.text:PWMGenDisable)
                  00004156    0000000c                   : pwm.obj (.text:PWMGenEnable)
                  00004162    0000000c     tm4c123gh6pm_startup_ccs.obj (.text)
                  0000416e    0000000a     driverlib.lib : timer.obj (.text:TimerIntDisable)
                  00004178    0000000a                   : timer.obj (.text:TimerIntStatus)
                  00004182    0000000a                   : timer.obj (.text:TimerValueGet)
                  0000418c    0000000a                   : uart.obj (.text:UARTCharGet)
                  00004196    0000000a                   : uart.obj (.text:UARTCharPut)
                  000041a0    0000000a                   : uart.obj (.text:UARTFIFOEnable)
                  000041aa    0000000a                   : uart.obj (.text:UARTIntStatus)
                  000041b4    00000008                   : timer.obj (.text:TimerIntEnable)
                  000041bc    00000008                   : uart.obj (.text:UARTIntEnable)
                  000041c4    00000006                   : gpio.obj (.text:GPIOIntClear)
                  000041ca    00000006                   : gpio.obj (.text:GPIOPinRead)
                  000041d0    00000006                   : gpio.obj (.text:GPIOPinWrite)
                  000041d6    00000006                   : sysctl.obj (.text:SysCtlDelay)
                  000041dc    00000006                   : uart.obj (.text:UARTClockSourceSet)
                  000041e2    00000006                   : uart.obj (.text:UARTFIFOLevelSet)
                  000041e8    00000004                   : timer.obj (.text:TimerIntClear)
                  000041ec    00000004                   : uart.obj (.text:UARTIntClear)
                  000041f0    00000004     rtsv7M4_T_le_v4SPD16_eabi.lib : pre_init.c.obj (.text:_system_pre_init)
                  000041f4    00000004                                   : exit.c.obj (.text:abort:abort)

.const     0    000041f8    00000ba4     
                  000041f8    000005f0     OLED.obj (.const:.string:F8X16)
                  000047e8    00000228     OLED.obj (.const:F6x8)
                  00004a10    000000d8     driverlib.lib : gpio.obj (.const:g_ppui32GPIOIntMapSnowflake)
                  00004ae8    000000c0                   : gpio.obj (.const:g_ppui32GPIOIntMapBlizzard)
                  00004ba8    00000090                   : gpio.obj (.const:g_pui32GPIOBaseAddrs)
                  00004c38    00000070                   : interrupt.obj (.const)
                  00004ca8    0000006c                   : sysctl.obj (.const:g_pui32Xtals)
                  00004d14    00000004     uartstdio.obj (.const)
                  00004d18    00000058     sonar.obj (.const:$P$T0$3)
                  00004d70    00000012     uartstdio.obj (.const:.string)
                  00004d82    00000002     --HOLE-- [fill = 0]
                  00004d84    0000000c     uartstdio.obj (.const:g_ui32UARTBase)
                  00004d90    0000000c     uartstdio.obj (.const:g_ui32UARTPeriph)

.cinit     0    00004da0    00000128     
                  00004da0    000000f3     (.cinit..data.load) [load image, compression = lzss]
                  00004e93    00000001     --HOLE-- [fill = 0]
                  00004e94    0000000c     (__TI_handler_table)
                  00004ea0    00000008     (.cinit..bss.load) [load image, compression = zero_init]
                  00004ea8    00000008     (.cinit..vtable.load) [load image, compression = zero_init]
                  00004eb0    00000018     (__TI_cinit_table)

.init_array 
*          0    00000000    00000000     UNINITIALIZED

.vtable    0    20000000    0000026c     UNINITIALIZED
                  20000000    0000026c     driverlib.lib : interrupt.obj (.vtable)

.data      0    20000270    00000221     UNINITIALIZED
                  20000270    00000180     OLED.obj (.data:Hzk)
                  200003f0    00000028     Mavlink_test.obj (.data:Rx_Buffer_attitude)
                  20000418    00000015     Timer.obj (.data)
                  2000042d    00000014     Mavlink_test.obj (.data:Rx_Buffer_height)
                  20000441    00000003     uart_echo.obj (.data)
                  20000444    00000010     pid.obj (.data)
                  20000454    0000000a     pwm.obj (.data)
                  2000045e    00000002     --HOLE--
                  20000460    0000000a     sonar.obj (.data)
                  2000046a    00000008     Control.obj (.data)
                  20000472    00000002     --HOLE--
                  20000474    00000008     sonar.obj (.data:ui32Time$1)
                  2000047c    00000007     Mavlink_test.obj (.data)
                  20000483    00000001     --HOLE--
                  20000484    00000006     key.obj (.data)
                  2000048a    00000002     --HOLE--
                  2000048c    00000005     uartstdio.obj (.data)

.bss       0    20000698    0000013f     UNINITIALIZED
                  20000698    00000030     (.common:Source_attitude_payload)
                  200006c8    0000001c     (.common:PID_Data_H)
                  200006e4    0000001c     (.common:PID_Data_X)
                  20000700    0000001c     (.common:PID_Data_Y)
                  2000071c    0000001c     (.common:PID_H)
                  20000738    0000001c     (.common:PID_X)
                  20000754    0000001c     (.common:PID_Y)
                  20000770    00000010     (.common:ReciveData_UART0)
                  20000780    00000010     (.common:ReciveData_UART1)
                  20000790    00000010     (.common:ReciveData_UART3)
                  200007a0    00000008     (.common:Source_Rangefinder_payload)
                  200007a8    00000004     (.common:ReadPin0)
                  200007ac    00000004     (.common:ReadPin4)
                  200007b0    00000004     (.common:distan)
                  200007b4    00000004     (.common:int_distance)
                  200007b8    00000004     (.common:int_pitch)
                  200007bc    00000004     (.common:int_roll)
                  200007c0    00000004     (.common:int_yaw)
                  200007c4    00000004     (.common:pitch)
                  200007c8    00000004     (.common:roll)
                  200007cc    00000004     (.common:yaw)
                  200007d0    00000002     (.common:Real_XCoordinate)
                  200007d2    00000002     (.common:Real_YCoordinate)
                  200007d4    00000001     Mavlink_test.obj (.bss)
                  200007d5    00000001     (.common:KeyPress0)
                  200007d6    00000001     (.common:rx_buffer)

.stack     0    20000498    00000200     UNINITIALIZED
                  20000498    00000004     rtsv7M4_T_le_v4SPD16_eabi.lib : boot_cortex_m.c.obj (.stack)
                  2000049c    000001fc     --HOLE--

MODULE SUMMARY

       Module                         code    ro data   rw data
       ------                         ----    -------   -------
    .\
       tm4c123gh6pm_startup_ccs.obj   12      620       0      
       main.obj                       332     0         1      
    +--+------------------------------+-------+---------+---------+
       Total:                         344     620       1      
                                                               
    .\0.96'OLED\
       OLED.obj                       2092    2072      384    
    +--+------------------------------+-------+---------+---------+
       Total:                         2092    2072      384    
                                                               
    .\Control\
       Control.obj                    696     0         12     
    +--+------------------------------+-------+---------+---------+
       Total:                         696     0         12     
                                                               
    .\Filter\
       filter.obj                     432     0         0      
    +--+------------------------------+-------+---------+---------+
       Total:                         432     0         0      
                                                               
    .\MavLink_Receive\
       Mavlink_test.obj               1052    0         157    
    +--+------------------------------+-------+---------+---------+
       Total:                         1052    0         157    
                                                               
    .\Pid\
       pid.obj                        2324    0         184    
    +--+------------------------------+-------+---------+---------+
       Total:                         2324    0         184    
                                                               
    .\Pwm\
       pwm.obj                        476     0         10     
    +--+------------------------------+-------+---------+---------+
       Total:                         476     0         10     
                                                               
    .\Timer\
       Timer.obj                      228     0         21     
    +--+------------------------------+-------+---------+---------+
       Total:                         228     0         21     
                                                               
    .\colorful_LED\
       colorful_LED.obj               668     0         0      
    +--+------------------------------+-------+---------+---------+
       Total:                         668     0         0      
                                                               
    .\delay\
       delay.obj                      64      0         0      
    +--+------------------------------+-------+---------+---------+
       Total:                         64      0         0      
                                                               
    .\key\
       key.obj                        672     0         14     
    +--+------------------------------+-------+---------+---------+
       Total:                         672     0         14     
                                                               
    .\sonar\
       sonar.obj                      472     88        18     
    +--+------------------------------+-------+---------+---------+
       Total:                         472     88        18     
                                                               
    .\uart\
       uartstdio.obj                  1180    46        5      
       uart_echo.obj                  1068    0         51     
    +--+------------------------------+-------+---------+---------+
       Total:                         2248    46        56     
                                                               
    D:/ti/TivaWare_C_Series-2.1.4.178/driverlib/ccs/Debug/driverlib.lib
       gpio.obj                       734     552       0      
       interrupt.obj                  276     112       620    
       sysctl.obj                     706     108       0      
       uart.obj                       228     0         0      
       timer.obj                      170     0         0      
       pwm.obj                        138     0         0      
       fpu.obj                        32      0         0      
       cpu.obj                        12      0         0      
    +--+------------------------------+-------+---------+---------+
       Total:                         2296    772       620    
                                                               
    D:\Project_Program\Ccs\ccsv8\tools\compiler\ti-cgt-arm_18.1.2.LTS\lib\rtsv7M4_T_le_v4SPD16_eabi.lib
       fd_add_t2.asm.obj              438     0         0      
       fd_div_t2.asm.obj              310     0         0      
       fd_cmp_t2.asm.obj              268     0         0      
       fd_mul_t2.asm.obj              252     0         0      
       memcpy_t2.asm.obj              156     0         0      
       memset_t2.asm.obj              122     0         0      
       fd_tos_t2.asm.obj              110     0         0      
       copy_decompress_lzss.c.obj     104     0         0      
       fd_toi_t2.asm.obj              72      0         0      
       autoinit.c.obj                 68      0         0      
       u_divt2.asm.obj                64      0         0      
       boot_cortex_m.c.obj            56      0         0      
       fs_tod_t2.asm.obj              56      0         0      
       i_tofd_t2.asm.obj              46      0         0      
       u_tofd_t2.asm.obj              32      0         0      
       copy_zero_init.c.obj           18      0         0      
       copy_decompress_none.c.obj     14      0         0      
       exit.c.obj                     4       0         0      
       pre_init.c.obj                 4       0         0      
       div0.asm.obj                   2       0         0      
    +--+------------------------------+-------+---------+---------+
       Total:                         2196    0         0      
                                                               
       Stack:                         0       0         512    
       Linker Generated:              0       295       0      
    +--+------------------------------+-------+---------+---------+
       Grand Total:                   16260   3893      1989   


LINKER GENERATED COPY TABLES

__TI_cinit_table @ 00004eb0 records: 3, size/record: 8, table size: 24
	.data: load addr=00004da0, load size=000000f3 bytes, run addr=20000270, run size=00000221 bytes, compression=lzss
	.bss: load addr=00004ea0, load size=00000008 bytes, run addr=20000698, run size=0000013f bytes, compression=zero_init
	.vtable: load addr=00004ea8, load size=00000008 bytes, run addr=20000000, run size=0000026c bytes, compression=zero_init


LINKER GENERATED HANDLER TABLE

__TI_handler_table @ 00004e94 records: 3, size/record: 4, table size: 12
	index: 0, handler: __TI_zero_init
	index: 1, handler: __TI_decompress_lzss
	index: 2, handler: __TI_decompress_none


GLOBAL SYMBOLS: SORTED ALPHABETICALLY BY Name 

address   name                          
-------   ----                          
000021f7  AltitudeHold                  
00001cd5  Attitude_Data_Store           
00001fdd  Attitude_init                 
00002885  BeepPwmInit                   
20000424  Beep_Counter                  
20000420  Beep_Flag                     
20000428  Beep_Fre                      
000041f5  C$$EXIT                       
00004133  CPUcpsie                      
20000470  Control_Open                  
20000471  Control_Serial                
2000041c  Counter                       
20000468  DataIsReady                   
00003d19  Delay_ms                      
00003d37  Delay_us                      
00002297  Display                       
00001feb  Distance_init                 
2000046e  Error_Distance                
000047e8  F6x8                          
000041f8  F8X16                         
00004081  FPUEnable                     
00004091  FPULazyStackingEnable         
00003f0f  GPIODirModeSet                
000041c5  GPIOIntClear                  
000040d1  GPIOIntDisable                
0000413f  GPIOIntEnable                 
00003fbb  GPIOIntRegister               
000040df  GPIOIntStatus                 
00003b61  GPIOIntTypeSet                
00003223  GPIOPadConfigSet              
00003bb9  GPIOPinConfigure              
000041cb  GPIOPinRead                   
00004015  GPIOPinTypeGPIOInput          
00003fd3  GPIOPinTypeGPIOOutput         
00004027  GPIOPinTypePWM                
00004039  GPIOPinTypeUART               
000041d1  GPIOPinWrite                  
00000b81  GPIO_Init                     
00002b3f  GetAverageDistance            
000021d1  Get_Coordinate                
000021e3  Get_Distance                  
2000046a  Goal_Distance                 
00002fa1  HardwareConfig                
20000270  Hzk                           
00000ba3  IIC_Start                     
00000bd3  IIC_Stop                      
00000bf9  IIC_Wait_Ack                  
000039c9  IntDisable                    
00003a31  IntEnable                     
000040a1  IntMasterEnable               
00003e79  IntRegister                   
00002aad  Int_Handler_GPIOA             
00002447  Int_Handler_GPIOF             
20000488  KEY_L                         
20000489  KEY_R                         
200007d5  KeyPress0                     
20000484  KeyPress4                     
00002349  Key_Configure                 
00002377  Key_Interrupt                 
00002397  Key_Scan                      
00002689  LED_Color                     
000025e9  LED_ColorInit                 
000026d3  LED_Config                    
000026ef  LED_Set                       
00002191  LandMode                      
00002825  Led_Twinkle                   
00002e93  LimitingFilter                
00002151  LockPixhawk                   
00001c75  Mav_recive_UART2_Config       
00001ffd  Mavlink_DateInit              
00000dfd  OLED_Clear                    
00000de1  OLED_Display_Off              
00000dc5  OLED_Display_On               
00001219  OLED_DrawBMP                  
000012c9  OLED_Init                     
00000e65  OLED_On                       
00000d8b  OLED_Set_Pos                  
0000115d  OLED_ShowCHinese              
00000ed9  OLED_ShowChar                 
00001025  OLED_ShowNum                  
000010f3  OLED_ShowString               
00000cff  OLED_WR_Byte                  
00002241  OledDisplayInit               
200006c8  PID_Data_H                    
200006e4  PID_Data_X                    
20000700  PID_Data_Y                    
2000071c  PID_H                         
0000026d  PID_Init                      
20000738  PID_X                         
20000754  PID_Y                         
000040b1  PWMDeadBandEnable             
00003f39  PWMGenConfigure               
0000414b  PWMGenDisable                 
00004157  PWMGenEnable                  
000040c1  PWMGenPeriodSet               
0000404b  PWMOutputState                
00003f9d  PWMPulseWidthSet              
00000401  Position_PID                  
20000454  PwmChannel_1                  
20000456  PwmChannel_2                  
20000458  PwmChannel_3                  
2000045a  PwmChannel_4                  
2000045c  PwmChannel_5                  
00002905  PwmConfig                     
200007a8  ReadPin0                      
200007ac  ReadPin4                      
2000046c  Real_Distance                 
200007d0  Real_XCoordinate              
200007d2  Real_YCoordinate              
20000770  ReciveData_UART0              
20000780  ReciveData_UART1              
20000790  ReciveData_UART3              
20000441  ReciveData_i_UART0            
20000442  ReciveData_i_UART1            
20000443  ReciveData_i_UART3            
00004163  ResetISR                      
200003f0  Rx_Buffer_attitude            
2000042d  Rx_Buffer_height              
00002e19  SelectSort                    
00002a8b  SonarTrig                     
00002a61  Sonar_Configure               
00002bb3  Sonar_GPIOA_Configure         
00002bd1  Sonar_GPIOA_Interrupt         
200007a0  Source_Rangefinder_payload    
20000698  Source_attitude_payload       
00003355  SysCtlClockGet                
00003561  SysCtlClockSet                
000041d7  SysCtlDelay                   
00003fed  SysCtlPWMClockSet             
00003ead  SysCtlPeripheralEnable        
00003d99  SysCtlPeripheralPresent       
00003dd1  SysCtlPeripheralReady         
20000418  Time_Flag                     
00003685  Timer0IntHandler              
00003655  Timer0_Config                 
000007d9  Timer1IntHandler              
000036e3  Timer1_Config                 
00003b01  TimerConfigure                
000040ed  TimerEnable                   
000041e9  TimerIntClear                 
0000416f  TimerIntDisable               
000041b5  TimerIntEnable                
00004179  TimerIntStatus                
0000405d  TimerLoadSet                  
00004183  TimerValueGet                 
000018b5  UART0Send                     
00001933  UART1IntHandler               
000019d7  UART1Send                     
00001d0b  UART2IntHandler               
00001b55  UART3Iint                     
00001a51  UART3IntHandler               
00001b2d  UART3Send                     
0000418d  UARTCharGet                   
000040fb  UARTCharGetNonBlocking        
00004197  UARTCharPut                   
00004109  UARTCharPutNonBlocking        
00004117  UARTCharsAvail                
000041dd  UARTClockSourceSet            
00003c49  UARTConfigSetExpClk           
00003f5d  UARTDisable                   
00004001  UARTEnable                    
000041a1  UARTFIFOEnable                
000041e3  UARTFIFOLevelSet              
000041ed  UARTIntClear                  
000041bd  UARTIntEnable                 
00001849  UARTIntHandler                
000041ab  UARTIntStatus                 
000013ad  UARTStdioConfig               
000014f3  UARTgetc                      
00001439  UARTgets                      
00001813  UARTprintf                    
00001519  UARTvprintf                   
000013f3  UARTwrite                     
000018dd  Uart0Iint                     
000019ff  Uart1Iint                     
00002091  UnlockPixhawk                 
00000c11  Write_IIC_Byte                
00000c9f  Write_IIC_Command             
00000ccf  Write_IIC_Data                
20000698  __STACK_END                   
00000200  __STACK_SIZE                  
20000698  __STACK_TOP                   
00004eb0  __TI_CINIT_Base               
00004ec8  __TI_CINIT_Limit              
00004e94  __TI_Handler_Table_Base       
00004ea0  __TI_Handler_Table_Limit      
00003cd5  __TI_auto_init_nobinit_nopinit
00003a99  __TI_decompress_lzss          
00004125  __TI_decompress_none          
ffffffff  __TI_pprof_out_hndl           
ffffffff  __TI_prof_data_size           
ffffffff  __TI_prof_data_start          
00000000  __TI_static_base__            
0000406f  __TI_zero_init_nomemset       
000037d5  __aeabi_cdcmpeq               
000037d5  __aeabi_cdcmple               
0000385b  __aeabi_cdrcmple              
0000395b  __aeabi_d2f                   
00003c01  __aeabi_d2iz                  
00002c43  __aeabi_dadd                  
000030ed  __aeabi_ddiv                  
00003465  __aeabi_dmul                  
00002c39  __aeabi_dsub                  
00003e41  __aeabi_f2d                   
00003ee1  __aeabi_i2d                   
00002def  __aeabi_idiv0                 
00002def  __aeabi_ldiv0                 
000038e1  __aeabi_memclr                
000038e1  __aeabi_memclr4               
000038e1  __aeabi_memclr8               
00003739  __aeabi_memcpy                
00003739  __aeabi_memcpy4               
00003739  __aeabi_memcpy8               
000038e3  __aeabi_memset                
000038e3  __aeabi_memset4               
000038e3  __aeabi_memset8               
00003f7d  __aeabi_ui2d                  
00003d59  __aeabi_uidiv                 
00003d59  __aeabi_uidivmod              
ffffffff  __binit__                     
ffffffff  __c_args__                    
UNDEFED   __mpu_init                    
20000498  __stack                       
00003e09  _c_int00_noargs               
UNDEFED   _system_post_cinit            
000041f1  _system_pre_init              
000041f5  abort                         
ffffffff  binit                         
2000047c  calculate_Flag                
00001e6d  calculate_test                
200007b0  distan                        
20000450  err_h                         
20000448  err_x                         
2000044c  err_y                         
20000460  fPeriod                       
00000d1d  fill_picture                  
20000000  g_pfnRAMVectors               
00000000  g_pfnVectors                  
20000452  get_x                         
20000453  get_y                         
200007b4  int_distance                  
200007b8  int_pitch                     
200007bc  int_roll                      
200007c0  int_yaw                       
2000042c  k                             
00002fe9  main                          
00003739  memcpy                        
000038e9  memset                        
2000047d  newAttiFlag                   
2000047e  newHeightFlag                 
00000ff5  oled_pow                      
200007c4  pitch                         
200007c8  roll                          
200007d6  rx_buffer                     
20000446  start_PID_H                   
20000444  start_PID_X                   
20000445  start_PID_Y                   
2000047f  start_receive_attitude        
20000480  start_receive_height          
00002df1  swap                          
200007cc  yaw                           


GLOBAL SYMBOLS: SORTED BY Symbol Address 

address   name                          
-------   ----                          
00000000  __TI_static_base__            
00000000  g_pfnVectors                  
00000200  __STACK_SIZE                  
0000026d  PID_Init                      
00000401  Position_PID                  
000007d9  Timer1IntHandler              
00000b81  GPIO_Init                     
00000ba3  IIC_Start                     
00000bd3  IIC_Stop                      
00000bf9  IIC_Wait_Ack                  
00000c11  Write_IIC_Byte                
00000c9f  Write_IIC_Command             
00000ccf  Write_IIC_Data                
00000cff  OLED_WR_Byte                  
00000d1d  fill_picture                  
00000d8b  OLED_Set_Pos                  
00000dc5  OLED_Display_On               
00000de1  OLED_Display_Off              
00000dfd  OLED_Clear                    
00000e65  OLED_On                       
00000ed9  OLED_ShowChar                 
00000ff5  oled_pow                      
00001025  OLED_ShowNum                  
000010f3  OLED_ShowString               
0000115d  OLED_ShowCHinese              
00001219  OLED_DrawBMP                  
000012c9  OLED_Init                     
000013ad  UARTStdioConfig               
000013f3  UARTwrite                     
00001439  UARTgets                      
000014f3  UARTgetc                      
00001519  UARTvprintf                   
00001813  UARTprintf                    
00001849  UARTIntHandler                
000018b5  UART0Send                     
000018dd  Uart0Iint                     
00001933  UART1IntHandler               
000019d7  UART1Send                     
000019ff  Uart1Iint                     
00001a51  UART3IntHandler               
00001b2d  UART3Send                     
00001b55  UART3Iint                     
00001c75  Mav_recive_UART2_Config       
00001cd5  Attitude_Data_Store           
00001d0b  UART2IntHandler               
00001e6d  calculate_test                
00001fdd  Attitude_init                 
00001feb  Distance_init                 
00001ffd  Mavlink_DateInit              
00002091  UnlockPixhawk                 
00002151  LockPixhawk                   
00002191  LandMode                      
000021d1  Get_Coordinate                
000021e3  Get_Distance                  
000021f7  AltitudeHold                  
00002241  OledDisplayInit               
00002297  Display                       
00002349  Key_Configure                 
00002377  Key_Interrupt                 
00002397  Key_Scan                      
00002447  Int_Handler_GPIOF             
000025e9  LED_ColorInit                 
00002689  LED_Color                     
000026d3  LED_Config                    
000026ef  LED_Set                       
00002825  Led_Twinkle                   
00002885  BeepPwmInit                   
00002905  PwmConfig                     
00002a61  Sonar_Configure               
00002a8b  SonarTrig                     
00002aad  Int_Handler_GPIOA             
00002b3f  GetAverageDistance            
00002bb3  Sonar_GPIOA_Configure         
00002bd1  Sonar_GPIOA_Interrupt         
00002c39  __aeabi_dsub                  
00002c43  __aeabi_dadd                  
00002def  __aeabi_idiv0                 
00002def  __aeabi_ldiv0                 
00002df1  swap                          
00002e19  SelectSort                    
00002e93  LimitingFilter                
00002fa1  HardwareConfig                
00002fe9  main                          
000030ed  __aeabi_ddiv                  
00003223  GPIOPadConfigSet              
00003355  SysCtlClockGet                
00003465  __aeabi_dmul                  
00003561  SysCtlClockSet                
00003655  Timer0_Config                 
00003685  Timer0IntHandler              
000036e3  Timer1_Config                 
00003739  __aeabi_memcpy                
00003739  __aeabi_memcpy4               
00003739  __aeabi_memcpy8               
00003739  memcpy                        
000037d5  __aeabi_cdcmpeq               
000037d5  __aeabi_cdcmple               
0000385b  __aeabi_cdrcmple              
000038e1  __aeabi_memclr                
000038e1  __aeabi_memclr4               
000038e1  __aeabi_memclr8               
000038e3  __aeabi_memset                
000038e3  __aeabi_memset4               
000038e3  __aeabi_memset8               
000038e9  memset                        
0000395b  __aeabi_d2f                   
000039c9  IntDisable                    
00003a31  IntEnable                     
00003a99  __TI_decompress_lzss          
00003b01  TimerConfigure                
00003b61  GPIOIntTypeSet                
00003bb9  GPIOPinConfigure              
00003c01  __aeabi_d2iz                  
00003c49  UARTConfigSetExpClk           
00003cd5  __TI_auto_init_nobinit_nopinit
00003d19  Delay_ms                      
00003d37  Delay_us                      
00003d59  __aeabi_uidiv                 
00003d59  __aeabi_uidivmod              
00003d99  SysCtlPeripheralPresent       
00003dd1  SysCtlPeripheralReady         
00003e09  _c_int00_noargs               
00003e41  __aeabi_f2d                   
00003e79  IntRegister                   
00003ead  SysCtlPeripheralEnable        
00003ee1  __aeabi_i2d                   
00003f0f  GPIODirModeSet                
00003f39  PWMGenConfigure               
00003f5d  UARTDisable                   
00003f7d  __aeabi_ui2d                  
00003f9d  PWMPulseWidthSet              
00003fbb  GPIOIntRegister               
00003fd3  GPIOPinTypeGPIOOutput         
00003fed  SysCtlPWMClockSet             
00004001  UARTEnable                    
00004015  GPIOPinTypeGPIOInput          
00004027  GPIOPinTypePWM                
00004039  GPIOPinTypeUART               
0000404b  PWMOutputState                
0000405d  TimerLoadSet                  
0000406f  __TI_zero_init_nomemset       
00004081  FPUEnable                     
00004091  FPULazyStackingEnable         
000040a1  IntMasterEnable               
000040b1  PWMDeadBandEnable             
000040c1  PWMGenPeriodSet               
000040d1  GPIOIntDisable                
000040df  GPIOIntStatus                 
000040ed  TimerEnable                   
000040fb  UARTCharGetNonBlocking        
00004109  UARTCharPutNonBlocking        
00004117  UARTCharsAvail                
00004125  __TI_decompress_none          
00004133  CPUcpsie                      
0000413f  GPIOIntEnable                 
0000414b  PWMGenDisable                 
00004157  PWMGenEnable                  
00004163  ResetISR                      
0000416f  TimerIntDisable               
00004179  TimerIntStatus                
00004183  TimerValueGet                 
0000418d  UARTCharGet                   
00004197  UARTCharPut                   
000041a1  UARTFIFOEnable                
000041ab  UARTIntStatus                 
000041b5  TimerIntEnable                
000041bd  UARTIntEnable                 
000041c5  GPIOIntClear                  
000041cb  GPIOPinRead                   
000041d1  GPIOPinWrite                  
000041d7  SysCtlDelay                   
000041dd  UARTClockSourceSet            
000041e3  UARTFIFOLevelSet              
000041e9  TimerIntClear                 
000041ed  UARTIntClear                  
000041f1  _system_pre_init              
000041f5  C$$EXIT                       
000041f5  abort                         
000041f8  F8X16                         
000047e8  F6x8                          
00004e94  __TI_Handler_Table_Base       
00004ea0  __TI_Handler_Table_Limit      
00004eb0  __TI_CINIT_Base               
00004ec8  __TI_CINIT_Limit              
20000000  g_pfnRAMVectors               
20000270  Hzk                           
200003f0  Rx_Buffer_attitude            
20000418  Time_Flag                     
2000041c  Counter                       
20000420  Beep_Flag                     
20000424  Beep_Counter                  
20000428  Beep_Fre                      
2000042c  k                             
2000042d  Rx_Buffer_height              
20000441  ReciveData_i_UART0            
20000442  ReciveData_i_UART1            
20000443  ReciveData_i_UART3            
20000444  start_PID_X                   
20000445  start_PID_Y                   
20000446  start_PID_H                   
20000448  err_x                         
2000044c  err_y                         
20000450  err_h                         
20000452  get_x                         
20000453  get_y                         
20000454  PwmChannel_1                  
20000456  PwmChannel_2                  
20000458  PwmChannel_3                  
2000045a  PwmChannel_4                  
2000045c  PwmChannel_5                  
20000460  fPeriod                       
20000468  DataIsReady                   
2000046a  Goal_Distance                 
2000046c  Real_Distance                 
2000046e  Error_Distance                
20000470  Control_Open                  
20000471  Control_Serial                
2000047c  calculate_Flag                
2000047d  newAttiFlag                   
2000047e  newHeightFlag                 
2000047f  start_receive_attitude        
20000480  start_receive_height          
20000484  KeyPress4                     
20000488  KEY_L                         
20000489  KEY_R                         
20000498  __stack                       
20000698  Source_attitude_payload       
20000698  __STACK_END                   
20000698  __STACK_TOP                   
200006c8  PID_Data_H                    
200006e4  PID_Data_X                    
20000700  PID_Data_Y                    
2000071c  PID_H                         
20000738  PID_X                         
20000754  PID_Y                         
20000770  ReciveData_UART0              
20000780  ReciveData_UART1              
20000790  ReciveData_UART3              
200007a0  Source_Rangefinder_payload    
200007a8  ReadPin0                      
200007ac  ReadPin4                      
200007b0  distan                        
200007b4  int_distance                  
200007b8  int_pitch                     
200007bc  int_roll                      
200007c0  int_yaw                       
200007c4  pitch                         
200007c8  roll                          
200007cc  yaw                           
200007d0  Real_XCoordinate              
200007d2  Real_YCoordinate              
200007d5  KeyPress0                     
200007d6  rx_buffer                     
ffffffff  __TI_pprof_out_hndl           
ffffffff  __TI_prof_data_size           
ffffffff  __TI_prof_data_start          
ffffffff  __binit__                     
ffffffff  __c_args__                    
ffffffff  binit                         
UNDEFED   __mpu_init                    
UNDEFED   _system_post_cinit            

[261 symbols]
