******************************************************************************
                  TI ARM Linker PC v18.1.2                     
******************************************************************************
>> Linked Mon Jul 16 02:10:19 2018

OUTPUT FILE NAME:   <Four_axes_2018.out>
ENTRY POINT SYMBOL: "_c_int00_noargs"  address: 00003f9d


MEMORY CONFIGURATION

         name            origin    length      used     unused   attr    fill
----------------------  --------  ---------  --------  --------  ----  --------
  FLASH                 00000000   00040000  00005060  0003afa0  R  X
  SRAM                  20000000   00008000  000007de  00007822  RW X


SEGMENT ALLOCATION MAP

run origin  load origin   length   init length attrs members
----------  ----------- ---------- ----------- ----- -------
00000000    00000000    00005068   00005068    r-x
  00000000    00000000    0000026c   0000026c    r-- .intvecs
  0000026c    0000026c    00004120   00004120    r-x .text
  00004390    00004390    00000ba4   00000ba4    r-- .const
  00004f38    00004f38    00000130   00000130    r-- .cinit
20000000    20000000    000007e9   00000000    rw-
  20000000    20000000    0000026c   00000000    rw- .vtable
  20000270    20000270    00000231   00000000    rw- .data
  200004a8    200004a8    00000200   00000000    rw- .stack
  200006a8    200006a8    00000141   00000000    rw- .bss


SECTION ALLOCATION MAP

 output                                  attributes/
section   page    origin      length       input sections
--------  ----  ----------  ----------   ----------------
.intvecs   0    00000000    0000026c     
                  00000000    0000026c     tm4c123gh6pm_startup_ccs.obj (.intvecs)

.text      0    0000026c    00004120     
                  0000026c    0000082c     OLED.obj (.text)
                  00000a98    0000076c     pid.obj (.text)
                  00001204    000004e0     Control.obj (.text)
                  000016e4    0000049c     uartstdio.obj (.text)
                  00001b80    00000478     Mavlink_test.obj (.text)
                  00001ff8    000003e4     uart_echo.obj (.text)
                  000023dc    000002a0     key.obj (.text)
                  0000267c    0000029c     colorful_LED.obj (.text)
                  00002918    000001dc     pwm.obj (.text)
                  00002af4    000001d8     sonar.obj (.text)
                  00002ccc    000001c4     main.obj (.text)
                  00002e90    000001b6     rtsv7M4_T_le_v4SPD16_eabi.lib : fd_add_t2.asm.obj (.text)
                  00003046    00000002                                   : div0.asm.obj (.text)
                  00003048    000001b0     filter.obj (.text)
                  000031f8    0000016c     Timer.obj (.text)
                  00003364    00000136     rtsv7M4_T_le_v4SPD16_eabi.lib : fd_div_t2.asm.obj (.text)
                  0000349a    00000132     driverlib.lib : gpio.obj (.text:GPIOPadConfigSet)
                  000035cc    00000110                   : sysctl.obj (.text:SysCtlClockGet)
                  000036dc    000000fc     rtsv7M4_T_le_v4SPD16_eabi.lib : fd_mul_t2.asm.obj (.text)
                  000037d8    000000f4     driverlib.lib : sysctl.obj (.text:SysCtlClockSet)
                  000038cc    0000009c     rtsv7M4_T_le_v4SPD16_eabi.lib : memcpy_t2.asm.obj (.text)
                  00003968    00000086                                   : fd_cmp_t2.asm.obj (.text:__aeabi_cdcmple)
                  000039ee    00000086                                   : fd_cmp_t2.asm.obj (.text:__aeabi_cdrcmple)
                  00003a74    0000007a                                   : memset_t2.asm.obj (.text)
                  00003aee    0000006e                                   : fd_tos_t2.asm.obj (.text)
                  00003b5c    00000068     driverlib.lib : interrupt.obj (.text:IntDisable)
                  00003bc4    00000068                   : interrupt.obj (.text:IntEnable)
                  00003c2c    00000068     rtsv7M4_T_le_v4SPD16_eabi.lib : copy_decompress_lzss.c.obj (.text:decompress:lzss:__TI_decompress_lzss)
                  00003c94    00000060     driverlib.lib : timer.obj (.text:TimerConfigure)
                  00003cf4    00000056                   : gpio.obj (.text:GPIOIntTypeSet)
                  00003d4a    00000002     --HOLE-- [fill = 0]
                  00003d4c    00000048                   : gpio.obj (.text:GPIOPinConfigure)
                  00003d94    00000048     rtsv7M4_T_le_v4SPD16_eabi.lib : fd_toi_t2.asm.obj (.text)
                  00003ddc    00000046     driverlib.lib : uart.obj (.text:UARTConfigSetExpClk)
                  00003e22    00000002     --HOLE-- [fill = 0]
                  00003e24    00000044                   : gpio.obj (.text:_GPIOIntNumberGet)
                  00003e68    00000044     rtsv7M4_T_le_v4SPD16_eabi.lib : autoinit.c.obj (.text:__TI_auto_init_nobinit_nopinit:__TI_auto_init_nobinit_nopinit)
                  00003eac    00000040     delay.obj (.text)
                  00003eec    00000040     rtsv7M4_T_le_v4SPD16_eabi.lib : u_divt2.asm.obj (.text)
                  00003f2c    00000038     driverlib.lib : sysctl.obj (.text:SysCtlPeripheralPresent)
                  00003f64    00000038                   : sysctl.obj (.text:SysCtlPeripheralReady)
                  00003f9c    00000038     rtsv7M4_T_le_v4SPD16_eabi.lib : boot_cortex_m.c.obj (.text:_c_int00_noargs:_c_int00_noargs)
                  00003fd4    00000038                                   : fs_tod_t2.asm.obj (.text)
                  0000400c    00000034     driverlib.lib : interrupt.obj (.text:IntRegister)
                  00004040    00000034                   : sysctl.obj (.text:SysCtlPeripheralEnable)
                  00004074    0000002e     rtsv7M4_T_le_v4SPD16_eabi.lib : i_tofd_t2.asm.obj (.text)
                  000040a2    0000002a     driverlib.lib : gpio.obj (.text:GPIODirModeSet)
                  000040cc    00000022                   : pwm.obj (.text:PWMGenConfigure)
                  000040ee    00000002     --HOLE-- [fill = 0]
                  000040f0    00000020                   : uart.obj (.text:UARTDisable)
                  00004110    00000020     rtsv7M4_T_le_v4SPD16_eabi.lib : u_tofd_t2.asm.obj (.text)
                  00004130    0000001e     driverlib.lib : pwm.obj (.text:PWMPulseWidthSet)
                  0000414e    00000018                   : gpio.obj (.text:GPIOIntRegister)
                  00004166    00000018                   : gpio.obj (.text:GPIOPinTypeGPIOOutput)
                  0000417e    00000002     --HOLE-- [fill = 0]
                  00004180    00000014                   : sysctl.obj (.text:SysCtlPWMClockSet)
                  00004194    00000014                   : uart.obj (.text:UARTEnable)
                  000041a8    00000012                   : gpio.obj (.text:GPIOPinTypeGPIOInput)
                  000041ba    00000012                   : gpio.obj (.text:GPIOPinTypePWM)
                  000041cc    00000012                   : gpio.obj (.text:GPIOPinTypeUART)
                  000041de    00000012                   : pwm.obj (.text:PWMOutputState)
                  000041f0    00000012                   : timer.obj (.text:TimerLoadSet)
                  00004202    00000012     rtsv7M4_T_le_v4SPD16_eabi.lib : copy_zero_init.c.obj (.text:decompress:ZI:__TI_zero_init_nomemset:__TI_zero_init_nomemset)
                  00004214    00000010     driverlib.lib : fpu.obj (.text:FPUEnable)
                  00004224    00000010                   : fpu.obj (.text:FPULazyStackingEnable)
                  00004234    00000010                   : interrupt.obj (.text:IntMasterEnable)
                  00004244    00000010                   : pwm.obj (.text:PWMDeadBandEnable)
                  00004254    00000010                   : pwm.obj (.text:PWMGenPeriodSet)
                  00004264    0000000e                   : gpio.obj (.text:GPIOIntDisable)
                  00004272    0000000e                   : gpio.obj (.text:GPIOIntStatus)
                  00004280    0000000e                   : timer.obj (.text:TimerEnable)
                  0000428e    0000000e                   : uart.obj (.text:UARTCharGetNonBlocking)
                  0000429c    0000000e                   : uart.obj (.text:UARTCharPutNonBlocking)
                  000042aa    0000000e                   : uart.obj (.text:UARTCharsAvail)
                  000042b8    0000000e     rtsv7M4_T_le_v4SPD16_eabi.lib : copy_decompress_none.c.obj (.text:decompress:none:__TI_decompress_none)
                  000042c6    0000000c     driverlib.lib : cpu.obj (.text:CPUcpsie)
                  000042d2    0000000c                   : gpio.obj (.text:GPIOIntEnable)
                  000042de    0000000c                   : pwm.obj (.text:PWMGenDisable)
                  000042ea    0000000c                   : pwm.obj (.text:PWMGenEnable)
                  000042f6    0000000c     tm4c123gh6pm_startup_ccs.obj (.text)
                  00004302    0000000a     driverlib.lib : timer.obj (.text:TimerIntDisable)
                  0000430c    0000000a                   : timer.obj (.text:TimerIntStatus)
                  00004316    0000000a                   : timer.obj (.text:TimerValueGet)
                  00004320    0000000a                   : uart.obj (.text:UARTCharGet)
                  0000432a    0000000a                   : uart.obj (.text:UARTCharPut)
                  00004334    0000000a                   : uart.obj (.text:UARTFIFOEnable)
                  0000433e    0000000a                   : uart.obj (.text:UARTIntStatus)
                  00004348    00000008                   : timer.obj (.text:TimerIntEnable)
                  00004350    00000008                   : uart.obj (.text:UARTIntEnable)
                  00004358    00000006                   : gpio.obj (.text:GPIOIntClear)
                  0000435e    00000006                   : gpio.obj (.text:GPIOPinRead)
                  00004364    00000006                   : gpio.obj (.text:GPIOPinWrite)
                  0000436a    00000006                   : sysctl.obj (.text:SysCtlDelay)
                  00004370    00000006                   : uart.obj (.text:UARTClockSourceSet)
                  00004376    00000006                   : uart.obj (.text:UARTFIFOLevelSet)
                  0000437c    00000004                   : timer.obj (.text:TimerIntClear)
                  00004380    00000004                   : uart.obj (.text:UARTIntClear)
                  00004384    00000004     rtsv7M4_T_le_v4SPD16_eabi.lib : pre_init.c.obj (.text:_system_pre_init)
                  00004388    00000004                                   : exit.c.obj (.text:abort:abort)

.const     0    00004390    00000ba4     
                  00004390    000005f0     OLED.obj (.const:.string:F8X16)
                  00004980    00000228     OLED.obj (.const:F6x8)
                  00004ba8    000000d8     driverlib.lib : gpio.obj (.const:g_ppui32GPIOIntMapSnowflake)
                  00004c80    000000c0                   : gpio.obj (.const:g_ppui32GPIOIntMapBlizzard)
                  00004d40    00000090                   : gpio.obj (.const:g_pui32GPIOBaseAddrs)
                  00004dd0    00000070                   : interrupt.obj (.const)
                  00004e40    0000006c                   : sysctl.obj (.const:g_pui32Xtals)
                  00004eac    00000004     uartstdio.obj (.const)
                  00004eb0    00000058     sonar.obj (.const:$P$T0$3)
                  00004f08    00000012     uartstdio.obj (.const:.string)
                  00004f1a    00000002     --HOLE-- [fill = 0]
                  00004f1c    0000000c     uartstdio.obj (.const:g_ui32UARTBase)
                  00004f28    0000000c     uartstdio.obj (.const:g_ui32UARTPeriph)

.cinit     0    00004f38    00000130     
                  00004f38    000000f8     (.cinit..data.load) [load image, compression = lzss]
                  00005030    0000000c     (__TI_handler_table)
                  0000503c    00000004     --HOLE-- [fill = 0]
                  00005040    00000008     (.cinit..bss.load) [load image, compression = zero_init]
                  00005048    00000008     (.cinit..vtable.load) [load image, compression = zero_init]
                  00005050    00000018     (__TI_cinit_table)

.init_array 
*          0    00000000    00000000     UNINITIALIZED

.vtable    0    20000000    0000026c     UNINITIALIZED
                  20000000    0000026c     driverlib.lib : interrupt.obj (.vtable)

.data      0    20000270    00000231     UNINITIALIZED
                  20000270    00000180     OLED.obj (.data:Hzk)
                  200003f0    00000028     Mavlink_test.obj (.data:Rx_Buffer_attitude)
                  20000418    00000016     Timer.obj (.data)
                  2000042e    00000002     --HOLE--
                  20000430    00000014     Control.obj (.data)
                  20000444    00000014     Mavlink_test.obj (.data:Rx_Buffer_height)
                  20000458    00000012     pid.obj (.data)
                  2000046a    0000000a     pwm.obj (.data)
                  20000474    00000003     uart_echo.obj (.data)
                  20000477    00000001     --HOLE--
                  20000478    0000000a     sonar.obj (.data)
                  20000482    00000002     --HOLE--
                  20000484    00000008     sonar.obj (.data:ui32Time$1)
                  2000048c    00000007     Mavlink_test.obj (.data)
                  20000493    00000001     --HOLE--
                  20000494    00000006     key.obj (.data)
                  2000049a    00000002     --HOLE--
                  2000049c    00000005     uartstdio.obj (.data)

.bss       0    200006a8    00000141     UNINITIALIZED
                  200006a8    00000030     (.common:Source_attitude_payload)
                  200006d8    0000001c     (.common:PID_Data_H)
                  200006f4    0000001c     (.common:PID_Data_X)
                  20000710    0000001c     (.common:PID_Data_Y)
                  2000072c    0000001c     (.common:PID_H)
                  20000748    0000001c     (.common:PID_X)
                  20000764    0000001c     (.common:PID_Y)
                  20000780    00000019     Mavlink_test.obj (.bss)
                  20000799    00000010     (.common:ReciveData_UART0)
                  200007a9    00000010     (.common:ReciveData_UART1)
                  200007b9    00000010     (.common:ReciveData_UART3)
                  200007c9    00000001     (.common:KeyPress0)
                  200007ca    00000002     (.common:RealAttitude_pitch)
                  200007cc    00000008     (.common:Source_Rangefinder_payload)
                  200007d4    00000004     (.common:ReadPin0)
                  200007d8    00000004     (.common:ReadPin4)
                  200007dc    00000004     (.common:int_distance)
                  200007e0    00000002     (.common:RealAttitude_roll)
                  200007e2    00000002     (.common:RealAttitude_yaw)
                  200007e4    00000002     (.common:Real_XCoordinate)
                  200007e6    00000002     (.common:Real_YCoordinate)
                  200007e8    00000001     (.common:rx_buffer)

.stack     0    200004a8    00000200     UNINITIALIZED
                  200004a8    00000004     rtsv7M4_T_le_v4SPD16_eabi.lib : boot_cortex_m.c.obj (.stack)
                  200004ac    000001fc     --HOLE--

MODULE SUMMARY

       Module                         code    ro data   rw data
       ------                         ----    -------   -------
    .\
       tm4c123gh6pm_startup_ccs.obj   12      620       0      
       main.obj                       452     0         1      
    +--+------------------------------+-------+---------+---------+
       Total:                         464     620       1      
                                                               
    .\0.96'OLED\
       OLED.obj                       2092    2072      384    
    +--+------------------------------+-------+---------+---------+
       Total:                         2092    2072      384    
                                                               
    .\Control\
       Control.obj                    1248    0         30     
    +--+------------------------------+-------+---------+---------+
       Total:                         1248    0         30     
                                                               
    .\Filter\
       filter.obj                     432     0         0      
    +--+------------------------------+-------+---------+---------+
       Total:                         432     0         0      
                                                               
    .\MavLink_Receive\
       Mavlink_test.obj               1144    0         153    
    +--+------------------------------+-------+---------+---------+
       Total:                         1144    0         153    
                                                               
    .\Pid\
       pid.obj                        1900    0         186    
    +--+------------------------------+-------+---------+---------+
       Total:                         1900    0         186    
                                                               
    .\Pwm\
       pwm.obj                        476     0         10     
    +--+------------------------------+-------+---------+---------+
       Total:                         476     0         10     
                                                               
    .\Timer\
       Timer.obj                      364     0         22     
    +--+------------------------------+-------+---------+---------+
       Total:                         364     0         22     
                                                               
    .\colorful_LED\
       colorful_LED.obj               668     0         0      
    +--+------------------------------+-------+---------+---------+
       Total:                         668     0         0      
                                                               
    .\delay\
       delay.obj                      64      0         0      
    +--+------------------------------+-------+---------+---------+
       Total:                         64      0         0      
                                                               
    .\key\
       key.obj                        672     0         14     
    +--+------------------------------+-------+---------+---------+
       Total:                         672     0         14     
                                                               
    .\sonar\
       sonar.obj                      472     88        18     
    +--+------------------------------+-------+---------+---------+
       Total:                         472     88        18     
                                                               
    .\uart\
       uartstdio.obj                  1180    46        5      
       uart_echo.obj                  996     0         51     
    +--+------------------------------+-------+---------+---------+
       Total:                         2176    46        56     
                                                               
    D:/ti/TivaWare_C_Series-2.1.4.178/driverlib/ccs/Debug/driverlib.lib
       gpio.obj                       734     552       0      
       interrupt.obj                  276     112       620    
       sysctl.obj                     706     108       0      
       uart.obj                       228     0         0      
       timer.obj                      170     0         0      
       pwm.obj                        138     0         0      
       fpu.obj                        32      0         0      
       cpu.obj                        12      0         0      
    +--+------------------------------+-------+---------+---------+
       Total:                         2296    772       620    
                                                               
    D:\Project_Program\Ccs\ccsv8\tools\compiler\ti-cgt-arm_18.1.2.LTS\lib\rtsv7M4_T_le_v4SPD16_eabi.lib
       fd_add_t2.asm.obj              438     0         0      
       fd_div_t2.asm.obj              310     0         0      
       fd_cmp_t2.asm.obj              268     0         0      
       fd_mul_t2.asm.obj              252     0         0      
       memcpy_t2.asm.obj              156     0         0      
       memset_t2.asm.obj              122     0         0      
       fd_tos_t2.asm.obj              110     0         0      
       copy_decompress_lzss.c.obj     104     0         0      
       fd_toi_t2.asm.obj              72      0         0      
       autoinit.c.obj                 68      0         0      
       u_divt2.asm.obj                64      0         0      
       boot_cortex_m.c.obj            56      0         0      
       fs_tod_t2.asm.obj              56      0         0      
       i_tofd_t2.asm.obj              46      0         0      
       u_tofd_t2.asm.obj              32      0         0      
       copy_zero_init.c.obj           18      0         0      
       copy_decompress_none.c.obj     14      0         0      
       exit.c.obj                     4       0         0      
       pre_init.c.obj                 4       0         0      
       div0.asm.obj                   2       0         0      
    +--+------------------------------+-------+---------+---------+
       Total:                         2196    0         0      
                                                               
       Stack:                         0       0         512    
       Linker Generated:              0       300       0      
    +--+------------------------------+-------+---------+---------+
       Grand Total:                   16664   3898      2006   


LINKER GENERATED COPY TABLES

__TI_cinit_table @ 00005050 records: 3, size/record: 8, table size: 24
	.data: load addr=00004f38, load size=000000f8 bytes, run addr=20000270, run size=00000231 bytes, compression=lzss
	.bss: load addr=00005040, load size=00000008 bytes, run addr=200006a8, run size=00000141 bytes, compression=zero_init
	.vtable: load addr=00005048, load size=00000008 bytes, run addr=20000000, run size=0000026c bytes, compression=zero_init


LINKER GENERATED HANDLER TABLE

__TI_handler_table @ 00005030 records: 3, size/record: 4, table size: 12
	index: 0, handler: __TI_zero_init
	index: 1, handler: __TI_decompress_lzss
	index: 2, handler: __TI_decompress_none


GLOBAL SYMBOLS: SORTED ALPHABETICALLY BY Name 

address   name                          
-------   ----                          
000013a9  AltitudeHold                  
00001649  AttitudeProtection            
00001be1  Attitude_Data_Store           
00001f2d  Attitude_init                 
00002919  BeepPwmInit                   
20000424  Beep_Counter                  
20000420  Beep_Flag                     
20000428  Beep_Fre                      
00004389  C$$EXIT                       
000042c7  CPUcpsie                      
20000442  Control_Open                  
20000443  Control_Serial                
2000041c  Counter                       
20000480  DataIsReady                   
00003ead  Delay_ms                      
00003ecb  Delay_us                      
000015c9  Display                       
00001f3b  Distance_init                 
2000043c  Error_Distance                
00004980  F6x8                          
00004390  F8X16                         
00004215  FPUEnable                     
00004225  FPULazyStackingEnable         
000040a3  GPIODirModeSet                
00004359  GPIOIntClear                  
00004265  GPIOIntDisable                
000042d3  GPIOIntEnable                 
0000414f  GPIOIntRegister               
00004273  GPIOIntStatus                 
00003cf5  GPIOIntTypeSet                
0000349b  GPIOPadConfigSet              
00003d4d  GPIOPinConfigure              
0000435f  GPIOPinRead                   
000041a9  GPIOPinTypeGPIOInput          
00004167  GPIOPinTypeGPIOOutput         
000041bb  GPIOPinTypePWM                
000041cd  GPIOPinTypeUART               
00004365  GPIOPinWrite                  
0000026d  GPIO_Init                     
00002bd3  GetAverageDistance            
00001345  Get_Coordinate                
00001357  Get_Distance                  
20000430  Goal_Distance                 
00002ccd  HardwareConfig                
20000270  Hzk                           
0000028f  IIC_Start                     
000002bf  IIC_Stop                      
000002e5  IIC_Wait_Ack                  
00003b5d  IntDisable                    
00003bc5  IntEnable                     
00004235  IntMasterEnable               
0000400d  IntRegister                   
00002b41  Int_Handler_GPIOA             
000024db  Int_Handler_GPIOF             
20000498  KEY_L                         
20000499  KEY_R                         
200007c9  KeyPress0                     
20000494  KeyPress4                     
000023dd  Key_Configure                 
0000240b  Key_Interrupt                 
0000242b  Key_Scan                      
0000271d  LED_Color                     
0000267d  LED_ColorInit                 
00002767  LED_Config                    
00002783  LED_Set                       
00001305  LandMode                      
20000438  Last_Real_Distance            
000028b9  Led_Twinkle                   
000030eb  LimitingFilter                
000012c5  LockPixhawk                   
00001b81  Mav_recive_UART2_Config       
00001f49  Mavlink_DateInit              
000004e9  OLED_Clear                    
000004cd  OLED_Display_Off              
000004b1  OLED_Display_On               
00000905  OLED_DrawBMP                  
000009b5  OLED_Init                     
00000551  OLED_On                       
00000477  OLED_Set_Pos                  
00000849  OLED_ShowCHinese              
000005c5  OLED_ShowChar                 
00000711  OLED_ShowNum                  
000007df  OLED_ShowString               
000003eb  OLED_WR_Byte                  
00001573  OledDisplayInit               
200006d8  PID_Data_H                    
200006f4  PID_Data_X                    
20000710  PID_Data_Y                    
2000072c  PID_H                         
00000a99  PID_Init                      
20000748  PID_X                         
20000764  PID_Y                         
00004245  PWMDeadBandEnable             
000040cd  PWMGenConfigure               
000042df  PWMGenDisable                 
000042eb  PWMGenEnable                  
00004255  PWMGenPeriodSet               
000041df  PWMOutputState                
00004131  PWMPulseWidthSet              
00000c2d  Position_PID                  
2000046a  PwmChannel_1                  
2000046c  PwmChannel_2                  
2000046e  PwmChannel_3                  
20000470  PwmChannel_4                  
20000472  PwmChannel_5                  
00002999  PwmConfig                     
200007d4  ReadPin0                      
200007d8  ReadPin4                      
200007ca  RealAttitude_pitch            
200007e0  RealAttitude_roll             
200007e2  RealAttitude_yaw              
20000434  Real_Distance                 
200007e4  Real_XCoordinate              
200007e6  Real_YCoordinate              
20000799  ReciveData_UART0              
200007a9  ReciveData_UART1              
200007b9  ReciveData_UART3              
20000474  ReciveData_i_UART0            
20000475  ReciveData_i_UART1            
20000476  ReciveData_i_UART3            
000042f7  ResetISR                      
00003071  SelectSort                    
00002b1f  SonarTrig                     
00002af5  Sonar_Configure               
00002c47  Sonar_GPIOA_Configure         
00002c65  Sonar_GPIOA_Interrupt         
200007cc  Source_Rangefinder_payload    
200006a8  Source_attitude_payload       
000035cd  SysCtlClockGet                
000037d9  SysCtlClockSet                
0000436b  SysCtlDelay                   
00004181  SysCtlPWMClockSet             
00004041  SysCtlPeripheralEnable        
00003f2d  SysCtlPeripheralPresent       
00003f65  SysCtlPeripheralReady         
20000418  Time_Flag                     
00003229  Timer0IntHandler              
000031f9  Timer0_Config                 
00000fe1  Timer1IntHandler              
00003287  Timer1_Config                 
000032f3  Timer2IntHandler              
000032bd  Timer2_Config                 
00003c95  TimerConfigure                
00004281  TimerEnable                   
0000437d  TimerIntClear                 
00004303  TimerIntDisable               
00004349  TimerIntEnable                
0000430d  TimerIntStatus                
000041f1  TimerLoadSet                  
00004317  TimerValueGet                 
00002065  UART0Send                     
000020e3  UART1IntHandler               
00002187  UART1Send                     
00001c17  UART2IntHandler               
000022cd  UART3Iint                     
00002201  UART3IntHandler               
00002295  UART3Send                     
00004321  UARTCharGet                   
0000428f  UARTCharGetNonBlocking        
0000432b  UARTCharPut                   
0000429d  UARTCharPutNonBlocking        
000042ab  UARTCharsAvail                
00004371  UARTClockSourceSet            
00003ddd  UARTConfigSetExpClk           
000040f1  UARTDisable                   
00004195  UARTEnable                    
00004335  UARTFIFOEnable                
00004377  UARTFIFOLevelSet              
00004381  UARTIntClear                  
00004351  UARTIntEnable                 
00001ff9  UARTIntHandler                
0000433f  UARTIntStatus                 
000016e5  UARTStdioConfig               
0000182b  UARTgetc                      
00001771  UARTgets                      
00001b4b  UARTprintf                    
00001851  UARTvprintf                   
0000172b  UARTwrite                     
0000208d  Uart0Iint                     
000021af  Uart1Iint                     
00001205  UnlockPixhawk                 
000002fd  Write_IIC_Byte                
0000038b  Write_IIC_Command             
000003bb  Write_IIC_Data                
200006a8  __STACK_END                   
00000200  __STACK_SIZE                  
200006a8  __STACK_TOP                   
00005050  __TI_CINIT_Base               
00005068  __TI_CINIT_Limit              
00005030  __TI_Handler_Table_Base       
0000503c  __TI_Handler_Table_Limit      
00003e69  __TI_auto_init_nobinit_nopinit
00003c2d  __TI_decompress_lzss          
000042b9  __TI_decompress_none          
ffffffff  __TI_pprof_out_hndl           
ffffffff  __TI_prof_data_size           
ffffffff  __TI_prof_data_start          
00000000  __TI_static_base__            
00004203  __TI_zero_init_nomemset       
00003969  __aeabi_cdcmpeq               
00003969  __aeabi_cdcmple               
000039ef  __aeabi_cdrcmple              
00003aef  __aeabi_d2f                   
00003d95  __aeabi_d2iz                  
00002e9b  __aeabi_dadd                  
00003365  __aeabi_ddiv                  
000036dd  __aeabi_dmul                  
00002e91  __aeabi_dsub                  
00003fd5  __aeabi_f2d                   
00004075  __aeabi_i2d                   
00003047  __aeabi_idiv0                 
00003047  __aeabi_ldiv0                 
00003a75  __aeabi_memclr                
00003a75  __aeabi_memclr4               
00003a75  __aeabi_memclr8               
000038cd  __aeabi_memcpy                
000038cd  __aeabi_memcpy4               
000038cd  __aeabi_memcpy8               
00003a77  __aeabi_memset                
00003a77  __aeabi_memset4               
00003a77  __aeabi_memset8               
00004111  __aeabi_ui2d                  
00003eed  __aeabi_uidiv                 
00003eed  __aeabi_uidivmod              
ffffffff  __binit__                     
ffffffff  __c_args__                    
UNDEFED   __mpu_init                    
200004a8  __stack                       
00003f9d  _c_int00_noargs               
UNDEFED   _system_post_cinit            
00004385  _system_pre_init              
00004389  abort                         
ffffffff  binit                         
2000048c  calculate_Flag                
00001d91  calculate_test                
20000464  err_h                         
20000440  err_pitch                     
2000043e  err_roll                      
2000045c  err_x                         
20000460  err_y                         
20000478  fPeriod                       
00000409  fill_picture                  
20000000  g_pfnRAMVectors               
00000000  g_pfnVectors                  
20000466  get_x                         
20000468  get_y                         
2000042d  i                             
200007dc  int_distance                  
2000042c  k                             
00002d15  main                          
000038cd  memcpy                        
00003a7d  memset                        
2000048d  newAttiFlag                   
2000048e  newHeightFlag                 
000006e1  oled_pow                      
200007e8  rx_buffer                     
2000045a  start_PID_H                   
20000458  start_PID_X                   
20000459  start_PID_Y                   
00003049  swap                          


GLOBAL SYMBOLS: SORTED BY Symbol Address 

address   name                          
-------   ----                          
00000000  __TI_static_base__            
00000000  g_pfnVectors                  
00000200  __STACK_SIZE                  
0000026d  GPIO_Init                     
0000028f  IIC_Start                     
000002bf  IIC_Stop                      
000002e5  IIC_Wait_Ack                  
000002fd  Write_IIC_Byte                
0000038b  Write_IIC_Command             
000003bb  Write_IIC_Data                
000003eb  OLED_WR_Byte                  
00000409  fill_picture                  
00000477  OLED_Set_Pos                  
000004b1  OLED_Display_On               
000004cd  OLED_Display_Off              
000004e9  OLED_Clear                    
00000551  OLED_On                       
000005c5  OLED_ShowChar                 
000006e1  oled_pow                      
00000711  OLED_ShowNum                  
000007df  OLED_ShowString               
00000849  OLED_ShowCHinese              
00000905  OLED_DrawBMP                  
000009b5  OLED_Init                     
00000a99  PID_Init                      
00000c2d  Position_PID                  
00000fe1  Timer1IntHandler              
00001205  UnlockPixhawk                 
000012c5  LockPixhawk                   
00001305  LandMode                      
00001345  Get_Coordinate                
00001357  Get_Distance                  
000013a9  AltitudeHold                  
00001573  OledDisplayInit               
000015c9  Display                       
00001649  AttitudeProtection            
000016e5  UARTStdioConfig               
0000172b  UARTwrite                     
00001771  UARTgets                      
0000182b  UARTgetc                      
00001851  UARTvprintf                   
00001b4b  UARTprintf                    
00001b81  Mav_recive_UART2_Config       
00001be1  Attitude_Data_Store           
00001c17  UART2IntHandler               
00001d91  calculate_test                
00001f2d  Attitude_init                 
00001f3b  Distance_init                 
00001f49  Mavlink_DateInit              
00001ff9  UARTIntHandler                
00002065  UART0Send                     
0000208d  Uart0Iint                     
000020e3  UART1IntHandler               
00002187  UART1Send                     
000021af  Uart1Iint                     
00002201  UART3IntHandler               
00002295  UART3Send                     
000022cd  UART3Iint                     
000023dd  Key_Configure                 
0000240b  Key_Interrupt                 
0000242b  Key_Scan                      
000024db  Int_Handler_GPIOF             
0000267d  LED_ColorInit                 
0000271d  LED_Color                     
00002767  LED_Config                    
00002783  LED_Set                       
000028b9  Led_Twinkle                   
00002919  BeepPwmInit                   
00002999  PwmConfig                     
00002af5  Sonar_Configure               
00002b1f  SonarTrig                     
00002b41  Int_Handler_GPIOA             
00002bd3  GetAverageDistance            
00002c47  Sonar_GPIOA_Configure         
00002c65  Sonar_GPIOA_Interrupt         
00002ccd  HardwareConfig                
00002d15  main                          
00002e91  __aeabi_dsub                  
00002e9b  __aeabi_dadd                  
00003047  __aeabi_idiv0                 
00003047  __aeabi_ldiv0                 
00003049  swap                          
00003071  SelectSort                    
000030eb  LimitingFilter                
000031f9  Timer0_Config                 
00003229  Timer0IntHandler              
00003287  Timer1_Config                 
000032bd  Timer2_Config                 
000032f3  Timer2IntHandler              
00003365  __aeabi_ddiv                  
0000349b  GPIOPadConfigSet              
000035cd  SysCtlClockGet                
000036dd  __aeabi_dmul                  
000037d9  SysCtlClockSet                
000038cd  __aeabi_memcpy                
000038cd  __aeabi_memcpy4               
000038cd  __aeabi_memcpy8               
000038cd  memcpy                        
00003969  __aeabi_cdcmpeq               
00003969  __aeabi_cdcmple               
000039ef  __aeabi_cdrcmple              
00003a75  __aeabi_memclr                
00003a75  __aeabi_memclr4               
00003a75  __aeabi_memclr8               
00003a77  __aeabi_memset                
00003a77  __aeabi_memset4               
00003a77  __aeabi_memset8               
00003a7d  memset                        
00003aef  __aeabi_d2f                   
00003b5d  IntDisable                    
00003bc5  IntEnable                     
00003c2d  __TI_decompress_lzss          
00003c95  TimerConfigure                
00003cf5  GPIOIntTypeSet                
00003d4d  GPIOPinConfigure              
00003d95  __aeabi_d2iz                  
00003ddd  UARTConfigSetExpClk           
00003e69  __TI_auto_init_nobinit_nopinit
00003ead  Delay_ms                      
00003ecb  Delay_us                      
00003eed  __aeabi_uidiv                 
00003eed  __aeabi_uidivmod              
00003f2d  SysCtlPeripheralPresent       
00003f65  SysCtlPeripheralReady         
00003f9d  _c_int00_noargs               
00003fd5  __aeabi_f2d                   
0000400d  IntRegister                   
00004041  SysCtlPeripheralEnable        
00004075  __aeabi_i2d                   
000040a3  GPIODirModeSet                
000040cd  PWMGenConfigure               
000040f1  UARTDisable                   
00004111  __aeabi_ui2d                  
00004131  PWMPulseWidthSet              
0000414f  GPIOIntRegister               
00004167  GPIOPinTypeGPIOOutput         
00004181  SysCtlPWMClockSet             
00004195  UARTEnable                    
000041a9  GPIOPinTypeGPIOInput          
000041bb  GPIOPinTypePWM                
000041cd  GPIOPinTypeUART               
000041df  PWMOutputState                
000041f1  TimerLoadSet                  
00004203  __TI_zero_init_nomemset       
00004215  FPUEnable                     
00004225  FPULazyStackingEnable         
00004235  IntMasterEnable               
00004245  PWMDeadBandEnable             
00004255  PWMGenPeriodSet               
00004265  GPIOIntDisable                
00004273  GPIOIntStatus                 
00004281  TimerEnable                   
0000428f  UARTCharGetNonBlocking        
0000429d  UARTCharPutNonBlocking        
000042ab  UARTCharsAvail                
000042b9  __TI_decompress_none          
000042c7  CPUcpsie                      
000042d3  GPIOIntEnable                 
000042df  PWMGenDisable                 
000042eb  PWMGenEnable                  
000042f7  ResetISR                      
00004303  TimerIntDisable               
0000430d  TimerIntStatus                
00004317  TimerValueGet                 
00004321  UARTCharGet                   
0000432b  UARTCharPut                   
00004335  UARTFIFOEnable                
0000433f  UARTIntStatus                 
00004349  TimerIntEnable                
00004351  UARTIntEnable                 
00004359  GPIOIntClear                  
0000435f  GPIOPinRead                   
00004365  GPIOPinWrite                  
0000436b  SysCtlDelay                   
00004371  UARTClockSourceSet            
00004377  UARTFIFOLevelSet              
0000437d  TimerIntClear                 
00004381  UARTIntClear                  
00004385  _system_pre_init              
00004389  C$$EXIT                       
00004389  abort                         
00004390  F8X16                         
00004980  F6x8                          
00005030  __TI_Handler_Table_Base       
0000503c  __TI_Handler_Table_Limit      
00005050  __TI_CINIT_Base               
00005068  __TI_CINIT_Limit              
20000000  g_pfnRAMVectors               
20000270  Hzk                           
20000418  Time_Flag                     
2000041c  Counter                       
20000420  Beep_Flag                     
20000424  Beep_Counter                  
20000428  Beep_Fre                      
2000042c  k                             
2000042d  i                             
20000430  Goal_Distance                 
20000434  Real_Distance                 
20000438  Last_Real_Distance            
2000043c  Error_Distance                
2000043e  err_roll                      
20000440  err_pitch                     
20000442  Control_Open                  
20000443  Control_Serial                
20000458  start_PID_X                   
20000459  start_PID_Y                   
2000045a  start_PID_H                   
2000045c  err_x                         
20000460  err_y                         
20000464  err_h                         
20000466  get_x                         
20000468  get_y                         
2000046a  PwmChannel_1                  
2000046c  PwmChannel_2                  
2000046e  PwmChannel_3                  
20000470  PwmChannel_4                  
20000472  PwmChannel_5                  
20000474  ReciveData_i_UART0            
20000475  ReciveData_i_UART1            
20000476  ReciveData_i_UART3            
20000478  fPeriod                       
20000480  DataIsReady                   
2000048c  calculate_Flag                
2000048d  newAttiFlag                   
2000048e  newHeightFlag                 
20000494  KeyPress4                     
20000498  KEY_L                         
20000499  KEY_R                         
200004a8  __stack                       
200006a8  Source_attitude_payload       
200006a8  __STACK_END                   
200006a8  __STACK_TOP                   
200006d8  PID_Data_H                    
200006f4  PID_Data_X                    
20000710  PID_Data_Y                    
2000072c  PID_H                         
20000748  PID_X                         
20000764  PID_Y                         
20000799  ReciveData_UART0              
200007a9  ReciveData_UART1              
200007b9  ReciveData_UART3              
200007c9  KeyPress0                     
200007ca  RealAttitude_pitch            
200007cc  Source_Rangefinder_payload    
200007d4  ReadPin0                      
200007d8  ReadPin4                      
200007dc  int_distance                  
200007e0  RealAttitude_roll             
200007e2  RealAttitude_yaw              
200007e4  Real_XCoordinate              
200007e6  Real_YCoordinate              
200007e8  rx_buffer                     
ffffffff  __TI_pprof_out_hndl           
ffffffff  __TI_prof_data_size           
ffffffff  __TI_prof_data_start          
ffffffff  __binit__                     
ffffffff  __c_args__                    
ffffffff  binit                         
UNDEFED   __mpu_init                    
UNDEFED   _system_post_cinit            

[260 symbols]
