******************************************************************************
                  TI ARM Linker PC v18.1.2                     
******************************************************************************
>> Linked Sat Jul 14 10:06:10 2018

OUTPUT FILE NAME:   <Four_axes_2018.out>
ENTRY POINT SYMBOL: "_c_int00_noargs"  address: 00003f85


MEMORY CONFIGURATION

         name            origin    length      used     unused   attr    fill
----------------------  --------  ---------  --------  --------  ----  --------
  FLASH                 00000000   00040000  00005040  0003afc0  R  X
  SRAM                  20000000   00008000  000007d2  0000782e  RW X


SEGMENT ALLOCATION MAP

run origin  load origin   length   init length attrs members
----------  ----------- ---------- ----------- ----- -------
00000000    00000000    00005048   00005048    r-x
  00000000    00000000    0000026c   0000026c    r-- .intvecs
  0000026c    0000026c    00004108   00004108    r-x .text
  00004378    00004378    00000ba4   00000ba4    r-- .const
  00004f20    00004f20    00000128   00000128    r-- .cinit
20000000    20000000    000007dd   00000000    rw-
  20000000    20000000    0000026c   00000000    rw- .vtable
  20000270    20000270    00000229   00000000    rw- .data
  200004a0    200004a0    00000200   00000000    rw- .stack
  200006a0    200006a0    0000013d   00000000    rw- .bss


SECTION ALLOCATION MAP

 output                                  attributes/
section   page    origin      length       input sections
--------  ----  ----------  ----------   ----------------
.intvecs   0    00000000    0000026c     
                  00000000    0000026c     tm4c123gh6pm_startup_ccs.obj (.intvecs)

.text      0    0000026c    00004108     
                  0000026c    00000918     pid.obj (.text)
                  00000b84    0000082c     OLED.obj (.text)
                  000013b0    0000049c     uartstdio.obj (.text)
                  0000184c    00000498     Mavlink_test.obj (.text)
                  00001ce4    0000042c     uart_echo.obj (.text)
                  00002110    00000314     Control.obj (.text)
                  00002424    000002a0     key.obj (.text)
                  000026c4    0000029c     colorful_LED.obj (.text)
                  00002960    000001ec     main.obj (.text)
                  00002b4c    000001dc     pwm.obj (.text)
                  00002d28    000001d8     sonar.obj (.text)
                  00002f00    000001b6     rtsv7M4_T_le_v4SPD16_eabi.lib : fd_add_t2.asm.obj (.text)
                  000030b6    00000002                                   : div0.asm.obj (.text)
                  000030b8    000001b0     filter.obj (.text)
                  00003268    00000136     rtsv7M4_T_le_v4SPD16_eabi.lib : fd_div_t2.asm.obj (.text)
                  0000339e    00000132     driverlib.lib : gpio.obj (.text:GPIOPadConfigSet)
                  000034d0    00000110                   : sysctl.obj (.text:SysCtlClockGet)
                  000035e0    000000fc     rtsv7M4_T_le_v4SPD16_eabi.lib : fd_mul_t2.asm.obj (.text)
                  000036dc    000000f4     driverlib.lib : sysctl.obj (.text:SysCtlClockSet)
                  000037d0    000000e4     Timer.obj (.text)
                  000038b4    0000009c     rtsv7M4_T_le_v4SPD16_eabi.lib : memcpy_t2.asm.obj (.text)
                  00003950    00000086                                   : fd_cmp_t2.asm.obj (.text:__aeabi_cdcmple)
                  000039d6    00000086                                   : fd_cmp_t2.asm.obj (.text:__aeabi_cdrcmple)
                  00003a5c    0000007a                                   : memset_t2.asm.obj (.text)
                  00003ad6    0000006e                                   : fd_tos_t2.asm.obj (.text)
                  00003b44    00000068     driverlib.lib : interrupt.obj (.text:IntDisable)
                  00003bac    00000068                   : interrupt.obj (.text:IntEnable)
                  00003c14    00000068     rtsv7M4_T_le_v4SPD16_eabi.lib : copy_decompress_lzss.c.obj (.text:decompress:lzss:__TI_decompress_lzss)
                  00003c7c    00000060     driverlib.lib : timer.obj (.text:TimerConfigure)
                  00003cdc    00000056                   : gpio.obj (.text:GPIOIntTypeSet)
                  00003d32    00000002     --HOLE-- [fill = 0]
                  00003d34    00000048                   : gpio.obj (.text:GPIOPinConfigure)
                  00003d7c    00000048     rtsv7M4_T_le_v4SPD16_eabi.lib : fd_toi_t2.asm.obj (.text)
                  00003dc4    00000046     driverlib.lib : uart.obj (.text:UARTConfigSetExpClk)
                  00003e0a    00000002     --HOLE-- [fill = 0]
                  00003e0c    00000044                   : gpio.obj (.text:_GPIOIntNumberGet)
                  00003e50    00000044     rtsv7M4_T_le_v4SPD16_eabi.lib : autoinit.c.obj (.text:__TI_auto_init_nobinit_nopinit:__TI_auto_init_nobinit_nopinit)
                  00003e94    00000040     delay.obj (.text)
                  00003ed4    00000040     rtsv7M4_T_le_v4SPD16_eabi.lib : u_divt2.asm.obj (.text)
                  00003f14    00000038     driverlib.lib : sysctl.obj (.text:SysCtlPeripheralPresent)
                  00003f4c    00000038                   : sysctl.obj (.text:SysCtlPeripheralReady)
                  00003f84    00000038     rtsv7M4_T_le_v4SPD16_eabi.lib : boot_cortex_m.c.obj (.text:_c_int00_noargs:_c_int00_noargs)
                  00003fbc    00000038                                   : fs_tod_t2.asm.obj (.text)
                  00003ff4    00000034     driverlib.lib : interrupt.obj (.text:IntRegister)
                  00004028    00000034                   : sysctl.obj (.text:SysCtlPeripheralEnable)
                  0000405c    0000002e     rtsv7M4_T_le_v4SPD16_eabi.lib : i_tofd_t2.asm.obj (.text)
                  0000408a    0000002a     driverlib.lib : gpio.obj (.text:GPIODirModeSet)
                  000040b4    00000022                   : pwm.obj (.text:PWMGenConfigure)
                  000040d6    00000002     --HOLE-- [fill = 0]
                  000040d8    00000020                   : uart.obj (.text:UARTDisable)
                  000040f8    00000020     rtsv7M4_T_le_v4SPD16_eabi.lib : u_tofd_t2.asm.obj (.text)
                  00004118    0000001e     driverlib.lib : pwm.obj (.text:PWMPulseWidthSet)
                  00004136    00000018                   : gpio.obj (.text:GPIOIntRegister)
                  0000414e    00000018                   : gpio.obj (.text:GPIOPinTypeGPIOOutput)
                  00004166    00000002     --HOLE-- [fill = 0]
                  00004168    00000014                   : sysctl.obj (.text:SysCtlPWMClockSet)
                  0000417c    00000014                   : uart.obj (.text:UARTEnable)
                  00004190    00000012                   : gpio.obj (.text:GPIOPinTypeGPIOInput)
                  000041a2    00000012                   : gpio.obj (.text:GPIOPinTypePWM)
                  000041b4    00000012                   : gpio.obj (.text:GPIOPinTypeUART)
                  000041c6    00000012                   : pwm.obj (.text:PWMOutputState)
                  000041d8    00000012                   : timer.obj (.text:TimerLoadSet)
                  000041ea    00000012     rtsv7M4_T_le_v4SPD16_eabi.lib : copy_zero_init.c.obj (.text:decompress:ZI:__TI_zero_init_nomemset:__TI_zero_init_nomemset)
                  000041fc    00000010     driverlib.lib : fpu.obj (.text:FPUEnable)
                  0000420c    00000010                   : fpu.obj (.text:FPULazyStackingEnable)
                  0000421c    00000010                   : interrupt.obj (.text:IntMasterEnable)
                  0000422c    00000010                   : pwm.obj (.text:PWMDeadBandEnable)
                  0000423c    00000010                   : pwm.obj (.text:PWMGenPeriodSet)
                  0000424c    0000000e                   : gpio.obj (.text:GPIOIntDisable)
                  0000425a    0000000e                   : gpio.obj (.text:GPIOIntStatus)
                  00004268    0000000e                   : timer.obj (.text:TimerEnable)
                  00004276    0000000e                   : uart.obj (.text:UARTCharGetNonBlocking)
                  00004284    0000000e                   : uart.obj (.text:UARTCharPutNonBlocking)
                  00004292    0000000e                   : uart.obj (.text:UARTCharsAvail)
                  000042a0    0000000e     rtsv7M4_T_le_v4SPD16_eabi.lib : copy_decompress_none.c.obj (.text:decompress:none:__TI_decompress_none)
                  000042ae    0000000c     driverlib.lib : cpu.obj (.text:CPUcpsie)
                  000042ba    0000000c                   : gpio.obj (.text:GPIOIntEnable)
                  000042c6    0000000c                   : pwm.obj (.text:PWMGenDisable)
                  000042d2    0000000c                   : pwm.obj (.text:PWMGenEnable)
                  000042de    0000000c     tm4c123gh6pm_startup_ccs.obj (.text)
                  000042ea    0000000a     driverlib.lib : timer.obj (.text:TimerIntDisable)
                  000042f4    0000000a                   : timer.obj (.text:TimerIntStatus)
                  000042fe    0000000a                   : timer.obj (.text:TimerValueGet)
                  00004308    0000000a                   : uart.obj (.text:UARTCharGet)
                  00004312    0000000a                   : uart.obj (.text:UARTCharPut)
                  0000431c    0000000a                   : uart.obj (.text:UARTFIFOEnable)
                  00004326    0000000a                   : uart.obj (.text:UARTIntStatus)
                  00004330    00000008                   : timer.obj (.text:TimerIntEnable)
                  00004338    00000008                   : uart.obj (.text:UARTIntEnable)
                  00004340    00000006                   : gpio.obj (.text:GPIOIntClear)
                  00004346    00000006                   : gpio.obj (.text:GPIOPinRead)
                  0000434c    00000006                   : gpio.obj (.text:GPIOPinWrite)
                  00004352    00000006                   : sysctl.obj (.text:SysCtlDelay)
                  00004358    00000006                   : uart.obj (.text:UARTClockSourceSet)
                  0000435e    00000006                   : uart.obj (.text:UARTFIFOLevelSet)
                  00004364    00000004                   : timer.obj (.text:TimerIntClear)
                  00004368    00000004                   : uart.obj (.text:UARTIntClear)
                  0000436c    00000004     rtsv7M4_T_le_v4SPD16_eabi.lib : pre_init.c.obj (.text:_system_pre_init)
                  00004370    00000004                                   : exit.c.obj (.text:abort:abort)

.const     0    00004378    00000ba4     
                  00004378    000005f0     OLED.obj (.const:.string:F8X16)
                  00004968    00000228     OLED.obj (.const:F6x8)
                  00004b90    000000d8     driverlib.lib : gpio.obj (.const:g_ppui32GPIOIntMapSnowflake)
                  00004c68    000000c0                   : gpio.obj (.const:g_ppui32GPIOIntMapBlizzard)
                  00004d28    00000090                   : gpio.obj (.const:g_pui32GPIOBaseAddrs)
                  00004db8    00000070                   : interrupt.obj (.const)
                  00004e28    0000006c                   : sysctl.obj (.const:g_pui32Xtals)
                  00004e94    00000004     uartstdio.obj (.const)
                  00004e98    00000058     sonar.obj (.const:$P$T0$3)
                  00004ef0    00000012     uartstdio.obj (.const:.string)
                  00004f02    00000002     --HOLE-- [fill = 0]
                  00004f04    0000000c     uartstdio.obj (.const:g_ui32UARTBase)
                  00004f10    0000000c     uartstdio.obj (.const:g_ui32UARTPeriph)

.cinit     0    00004f20    00000128     
                  00004f20    000000f2     (.cinit..data.load) [load image, compression = lzss]
                  00005012    00000002     --HOLE-- [fill = 0]
                  00005014    0000000c     (__TI_handler_table)
                  00005020    00000008     (.cinit..bss.load) [load image, compression = zero_init]
                  00005028    00000008     (.cinit..vtable.load) [load image, compression = zero_init]
                  00005030    00000018     (__TI_cinit_table)

.init_array 
*          0    00000000    00000000     UNINITIALIZED

.vtable    0    20000000    0000026c     UNINITIALIZED
                  20000000    0000026c     driverlib.lib : interrupt.obj (.vtable)

.data      0    20000270    00000229     UNINITIALIZED
                  20000270    00000180     OLED.obj (.data:Hzk)
                  200003f0    00000028     Mavlink_test.obj (.data:Rx_Buffer_attitude)
                  20000418    00000015     Timer.obj (.data)
                  2000042d    00000014     Mavlink_test.obj (.data:Rx_Buffer_height)
                  20000441    00000003     uart_echo.obj (.data)
                  20000444    00000010     pid.obj (.data)
                  20000454    0000000c     Control.obj (.data)
                  20000460    0000000a     pwm.obj (.data)
                  2000046a    00000006     --HOLE--
                  20000470    0000000a     sonar.obj (.data)
                  2000047a    00000002     --HOLE--
                  2000047c    00000008     sonar.obj (.data:ui32Time$1)
                  20000484    00000007     Mavlink_test.obj (.data)
                  2000048b    00000001     --HOLE--
                  2000048c    00000006     key.obj (.data)
                  20000492    00000002     --HOLE--
                  20000494    00000005     uartstdio.obj (.data)

.bss       0    200006a0    0000013d     UNINITIALIZED
                  200006a0    00000030     (.common:Source_attitude_payload)
                  200006d0    0000001c     (.common:PID_Data_H)
                  200006ec    0000001c     (.common:PID_Data_X)
                  20000708    0000001c     (.common:PID_Data_Y)
                  20000724    0000001c     (.common:PID_H)
                  20000740    0000001c     (.common:PID_X)
                  2000075c    0000001c     (.common:PID_Y)
                  20000778    00000010     (.common:ReciveData_UART0)
                  20000788    00000010     (.common:ReciveData_UART1)
                  20000798    00000010     (.common:ReciveData_UART3)
                  200007a8    00000008     (.common:Source_Rangefinder_payload)
                  200007b0    00000004     (.common:ReadPin0)
                  200007b4    00000004     (.common:ReadPin4)
                  200007b8    00000004     (.common:distan)
                  200007bc    00000004     (.common:pitch)
                  200007c0    00000004     (.common:roll)
                  200007c4    00000004     (.common:yaw)
                  200007c8    00000002     (.common:RealAttitude_pitch)
                  200007ca    00000002     (.common:RealAttitude_roll)
                  200007cc    00000002     (.common:RealAttitude_yaw)
                  200007ce    00000002     (.common:Real_XCoordinate)
                  200007d0    00000002     (.common:Real_YCoordinate)
                  200007d2    00000002     (.common:int_distance)
                  200007d4    00000002     (.common:int_pitch)
                  200007d6    00000002     (.common:int_roll)
                  200007d8    00000002     (.common:int_yaw)
                  200007da    00000001     Mavlink_test.obj (.bss)
                  200007db    00000001     (.common:KeyPress0)
                  200007dc    00000001     (.common:rx_buffer)

.stack     0    200004a0    00000200     UNINITIALIZED
                  200004a0    00000004     rtsv7M4_T_le_v4SPD16_eabi.lib : boot_cortex_m.c.obj (.stack)
                  200004a4    000001fc     --HOLE--

MODULE SUMMARY

       Module                         code    ro data   rw data
       ------                         ----    -------   -------
    .\
       tm4c123gh6pm_startup_ccs.obj   12      620       0      
       main.obj                       492     0         1      
    +--+------------------------------+-------+---------+---------+
       Total:                         504     620       1      
                                                               
    .\0.96'OLED\
       OLED.obj                       2092    2072      384    
    +--+------------------------------+-------+---------+---------+
       Total:                         2092    2072      384    
                                                               
    .\Control\
       Control.obj                    788     0         22     
    +--+------------------------------+-------+---------+---------+
       Total:                         788     0         22     
                                                               
    .\Filter\
       filter.obj                     432     0         0      
    +--+------------------------------+-------+---------+---------+
       Total:                         432     0         0      
                                                               
    .\MavLink_Receive\
       Mavlink_test.obj               1176    0         149    
    +--+------------------------------+-------+---------+---------+
       Total:                         1176    0         149    
                                                               
    .\Pid\
       pid.obj                        2328    0         184    
    +--+------------------------------+-------+---------+---------+
       Total:                         2328    0         184    
                                                               
    .\Pwm\
       pwm.obj                        476     0         10     
    +--+------------------------------+-------+---------+---------+
       Total:                         476     0         10     
                                                               
    .\Timer\
       Timer.obj                      228     0         21     
    +--+------------------------------+-------+---------+---------+
       Total:                         228     0         21     
                                                               
    .\colorful_LED\
       colorful_LED.obj               668     0         0      
    +--+------------------------------+-------+---------+---------+
       Total:                         668     0         0      
                                                               
    .\delay\
       delay.obj                      64      0         0      
    +--+------------------------------+-------+---------+---------+
       Total:                         64      0         0      
                                                               
    .\key\
       key.obj                        672     0         14     
    +--+------------------------------+-------+---------+---------+
       Total:                         672     0         14     
                                                               
    .\sonar\
       sonar.obj                      472     88        18     
    +--+------------------------------+-------+---------+---------+
       Total:                         472     88        18     
                                                               
    .\uart\
       uartstdio.obj                  1180    46        5      
       uart_echo.obj                  1068    0         51     
    +--+------------------------------+-------+---------+---------+
       Total:                         2248    46        56     
                                                               
    D:/ti/TivaWare_C_Series-2.1.4.178/driverlib/ccs/Debug/driverlib.lib
       gpio.obj                       734     552       0      
       interrupt.obj                  276     112       620    
       sysctl.obj                     706     108       0      
       uart.obj                       228     0         0      
       timer.obj                      170     0         0      
       pwm.obj                        138     0         0      
       fpu.obj                        32      0         0      
       cpu.obj                        12      0         0      
    +--+------------------------------+-------+---------+---------+
       Total:                         2296    772       620    
                                                               
    D:\Project_Program\Ccs\ccsv8\tools\compiler\ti-cgt-arm_18.1.2.LTS\lib\rtsv7M4_T_le_v4SPD16_eabi.lib
       fd_add_t2.asm.obj              438     0         0      
       fd_div_t2.asm.obj              310     0         0      
       fd_cmp_t2.asm.obj              268     0         0      
       fd_mul_t2.asm.obj              252     0         0      
       memcpy_t2.asm.obj              156     0         0      
       memset_t2.asm.obj              122     0         0      
       fd_tos_t2.asm.obj              110     0         0      
       copy_decompress_lzss.c.obj     104     0         0      
       fd_toi_t2.asm.obj              72      0         0      
       autoinit.c.obj                 68      0         0      
       u_divt2.asm.obj                64      0         0      
       boot_cortex_m.c.obj            56      0         0      
       fs_tod_t2.asm.obj              56      0         0      
       i_tofd_t2.asm.obj              46      0         0      
       u_tofd_t2.asm.obj              32      0         0      
       copy_zero_init.c.obj           18      0         0      
       copy_decompress_none.c.obj     14      0         0      
       exit.c.obj                     4       0         0      
       pre_init.c.obj                 4       0         0      
       div0.asm.obj                   2       0         0      
    +--+------------------------------+-------+---------+---------+
       Total:                         2196    0         0      
                                                               
       Stack:                         0       0         512    
       Linker Generated:              0       294       0      
    +--+------------------------------+-------+---------+---------+
       Grand Total:                   16640   3892      1991   


LINKER GENERATED COPY TABLES

__TI_cinit_table @ 00005030 records: 3, size/record: 8, table size: 24
	.data: load addr=00004f20, load size=000000f2 bytes, run addr=20000270, run size=00000229 bytes, compression=lzss
	.bss: load addr=00005020, load size=00000008 bytes, run addr=200006a0, run size=0000013d bytes, compression=zero_init
	.vtable: load addr=00005028, load size=00000008 bytes, run addr=20000000, run size=0000026c bytes, compression=zero_init


LINKER GENERATED HANDLER TABLE

__TI_handler_table @ 00005014 records: 3, size/record: 4, table size: 12
	index: 0, handler: __TI_zero_init
	index: 1, handler: __TI_decompress_lzss
	index: 2, handler: __TI_decompress_none


GLOBAL SYMBOLS: SORTED ALPHABETICALLY BY Name 

address   name                          
-------   ----                          
00002277  AltitudeHold                  
00002371  AttitudeProtection            
000018ad  Attitude_Data_Store           
00001c11  Attitude_init                 
00002b4d  BeepPwmInit                   
20000424  Beep_Counter                  
20000420  Beep_Flag                     
20000428  Beep_Fre                      
00004371  C$$EXIT                       
000042af  CPUcpsie                      
2000045e  Control_Open                  
2000045f  Control_Serial                
2000041c  Counter                       
20000478  DataIsReady                   
00003e95  Delay_ms                      
00003eb3  Delay_us                      
00002317  Display                       
00001c1f  Distance_init                 
20000458  Error_Distance                
00004968  F6x8                          
00004378  F8X16                         
000041fd  FPUEnable                     
0000420d  FPULazyStackingEnable         
0000408b  GPIODirModeSet                
00004341  GPIOIntClear                  
0000424d  GPIOIntDisable                
000042bb  GPIOIntEnable                 
00004137  GPIOIntRegister               
0000425b  GPIOIntStatus                 
00003cdd  GPIOIntTypeSet                
0000339f  GPIOPadConfigSet              
00003d35  GPIOPinConfigure              
00004347  GPIOPinRead                   
00004191  GPIOPinTypeGPIOInput          
0000414f  GPIOPinTypeGPIOOutput         
000041a3  GPIOPinTypePWM                
000041b5  GPIOPinTypeUART               
0000434d  GPIOPinWrite                  
00000b85  GPIO_Init                     
00002e07  GetAverageDistance            
00002251  Get_Coordinate                
00002263  Get_Distance                  
20000454  Goal_Distance                 
00002961  HardwareConfig                
20000270  Hzk                           
00000ba7  IIC_Start                     
00000bd7  IIC_Stop                      
00000bfd  IIC_Wait_Ack                  
00003b45  IntDisable                    
00003bad  IntEnable                     
0000421d  IntMasterEnable               
00003ff5  IntRegister                   
00002d75  Int_Handler_GPIOA             
00002523  Int_Handler_GPIOF             
20000490  KEY_L                         
20000491  KEY_R                         
200007db  KeyPress0                     
2000048c  KeyPress4                     
00002425  Key_Configure                 
00002453  Key_Interrupt                 
00002473  Key_Scan                      
00002765  LED_Color                     
000026c5  LED_ColorInit                 
000027af  LED_Config                    
000027cb  LED_Set                       
00002211  LandMode                      
00002901  Led_Twinkle                   
0000315b  LimitingFilter                
000021d1  LockPixhawk                   
0000184d  Mav_recive_UART2_Config       
00001c2d  Mavlink_DateInit              
00000e01  OLED_Clear                    
00000de5  OLED_Display_Off              
00000dc9  OLED_Display_On               
0000121d  OLED_DrawBMP                  
000012cd  OLED_Init                     
00000e69  OLED_On                       
00000d8f  OLED_Set_Pos                  
00001161  OLED_ShowCHinese              
00000edd  OLED_ShowChar                 
00001029  OLED_ShowNum                  
000010f7  OLED_ShowString               
00000d03  OLED_WR_Byte                  
000022c1  OledDisplayInit               
200006d0  PID_Data_H                    
200006ec  PID_Data_X                    
20000708  PID_Data_Y                    
20000724  PID_H                         
0000026d  PID_Init                      
20000740  PID_X                         
2000075c  PID_Y                         
0000422d  PWMDeadBandEnable             
000040b5  PWMGenConfigure               
000042c7  PWMGenDisable                 
000042d3  PWMGenEnable                  
0000423d  PWMGenPeriodSet               
000041c7  PWMOutputState                
00004119  PWMPulseWidthSet              
00000401  Position_PID                  
20000460  PwmChannel_1                  
20000462  PwmChannel_2                  
20000464  PwmChannel_3                  
20000466  PwmChannel_4                  
20000468  PwmChannel_5                  
00002bcd  PwmConfig                     
200007b0  ReadPin0                      
200007b4  ReadPin4                      
200007c8  RealAttitude_pitch            
200007ca  RealAttitude_roll             
200007cc  RealAttitude_yaw              
20000456  Real_Distance                 
200007ce  Real_XCoordinate              
200007d0  Real_YCoordinate              
20000778  ReciveData_UART0              
20000788  ReciveData_UART1              
20000798  ReciveData_UART3              
20000441  ReciveData_i_UART0            
20000442  ReciveData_i_UART1            
20000443  ReciveData_i_UART3            
000042df  ResetISR                      
200003f0  Rx_Buffer_attitude            
2000042d  Rx_Buffer_height              
000030e1  SelectSort                    
00002d53  SonarTrig                     
00002d29  Sonar_Configure               
00002e7b  Sonar_GPIOA_Configure         
00002e99  Sonar_GPIOA_Interrupt         
200007a8  Source_Rangefinder_payload    
200006a0  Source_attitude_payload       
000034d1  SysCtlClockGet                
000036dd  SysCtlClockSet                
00004353  SysCtlDelay                   
00004169  SysCtlPWMClockSet             
00004029  SysCtlPeripheralEnable        
00003f15  SysCtlPeripheralPresent       
00003f4d  SysCtlPeripheralReady         
20000418  Time_Flag                     
00003801  Timer0IntHandler              
000037d1  Timer0_Config                 
000007d9  Timer1IntHandler              
0000385f  Timer1_Config                 
00003c7d  TimerConfigure                
00004269  TimerEnable                   
00004365  TimerIntClear                 
000042eb  TimerIntDisable               
00004331  TimerIntEnable                
000042f5  TimerIntStatus                
000041d9  TimerLoadSet                  
000042ff  TimerValueGet                 
00001d51  UART0Send                     
00001dcf  UART1IntHandler               
00001e73  UART1Send                     
000018e3  UART2IntHandler               
00001ff1  UART3Iint                     
00001eed  UART3IntHandler               
00001fc9  UART3Send                     
00004309  UARTCharGet                   
00004277  UARTCharGetNonBlocking        
00004313  UARTCharPut                   
00004285  UARTCharPutNonBlocking        
00004293  UARTCharsAvail                
00004359  UARTClockSourceSet            
00003dc5  UARTConfigSetExpClk           
000040d9  UARTDisable                   
0000417d  UARTEnable                    
0000431d  UARTFIFOEnable                
0000435f  UARTFIFOLevelSet              
00004369  UARTIntClear                  
00004339  UARTIntEnable                 
00001ce5  UARTIntHandler                
00004327  UARTIntStatus                 
000013b1  UARTStdioConfig               
000014f7  UARTgetc                      
0000143d  UARTgets                      
00001817  UARTprintf                    
0000151d  UARTvprintf                   
000013f7  UARTwrite                     
00001d79  Uart0Iint                     
00001e9b  Uart1Iint                     
00002111  UnlockPixhawk                 
00000c15  Write_IIC_Byte                
00000ca3  Write_IIC_Command             
00000cd3  Write_IIC_Data                
200006a0  __STACK_END                   
00000200  __STACK_SIZE                  
200006a0  __STACK_TOP                   
00005030  __TI_CINIT_Base               
00005048  __TI_CINIT_Limit              
00005014  __TI_Handler_Table_Base       
00005020  __TI_Handler_Table_Limit      
00003e51  __TI_auto_init_nobinit_nopinit
00003c15  __TI_decompress_lzss          
000042a1  __TI_decompress_none          
ffffffff  __TI_pprof_out_hndl           
ffffffff  __TI_prof_data_size           
ffffffff  __TI_prof_data_start          
00000000  __TI_static_base__            
000041eb  __TI_zero_init_nomemset       
00003951  __aeabi_cdcmpeq               
00003951  __aeabi_cdcmple               
000039d7  __aeabi_cdrcmple              
00003ad7  __aeabi_d2f                   
00003d7d  __aeabi_d2iz                  
00002f0b  __aeabi_dadd                  
00003269  __aeabi_ddiv                  
000035e1  __aeabi_dmul                  
00002f01  __aeabi_dsub                  
00003fbd  __aeabi_f2d                   
0000405d  __aeabi_i2d                   
000030b7  __aeabi_idiv0                 
000030b7  __aeabi_ldiv0                 
00003a5d  __aeabi_memclr                
00003a5d  __aeabi_memclr4               
00003a5d  __aeabi_memclr8               
000038b5  __aeabi_memcpy                
000038b5  __aeabi_memcpy4               
000038b5  __aeabi_memcpy8               
00003a5f  __aeabi_memset                
00003a5f  __aeabi_memset4               
00003a5f  __aeabi_memset8               
000040f9  __aeabi_ui2d                  
00003ed5  __aeabi_uidiv                 
00003ed5  __aeabi_uidivmod              
ffffffff  __binit__                     
ffffffff  __c_args__                    
UNDEFED   __mpu_init                    
200004a0  __stack                       
00003f85  _c_int00_noargs               
UNDEFED   _system_post_cinit            
0000436d  _system_pre_init              
00004371  abort                         
ffffffff  binit                         
20000484  calculate_Flag                
00001a65  calculate_test                
200007b8  distan                        
20000450  err_h                         
2000045c  err_pitch                     
2000045a  err_roll                      
20000448  err_x                         
2000044c  err_y                         
20000470  fPeriod                       
00000d21  fill_picture                  
20000000  g_pfnRAMVectors               
00000000  g_pfnVectors                  
20000452  get_x                         
20000453  get_y                         
200007d2  int_distance                  
200007d4  int_pitch                     
200007d6  int_roll                      
200007d8  int_yaw                       
2000042c  k                             
000029a9  main                          
000038b5  memcpy                        
00003a65  memset                        
20000485  newAttiFlag                   
20000486  newHeightFlag                 
00000ff9  oled_pow                      
200007bc  pitch                         
200007c0  roll                          
200007dc  rx_buffer                     
20000446  start_PID_H                   
20000444  start_PID_X                   
20000445  start_PID_Y                   
20000487  start_receive_attitude        
20000488  start_receive_height          
000030b9  swap                          
200007c4  yaw                           


GLOBAL SYMBOLS: SORTED BY Symbol Address 

address   name                          
-------   ----                          
00000000  __TI_static_base__            
00000000  g_pfnVectors                  
00000200  __STACK_SIZE                  
0000026d  PID_Init                      
00000401  Position_PID                  
000007d9  Timer1IntHandler              
00000b85  GPIO_Init                     
00000ba7  IIC_Start                     
00000bd7  IIC_Stop                      
00000bfd  IIC_Wait_Ack                  
00000c15  Write_IIC_Byte                
00000ca3  Write_IIC_Command             
00000cd3  Write_IIC_Data                
00000d03  OLED_WR_Byte                  
00000d21  fill_picture                  
00000d8f  OLED_Set_Pos                  
00000dc9  OLED_Display_On               
00000de5  OLED_Display_Off              
00000e01  OLED_Clear                    
00000e69  OLED_On                       
00000edd  OLED_ShowChar                 
00000ff9  oled_pow                      
00001029  OLED_ShowNum                  
000010f7  OLED_ShowString               
00001161  OLED_ShowCHinese              
0000121d  OLED_DrawBMP                  
000012cd  OLED_Init                     
000013b1  UARTStdioConfig               
000013f7  UARTwrite                     
0000143d  UARTgets                      
000014f7  UARTgetc                      
0000151d  UARTvprintf                   
00001817  UARTprintf                    
0000184d  Mav_recive_UART2_Config       
000018ad  Attitude_Data_Store           
000018e3  UART2IntHandler               
00001a65  calculate_test                
00001c11  Attitude_init                 
00001c1f  Distance_init                 
00001c2d  Mavlink_DateInit              
00001ce5  UARTIntHandler                
00001d51  UART0Send                     
00001d79  Uart0Iint                     
00001dcf  UART1IntHandler               
00001e73  UART1Send                     
00001e9b  Uart1Iint                     
00001eed  UART3IntHandler               
00001fc9  UART3Send                     
00001ff1  UART3Iint                     
00002111  UnlockPixhawk                 
000021d1  LockPixhawk                   
00002211  LandMode                      
00002251  Get_Coordinate                
00002263  Get_Distance                  
00002277  AltitudeHold                  
000022c1  OledDisplayInit               
00002317  Display                       
00002371  AttitudeProtection            
00002425  Key_Configure                 
00002453  Key_Interrupt                 
00002473  Key_Scan                      
00002523  Int_Handler_GPIOF             
000026c5  LED_ColorInit                 
00002765  LED_Color                     
000027af  LED_Config                    
000027cb  LED_Set                       
00002901  Led_Twinkle                   
00002961  HardwareConfig                
000029a9  main                          
00002b4d  BeepPwmInit                   
00002bcd  PwmConfig                     
00002d29  Sonar_Configure               
00002d53  SonarTrig                     
00002d75  Int_Handler_GPIOA             
00002e07  GetAverageDistance            
00002e7b  Sonar_GPIOA_Configure         
00002e99  Sonar_GPIOA_Interrupt         
00002f01  __aeabi_dsub                  
00002f0b  __aeabi_dadd                  
000030b7  __aeabi_idiv0                 
000030b7  __aeabi_ldiv0                 
000030b9  swap                          
000030e1  SelectSort                    
0000315b  LimitingFilter                
00003269  __aeabi_ddiv                  
0000339f  GPIOPadConfigSet              
000034d1  SysCtlClockGet                
000035e1  __aeabi_dmul                  
000036dd  SysCtlClockSet                
000037d1  Timer0_Config                 
00003801  Timer0IntHandler              
0000385f  Timer1_Config                 
000038b5  __aeabi_memcpy                
000038b5  __aeabi_memcpy4               
000038b5  __aeabi_memcpy8               
000038b5  memcpy                        
00003951  __aeabi_cdcmpeq               
00003951  __aeabi_cdcmple               
000039d7  __aeabi_cdrcmple              
00003a5d  __aeabi_memclr                
00003a5d  __aeabi_memclr4               
00003a5d  __aeabi_memclr8               
00003a5f  __aeabi_memset                
00003a5f  __aeabi_memset4               
00003a5f  __aeabi_memset8               
00003a65  memset                        
00003ad7  __aeabi_d2f                   
00003b45  IntDisable                    
00003bad  IntEnable                     
00003c15  __TI_decompress_lzss          
00003c7d  TimerConfigure                
00003cdd  GPIOIntTypeSet                
00003d35  GPIOPinConfigure              
00003d7d  __aeabi_d2iz                  
00003dc5  UARTConfigSetExpClk           
00003e51  __TI_auto_init_nobinit_nopinit
00003e95  Delay_ms                      
00003eb3  Delay_us                      
00003ed5  __aeabi_uidiv                 
00003ed5  __aeabi_uidivmod              
00003f15  SysCtlPeripheralPresent       
00003f4d  SysCtlPeripheralReady         
00003f85  _c_int00_noargs               
00003fbd  __aeabi_f2d                   
00003ff5  IntRegister                   
00004029  SysCtlPeripheralEnable        
0000405d  __aeabi_i2d                   
0000408b  GPIODirModeSet                
000040b5  PWMGenConfigure               
000040d9  UARTDisable                   
000040f9  __aeabi_ui2d                  
00004119  PWMPulseWidthSet              
00004137  GPIOIntRegister               
0000414f  GPIOPinTypeGPIOOutput         
00004169  SysCtlPWMClockSet             
0000417d  UARTEnable                    
00004191  GPIOPinTypeGPIOInput          
000041a3  GPIOPinTypePWM                
000041b5  GPIOPinTypeUART               
000041c7  PWMOutputState                
000041d9  TimerLoadSet                  
000041eb  __TI_zero_init_nomemset       
000041fd  FPUEnable                     
0000420d  FPULazyStackingEnable         
0000421d  IntMasterEnable               
0000422d  PWMDeadBandEnable             
0000423d  PWMGenPeriodSet               
0000424d  GPIOIntDisable                
0000425b  GPIOIntStatus                 
00004269  TimerEnable                   
00004277  UARTCharGetNonBlocking        
00004285  UARTCharPutNonBlocking        
00004293  UARTCharsAvail                
000042a1  __TI_decompress_none          
000042af  CPUcpsie                      
000042bb  GPIOIntEnable                 
000042c7  PWMGenDisable                 
000042d3  PWMGenEnable                  
000042df  ResetISR                      
000042eb  TimerIntDisable               
000042f5  TimerIntStatus                
000042ff  TimerValueGet                 
00004309  UARTCharGet                   
00004313  UARTCharPut                   
0000431d  UARTFIFOEnable                
00004327  UARTIntStatus                 
00004331  TimerIntEnable                
00004339  UARTIntEnable                 
00004341  GPIOIntClear                  
00004347  GPIOPinRead                   
0000434d  GPIOPinWrite                  
00004353  SysCtlDelay                   
00004359  UARTClockSourceSet            
0000435f  UARTFIFOLevelSet              
00004365  TimerIntClear                 
00004369  UARTIntClear                  
0000436d  _system_pre_init              
00004371  C$$EXIT                       
00004371  abort                         
00004378  F8X16                         
00004968  F6x8                          
00005014  __TI_Handler_Table_Base       
00005020  __TI_Handler_Table_Limit      
00005030  __TI_CINIT_Base               
00005048  __TI_CINIT_Limit              
20000000  g_pfnRAMVectors               
20000270  Hzk                           
200003f0  Rx_Buffer_attitude            
20000418  Time_Flag                     
2000041c  Counter                       
20000420  Beep_Flag                     
20000424  Beep_Counter                  
20000428  Beep_Fre                      
2000042c  k                             
2000042d  Rx_Buffer_height              
20000441  ReciveData_i_UART0            
20000442  ReciveData_i_UART1            
20000443  ReciveData_i_UART3            
20000444  start_PID_X                   
20000445  start_PID_Y                   
20000446  start_PID_H                   
20000448  err_x                         
2000044c  err_y                         
20000450  err_h                         
20000452  get_x                         
20000453  get_y                         
20000454  Goal_Distance                 
20000456  Real_Distance                 
20000458  Error_Distance                
2000045a  err_roll                      
2000045c  err_pitch                     
2000045e  Control_Open                  
2000045f  Control_Serial                
20000460  PwmChannel_1                  
20000462  PwmChannel_2                  
20000464  PwmChannel_3                  
20000466  PwmChannel_4                  
20000468  PwmChannel_5                  
20000470  fPeriod                       
20000478  DataIsReady                   
20000484  calculate_Flag                
20000485  newAttiFlag                   
20000486  newHeightFlag                 
20000487  start_receive_attitude        
20000488  start_receive_height          
2000048c  KeyPress4                     
20000490  KEY_L                         
20000491  KEY_R                         
200004a0  __stack                       
200006a0  Source_attitude_payload       
200006a0  __STACK_END                   
200006a0  __STACK_TOP                   
200006d0  PID_Data_H                    
200006ec  PID_Data_X                    
20000708  PID_Data_Y                    
20000724  PID_H                         
20000740  PID_X                         
2000075c  PID_Y                         
20000778  ReciveData_UART0              
20000788  ReciveData_UART1              
20000798  ReciveData_UART3              
200007a8  Source_Rangefinder_payload    
200007b0  ReadPin0                      
200007b4  ReadPin4                      
200007b8  distan                        
200007bc  pitch                         
200007c0  roll                          
200007c4  yaw                           
200007c8  RealAttitude_pitch            
200007ca  RealAttitude_roll             
200007cc  RealAttitude_yaw              
200007ce  Real_XCoordinate              
200007d0  Real_YCoordinate              
200007d2  int_distance                  
200007d4  int_pitch                     
200007d6  int_roll                      
200007d8  int_yaw                       
200007db  KeyPress0                     
200007dc  rx_buffer                     
ffffffff  __TI_pprof_out_hndl           
ffffffff  __TI_prof_data_size           
ffffffff  __TI_prof_data_start          
ffffffff  __binit__                     
ffffffff  __c_args__                    
ffffffff  binit                         
UNDEFED   __mpu_init                    
UNDEFED   _system_post_cinit            

[267 symbols]
