******************************************************************************
                  TI ARM Linker PC v18.1.2                     
******************************************************************************
>> Linked Fri Jul 13 00:30:00 2018

OUTPUT FILE NAME:   <Four_axes_2018.out>
ENTRY POINT SYMBOL: "_c_int00_noargs"  address: 000038f1


MEMORY CONFIGURATION

         name            origin    length      used     unused   attr    fill
----------------------  --------  ---------  --------  --------  ----  --------
  FLASH                 00000000   00040000  00004a54  0003b5ac  R  X
  SRAM                  20000000   00008000  00000b33  000074cd  RW X


SEGMENT ALLOCATION MAP

run origin  load origin   length   init length attrs members
----------  ----------- ---------- ----------- ----- -------
00000000    00000000    00004a58   00004a58    r-x
  00000000    00000000    0000026c   0000026c    r-- .intvecs
  0000026c    0000026c    00003a2c   00003a2c    r-x .text
  00003c98    00003c98    00000ba4   00000ba4    r-- .const
  00004840    00004840    00000218   00000218    r-- .cinit
20000000    20000000    00000b3e   00000000    rw-
  20000000    20000000    0000026c   00000000    rw- .vtable
  20000270    20000270    000005e1   00000000    rw- .data
  20000858    20000858    00000200   00000000    rw- .stack
  20000a58    20000a58    000000e6   00000000    rw- .bss


SECTION ALLOCATION MAP

 output                                  attributes/
section   page    origin      length       input sections
--------  ----  ----------  ----------   ----------------
.intvecs   0    00000000    0000026c     
                  00000000    0000026c     tm4c123gh6pm_startup_ccs.obj (.intvecs)

.text      0    0000026c    00003a2c     
                  0000026c    00000918     pid.obj (.text)
                  00000b84    0000082c     OLED.obj (.text)
                  000013b0    0000049c     uartstdio.obj (.text)
                  0000184c    000003fc     uart_echo.obj (.text)
                  00001c48    000002b8     Control.obj (.text)
                  00001f00    000002a0     key.obj (.text)
                  000021a0    0000029c     colorful_LED.obj (.text)
                  0000243c    000001dc     pwm.obj (.text)
                  00002618    000001d8     sonar.obj (.text)
                  000027f0    000001b6     rtsv7M4_T_le_v4SPD16_eabi.lib : fd_add_t2.asm.obj (.text)
                  000029a6    00000002                                   : div0.asm.obj (.text)
                  000029a8    000001b0     filter.obj (.text)
                  00002b58    00000164     main.obj (.text)
                  00002cbc    00000136     rtsv7M4_T_le_v4SPD16_eabi.lib : fd_div_t2.asm.obj (.text)
                  00002df2    00000132     driverlib.lib : gpio.obj (.text:GPIOPadConfigSet)
                  00002f24    00000110                   : sysctl.obj (.text:SysCtlClockGet)
                  00003034    000000fc     rtsv7M4_T_le_v4SPD16_eabi.lib : fd_mul_t2.asm.obj (.text)
                  00003130    000000f4     driverlib.lib : sysctl.obj (.text:SysCtlClockSet)
                  00003224    000000e4     Timer.obj (.text)
                  00003308    0000009c     rtsv7M4_T_le_v4SPD16_eabi.lib : memcpy_t2.asm.obj (.text)
                  000033a4    00000086                                   : fd_cmp_t2.asm.obj (.text:__aeabi_cdcmple)
                  0000342a    00000086                                   : fd_cmp_t2.asm.obj (.text:__aeabi_cdrcmple)
                  000034b0    00000068     driverlib.lib : interrupt.obj (.text:IntDisable)
                  00003518    00000068                   : interrupt.obj (.text:IntEnable)
                  00003580    00000068     rtsv7M4_T_le_v4SPD16_eabi.lib : copy_decompress_lzss.c.obj (.text:decompress:lzss:__TI_decompress_lzss)
                  000035e8    00000060     driverlib.lib : timer.obj (.text:TimerConfigure)
                  00003648    00000056                   : gpio.obj (.text:GPIOIntTypeSet)
                  0000369e    00000002     --HOLE-- [fill = 0]
                  000036a0    00000048                   : gpio.obj (.text:GPIOPinConfigure)
                  000036e8    00000048     rtsv7M4_T_le_v4SPD16_eabi.lib : fd_toi_t2.asm.obj (.text)
                  00003730    00000046     driverlib.lib : uart.obj (.text:UARTConfigSetExpClk)
                  00003776    00000002     --HOLE-- [fill = 0]
                  00003778    00000044                   : gpio.obj (.text:_GPIOIntNumberGet)
                  000037bc    00000044     rtsv7M4_T_le_v4SPD16_eabi.lib : autoinit.c.obj (.text:__TI_auto_init_nobinit_nopinit:__TI_auto_init_nobinit_nopinit)
                  00003800    00000040     delay.obj (.text)
                  00003840    00000040     rtsv7M4_T_le_v4SPD16_eabi.lib : u_divt2.asm.obj (.text)
                  00003880    00000038     driverlib.lib : sysctl.obj (.text:SysCtlPeripheralPresent)
                  000038b8    00000038                   : sysctl.obj (.text:SysCtlPeripheralReady)
                  000038f0    00000038     rtsv7M4_T_le_v4SPD16_eabi.lib : boot_cortex_m.c.obj (.text:_c_int00_noargs:_c_int00_noargs)
                  00003928    00000034     driverlib.lib : interrupt.obj (.text:IntRegister)
                  0000395c    00000034                   : sysctl.obj (.text:SysCtlPeripheralEnable)
                  00003990    0000002e     rtsv7M4_T_le_v4SPD16_eabi.lib : i_tofd_t2.asm.obj (.text)
                  000039be    0000002a     driverlib.lib : gpio.obj (.text:GPIODirModeSet)
                  000039e8    00000022                   : pwm.obj (.text:PWMGenConfigure)
                  00003a0a    00000002     --HOLE-- [fill = 0]
                  00003a0c    00000020                   : uart.obj (.text:UARTDisable)
                  00003a2c    00000020     rtsv7M4_T_le_v4SPD16_eabi.lib : u_tofd_t2.asm.obj (.text)
                  00003a4c    0000001e     driverlib.lib : pwm.obj (.text:PWMPulseWidthSet)
                  00003a6a    00000018                   : gpio.obj (.text:GPIOIntRegister)
                  00003a82    00000018                   : gpio.obj (.text:GPIOPinTypeGPIOOutput)
                  00003a9a    00000002     --HOLE-- [fill = 0]
                  00003a9c    00000014                   : sysctl.obj (.text:SysCtlPWMClockSet)
                  00003ab0    00000014                   : uart.obj (.text:UARTEnable)
                  00003ac4    00000012                   : gpio.obj (.text:GPIOPinTypeGPIOInput)
                  00003ad6    00000012                   : gpio.obj (.text:GPIOPinTypePWM)
                  00003ae8    00000012                   : gpio.obj (.text:GPIOPinTypeUART)
                  00003afa    00000012                   : pwm.obj (.text:PWMOutputState)
                  00003b0c    00000012                   : timer.obj (.text:TimerLoadSet)
                  00003b1e    00000012     rtsv7M4_T_le_v4SPD16_eabi.lib : copy_zero_init.c.obj (.text:decompress:ZI:__TI_zero_init_nomemset:__TI_zero_init_nomemset)
                  00003b30    00000010     driverlib.lib : fpu.obj (.text:FPUEnable)
                  00003b40    00000010                   : fpu.obj (.text:FPULazyStackingEnable)
                  00003b50    00000010                   : interrupt.obj (.text:IntMasterEnable)
                  00003b60    00000010                   : pwm.obj (.text:PWMDeadBandEnable)
                  00003b70    00000010                   : pwm.obj (.text:PWMGenPeriodSet)
                  00003b80    0000000e                   : gpio.obj (.text:GPIOIntDisable)
                  00003b8e    0000000e                   : gpio.obj (.text:GPIOIntStatus)
                  00003b9c    0000000e                   : timer.obj (.text:TimerEnable)
                  00003baa    0000000e                   : uart.obj (.text:UARTCharGetNonBlocking)
                  00003bb8    0000000e                   : uart.obj (.text:UARTCharPutNonBlocking)
                  00003bc6    0000000e                   : uart.obj (.text:UARTCharsAvail)
                  00003bd4    0000000e     rtsv7M4_T_le_v4SPD16_eabi.lib : copy_decompress_none.c.obj (.text:decompress:none:__TI_decompress_none)
                  00003be2    0000000c     driverlib.lib : cpu.obj (.text:CPUcpsie)
                  00003bee    0000000c                   : gpio.obj (.text:GPIOIntEnable)
                  00003bfa    0000000c                   : pwm.obj (.text:PWMGenDisable)
                  00003c06    0000000c                   : pwm.obj (.text:PWMGenEnable)
                  00003c12    0000000c     tm4c123gh6pm_startup_ccs.obj (.text)
                  00003c1e    0000000a     driverlib.lib : timer.obj (.text:TimerIntDisable)
                  00003c28    0000000a                   : timer.obj (.text:TimerIntStatus)
                  00003c32    0000000a                   : timer.obj (.text:TimerValueGet)
                  00003c3c    0000000a                   : uart.obj (.text:UARTCharGet)
                  00003c46    0000000a                   : uart.obj (.text:UARTCharPut)
                  00003c50    0000000a                   : uart.obj (.text:UARTIntStatus)
                  00003c5a    00000008                   : timer.obj (.text:TimerIntEnable)
                  00003c62    00000008                   : uart.obj (.text:UARTIntEnable)
                  00003c6a    00000006                   : gpio.obj (.text:GPIOIntClear)
                  00003c70    00000006                   : gpio.obj (.text:GPIOPinRead)
                  00003c76    00000006                   : gpio.obj (.text:GPIOPinWrite)
                  00003c7c    00000006                   : sysctl.obj (.text:SysCtlDelay)
                  00003c82    00000006                   : uart.obj (.text:UARTClockSourceSet)
                  00003c88    00000004                   : timer.obj (.text:TimerIntClear)
                  00003c8c    00000004                   : uart.obj (.text:UARTIntClear)
                  00003c90    00000004     rtsv7M4_T_le_v4SPD16_eabi.lib : pre_init.c.obj (.text:_system_pre_init)
                  00003c94    00000004                                   : exit.c.obj (.text:abort:abort)

.const     0    00003c98    00000ba4     
                  00003c98    000005f0     OLED.obj (.const:.string:F8X16)
                  00004288    00000228     OLED.obj (.const:F6x8)
                  000044b0    000000d8     driverlib.lib : gpio.obj (.const:g_ppui32GPIOIntMapSnowflake)
                  00004588    000000c0                   : gpio.obj (.const:g_ppui32GPIOIntMapBlizzard)
                  00004648    00000090                   : gpio.obj (.const:g_pui32GPIOBaseAddrs)
                  000046d8    00000070                   : interrupt.obj (.const)
                  00004748    0000006c                   : sysctl.obj (.const:g_pui32Xtals)
                  000047b4    00000004     uartstdio.obj (.const)
                  000047b8    00000058     sonar.obj (.const:$P$T0$3)
                  00004810    00000012     uartstdio.obj (.const:.string)
                  00004822    00000002     --HOLE-- [fill = 0]
                  00004824    0000000c     uartstdio.obj (.const:g_ui32UARTBase)
                  00004830    0000000c     uartstdio.obj (.const:g_ui32UARTPeriph)

.cinit     0    00004840    00000218     
                  00004840    000001de     (.cinit..data.load) [load image, compression = lzss]
                  00004a1e    00000002     --HOLE-- [fill = 0]
                  00004a20    0000000c     (__TI_handler_table)
                  00004a2c    00000004     --HOLE-- [fill = 0]
                  00004a30    00000008     (.cinit..bss.load) [load image, compression = zero_init]
                  00004a38    00000008     (.cinit..vtable.load) [load image, compression = zero_init]
                  00004a40    00000018     (__TI_cinit_table)

.init_array 
*          0    00000000    00000000     UNINITIALIZED

.vtable    0    20000000    0000026c     UNINITIALIZED
                  20000000    0000026c     driverlib.lib : interrupt.obj (.vtable)

.data      0    20000270    000005e1     UNINITIALIZED
                  20000270    00000400     main.obj (.data:BMP3)
                  20000670    00000180     OLED.obj (.data:Hzk)
                  200007f0    00000015     Timer.obj (.data)
                  20000805    00000003     uart_echo.obj (.data)
                  20000808    00000010     pid.obj (.data)
                  20000818    0000000a     pwm.obj (.data)
                  20000822    00000006     --HOLE--
                  20000828    0000000a     sonar.obj (.data)
                  20000832    00000002     --HOLE--
                  20000834    00000008     sonar.obj (.data:ui32Time$1)
                  2000083c    00000007     Control.obj (.data)
                  20000843    00000001     --HOLE--
                  20000844    00000006     key.obj (.data)
                  2000084a    00000002     --HOLE--
                  2000084c    00000005     uartstdio.obj (.data)

.bss       0    20000a58    000000e6     UNINITIALIZED
                  20000a58    0000001c     (.common:PID_Data_H)
                  20000a74    0000001c     (.common:PID_Data_X)
                  20000a90    0000001c     (.common:PID_Data_Y)
                  20000aac    0000001c     (.common:PID_H)
                  20000ac8    0000001c     (.common:PID_X)
                  20000ae4    0000001c     (.common:PID_Y)
                  20000b00    00000010     (.common:ReciveData_UART0)
                  20000b10    00000010     (.common:ReciveData_UART1)
                  20000b20    00000010     (.common:ReciveData_UART2)
                  20000b30    00000004     (.common:ReadPin0)
                  20000b34    00000004     (.common:ReadPin4)
                  20000b38    00000002     (.common:Real_XCoordinate)
                  20000b3a    00000002     (.common:Real_YCoordinate)
                  20000b3c    00000001     (.common:KeyPress0)
                  20000b3d    00000001     (.common:i)

.stack     0    20000858    00000200     UNINITIALIZED
                  20000858    00000004     rtsv7M4_T_le_v4SPD16_eabi.lib : boot_cortex_m.c.obj (.stack)
                  2000085c    000001fc     --HOLE--

MODULE SUMMARY

       Module                         code    ro data   rw data
       ------                         ----    -------   -------
    .\
       main.obj                       356     0         1025   
       tm4c123gh6pm_startup_ccs.obj   12      620       0      
    +--+------------------------------+-------+---------+---------+
       Total:                         368     620       1025   
                                                               
    .\0.96'OLED\
       OLED.obj                       2092    2072      384    
    +--+------------------------------+-------+---------+---------+
       Total:                         2092    2072      384    
                                                               
    .\Control\
       Control.obj                    696     0         11     
    +--+------------------------------+-------+---------+---------+
       Total:                         696     0         11     
                                                               
    .\Filter\
       filter.obj                     432     0         0      
    +--+------------------------------+-------+---------+---------+
       Total:                         432     0         0      
                                                               
    .\Pid\
       pid.obj                        2328    0         185    
    +--+------------------------------+-------+---------+---------+
       Total:                         2328    0         185    
                                                               
    .\Pwm\
       pwm.obj                        476     0         10     
    +--+------------------------------+-------+---------+---------+
       Total:                         476     0         10     
                                                               
    .\Timer\
       Timer.obj                      228     0         21     
    +--+------------------------------+-------+---------+---------+
       Total:                         228     0         21     
                                                               
    .\colorful_LED\
       colorful_LED.obj               668     0         0      
    +--+------------------------------+-------+---------+---------+
       Total:                         668     0         0      
                                                               
    .\delay\
       delay.obj                      64      0         0      
    +--+------------------------------+-------+---------+---------+
       Total:                         64      0         0      
                                                               
    .\key\
       key.obj                        672     0         14     
    +--+------------------------------+-------+---------+---------+
       Total:                         672     0         14     
                                                               
    .\sonar\
       sonar.obj                      472     88        18     
    +--+------------------------------+-------+---------+---------+
       Total:                         472     88        18     
                                                               
    .\uart\
       uartstdio.obj                  1180    46        5      
       uart_echo.obj                  1020    0         51     
    +--+------------------------------+-------+---------+---------+
       Total:                         2200    46        56     
                                                               
    D:/ti/TivaWare_C_Series-2.1.4.178/driverlib/ccs/Debug/driverlib.lib
       gpio.obj                       734     552       0      
       interrupt.obj                  276     112       620    
       sysctl.obj                     706     108       0      
       uart.obj                       212     0         0      
       timer.obj                      170     0         0      
       pwm.obj                        138     0         0      
       fpu.obj                        32      0         0      
       cpu.obj                        12      0         0      
    +--+------------------------------+-------+---------+---------+
       Total:                         2280    772       620    
                                                               
    D:\Project_Program\Ccs\ccsv8\tools\compiler\ti-cgt-arm_18.1.2.LTS\lib\rtsv7M4_T_le_v4SPD16_eabi.lib
       fd_add_t2.asm.obj              438     0         0      
       fd_div_t2.asm.obj              310     0         0      
       fd_cmp_t2.asm.obj              268     0         0      
       fd_mul_t2.asm.obj              252     0         0      
       memcpy_t2.asm.obj              156     0         0      
       copy_decompress_lzss.c.obj     104     0         0      
       fd_toi_t2.asm.obj              72      0         0      
       autoinit.c.obj                 68      0         0      
       u_divt2.asm.obj                64      0         0      
       boot_cortex_m.c.obj            56      0         0      
       i_tofd_t2.asm.obj              46      0         0      
       u_tofd_t2.asm.obj              32      0         0      
       copy_zero_init.c.obj           18      0         0      
       copy_decompress_none.c.obj     14      0         0      
       exit.c.obj                     4       0         0      
       pre_init.c.obj                 4       0         0      
       div0.asm.obj                   2       0         0      
    +--+------------------------------+-------+---------+---------+
       Total:                         1908    0         0      
                                                               
       Stack:                         0       0         512    
       Linker Generated:              0       530       0      
    +--+------------------------------+-------+---------+---------+
       Grand Total:                   14884   4128      2856   


LINKER GENERATED COPY TABLES

__TI_cinit_table @ 00004a40 records: 3, size/record: 8, table size: 24
	.data: load addr=00004840, load size=000001de bytes, run addr=20000270, run size=000005e1 bytes, compression=lzss
	.bss: load addr=00004a30, load size=00000008 bytes, run addr=20000a58, run size=000000e6 bytes, compression=zero_init
	.vtable: load addr=00004a38, load size=00000008 bytes, run addr=20000000, run size=0000026c bytes, compression=zero_init


LINKER GENERATED HANDLER TABLE

__TI_handler_table @ 00004a20 records: 3, size/record: 4, table size: 12
	index: 0, handler: __TI_zero_init
	index: 1, handler: __TI_decompress_lzss
	index: 2, handler: __TI_decompress_none


GLOBAL SYMBOLS: SORTED ALPHABETICALLY BY Name 

address   name                          
-------   ----                          
00001daf  AltitudeHold                  
20000270  BMP3                          
0000243d  BeepPwmInit                   
200007fc  Beep_Counter                  
200007f8  Beep_Flag                     
20000800  Beep_Fre                      
00003c95  C$$EXIT                       
00003be3  CPUcpsie                      
20000842  Control_Open                  
200007f4  Counter                       
20000830  DataIsReady                   
00003801  Delay_ms                      
0000381f  Delay_us                      
00001e4f  Display                       
20000840  Error_Distance                
00004288  F6x8                          
00003c98  F8X16                         
00003b31  FPUEnable                     
00003b41  FPULazyStackingEnable         
000039bf  GPIODirModeSet                
00003c6b  GPIOIntClear                  
00003b81  GPIOIntDisable                
00003bef  GPIOIntEnable                 
00003a6b  GPIOIntRegister               
00003b8f  GPIOIntStatus                 
00003649  GPIOIntTypeSet                
00002df3  GPIOPadConfigSet              
000036a1  GPIOPinConfigure              
00003c71  GPIOPinRead                   
00003ac5  GPIOPinTypeGPIOInput          
00003a83  GPIOPinTypeGPIOOutput         
00003ad7  GPIOPinTypePWM                
00003ae9  GPIOPinTypeUART               
00003c77  GPIOPinWrite                  
00000b85  GPIO_Init                     
000026f7  GetAverageDistance            
00001d89  Get_Coordinate                
00001d9b  Get_Distance                  
2000083c  Goal_Distance                 
00002b59  HardwareConfig                
20000670  Hzk                           
00000ba7  IIC_Start                     
00000bd7  IIC_Stop                      
00000bfd  IIC_Wait_Ack                  
000034b1  IntDisable                    
00003519  IntEnable                     
00003b51  IntMasterEnable               
00003929  IntRegister                   
00002665  Int_Handler_GPIOA             
00001fff  Int_Handler_GPIOF             
20000848  KEY_L                         
20000849  KEY_R                         
20000b3c  KeyPress0                     
20000844  KeyPress4                     
00001f01  Key_Configure                 
00001f2f  Key_Interrupt                 
00001f4f  Key_Scan                      
00002241  LED_Color                     
000021a1  LED_ColorInit                 
0000228b  LED_Config                    
000022a7  LED_Set                       
00001d49  LandMode                      
000023dd  Led_Twinkle                   
00002a4b  LimitingFilter                
00001d09  LockPixhawk                   
00000e01  OLED_Clear                    
00000de5  OLED_Display_Off              
00000dc9  OLED_Display_On               
0000121d  OLED_DrawBMP                  
000012cd  OLED_Init                     
00000e69  OLED_On                       
00000d8f  OLED_Set_Pos                  
00001161  OLED_ShowCHinese              
00000edd  OLED_ShowChar                 
00001029  OLED_ShowNum                  
000010f7  OLED_ShowString               
00000d03  OLED_WR_Byte                  
00001df9  OledDisplayInit               
20000a58  PID_Data_H                    
20000a74  PID_Data_X                    
20000a90  PID_Data_Y                    
20000aac  PID_H                         
0000026d  PID_Init                      
20000ac8  PID_X                         
20000ae4  PID_Y                         
00003b61  PWMDeadBandEnable             
000039e9  PWMGenConfigure               
00003bfb  PWMGenDisable                 
00003c07  PWMGenEnable                  
00003b71  PWMGenPeriodSet               
00003afb  PWMOutputState                
00003a4d  PWMPulseWidthSet              
00000401  Position_PID                  
20000818  PwmChannel_1                  
2000081a  PwmChannel_2                  
2000081c  PwmChannel_3                  
2000081e  PwmChannel_4                  
20000820  PwmChannel_5                  
000024bd  PwmConfig                     
20000b30  ReadPin0                      
20000b34  ReadPin4                      
2000083e  Real_Distance                 
20000b38  Real_XCoordinate              
20000b3a  Real_YCoordinate              
20000b00  ReciveData_UART0              
20000b10  ReciveData_UART1              
20000b20  ReciveData_UART2              
20000805  ReciveData_i_UART0            
20000806  ReciveData_i_UART1            
20000807  ReciveData_i_UART2            
00003c13  ResetISR                      
000029d1  SelectSort                    
00002643  SonarTrig                     
00002619  Sonar_Configure               
0000276b  Sonar_GPIOA_Configure         
00002789  Sonar_GPIOA_Interrupt         
00002f25  SysCtlClockGet                
00003131  SysCtlClockSet                
00003c7d  SysCtlDelay                   
00003a9d  SysCtlPWMClockSet             
0000395d  SysCtlPeripheralEnable        
00003881  SysCtlPeripheralPresent       
000038b9  SysCtlPeripheralReady         
200007f0  Time_Flag                     
00003255  Timer0IntHandler              
00003225  Timer0_Config                 
000007d9  Timer1IntHandler              
000032b3  Timer1_Config                 
000035e9  TimerConfigure                
00003b9d  TimerEnable                   
00003c89  TimerIntClear                 
00003c1f  TimerIntDisable               
00003c5b  TimerIntEnable                
00003c29  TimerIntStatus                
00003b0d  TimerLoadSet                  
00003c33  TimerValueGet                 
000018b9  UART0Send                     
00001937  UART1IntHandler               
000019ab  UART1Send                     
00001a25  UART2IntHandler               
00001af1  UART2Send                     
00003c3d  UARTCharGet                   
00003bab  UARTCharGetNonBlocking        
00003c47  UARTCharPut                   
00003bb9  UARTCharPutNonBlocking        
00003bc7  UARTCharsAvail                
00003c83  UARTClockSourceSet            
00003731  UARTConfigSetExpClk           
00003a0d  UARTDisable                   
00003ab1  UARTEnable                    
00003c8d  UARTIntClear                  
00003c63  UARTIntEnable                 
0000184d  UARTIntHandler                
00003c51  UARTIntStatus                 
000013b1  UARTStdioConfig               
000014f7  UARTgetc                      
0000143d  UARTgets                      
00001817  UARTprintf                    
0000151d  UARTvprintf                   
000013f7  UARTwrite                     
000018e1  Uart0Iint                     
000019d3  Uart1Iint                     
00001b29  Uart2Iint                     
00001c49  UnlockPixhawk                 
00000c15  Write_IIC_Byte                
00000ca3  Write_IIC_Command             
00000cd3  Write_IIC_Data                
20000a58  __STACK_END                   
00000200  __STACK_SIZE                  
20000a58  __STACK_TOP                   
00004a40  __TI_CINIT_Base               
00004a58  __TI_CINIT_Limit              
00004a20  __TI_Handler_Table_Base       
00004a2c  __TI_Handler_Table_Limit      
000037bd  __TI_auto_init_nobinit_nopinit
00003581  __TI_decompress_lzss          
00003bd5  __TI_decompress_none          
ffffffff  __TI_pprof_out_hndl           
ffffffff  __TI_prof_data_size           
ffffffff  __TI_prof_data_start          
00000000  __TI_static_base__            
00003b1f  __TI_zero_init_nomemset       
000033a5  __aeabi_cdcmpeq               
000033a5  __aeabi_cdcmple               
0000342b  __aeabi_cdrcmple              
000036e9  __aeabi_d2iz                  
000027fb  __aeabi_dadd                  
00002cbd  __aeabi_ddiv                  
00003035  __aeabi_dmul                  
000027f1  __aeabi_dsub                  
00003991  __aeabi_i2d                   
000029a7  __aeabi_idiv0                 
000029a7  __aeabi_ldiv0                 
00003309  __aeabi_memcpy                
00003309  __aeabi_memcpy4               
00003309  __aeabi_memcpy8               
00003a2d  __aeabi_ui2d                  
00003841  __aeabi_uidiv                 
00003841  __aeabi_uidivmod              
ffffffff  __binit__                     
ffffffff  __c_args__                    
UNDEFED   __mpu_init                    
20000858  __stack                       
000038f1  _c_int00_noargs               
UNDEFED   _system_post_cinit            
00003c91  _system_pre_init              
00003c95  abort                         
ffffffff  binit                         
20000814  err_h                         
2000080c  err_x                         
20000810  err_y                         
20000828  fPeriod                       
00000d21  fill_picture                  
20000000  g_pfnRAMVectors               
00000000  g_pfnVectors                  
20000816  get_x                         
20000817  get_y                         
20000b3d  i                             
20000804  k                             
00002bb5  main                          
00003309  memcpy                        
00000ff9  oled_pow                      
2000080a  start_PID_H                   
20000808  start_PID_X                   
20000809  start_PID_Y                   
000029a9  swap                          


GLOBAL SYMBOLS: SORTED BY Symbol Address 

address   name                          
-------   ----                          
00000000  __TI_static_base__            
00000000  g_pfnVectors                  
00000200  __STACK_SIZE                  
0000026d  PID_Init                      
00000401  Position_PID                  
000007d9  Timer1IntHandler              
00000b85  GPIO_Init                     
00000ba7  IIC_Start                     
00000bd7  IIC_Stop                      
00000bfd  IIC_Wait_Ack                  
00000c15  Write_IIC_Byte                
00000ca3  Write_IIC_Command             
00000cd3  Write_IIC_Data                
00000d03  OLED_WR_Byte                  
00000d21  fill_picture                  
00000d8f  OLED_Set_Pos                  
00000dc9  OLED_Display_On               
00000de5  OLED_Display_Off              
00000e01  OLED_Clear                    
00000e69  OLED_On                       
00000edd  OLED_ShowChar                 
00000ff9  oled_pow                      
00001029  OLED_ShowNum                  
000010f7  OLED_ShowString               
00001161  OLED_ShowCHinese              
0000121d  OLED_DrawBMP                  
000012cd  OLED_Init                     
000013b1  UARTStdioConfig               
000013f7  UARTwrite                     
0000143d  UARTgets                      
000014f7  UARTgetc                      
0000151d  UARTvprintf                   
00001817  UARTprintf                    
0000184d  UARTIntHandler                
000018b9  UART0Send                     
000018e1  Uart0Iint                     
00001937  UART1IntHandler               
000019ab  UART1Send                     
000019d3  Uart1Iint                     
00001a25  UART2IntHandler               
00001af1  UART2Send                     
00001b29  Uart2Iint                     
00001c49  UnlockPixhawk                 
00001d09  LockPixhawk                   
00001d49  LandMode                      
00001d89  Get_Coordinate                
00001d9b  Get_Distance                  
00001daf  AltitudeHold                  
00001df9  OledDisplayInit               
00001e4f  Display                       
00001f01  Key_Configure                 
00001f2f  Key_Interrupt                 
00001f4f  Key_Scan                      
00001fff  Int_Handler_GPIOF             
000021a1  LED_ColorInit                 
00002241  LED_Color                     
0000228b  LED_Config                    
000022a7  LED_Set                       
000023dd  Led_Twinkle                   
0000243d  BeepPwmInit                   
000024bd  PwmConfig                     
00002619  Sonar_Configure               
00002643  SonarTrig                     
00002665  Int_Handler_GPIOA             
000026f7  GetAverageDistance            
0000276b  Sonar_GPIOA_Configure         
00002789  Sonar_GPIOA_Interrupt         
000027f1  __aeabi_dsub                  
000027fb  __aeabi_dadd                  
000029a7  __aeabi_idiv0                 
000029a7  __aeabi_ldiv0                 
000029a9  swap                          
000029d1  SelectSort                    
00002a4b  LimitingFilter                
00002b59  HardwareConfig                
00002bb5  main                          
00002cbd  __aeabi_ddiv                  
00002df3  GPIOPadConfigSet              
00002f25  SysCtlClockGet                
00003035  __aeabi_dmul                  
00003131  SysCtlClockSet                
00003225  Timer0_Config                 
00003255  Timer0IntHandler              
000032b3  Timer1_Config                 
00003309  __aeabi_memcpy                
00003309  __aeabi_memcpy4               
00003309  __aeabi_memcpy8               
00003309  memcpy                        
000033a5  __aeabi_cdcmpeq               
000033a5  __aeabi_cdcmple               
0000342b  __aeabi_cdrcmple              
000034b1  IntDisable                    
00003519  IntEnable                     
00003581  __TI_decompress_lzss          
000035e9  TimerConfigure                
00003649  GPIOIntTypeSet                
000036a1  GPIOPinConfigure              
000036e9  __aeabi_d2iz                  
00003731  UARTConfigSetExpClk           
000037bd  __TI_auto_init_nobinit_nopinit
00003801  Delay_ms                      
0000381f  Delay_us                      
00003841  __aeabi_uidiv                 
00003841  __aeabi_uidivmod              
00003881  SysCtlPeripheralPresent       
000038b9  SysCtlPeripheralReady         
000038f1  _c_int00_noargs               
00003929  IntRegister                   
0000395d  SysCtlPeripheralEnable        
00003991  __aeabi_i2d                   
000039bf  GPIODirModeSet                
000039e9  PWMGenConfigure               
00003a0d  UARTDisable                   
00003a2d  __aeabi_ui2d                  
00003a4d  PWMPulseWidthSet              
00003a6b  GPIOIntRegister               
00003a83  GPIOPinTypeGPIOOutput         
00003a9d  SysCtlPWMClockSet             
00003ab1  UARTEnable                    
00003ac5  GPIOPinTypeGPIOInput          
00003ad7  GPIOPinTypePWM                
00003ae9  GPIOPinTypeUART               
00003afb  PWMOutputState                
00003b0d  TimerLoadSet                  
00003b1f  __TI_zero_init_nomemset       
00003b31  FPUEnable                     
00003b41  FPULazyStackingEnable         
00003b51  IntMasterEnable               
00003b61  PWMDeadBandEnable             
00003b71  PWMGenPeriodSet               
00003b81  GPIOIntDisable                
00003b8f  GPIOIntStatus                 
00003b9d  TimerEnable                   
00003bab  UARTCharGetNonBlocking        
00003bb9  UARTCharPutNonBlocking        
00003bc7  UARTCharsAvail                
00003bd5  __TI_decompress_none          
00003be3  CPUcpsie                      
00003bef  GPIOIntEnable                 
00003bfb  PWMGenDisable                 
00003c07  PWMGenEnable                  
00003c13  ResetISR                      
00003c1f  TimerIntDisable               
00003c29  TimerIntStatus                
00003c33  TimerValueGet                 
00003c3d  UARTCharGet                   
00003c47  UARTCharPut                   
00003c51  UARTIntStatus                 
00003c5b  TimerIntEnable                
00003c63  UARTIntEnable                 
00003c6b  GPIOIntClear                  
00003c71  GPIOPinRead                   
00003c77  GPIOPinWrite                  
00003c7d  SysCtlDelay                   
00003c83  UARTClockSourceSet            
00003c89  TimerIntClear                 
00003c8d  UARTIntClear                  
00003c91  _system_pre_init              
00003c95  C$$EXIT                       
00003c95  abort                         
00003c98  F8X16                         
00004288  F6x8                          
00004a20  __TI_Handler_Table_Base       
00004a2c  __TI_Handler_Table_Limit      
00004a40  __TI_CINIT_Base               
00004a58  __TI_CINIT_Limit              
20000000  g_pfnRAMVectors               
20000270  BMP3                          
20000670  Hzk                           
200007f0  Time_Flag                     
200007f4  Counter                       
200007f8  Beep_Flag                     
200007fc  Beep_Counter                  
20000800  Beep_Fre                      
20000804  k                             
20000805  ReciveData_i_UART0            
20000806  ReciveData_i_UART1            
20000807  ReciveData_i_UART2            
20000808  start_PID_X                   
20000809  start_PID_Y                   
2000080a  start_PID_H                   
2000080c  err_x                         
20000810  err_y                         
20000814  err_h                         
20000816  get_x                         
20000817  get_y                         
20000818  PwmChannel_1                  
2000081a  PwmChannel_2                  
2000081c  PwmChannel_3                  
2000081e  PwmChannel_4                  
20000820  PwmChannel_5                  
20000828  fPeriod                       
20000830  DataIsReady                   
2000083c  Goal_Distance                 
2000083e  Real_Distance                 
20000840  Error_Distance                
20000842  Control_Open                  
20000844  KeyPress4                     
20000848  KEY_L                         
20000849  KEY_R                         
20000858  __stack                       
20000a58  PID_Data_H                    
20000a58  __STACK_END                   
20000a58  __STACK_TOP                   
20000a74  PID_Data_X                    
20000a90  PID_Data_Y                    
20000aac  PID_H                         
20000ac8  PID_X                         
20000ae4  PID_Y                         
20000b00  ReciveData_UART0              
20000b10  ReciveData_UART1              
20000b20  ReciveData_UART2              
20000b30  ReadPin0                      
20000b34  ReadPin4                      
20000b38  Real_XCoordinate              
20000b3a  Real_YCoordinate              
20000b3c  KeyPress0                     
20000b3d  i                             
ffffffff  __TI_pprof_out_hndl           
ffffffff  __TI_prof_data_size           
ffffffff  __TI_prof_data_start          
ffffffff  __binit__                     
ffffffff  __c_args__                    
ffffffff  binit                         
UNDEFED   __mpu_init                    
UNDEFED   _system_post_cinit            

[226 symbols]
