******************************************************************************
                  TI ARM Linker PC v18.1.2                     
******************************************************************************
>> Linked Thu Jul 12 20:53:25 2018

OUTPUT FILE NAME:   <Four_axes_2018.out>
ENTRY POINT SYMBOL: "_c_int00_noargs"  address: 000038d9


MEMORY CONFIGURATION

         name            origin    length      used     unused   attr    fill
----------------------  --------  ---------  --------  --------  ----  --------
  FLASH                 00000000   00040000  00004a3c  0003b5c4  R  X
  SRAM                  20000000   00008000  00000b32  000074ce  RW X


SEGMENT ALLOCATION MAP

run origin  load origin   length   init length attrs members
----------  ----------- ---------- ----------- ----- -------
00000000    00000000    00004a40   00004a40    r-x
  00000000    00000000    0000026c   0000026c    r-- .intvecs
  0000026c    0000026c    00003a14   00003a14    r-x .text
  00003c80    00003c80    00000ba4   00000ba4    r-- .const
  00004828    00004828    00000218   00000218    r-- .cinit
20000000    20000000    00000b3d   00000000    rw-
  20000000    20000000    0000026c   00000000    rw- .vtable
  20000270    20000270    000005e1   00000000    rw- .data
  20000858    20000858    00000200   00000000    rw- .stack
  20000a58    20000a58    000000e5   00000000    rw- .bss


SECTION ALLOCATION MAP

 output                                  attributes/
section   page    origin      length       input sections
--------  ----  ----------  ----------   ----------------
.intvecs   0    00000000    0000026c     
                  00000000    0000026c     tm4c123gh6pm_startup_ccs.obj (.intvecs)

.text      0    0000026c    00003a14     
                  0000026c    00000900     pid.obj (.text)
                  00000b6c    0000082c     OLED.obj (.text)
                  00001398    0000049c     uartstdio.obj (.text)
                  00001834    000003fc     uart_echo.obj (.text)
                  00001c30    000002b8     Control.obj (.text)
                  00001ee8    000002a0     key.obj (.text)
                  00002188    0000029c     colorful_LED.obj (.text)
                  00002424    000001dc     pwm.obj (.text)
                  00002600    000001d8     sonar.obj (.text)
                  000027d8    000001b6     rtsv7M4_T_le_v4SPD16_eabi.lib : fd_add_t2.asm.obj (.text)
                  0000298e    00000002                                   : div0.asm.obj (.text)
                  00002990    000001b0     filter.obj (.text)
                  00002b40    00000164     main.obj (.text)
                  00002ca4    00000136     rtsv7M4_T_le_v4SPD16_eabi.lib : fd_div_t2.asm.obj (.text)
                  00002dda    00000132     driverlib.lib : gpio.obj (.text:GPIOPadConfigSet)
                  00002f0c    00000110                   : sysctl.obj (.text:SysCtlClockGet)
                  0000301c    000000fc     rtsv7M4_T_le_v4SPD16_eabi.lib : fd_mul_t2.asm.obj (.text)
                  00003118    000000f4     driverlib.lib : sysctl.obj (.text:SysCtlClockSet)
                  0000320c    000000e4     Timer.obj (.text)
                  000032f0    0000009c     rtsv7M4_T_le_v4SPD16_eabi.lib : memcpy_t2.asm.obj (.text)
                  0000338c    00000086                                   : fd_cmp_t2.asm.obj (.text:__aeabi_cdcmple)
                  00003412    00000086                                   : fd_cmp_t2.asm.obj (.text:__aeabi_cdrcmple)
                  00003498    00000068     driverlib.lib : interrupt.obj (.text:IntDisable)
                  00003500    00000068                   : interrupt.obj (.text:IntEnable)
                  00003568    00000068     rtsv7M4_T_le_v4SPD16_eabi.lib : copy_decompress_lzss.c.obj (.text:decompress:lzss:__TI_decompress_lzss)
                  000035d0    00000060     driverlib.lib : timer.obj (.text:TimerConfigure)
                  00003630    00000056                   : gpio.obj (.text:GPIOIntTypeSet)
                  00003686    00000002     --HOLE-- [fill = 0]
                  00003688    00000048                   : gpio.obj (.text:GPIOPinConfigure)
                  000036d0    00000048     rtsv7M4_T_le_v4SPD16_eabi.lib : fd_toi_t2.asm.obj (.text)
                  00003718    00000046     driverlib.lib : uart.obj (.text:UARTConfigSetExpClk)
                  0000375e    00000002     --HOLE-- [fill = 0]
                  00003760    00000044                   : gpio.obj (.text:_GPIOIntNumberGet)
                  000037a4    00000044     rtsv7M4_T_le_v4SPD16_eabi.lib : autoinit.c.obj (.text:__TI_auto_init_nobinit_nopinit:__TI_auto_init_nobinit_nopinit)
                  000037e8    00000040     delay.obj (.text)
                  00003828    00000040     rtsv7M4_T_le_v4SPD16_eabi.lib : u_divt2.asm.obj (.text)
                  00003868    00000038     driverlib.lib : sysctl.obj (.text:SysCtlPeripheralPresent)
                  000038a0    00000038                   : sysctl.obj (.text:SysCtlPeripheralReady)
                  000038d8    00000038     rtsv7M4_T_le_v4SPD16_eabi.lib : boot_cortex_m.c.obj (.text:_c_int00_noargs:_c_int00_noargs)
                  00003910    00000034     driverlib.lib : interrupt.obj (.text:IntRegister)
                  00003944    00000034                   : sysctl.obj (.text:SysCtlPeripheralEnable)
                  00003978    0000002e     rtsv7M4_T_le_v4SPD16_eabi.lib : i_tofd_t2.asm.obj (.text)
                  000039a6    0000002a     driverlib.lib : gpio.obj (.text:GPIODirModeSet)
                  000039d0    00000022                   : pwm.obj (.text:PWMGenConfigure)
                  000039f2    00000002     --HOLE-- [fill = 0]
                  000039f4    00000020                   : uart.obj (.text:UARTDisable)
                  00003a14    00000020     rtsv7M4_T_le_v4SPD16_eabi.lib : u_tofd_t2.asm.obj (.text)
                  00003a34    0000001e     driverlib.lib : pwm.obj (.text:PWMPulseWidthSet)
                  00003a52    00000018                   : gpio.obj (.text:GPIOIntRegister)
                  00003a6a    00000018                   : gpio.obj (.text:GPIOPinTypeGPIOOutput)
                  00003a82    00000002     --HOLE-- [fill = 0]
                  00003a84    00000014                   : sysctl.obj (.text:SysCtlPWMClockSet)
                  00003a98    00000014                   : uart.obj (.text:UARTEnable)
                  00003aac    00000012                   : gpio.obj (.text:GPIOPinTypeGPIOInput)
                  00003abe    00000012                   : gpio.obj (.text:GPIOPinTypePWM)
                  00003ad0    00000012                   : gpio.obj (.text:GPIOPinTypeUART)
                  00003ae2    00000012                   : pwm.obj (.text:PWMOutputState)
                  00003af4    00000012                   : timer.obj (.text:TimerLoadSet)
                  00003b06    00000012     rtsv7M4_T_le_v4SPD16_eabi.lib : copy_zero_init.c.obj (.text:decompress:ZI:__TI_zero_init_nomemset:__TI_zero_init_nomemset)
                  00003b18    00000010     driverlib.lib : fpu.obj (.text:FPUEnable)
                  00003b28    00000010                   : fpu.obj (.text:FPULazyStackingEnable)
                  00003b38    00000010                   : interrupt.obj (.text:IntMasterEnable)
                  00003b48    00000010                   : pwm.obj (.text:PWMDeadBandEnable)
                  00003b58    00000010                   : pwm.obj (.text:PWMGenPeriodSet)
                  00003b68    0000000e                   : gpio.obj (.text:GPIOIntDisable)
                  00003b76    0000000e                   : gpio.obj (.text:GPIOIntStatus)
                  00003b84    0000000e                   : timer.obj (.text:TimerEnable)
                  00003b92    0000000e                   : uart.obj (.text:UARTCharGetNonBlocking)
                  00003ba0    0000000e                   : uart.obj (.text:UARTCharPutNonBlocking)
                  00003bae    0000000e                   : uart.obj (.text:UARTCharsAvail)
                  00003bbc    0000000e     rtsv7M4_T_le_v4SPD16_eabi.lib : copy_decompress_none.c.obj (.text:decompress:none:__TI_decompress_none)
                  00003bca    0000000c     driverlib.lib : cpu.obj (.text:CPUcpsie)
                  00003bd6    0000000c                   : gpio.obj (.text:GPIOIntEnable)
                  00003be2    0000000c                   : pwm.obj (.text:PWMGenDisable)
                  00003bee    0000000c                   : pwm.obj (.text:PWMGenEnable)
                  00003bfa    0000000c     tm4c123gh6pm_startup_ccs.obj (.text)
                  00003c06    0000000a     driverlib.lib : timer.obj (.text:TimerIntDisable)
                  00003c10    0000000a                   : timer.obj (.text:TimerIntStatus)
                  00003c1a    0000000a                   : timer.obj (.text:TimerValueGet)
                  00003c24    0000000a                   : uart.obj (.text:UARTCharGet)
                  00003c2e    0000000a                   : uart.obj (.text:UARTCharPut)
                  00003c38    0000000a                   : uart.obj (.text:UARTIntStatus)
                  00003c42    00000008                   : timer.obj (.text:TimerIntEnable)
                  00003c4a    00000008                   : uart.obj (.text:UARTIntEnable)
                  00003c52    00000006                   : gpio.obj (.text:GPIOIntClear)
                  00003c58    00000006                   : gpio.obj (.text:GPIOPinRead)
                  00003c5e    00000006                   : gpio.obj (.text:GPIOPinWrite)
                  00003c64    00000006                   : sysctl.obj (.text:SysCtlDelay)
                  00003c6a    00000006                   : uart.obj (.text:UARTClockSourceSet)
                  00003c70    00000004                   : timer.obj (.text:TimerIntClear)
                  00003c74    00000004                   : uart.obj (.text:UARTIntClear)
                  00003c78    00000004     rtsv7M4_T_le_v4SPD16_eabi.lib : pre_init.c.obj (.text:_system_pre_init)
                  00003c7c    00000004                                   : exit.c.obj (.text:abort:abort)

.const     0    00003c80    00000ba4     
                  00003c80    000005f0     OLED.obj (.const:.string:F8X16)
                  00004270    00000228     OLED.obj (.const:F6x8)
                  00004498    000000d8     driverlib.lib : gpio.obj (.const:g_ppui32GPIOIntMapSnowflake)
                  00004570    000000c0                   : gpio.obj (.const:g_ppui32GPIOIntMapBlizzard)
                  00004630    00000090                   : gpio.obj (.const:g_pui32GPIOBaseAddrs)
                  000046c0    00000070                   : interrupt.obj (.const)
                  00004730    0000006c                   : sysctl.obj (.const:g_pui32Xtals)
                  0000479c    00000004     uartstdio.obj (.const)
                  000047a0    00000058     sonar.obj (.const:$P$T0$3)
                  000047f8    00000012     uartstdio.obj (.const:.string)
                  0000480a    00000002     --HOLE-- [fill = 0]
                  0000480c    0000000c     uartstdio.obj (.const:g_ui32UARTBase)
                  00004818    0000000c     uartstdio.obj (.const:g_ui32UARTPeriph)

.cinit     0    00004828    00000218     
                  00004828    000001de     (.cinit..data.load) [load image, compression = lzss]
                  00004a06    00000002     --HOLE-- [fill = 0]
                  00004a08    0000000c     (__TI_handler_table)
                  00004a14    00000004     --HOLE-- [fill = 0]
                  00004a18    00000008     (.cinit..bss.load) [load image, compression = zero_init]
                  00004a20    00000008     (.cinit..vtable.load) [load image, compression = zero_init]
                  00004a28    00000018     (__TI_cinit_table)

.init_array 
*          0    00000000    00000000     UNINITIALIZED

.vtable    0    20000000    0000026c     UNINITIALIZED
                  20000000    0000026c     driverlib.lib : interrupt.obj (.vtable)

.data      0    20000270    000005e1     UNINITIALIZED
                  20000270    00000400     main.obj (.data:BMP3)
                  20000670    00000180     OLED.obj (.data:Hzk)
                  200007f0    00000015     Timer.obj (.data)
                  20000805    00000003     uart_echo.obj (.data)
                  20000808    00000010     pid.obj (.data)
                  20000818    0000000a     pwm.obj (.data)
                  20000822    00000006     --HOLE--
                  20000828    0000000a     sonar.obj (.data)
                  20000832    00000002     --HOLE--
                  20000834    00000008     sonar.obj (.data:ui32Time$1)
                  2000083c    00000007     Control.obj (.data)
                  20000843    00000001     --HOLE--
                  20000844    00000006     key.obj (.data)
                  2000084a    00000002     --HOLE--
                  2000084c    00000005     uartstdio.obj (.data)

.bss       0    20000a58    000000e5     UNINITIALIZED
                  20000a58    0000001c     (.common:PID_Data_H)
                  20000a74    0000001c     (.common:PID_Data_X)
                  20000a90    0000001c     (.common:PID_Data_Y)
                  20000aac    0000001c     (.common:PID_H)
                  20000ac8    0000001c     (.common:PID_X)
                  20000ae4    0000001c     (.common:PID_Y)
                  20000b00    00000010     (.common:ReciveData_UART0)
                  20000b10    00000010     (.common:ReciveData_UART1)
                  20000b20    00000010     (.common:ReciveData_UART2)
                  20000b30    00000004     (.common:ReadPin0)
                  20000b34    00000004     (.common:ReadPin4)
                  20000b38    00000002     (.common:Real_XCoordinate)
                  20000b3a    00000002     (.common:Real_YCoordinate)
                  20000b3c    00000001     (.common:KeyPress0)

.stack     0    20000858    00000200     UNINITIALIZED
                  20000858    00000004     rtsv7M4_T_le_v4SPD16_eabi.lib : boot_cortex_m.c.obj (.stack)
                  2000085c    000001fc     --HOLE--

MODULE SUMMARY

       Module                         code    ro data   rw data
       ------                         ----    -------   -------
    .\
       main.obj                       356     0         1025   
       tm4c123gh6pm_startup_ccs.obj   12      620       0      
    +--+------------------------------+-------+---------+---------+
       Total:                         368     620       1025   
                                                               
    .\0.96'OLED\
       OLED.obj                       2092    2072      384    
    +--+------------------------------+-------+---------+---------+
       Total:                         2092    2072      384    
                                                               
    .\Control\
       Control.obj                    696     0         11     
    +--+------------------------------+-------+---------+---------+
       Total:                         696     0         11     
                                                               
    .\Filter\
       filter.obj                     432     0         0      
    +--+------------------------------+-------+---------+---------+
       Total:                         432     0         0      
                                                               
    .\Pid\
       pid.obj                        2304    0         184    
    +--+------------------------------+-------+---------+---------+
       Total:                         2304    0         184    
                                                               
    .\Pwm\
       pwm.obj                        476     0         10     
    +--+------------------------------+-------+---------+---------+
       Total:                         476     0         10     
                                                               
    .\Timer\
       Timer.obj                      228     0         21     
    +--+------------------------------+-------+---------+---------+
       Total:                         228     0         21     
                                                               
    .\colorful_LED\
       colorful_LED.obj               668     0         0      
    +--+------------------------------+-------+---------+---------+
       Total:                         668     0         0      
                                                               
    .\delay\
       delay.obj                      64      0         0      
    +--+------------------------------+-------+---------+---------+
       Total:                         64      0         0      
                                                               
    .\key\
       key.obj                        672     0         14     
    +--+------------------------------+-------+---------+---------+
       Total:                         672     0         14     
                                                               
    .\sonar\
       sonar.obj                      472     88        18     
    +--+------------------------------+-------+---------+---------+
       Total:                         472     88        18     
                                                               
    .\uart\
       uartstdio.obj                  1180    46        5      
       uart_echo.obj                  1020    0         51     
    +--+------------------------------+-------+---------+---------+
       Total:                         2200    46        56     
                                                               
    D:/ti/TivaWare_C_Series-2.1.4.178/driverlib/ccs/Debug/driverlib.lib
       gpio.obj                       734     552       0      
       interrupt.obj                  276     112       620    
       sysctl.obj                     706     108       0      
       uart.obj                       212     0         0      
       timer.obj                      170     0         0      
       pwm.obj                        138     0         0      
       fpu.obj                        32      0         0      
       cpu.obj                        12      0         0      
    +--+------------------------------+-------+---------+---------+
       Total:                         2280    772       620    
                                                               
    D:\Project_Program\Ccs\ccsv8\tools\compiler\ti-cgt-arm_18.1.2.LTS\lib\rtsv7M4_T_le_v4SPD16_eabi.lib
       fd_add_t2.asm.obj              438     0         0      
       fd_div_t2.asm.obj              310     0         0      
       fd_cmp_t2.asm.obj              268     0         0      
       fd_mul_t2.asm.obj              252     0         0      
       memcpy_t2.asm.obj              156     0         0      
       copy_decompress_lzss.c.obj     104     0         0      
       fd_toi_t2.asm.obj              72      0         0      
       autoinit.c.obj                 68      0         0      
       u_divt2.asm.obj                64      0         0      
       boot_cortex_m.c.obj            56      0         0      
       i_tofd_t2.asm.obj              46      0         0      
       u_tofd_t2.asm.obj              32      0         0      
       copy_zero_init.c.obj           18      0         0      
       copy_decompress_none.c.obj     14      0         0      
       exit.c.obj                     4       0         0      
       pre_init.c.obj                 4       0         0      
       div0.asm.obj                   2       0         0      
    +--+------------------------------+-------+---------+---------+
       Total:                         1908    0         0      
                                                               
       Stack:                         0       0         512    
       Linker Generated:              0       530       0      
    +--+------------------------------+-------+---------+---------+
       Grand Total:                   14860   4128      2855   


LINKER GENERATED COPY TABLES

__TI_cinit_table @ 00004a28 records: 3, size/record: 8, table size: 24
	.data: load addr=00004828, load size=000001de bytes, run addr=20000270, run size=000005e1 bytes, compression=lzss
	.bss: load addr=00004a18, load size=00000008 bytes, run addr=20000a58, run size=000000e5 bytes, compression=zero_init
	.vtable: load addr=00004a20, load size=00000008 bytes, run addr=20000000, run size=0000026c bytes, compression=zero_init


LINKER GENERATED HANDLER TABLE

__TI_handler_table @ 00004a08 records: 3, size/record: 4, table size: 12
	index: 0, handler: __TI_zero_init
	index: 1, handler: __TI_decompress_lzss
	index: 2, handler: __TI_decompress_none


GLOBAL SYMBOLS: SORTED ALPHABETICALLY BY Name 

address   name                          
-------   ----                          
00001d97  AltitudeHold                  
20000270  BMP3                          
00002425  BeepPwmInit                   
200007fc  Beep_Counter                  
200007f8  Beep_Flag                     
20000800  Beep_Fre                      
00003c7d  C$$EXIT                       
00003bcb  CPUcpsie                      
20000842  Control_Open                  
200007f4  Counter                       
20000830  DataIsReady                   
000037e9  Delay_ms                      
00003807  Delay_us                      
00001e37  Display                       
20000840  Error_Distance                
00004270  F6x8                          
00003c80  F8X16                         
00003b19  FPUEnable                     
00003b29  FPULazyStackingEnable         
000039a7  GPIODirModeSet                
00003c53  GPIOIntClear                  
00003b69  GPIOIntDisable                
00003bd7  GPIOIntEnable                 
00003a53  GPIOIntRegister               
00003b77  GPIOIntStatus                 
00003631  GPIOIntTypeSet                
00002ddb  GPIOPadConfigSet              
00003689  GPIOPinConfigure              
00003c59  GPIOPinRead                   
00003aad  GPIOPinTypeGPIOInput          
00003a6b  GPIOPinTypeGPIOOutput         
00003abf  GPIOPinTypePWM                
00003ad1  GPIOPinTypeUART               
00003c5f  GPIOPinWrite                  
00000b6d  GPIO_Init                     
000026df  GetAverageDistance            
00001d71  Get_Coordinate                
00001d83  Get_Distance                  
2000083c  Goal_Distance                 
00002b41  HardwareConfig                
20000670  Hzk                           
00000b8f  IIC_Start                     
00000bbf  IIC_Stop                      
00000be5  IIC_Wait_Ack                  
00003499  IntDisable                    
00003501  IntEnable                     
00003b39  IntMasterEnable               
00003911  IntRegister                   
0000264d  Int_Handler_GPIOA             
00001fe7  Int_Handler_GPIOF             
20000848  KEY_L                         
20000849  KEY_R                         
20000b3c  KeyPress0                     
20000844  KeyPress4                     
00001ee9  Key_Configure                 
00001f17  Key_Interrupt                 
00001f37  Key_Scan                      
00002229  LED_Color                     
00002189  LED_ColorInit                 
00002273  LED_Config                    
0000228f  LED_Set                       
00001d31  LandMode                      
000023c5  Led_Twinkle                   
00002a33  LimitingFilter                
00001cf1  LockPixhawk                   
00000de9  OLED_Clear                    
00000dcd  OLED_Display_Off              
00000db1  OLED_Display_On               
00001205  OLED_DrawBMP                  
000012b5  OLED_Init                     
00000e51  OLED_On                       
00000d77  OLED_Set_Pos                  
00001149  OLED_ShowCHinese              
00000ec5  OLED_ShowChar                 
00001011  OLED_ShowNum                  
000010df  OLED_ShowString               
00000ceb  OLED_WR_Byte                  
00001de1  OledDisplayInit               
20000a58  PID_Data_H                    
20000a74  PID_Data_X                    
20000a90  PID_Data_Y                    
20000aac  PID_H                         
0000026d  PID_Init                      
20000ac8  PID_X                         
20000ae4  PID_Y                         
00003b49  PWMDeadBandEnable             
000039d1  PWMGenConfigure               
00003be3  PWMGenDisable                 
00003bef  PWMGenEnable                  
00003b59  PWMGenPeriodSet               
00003ae3  PWMOutputState                
00003a35  PWMPulseWidthSet              
00000401  Position_PID                  
20000818  PwmChannel_1                  
2000081a  PwmChannel_2                  
2000081c  PwmChannel_3                  
2000081e  PwmChannel_4                  
20000820  PwmChannel_5                  
000024a5  PwmConfig                     
20000b30  ReadPin0                      
20000b34  ReadPin4                      
2000083e  Real_Distance                 
20000b38  Real_XCoordinate              
20000b3a  Real_YCoordinate              
20000b00  ReciveData_UART0              
20000b10  ReciveData_UART1              
20000b20  ReciveData_UART2              
20000805  ReciveData_i_UART0            
20000806  ReciveData_i_UART1            
20000807  ReciveData_i_UART2            
00003bfb  ResetISR                      
000029b9  SelectSort                    
0000262b  SonarTrig                     
00002601  Sonar_Configure               
00002753  Sonar_GPIOA_Configure         
00002771  Sonar_GPIOA_Interrupt         
00002f0d  SysCtlClockGet                
00003119  SysCtlClockSet                
00003c65  SysCtlDelay                   
00003a85  SysCtlPWMClockSet             
00003945  SysCtlPeripheralEnable        
00003869  SysCtlPeripheralPresent       
000038a1  SysCtlPeripheralReady         
200007f0  Time_Flag                     
0000323d  Timer0IntHandler              
0000320d  Timer0_Config                 
000007d9  Timer1IntHandler              
0000329b  Timer1_Config                 
000035d1  TimerConfigure                
00003b85  TimerEnable                   
00003c71  TimerIntClear                 
00003c07  TimerIntDisable               
00003c43  TimerIntEnable                
00003c11  TimerIntStatus                
00003af5  TimerLoadSet                  
00003c1b  TimerValueGet                 
000018a1  UART0Send                     
0000191f  UART1IntHandler               
00001993  UART1Send                     
00001a0d  UART2IntHandler               
00001ad9  UART2Send                     
00003c25  UARTCharGet                   
00003b93  UARTCharGetNonBlocking        
00003c2f  UARTCharPut                   
00003ba1  UARTCharPutNonBlocking        
00003baf  UARTCharsAvail                
00003c6b  UARTClockSourceSet            
00003719  UARTConfigSetExpClk           
000039f5  UARTDisable                   
00003a99  UARTEnable                    
00003c75  UARTIntClear                  
00003c4b  UARTIntEnable                 
00001835  UARTIntHandler                
00003c39  UARTIntStatus                 
00001399  UARTStdioConfig               
000014df  UARTgetc                      
00001425  UARTgets                      
000017ff  UARTprintf                    
00001505  UARTvprintf                   
000013df  UARTwrite                     
000018c9  Uart0Iint                     
000019bb  Uart1Iint                     
00001b11  Uart2Iint                     
00001c31  UnlockPixhawk                 
00000bfd  Write_IIC_Byte                
00000c8b  Write_IIC_Command             
00000cbb  Write_IIC_Data                
20000a58  __STACK_END                   
00000200  __STACK_SIZE                  
20000a58  __STACK_TOP                   
00004a28  __TI_CINIT_Base               
00004a40  __TI_CINIT_Limit              
00004a08  __TI_Handler_Table_Base       
00004a14  __TI_Handler_Table_Limit      
000037a5  __TI_auto_init_nobinit_nopinit
00003569  __TI_decompress_lzss          
00003bbd  __TI_decompress_none          
ffffffff  __TI_pprof_out_hndl           
ffffffff  __TI_prof_data_size           
ffffffff  __TI_prof_data_start          
00000000  __TI_static_base__            
00003b07  __TI_zero_init_nomemset       
0000338d  __aeabi_cdcmpeq               
0000338d  __aeabi_cdcmple               
00003413  __aeabi_cdrcmple              
000036d1  __aeabi_d2iz                  
000027e3  __aeabi_dadd                  
00002ca5  __aeabi_ddiv                  
0000301d  __aeabi_dmul                  
000027d9  __aeabi_dsub                  
00003979  __aeabi_i2d                   
0000298f  __aeabi_idiv0                 
0000298f  __aeabi_ldiv0                 
000032f1  __aeabi_memcpy                
000032f1  __aeabi_memcpy4               
000032f1  __aeabi_memcpy8               
00003a15  __aeabi_ui2d                  
00003829  __aeabi_uidiv                 
00003829  __aeabi_uidivmod              
ffffffff  __binit__                     
ffffffff  __c_args__                    
UNDEFED   __mpu_init                    
20000858  __stack                       
000038d9  _c_int00_noargs               
UNDEFED   _system_post_cinit            
00003c79  _system_pre_init              
00003c7d  abort                         
ffffffff  binit                         
20000814  err_h                         
2000080c  err_x                         
20000810  err_y                         
20000828  fPeriod                       
00000d09  fill_picture                  
20000000  g_pfnRAMVectors               
00000000  g_pfnVectors                  
20000816  get_x                         
20000817  get_y                         
20000804  k                             
00002b9d  main                          
000032f1  memcpy                        
00000fe1  oled_pow                      
2000080a  start_PID_H                   
20000808  start_PID_X                   
20000809  start_PID_Y                   
00002991  swap                          


GLOBAL SYMBOLS: SORTED BY Symbol Address 

address   name                          
-------   ----                          
00000000  __TI_static_base__            
00000000  g_pfnVectors                  
00000200  __STACK_SIZE                  
0000026d  PID_Init                      
00000401  Position_PID                  
000007d9  Timer1IntHandler              
00000b6d  GPIO_Init                     
00000b8f  IIC_Start                     
00000bbf  IIC_Stop                      
00000be5  IIC_Wait_Ack                  
00000bfd  Write_IIC_Byte                
00000c8b  Write_IIC_Command             
00000cbb  Write_IIC_Data                
00000ceb  OLED_WR_Byte                  
00000d09  fill_picture                  
00000d77  OLED_Set_Pos                  
00000db1  OLED_Display_On               
00000dcd  OLED_Display_Off              
00000de9  OLED_Clear                    
00000e51  OLED_On                       
00000ec5  OLED_ShowChar                 
00000fe1  oled_pow                      
00001011  OLED_ShowNum                  
000010df  OLED_ShowString               
00001149  OLED_ShowCHinese              
00001205  OLED_DrawBMP                  
000012b5  OLED_Init                     
00001399  UARTStdioConfig               
000013df  UARTwrite                     
00001425  UARTgets                      
000014df  UARTgetc                      
00001505  UARTvprintf                   
000017ff  UARTprintf                    
00001835  UARTIntHandler                
000018a1  UART0Send                     
000018c9  Uart0Iint                     
0000191f  UART1IntHandler               
00001993  UART1Send                     
000019bb  Uart1Iint                     
00001a0d  UART2IntHandler               
00001ad9  UART2Send                     
00001b11  Uart2Iint                     
00001c31  UnlockPixhawk                 
00001cf1  LockPixhawk                   
00001d31  LandMode                      
00001d71  Get_Coordinate                
00001d83  Get_Distance                  
00001d97  AltitudeHold                  
00001de1  OledDisplayInit               
00001e37  Display                       
00001ee9  Key_Configure                 
00001f17  Key_Interrupt                 
00001f37  Key_Scan                      
00001fe7  Int_Handler_GPIOF             
00002189  LED_ColorInit                 
00002229  LED_Color                     
00002273  LED_Config                    
0000228f  LED_Set                       
000023c5  Led_Twinkle                   
00002425  BeepPwmInit                   
000024a5  PwmConfig                     
00002601  Sonar_Configure               
0000262b  SonarTrig                     
0000264d  Int_Handler_GPIOA             
000026df  GetAverageDistance            
00002753  Sonar_GPIOA_Configure         
00002771  Sonar_GPIOA_Interrupt         
000027d9  __aeabi_dsub                  
000027e3  __aeabi_dadd                  
0000298f  __aeabi_idiv0                 
0000298f  __aeabi_ldiv0                 
00002991  swap                          
000029b9  SelectSort                    
00002a33  LimitingFilter                
00002b41  HardwareConfig                
00002b9d  main                          
00002ca5  __aeabi_ddiv                  
00002ddb  GPIOPadConfigSet              
00002f0d  SysCtlClockGet                
0000301d  __aeabi_dmul                  
00003119  SysCtlClockSet                
0000320d  Timer0_Config                 
0000323d  Timer0IntHandler              
0000329b  Timer1_Config                 
000032f1  __aeabi_memcpy                
000032f1  __aeabi_memcpy4               
000032f1  __aeabi_memcpy8               
000032f1  memcpy                        
0000338d  __aeabi_cdcmpeq               
0000338d  __aeabi_cdcmple               
00003413  __aeabi_cdrcmple              
00003499  IntDisable                    
00003501  IntEnable                     
00003569  __TI_decompress_lzss          
000035d1  TimerConfigure                
00003631  GPIOIntTypeSet                
00003689  GPIOPinConfigure              
000036d1  __aeabi_d2iz                  
00003719  UARTConfigSetExpClk           
000037a5  __TI_auto_init_nobinit_nopinit
000037e9  Delay_ms                      
00003807  Delay_us                      
00003829  __aeabi_uidiv                 
00003829  __aeabi_uidivmod              
00003869  SysCtlPeripheralPresent       
000038a1  SysCtlPeripheralReady         
000038d9  _c_int00_noargs               
00003911  IntRegister                   
00003945  SysCtlPeripheralEnable        
00003979  __aeabi_i2d                   
000039a7  GPIODirModeSet                
000039d1  PWMGenConfigure               
000039f5  UARTDisable                   
00003a15  __aeabi_ui2d                  
00003a35  PWMPulseWidthSet              
00003a53  GPIOIntRegister               
00003a6b  GPIOPinTypeGPIOOutput         
00003a85  SysCtlPWMClockSet             
00003a99  UARTEnable                    
00003aad  GPIOPinTypeGPIOInput          
00003abf  GPIOPinTypePWM                
00003ad1  GPIOPinTypeUART               
00003ae3  PWMOutputState                
00003af5  TimerLoadSet                  
00003b07  __TI_zero_init_nomemset       
00003b19  FPUEnable                     
00003b29  FPULazyStackingEnable         
00003b39  IntMasterEnable               
00003b49  PWMDeadBandEnable             
00003b59  PWMGenPeriodSet               
00003b69  GPIOIntDisable                
00003b77  GPIOIntStatus                 
00003b85  TimerEnable                   
00003b93  UARTCharGetNonBlocking        
00003ba1  UARTCharPutNonBlocking        
00003baf  UARTCharsAvail                
00003bbd  __TI_decompress_none          
00003bcb  CPUcpsie                      
00003bd7  GPIOIntEnable                 
00003be3  PWMGenDisable                 
00003bef  PWMGenEnable                  
00003bfb  ResetISR                      
00003c07  TimerIntDisable               
00003c11  TimerIntStatus                
00003c1b  TimerValueGet                 
00003c25  UARTCharGet                   
00003c2f  UARTCharPut                   
00003c39  UARTIntStatus                 
00003c43  TimerIntEnable                
00003c4b  UARTIntEnable                 
00003c53  GPIOIntClear                  
00003c59  GPIOPinRead                   
00003c5f  GPIOPinWrite                  
00003c65  SysCtlDelay                   
00003c6b  UARTClockSourceSet            
00003c71  TimerIntClear                 
00003c75  UARTIntClear                  
00003c79  _system_pre_init              
00003c7d  C$$EXIT                       
00003c7d  abort                         
00003c80  F8X16                         
00004270  F6x8                          
00004a08  __TI_Handler_Table_Base       
00004a14  __TI_Handler_Table_Limit      
00004a28  __TI_CINIT_Base               
00004a40  __TI_CINIT_Limit              
20000000  g_pfnRAMVectors               
20000270  BMP3                          
20000670  Hzk                           
200007f0  Time_Flag                     
200007f4  Counter                       
200007f8  Beep_Flag                     
200007fc  Beep_Counter                  
20000800  Beep_Fre                      
20000804  k                             
20000805  ReciveData_i_UART0            
20000806  ReciveData_i_UART1            
20000807  ReciveData_i_UART2            
20000808  start_PID_X                   
20000809  start_PID_Y                   
2000080a  start_PID_H                   
2000080c  err_x                         
20000810  err_y                         
20000814  err_h                         
20000816  get_x                         
20000817  get_y                         
20000818  PwmChannel_1                  
2000081a  PwmChannel_2                  
2000081c  PwmChannel_3                  
2000081e  PwmChannel_4                  
20000820  PwmChannel_5                  
20000828  fPeriod                       
20000830  DataIsReady                   
2000083c  Goal_Distance                 
2000083e  Real_Distance                 
20000840  Error_Distance                
20000842  Control_Open                  
20000844  KeyPress4                     
20000848  KEY_L                         
20000849  KEY_R                         
20000858  __stack                       
20000a58  PID_Data_H                    
20000a58  __STACK_END                   
20000a58  __STACK_TOP                   
20000a74  PID_Data_X                    
20000a90  PID_Data_Y                    
20000aac  PID_H                         
20000ac8  PID_X                         
20000ae4  PID_Y                         
20000b00  ReciveData_UART0              
20000b10  ReciveData_UART1              
20000b20  ReciveData_UART2              
20000b30  ReadPin0                      
20000b34  ReadPin4                      
20000b38  Real_XCoordinate              
20000b3a  Real_YCoordinate              
20000b3c  KeyPress0                     
ffffffff  __TI_pprof_out_hndl           
ffffffff  __TI_prof_data_size           
ffffffff  __TI_prof_data_start          
ffffffff  __binit__                     
ffffffff  __c_args__                    
ffffffff  binit                         
UNDEFED   __mpu_init                    
UNDEFED   _system_post_cinit            

[225 symbols]
