******************************************************************************
                  TI ARM Linker PC v18.1.2                     
******************************************************************************
>> Linked Thu Jul 12 14:34:34 2018

OUTPUT FILE NAME:   <Four_axes_2018.out>
ENTRY POINT SYMBOL: "_c_int00_noargs"  address: 00003831


MEMORY CONFIGURATION

         name            origin    length      used     unused   attr    fill
----------------------  --------  ---------  --------  --------  ----  --------
  FLASH                 00000000   00040000  00004994  0003b66c  R  X
  SRAM                  20000000   00008000  00000b2a  000074d6  RW X


SEGMENT ALLOCATION MAP

run origin  load origin   length   init length attrs members
----------  ----------- ---------- ----------- ----- -------
00000000    00000000    00004998   00004998    r-x
  00000000    00000000    0000026c   0000026c    r-- .intvecs
  0000026c    0000026c    0000396c   0000396c    r-x .text
  00003bd8    00003bd8    00000ba4   00000ba4    r-- .const
  00004780    00004780    00000218   00000218    r-- .cinit
20000000    20000000    00000b35   00000000    rw-
  20000000    20000000    0000026c   00000000    rw- .vtable
  20000270    20000270    000005d9   00000000    rw- .data
  20000850    20000850    00000200   00000000    rw- .stack
  20000a50    20000a50    000000e5   00000000    rw- .bss


SECTION ALLOCATION MAP

 output                                  attributes/
section   page    origin      length       input sections
--------  ----  ----------  ----------   ----------------
.intvecs   0    00000000    0000026c     
                  00000000    0000026c     tm4c123gh6pm_startup_ccs.obj (.intvecs)

.text      0    0000026c    0000396c     
                  0000026c    00000864     pid.obj (.text)
                  00000ad0    0000082c     OLED.obj (.text)
                  000012fc    0000049c     uartstdio.obj (.text)
                  00001798    000003fc     uart_echo.obj (.text)
                  00001b94    000002b8     Control.obj (.text)
                  00001e4c    000002a0     key.obj (.text)
                  000020ec    0000029c     colorful_LED.obj (.text)
                  00002388    000001dc     pwm.obj (.text)
                  00002564    000001d8     sonar.obj (.text)
                  0000273c    000001b6     rtsv7M4_T_le_v4SPD16_eabi.lib : fd_add_t2.asm.obj (.text)
                  000028f2    00000002                                   : div0.asm.obj (.text)
                  000028f4    000001b0     filter.obj (.text)
                  00002aa4    00000158     main.obj (.text)
                  00002bfc    00000136     rtsv7M4_T_le_v4SPD16_eabi.lib : fd_div_t2.asm.obj (.text)
                  00002d32    00000132     driverlib.lib : gpio.obj (.text:GPIOPadConfigSet)
                  00002e64    00000110                   : sysctl.obj (.text:SysCtlClockGet)
                  00002f74    000000fc     rtsv7M4_T_le_v4SPD16_eabi.lib : fd_mul_t2.asm.obj (.text)
                  00003070    000000f4     driverlib.lib : sysctl.obj (.text:SysCtlClockSet)
                  00003164    000000e4     Timer.obj (.text)
                  00003248    0000009c     rtsv7M4_T_le_v4SPD16_eabi.lib : memcpy_t2.asm.obj (.text)
                  000032e4    00000086                                   : fd_cmp_t2.asm.obj (.text:__aeabi_cdcmple)
                  0000336a    00000086                                   : fd_cmp_t2.asm.obj (.text:__aeabi_cdrcmple)
                  000033f0    00000068     driverlib.lib : interrupt.obj (.text:IntDisable)
                  00003458    00000068                   : interrupt.obj (.text:IntEnable)
                  000034c0    00000068     rtsv7M4_T_le_v4SPD16_eabi.lib : copy_decompress_lzss.c.obj (.text:decompress:lzss:__TI_decompress_lzss)
                  00003528    00000060     driverlib.lib : timer.obj (.text:TimerConfigure)
                  00003588    00000056                   : gpio.obj (.text:GPIOIntTypeSet)
                  000035de    00000002     --HOLE-- [fill = 0]
                  000035e0    00000048                   : gpio.obj (.text:GPIOPinConfigure)
                  00003628    00000048     rtsv7M4_T_le_v4SPD16_eabi.lib : fd_toi_t2.asm.obj (.text)
                  00003670    00000046     driverlib.lib : uart.obj (.text:UARTConfigSetExpClk)
                  000036b6    00000002     --HOLE-- [fill = 0]
                  000036b8    00000044                   : gpio.obj (.text:_GPIOIntNumberGet)
                  000036fc    00000044     rtsv7M4_T_le_v4SPD16_eabi.lib : autoinit.c.obj (.text:__TI_auto_init_nobinit_nopinit:__TI_auto_init_nobinit_nopinit)
                  00003740    00000040     delay.obj (.text)
                  00003780    00000040     rtsv7M4_T_le_v4SPD16_eabi.lib : u_divt2.asm.obj (.text)
                  000037c0    00000038     driverlib.lib : sysctl.obj (.text:SysCtlPeripheralPresent)
                  000037f8    00000038                   : sysctl.obj (.text:SysCtlPeripheralReady)
                  00003830    00000038     rtsv7M4_T_le_v4SPD16_eabi.lib : boot_cortex_m.c.obj (.text:_c_int00_noargs:_c_int00_noargs)
                  00003868    00000034     driverlib.lib : interrupt.obj (.text:IntRegister)
                  0000389c    00000034                   : sysctl.obj (.text:SysCtlPeripheralEnable)
                  000038d0    0000002e     rtsv7M4_T_le_v4SPD16_eabi.lib : i_tofd_t2.asm.obj (.text)
                  000038fe    0000002a     driverlib.lib : gpio.obj (.text:GPIODirModeSet)
                  00003928    00000022                   : pwm.obj (.text:PWMGenConfigure)
                  0000394a    00000002     --HOLE-- [fill = 0]
                  0000394c    00000020                   : uart.obj (.text:UARTDisable)
                  0000396c    00000020     rtsv7M4_T_le_v4SPD16_eabi.lib : u_tofd_t2.asm.obj (.text)
                  0000398c    0000001e     driverlib.lib : pwm.obj (.text:PWMPulseWidthSet)
                  000039aa    00000018                   : gpio.obj (.text:GPIOIntRegister)
                  000039c2    00000018                   : gpio.obj (.text:GPIOPinTypeGPIOOutput)
                  000039da    00000002     --HOLE-- [fill = 0]
                  000039dc    00000014                   : sysctl.obj (.text:SysCtlPWMClockSet)
                  000039f0    00000014                   : uart.obj (.text:UARTEnable)
                  00003a04    00000012                   : gpio.obj (.text:GPIOPinTypeGPIOInput)
                  00003a16    00000012                   : gpio.obj (.text:GPIOPinTypePWM)
                  00003a28    00000012                   : gpio.obj (.text:GPIOPinTypeUART)
                  00003a3a    00000012                   : pwm.obj (.text:PWMOutputState)
                  00003a4c    00000012                   : timer.obj (.text:TimerLoadSet)
                  00003a5e    00000012     rtsv7M4_T_le_v4SPD16_eabi.lib : copy_zero_init.c.obj (.text:decompress:ZI:__TI_zero_init_nomemset:__TI_zero_init_nomemset)
                  00003a70    00000010     driverlib.lib : fpu.obj (.text:FPUEnable)
                  00003a80    00000010                   : fpu.obj (.text:FPULazyStackingEnable)
                  00003a90    00000010                   : interrupt.obj (.text:IntMasterEnable)
                  00003aa0    00000010                   : pwm.obj (.text:PWMDeadBandEnable)
                  00003ab0    00000010                   : pwm.obj (.text:PWMGenPeriodSet)
                  00003ac0    0000000e                   : gpio.obj (.text:GPIOIntDisable)
                  00003ace    0000000e                   : gpio.obj (.text:GPIOIntStatus)
                  00003adc    0000000e                   : timer.obj (.text:TimerEnable)
                  00003aea    0000000e                   : uart.obj (.text:UARTCharGetNonBlocking)
                  00003af8    0000000e                   : uart.obj (.text:UARTCharPutNonBlocking)
                  00003b06    0000000e                   : uart.obj (.text:UARTCharsAvail)
                  00003b14    0000000e     rtsv7M4_T_le_v4SPD16_eabi.lib : copy_decompress_none.c.obj (.text:decompress:none:__TI_decompress_none)
                  00003b22    0000000c     driverlib.lib : cpu.obj (.text:CPUcpsie)
                  00003b2e    0000000c                   : gpio.obj (.text:GPIOIntEnable)
                  00003b3a    0000000c                   : pwm.obj (.text:PWMGenDisable)
                  00003b46    0000000c                   : pwm.obj (.text:PWMGenEnable)
                  00003b52    0000000c     tm4c123gh6pm_startup_ccs.obj (.text)
                  00003b5e    0000000a     driverlib.lib : timer.obj (.text:TimerIntDisable)
                  00003b68    0000000a                   : timer.obj (.text:TimerIntStatus)
                  00003b72    0000000a                   : timer.obj (.text:TimerValueGet)
                  00003b7c    0000000a                   : uart.obj (.text:UARTCharGet)
                  00003b86    0000000a                   : uart.obj (.text:UARTCharPut)
                  00003b90    0000000a                   : uart.obj (.text:UARTIntStatus)
                  00003b9a    00000008                   : timer.obj (.text:TimerIntEnable)
                  00003ba2    00000008                   : uart.obj (.text:UARTIntEnable)
                  00003baa    00000006                   : gpio.obj (.text:GPIOIntClear)
                  00003bb0    00000006                   : gpio.obj (.text:GPIOPinRead)
                  00003bb6    00000006                   : gpio.obj (.text:GPIOPinWrite)
                  00003bbc    00000006                   : sysctl.obj (.text:SysCtlDelay)
                  00003bc2    00000006                   : uart.obj (.text:UARTClockSourceSet)
                  00003bc8    00000004                   : timer.obj (.text:TimerIntClear)
                  00003bcc    00000004                   : uart.obj (.text:UARTIntClear)
                  00003bd0    00000004     rtsv7M4_T_le_v4SPD16_eabi.lib : pre_init.c.obj (.text:_system_pre_init)
                  00003bd4    00000004                                   : exit.c.obj (.text:abort:abort)

.const     0    00003bd8    00000ba4     
                  00003bd8    000005f0     OLED.obj (.const:.string:F8X16)
                  000041c8    00000228     OLED.obj (.const:F6x8)
                  000043f0    000000d8     driverlib.lib : gpio.obj (.const:g_ppui32GPIOIntMapSnowflake)
                  000044c8    000000c0                   : gpio.obj (.const:g_ppui32GPIOIntMapBlizzard)
                  00004588    00000090                   : gpio.obj (.const:g_pui32GPIOBaseAddrs)
                  00004618    00000070                   : interrupt.obj (.const)
                  00004688    0000006c                   : sysctl.obj (.const:g_pui32Xtals)
                  000046f4    00000004     uartstdio.obj (.const)
                  000046f8    00000058     sonar.obj (.const:$P$T0$3)
                  00004750    00000012     uartstdio.obj (.const:.string)
                  00004762    00000002     --HOLE-- [fill = 0]
                  00004764    0000000c     uartstdio.obj (.const:g_ui32UARTBase)
                  00004770    0000000c     uartstdio.obj (.const:g_ui32UARTPeriph)

.cinit     0    00004780    00000218     
                  00004780    000001de     (.cinit..data.load) [load image, compression = lzss]
                  0000495e    00000002     --HOLE-- [fill = 0]
                  00004960    0000000c     (__TI_handler_table)
                  0000496c    00000004     --HOLE-- [fill = 0]
                  00004970    00000008     (.cinit..bss.load) [load image, compression = zero_init]
                  00004978    00000008     (.cinit..vtable.load) [load image, compression = zero_init]
                  00004980    00000018     (__TI_cinit_table)

.init_array 
*          0    00000000    00000000     UNINITIALIZED

.vtable    0    20000000    0000026c     UNINITIALIZED
                  20000000    0000026c     driverlib.lib : interrupt.obj (.vtable)

.data      0    20000270    000005d9     UNINITIALIZED
                  20000270    00000400     main.obj (.data:BMP3)
                  20000670    00000180     OLED.obj (.data:Hzk)
                  200007f0    00000015     Timer.obj (.data)
                  20000805    00000001     --HOLE--
                  20000806    0000000c     pid.obj (.data)
                  20000812    0000000a     pwm.obj (.data)
                  2000081c    00000003     uart_echo.obj (.data)
                  2000081f    00000001     --HOLE--
                  20000820    0000000a     sonar.obj (.data)
                  2000082a    00000002     --HOLE--
                  2000082c    00000008     sonar.obj (.data:ui32Time$1)
                  20000834    00000007     Control.obj (.data)
                  2000083b    00000001     --HOLE--
                  2000083c    00000006     key.obj (.data)
                  20000842    00000002     --HOLE--
                  20000844    00000005     uartstdio.obj (.data)

.bss       0    20000a50    000000e5     UNINITIALIZED
                  20000a50    0000001c     (.common:PID_Data_H)
                  20000a6c    0000001c     (.common:PID_Data_X)
                  20000a88    0000001c     (.common:PID_Data_Y)
                  20000aa4    0000001c     (.common:PID_H)
                  20000ac0    0000001c     (.common:PID_X)
                  20000adc    0000001c     (.common:PID_Y)
                  20000af8    00000010     (.common:ReciveData_UART0)
                  20000b08    00000010     (.common:ReciveData_UART1)
                  20000b18    00000010     (.common:ReciveData_UART2)
                  20000b28    00000004     (.common:ReadPin0)
                  20000b2c    00000004     (.common:ReadPin4)
                  20000b30    00000002     (.common:Real_XCoordinate)
                  20000b32    00000002     (.common:Real_YCoordinate)
                  20000b34    00000001     (.common:KeyPress0)

.stack     0    20000850    00000200     UNINITIALIZED
                  20000850    00000004     rtsv7M4_T_le_v4SPD16_eabi.lib : boot_cortex_m.c.obj (.stack)
                  20000854    000001fc     --HOLE--

MODULE SUMMARY

       Module                         code    ro data   rw data
       ------                         ----    -------   -------
    .\
       main.obj                       344     0         1025   
       tm4c123gh6pm_startup_ccs.obj   12      620       0      
    +--+------------------------------+-------+---------+---------+
       Total:                         356     620       1025   
                                                               
    .\0.96'OLED\
       OLED.obj                       2092    2072      384    
    +--+------------------------------+-------+---------+---------+
       Total:                         2092    2072      384    
                                                               
    .\Control\
       Control.obj                    696     0         11     
    +--+------------------------------+-------+---------+---------+
       Total:                         696     0         11     
                                                               
    .\Filter\
       filter.obj                     432     0         0      
    +--+------------------------------+-------+---------+---------+
       Total:                         432     0         0      
                                                               
    .\Pid\
       pid.obj                        2148    0         180    
    +--+------------------------------+-------+---------+---------+
       Total:                         2148    0         180    
                                                               
    .\Pwm\
       pwm.obj                        476     0         10     
    +--+------------------------------+-------+---------+---------+
       Total:                         476     0         10     
                                                               
    .\Timer\
       Timer.obj                      228     0         21     
    +--+------------------------------+-------+---------+---------+
       Total:                         228     0         21     
                                                               
    .\colorful_LED\
       colorful_LED.obj               668     0         0      
    +--+------------------------------+-------+---------+---------+
       Total:                         668     0         0      
                                                               
    .\delay\
       delay.obj                      64      0         0      
    +--+------------------------------+-------+---------+---------+
       Total:                         64      0         0      
                                                               
    .\key\
       key.obj                        672     0         14     
    +--+------------------------------+-------+---------+---------+
       Total:                         672     0         14     
                                                               
    .\sonar\
       sonar.obj                      472     88        18     
    +--+------------------------------+-------+---------+---------+
       Total:                         472     88        18     
                                                               
    .\uart\
       uartstdio.obj                  1180    46        5      
       uart_echo.obj                  1020    0         51     
    +--+------------------------------+-------+---------+---------+
       Total:                         2200    46        56     
                                                               
    D:/ti/TivaWare_C_Series-2.1.4.178/driverlib/ccs/Debug/driverlib.lib
       gpio.obj                       734     552       0      
       interrupt.obj                  276     112       620    
       sysctl.obj                     706     108       0      
       uart.obj                       212     0         0      
       timer.obj                      170     0         0      
       pwm.obj                        138     0         0      
       fpu.obj                        32      0         0      
       cpu.obj                        12      0         0      
    +--+------------------------------+-------+---------+---------+
       Total:                         2280    772       620    
                                                               
    D:\Project_Program\Ccs\ccsv8\tools\compiler\ti-cgt-arm_18.1.2.LTS\lib\rtsv7M4_T_le_v4SPD16_eabi.lib
       fd_add_t2.asm.obj              438     0         0      
       fd_div_t2.asm.obj              310     0         0      
       fd_cmp_t2.asm.obj              268     0         0      
       fd_mul_t2.asm.obj              252     0         0      
       memcpy_t2.asm.obj              156     0         0      
       copy_decompress_lzss.c.obj     104     0         0      
       fd_toi_t2.asm.obj              72      0         0      
       autoinit.c.obj                 68      0         0      
       u_divt2.asm.obj                64      0         0      
       boot_cortex_m.c.obj            56      0         0      
       i_tofd_t2.asm.obj              46      0         0      
       u_tofd_t2.asm.obj              32      0         0      
       copy_zero_init.c.obj           18      0         0      
       copy_decompress_none.c.obj     14      0         0      
       exit.c.obj                     4       0         0      
       pre_init.c.obj                 4       0         0      
       div0.asm.obj                   2       0         0      
    +--+------------------------------+-------+---------+---------+
       Total:                         1908    0         0      
                                                               
       Stack:                         0       0         512    
       Linker Generated:              0       530       0      
    +--+------------------------------+-------+---------+---------+
       Grand Total:                   14692   4128      2851   


LINKER GENERATED COPY TABLES

__TI_cinit_table @ 00004980 records: 3, size/record: 8, table size: 24
	.data: load addr=00004780, load size=000001de bytes, run addr=20000270, run size=000005d9 bytes, compression=lzss
	.bss: load addr=00004970, load size=00000008 bytes, run addr=20000a50, run size=000000e5 bytes, compression=zero_init
	.vtable: load addr=00004978, load size=00000008 bytes, run addr=20000000, run size=0000026c bytes, compression=zero_init


LINKER GENERATED HANDLER TABLE

__TI_handler_table @ 00004960 records: 3, size/record: 4, table size: 12
	index: 0, handler: __TI_zero_init
	index: 1, handler: __TI_decompress_lzss
	index: 2, handler: __TI_decompress_none


GLOBAL SYMBOLS: SORTED ALPHABETICALLY BY Name 

address   name                          
-------   ----                          
00001cfb  AltitudeHold                  
20000270  BMP3                          
00002389  BeepPwmInit                   
200007fc  Beep_Counter                  
200007f8  Beep_Flag                     
20000800  Beep_Fre                      
00003bd5  C$$EXIT                       
00003b23  CPUcpsie                      
2000083a  Control_Open                  
200007f4  Counter                       
20000828  DataIsReady                   
00003741  Delay_ms                      
0000375f  Delay_us                      
00001d9b  Display                       
20000838  Error_Distance                
000041c8  F6x8                          
00003bd8  F8X16                         
00003a71  FPUEnable                     
00003a81  FPULazyStackingEnable         
000038ff  GPIODirModeSet                
00003bab  GPIOIntClear                  
00003ac1  GPIOIntDisable                
00003b2f  GPIOIntEnable                 
000039ab  GPIOIntRegister               
00003acf  GPIOIntStatus                 
00003589  GPIOIntTypeSet                
00002d33  GPIOPadConfigSet              
000035e1  GPIOPinConfigure              
00003bb1  GPIOPinRead                   
00003a05  GPIOPinTypeGPIOInput          
000039c3  GPIOPinTypeGPIOOutput         
00003a17  GPIOPinTypePWM                
00003a29  GPIOPinTypeUART               
00003bb7  GPIOPinWrite                  
00000ad1  GPIO_Init                     
00002643  GetAverageDistance            
00001cd5  Get_Coordinate                
00001ce7  Get_Distance                  
20000834  Goal_Distance                 
00002aa5  HardwareConfig                
20000670  Hzk                           
00000af3  IIC_Start                     
00000b23  IIC_Stop                      
00000b49  IIC_Wait_Ack                  
000033f1  IntDisable                    
00003459  IntEnable                     
00003a91  IntMasterEnable               
00003869  IntRegister                   
000025b1  Int_Handler_GPIOA             
00001f4b  Int_Handler_GPIOF             
20000840  KEY_L                         
20000841  KEY_R                         
20000b34  KeyPress0                     
2000083c  KeyPress4                     
00001e4d  Key_Configure                 
00001e7b  Key_Interrupt                 
00001e9b  Key_Scan                      
0000218d  LED_Color                     
000020ed  LED_ColorInit                 
000021d7  LED_Config                    
000021f3  LED_Set                       
00001c95  LandMode                      
00002329  Led_Twinkle                   
00002997  LimitingFilter                
00001c55  LockPixhawk                   
00000d4d  OLED_Clear                    
00000d31  OLED_Display_Off              
00000d15  OLED_Display_On               
00001169  OLED_DrawBMP                  
00001219  OLED_Init                     
00000db5  OLED_On                       
00000cdb  OLED_Set_Pos                  
000010ad  OLED_ShowCHinese              
00000e29  OLED_ShowChar                 
00000f75  OLED_ShowNum                  
00001043  OLED_ShowString               
00000c4f  OLED_WR_Byte                  
00001d45  OledDisplayInit               
20000a50  PID_Data_H                    
20000a6c  PID_Data_X                    
20000a88  PID_Data_Y                    
20000aa4  PID_H                         
0000026d  PID_Init                      
20000ac0  PID_X                         
20000adc  PID_Y                         
00003aa1  PWMDeadBandEnable             
00003929  PWMGenConfigure               
00003b3b  PWMGenDisable                 
00003b47  PWMGenEnable                  
00003ab1  PWMGenPeriodSet               
00003a3b  PWMOutputState                
0000398d  PWMPulseWidthSet              
000003fd  Position_PID                  
20000812  PwmChannel_1                  
20000814  PwmChannel_2                  
20000816  PwmChannel_3                  
20000818  PwmChannel_4                  
2000081a  PwmChannel_5                  
00002409  PwmConfig                     
20000b28  ReadPin0                      
20000b2c  ReadPin4                      
20000836  Real_Distance                 
20000b30  Real_XCoordinate              
20000b32  Real_YCoordinate              
20000af8  ReciveData_UART0              
20000b08  ReciveData_UART1              
20000b18  ReciveData_UART2              
2000081c  ReciveData_i_UART0            
2000081d  ReciveData_i_UART1            
2000081e  ReciveData_i_UART2            
00003b53  ResetISR                      
0000291d  SelectSort                    
0000258f  SonarTrig                     
00002565  Sonar_Configure               
000026b7  Sonar_GPIOA_Configure         
000026d5  Sonar_GPIOA_Interrupt         
00002e65  SysCtlClockGet                
00003071  SysCtlClockSet                
00003bbd  SysCtlDelay                   
000039dd  SysCtlPWMClockSet             
0000389d  SysCtlPeripheralEnable        
000037c1  SysCtlPeripheralPresent       
000037f9  SysCtlPeripheralReady         
200007f0  Time_Flag                     
00003195  Timer0IntHandler              
00003165  Timer0_Config                 
000007d1  Timer1IntHandler              
000031f3  Timer1_Config                 
00003529  TimerConfigure                
00003add  TimerEnable                   
00003bc9  TimerIntClear                 
00003b5f  TimerIntDisable               
00003b9b  TimerIntEnable                
00003b69  TimerIntStatus                
00003a4d  TimerLoadSet                  
00003b73  TimerValueGet                 
00001805  UART0Send                     
00001883  UART1IntHandler               
000018f7  UART1Send                     
00001971  UART2IntHandler               
00001a3d  UART2Send                     
00003b7d  UARTCharGet                   
00003aeb  UARTCharGetNonBlocking        
00003b87  UARTCharPut                   
00003af9  UARTCharPutNonBlocking        
00003b07  UARTCharsAvail                
00003bc3  UARTClockSourceSet            
00003671  UARTConfigSetExpClk           
0000394d  UARTDisable                   
000039f1  UARTEnable                    
00003bcd  UARTIntClear                  
00003ba3  UARTIntEnable                 
00001799  UARTIntHandler                
00003b91  UARTIntStatus                 
000012fd  UARTStdioConfig               
00001443  UARTgetc                      
00001389  UARTgets                      
00001763  UARTprintf                    
00001469  UARTvprintf                   
00001343  UARTwrite                     
0000182d  Uart0Iint                     
0000191f  Uart1Iint                     
00001a75  Uart2Iint                     
00001b95  UnlockPixhawk                 
00000b61  Write_IIC_Byte                
00000bef  Write_IIC_Command             
00000c1f  Write_IIC_Data                
20000a50  __STACK_END                   
00000200  __STACK_SIZE                  
20000a50  __STACK_TOP                   
00004980  __TI_CINIT_Base               
00004998  __TI_CINIT_Limit              
00004960  __TI_Handler_Table_Base       
0000496c  __TI_Handler_Table_Limit      
000036fd  __TI_auto_init_nobinit_nopinit
000034c1  __TI_decompress_lzss          
00003b15  __TI_decompress_none          
ffffffff  __TI_pprof_out_hndl           
ffffffff  __TI_prof_data_size           
ffffffff  __TI_prof_data_start          
00000000  __TI_static_base__            
00003a5f  __TI_zero_init_nomemset       
000032e5  __aeabi_cdcmpeq               
000032e5  __aeabi_cdcmple               
0000336b  __aeabi_cdrcmple              
00003629  __aeabi_d2iz                  
00002747  __aeabi_dadd                  
00002bfd  __aeabi_ddiv                  
00002f75  __aeabi_dmul                  
0000273d  __aeabi_dsub                  
000038d1  __aeabi_i2d                   
000028f3  __aeabi_idiv0                 
000028f3  __aeabi_ldiv0                 
00003249  __aeabi_memcpy                
00003249  __aeabi_memcpy4               
00003249  __aeabi_memcpy8               
0000396d  __aeabi_ui2d                  
00003781  __aeabi_uidiv                 
00003781  __aeabi_uidivmod              
ffffffff  __binit__                     
ffffffff  __c_args__                    
UNDEFED   __mpu_init                    
20000850  __stack                       
00003831  _c_int00_noargs               
UNDEFED   _system_post_cinit            
00003bd1  _system_pre_init              
00003bd5  abort                         
ffffffff  binit                         
2000080e  err_h                         
2000080a  err_x                         
2000080c  err_y                         
20000820  fPeriod                       
00000c6d  fill_picture                  
20000000  g_pfnRAMVectors               
00000000  g_pfnVectors                  
20000810  get_x                         
20000811  get_y                         
20000804  k                             
00002b01  main                          
00003249  memcpy                        
00000f45  oled_pow                      
20000808  start_PID_H                   
20000806  start_PID_X                   
20000807  start_PID_Y                   
000028f5  swap                          


GLOBAL SYMBOLS: SORTED BY Symbol Address 

address   name                          
-------   ----                          
00000000  __TI_static_base__            
00000000  g_pfnVectors                  
00000200  __STACK_SIZE                  
0000026d  PID_Init                      
000003fd  Position_PID                  
000007d1  Timer1IntHandler              
00000ad1  GPIO_Init                     
00000af3  IIC_Start                     
00000b23  IIC_Stop                      
00000b49  IIC_Wait_Ack                  
00000b61  Write_IIC_Byte                
00000bef  Write_IIC_Command             
00000c1f  Write_IIC_Data                
00000c4f  OLED_WR_Byte                  
00000c6d  fill_picture                  
00000cdb  OLED_Set_Pos                  
00000d15  OLED_Display_On               
00000d31  OLED_Display_Off              
00000d4d  OLED_Clear                    
00000db5  OLED_On                       
00000e29  OLED_ShowChar                 
00000f45  oled_pow                      
00000f75  OLED_ShowNum                  
00001043  OLED_ShowString               
000010ad  OLED_ShowCHinese              
00001169  OLED_DrawBMP                  
00001219  OLED_Init                     
000012fd  UARTStdioConfig               
00001343  UARTwrite                     
00001389  UARTgets                      
00001443  UARTgetc                      
00001469  UARTvprintf                   
00001763  UARTprintf                    
00001799  UARTIntHandler                
00001805  UART0Send                     
0000182d  Uart0Iint                     
00001883  UART1IntHandler               
000018f7  UART1Send                     
0000191f  Uart1Iint                     
00001971  UART2IntHandler               
00001a3d  UART2Send                     
00001a75  Uart2Iint                     
00001b95  UnlockPixhawk                 
00001c55  LockPixhawk                   
00001c95  LandMode                      
00001cd5  Get_Coordinate                
00001ce7  Get_Distance                  
00001cfb  AltitudeHold                  
00001d45  OledDisplayInit               
00001d9b  Display                       
00001e4d  Key_Configure                 
00001e7b  Key_Interrupt                 
00001e9b  Key_Scan                      
00001f4b  Int_Handler_GPIOF             
000020ed  LED_ColorInit                 
0000218d  LED_Color                     
000021d7  LED_Config                    
000021f3  LED_Set                       
00002329  Led_Twinkle                   
00002389  BeepPwmInit                   
00002409  PwmConfig                     
00002565  Sonar_Configure               
0000258f  SonarTrig                     
000025b1  Int_Handler_GPIOA             
00002643  GetAverageDistance            
000026b7  Sonar_GPIOA_Configure         
000026d5  Sonar_GPIOA_Interrupt         
0000273d  __aeabi_dsub                  
00002747  __aeabi_dadd                  
000028f3  __aeabi_idiv0                 
000028f3  __aeabi_ldiv0                 
000028f5  swap                          
0000291d  SelectSort                    
00002997  LimitingFilter                
00002aa5  HardwareConfig                
00002b01  main                          
00002bfd  __aeabi_ddiv                  
00002d33  GPIOPadConfigSet              
00002e65  SysCtlClockGet                
00002f75  __aeabi_dmul                  
00003071  SysCtlClockSet                
00003165  Timer0_Config                 
00003195  Timer0IntHandler              
000031f3  Timer1_Config                 
00003249  __aeabi_memcpy                
00003249  __aeabi_memcpy4               
00003249  __aeabi_memcpy8               
00003249  memcpy                        
000032e5  __aeabi_cdcmpeq               
000032e5  __aeabi_cdcmple               
0000336b  __aeabi_cdrcmple              
000033f1  IntDisable                    
00003459  IntEnable                     
000034c1  __TI_decompress_lzss          
00003529  TimerConfigure                
00003589  GPIOIntTypeSet                
000035e1  GPIOPinConfigure              
00003629  __aeabi_d2iz                  
00003671  UARTConfigSetExpClk           
000036fd  __TI_auto_init_nobinit_nopinit
00003741  Delay_ms                      
0000375f  Delay_us                      
00003781  __aeabi_uidiv                 
00003781  __aeabi_uidivmod              
000037c1  SysCtlPeripheralPresent       
000037f9  SysCtlPeripheralReady         
00003831  _c_int00_noargs               
00003869  IntRegister                   
0000389d  SysCtlPeripheralEnable        
000038d1  __aeabi_i2d                   
000038ff  GPIODirModeSet                
00003929  PWMGenConfigure               
0000394d  UARTDisable                   
0000396d  __aeabi_ui2d                  
0000398d  PWMPulseWidthSet              
000039ab  GPIOIntRegister               
000039c3  GPIOPinTypeGPIOOutput         
000039dd  SysCtlPWMClockSet             
000039f1  UARTEnable                    
00003a05  GPIOPinTypeGPIOInput          
00003a17  GPIOPinTypePWM                
00003a29  GPIOPinTypeUART               
00003a3b  PWMOutputState                
00003a4d  TimerLoadSet                  
00003a5f  __TI_zero_init_nomemset       
00003a71  FPUEnable                     
00003a81  FPULazyStackingEnable         
00003a91  IntMasterEnable               
00003aa1  PWMDeadBandEnable             
00003ab1  PWMGenPeriodSet               
00003ac1  GPIOIntDisable                
00003acf  GPIOIntStatus                 
00003add  TimerEnable                   
00003aeb  UARTCharGetNonBlocking        
00003af9  UARTCharPutNonBlocking        
00003b07  UARTCharsAvail                
00003b15  __TI_decompress_none          
00003b23  CPUcpsie                      
00003b2f  GPIOIntEnable                 
00003b3b  PWMGenDisable                 
00003b47  PWMGenEnable                  
00003b53  ResetISR                      
00003b5f  TimerIntDisable               
00003b69  TimerIntStatus                
00003b73  TimerValueGet                 
00003b7d  UARTCharGet                   
00003b87  UARTCharPut                   
00003b91  UARTIntStatus                 
00003b9b  TimerIntEnable                
00003ba3  UARTIntEnable                 
00003bab  GPIOIntClear                  
00003bb1  GPIOPinRead                   
00003bb7  GPIOPinWrite                  
00003bbd  SysCtlDelay                   
00003bc3  UARTClockSourceSet            
00003bc9  TimerIntClear                 
00003bcd  UARTIntClear                  
00003bd1  _system_pre_init              
00003bd5  C$$EXIT                       
00003bd5  abort                         
00003bd8  F8X16                         
000041c8  F6x8                          
00004960  __TI_Handler_Table_Base       
0000496c  __TI_Handler_Table_Limit      
00004980  __TI_CINIT_Base               
00004998  __TI_CINIT_Limit              
20000000  g_pfnRAMVectors               
20000270  BMP3                          
20000670  Hzk                           
200007f0  Time_Flag                     
200007f4  Counter                       
200007f8  Beep_Flag                     
200007fc  Beep_Counter                  
20000800  Beep_Fre                      
20000804  k                             
20000806  start_PID_X                   
20000807  start_PID_Y                   
20000808  start_PID_H                   
2000080a  err_x                         
2000080c  err_y                         
2000080e  err_h                         
20000810  get_x                         
20000811  get_y                         
20000812  PwmChannel_1                  
20000814  PwmChannel_2                  
20000816  PwmChannel_3                  
20000818  PwmChannel_4                  
2000081a  PwmChannel_5                  
2000081c  ReciveData_i_UART0            
2000081d  ReciveData_i_UART1            
2000081e  ReciveData_i_UART2            
20000820  fPeriod                       
20000828  DataIsReady                   
20000834  Goal_Distance                 
20000836  Real_Distance                 
20000838  Error_Distance                
2000083a  Control_Open                  
2000083c  KeyPress4                     
20000840  KEY_L                         
20000841  KEY_R                         
20000850  __stack                       
20000a50  PID_Data_H                    
20000a50  __STACK_END                   
20000a50  __STACK_TOP                   
20000a6c  PID_Data_X                    
20000a88  PID_Data_Y                    
20000aa4  PID_H                         
20000ac0  PID_X                         
20000adc  PID_Y                         
20000af8  ReciveData_UART0              
20000b08  ReciveData_UART1              
20000b18  ReciveData_UART2              
20000b28  ReadPin0                      
20000b2c  ReadPin4                      
20000b30  Real_XCoordinate              
20000b32  Real_YCoordinate              
20000b34  KeyPress0                     
ffffffff  __TI_pprof_out_hndl           
ffffffff  __TI_prof_data_size           
ffffffff  __TI_prof_data_start          
ffffffff  __binit__                     
ffffffff  __c_args__                    
ffffffff  binit                         
UNDEFED   __mpu_init                    
UNDEFED   _system_post_cinit            

[225 symbols]
