******************************************************************************
                  TI ARM Linker PC v18.1.2                     
******************************************************************************
>> Linked Tue Jul 10 21:15:15 2018

OUTPUT FILE NAME:   <Four_axes_2018.out>
ENTRY POINT SYMBOL: "_c_int00_noargs"  address: 0000288d


MEMORY CONFIGURATION

         name            origin    length      used     unused   attr    fill
----------------------  --------  ---------  --------  --------  ----  --------
  FLASH                 00000000   00040000  000039a0  0003c660  R  X
  SRAM                  20000000   00008000  00000a3a  000075c6  RW X


SEGMENT ALLOCATION MAP

run origin  load origin   length   init length attrs members
----------  ----------- ---------- ----------- ----- -------
00000000    00000000    000039a8   000039a8    r-x
  00000000    00000000    0000026c   0000026c    r-- .intvecs
  0000026c    0000026c    00002990   00002990    r-x .text
  00002c00    00002c00    00000ba4   00000ba4    r-- .const
  000037a8    000037a8    00000200   00000200    r-- .cinit
20000000    20000000    00000a45   00000000    rw-
  20000000    20000000    0000026c   00000000    rw- .vtable
  20000270    20000270    000005a9   00000000    rw- .data
  20000820    20000820    00000200   00000000    rw- .stack
  20000a20    20000a20    00000025   00000000    rw- .bss


SECTION ALLOCATION MAP

 output                                  attributes/
section   page    origin      length       input sections
--------  ----  ----------  ----------   ----------------
.intvecs   0    00000000    0000026c     
                  00000000    0000026c     tm4c123gh6pm_startup_ccs.obj (.intvecs)

.text      0    0000026c    00002990     
                  0000026c    0000082c     OLED.obj (.text)
                  00000a98    0000049c     uartstdio.obj (.text)
                  00000f34    00000240     uart_echo.obj (.text)
                  00001174    00000234     colorful_LED.obj (.text)
                  000013a8    000001dc     pwm.obj (.text)
                  00001584    000001d8     sonar.obj (.text)
                  0000175c    000001b6     rtsv7M4_T_le_v4SPD16_eabi.lib : fd_add_t2.asm.obj (.text)
                  00001912    00000002                                   : div0.asm.obj (.text)
                  00001914    000001b4     filter.obj (.text)
                  00001ac8    00000136     rtsv7M4_T_le_v4SPD16_eabi.lib : fd_div_t2.asm.obj (.text)
                  00001bfe    00000132     driverlib.lib : gpio.obj (.text:GPIOPadConfigSet)
                  00001d30    00000110                   : sysctl.obj (.text:SysCtlClockGet)
                  00001e40    00000104     Control.obj (.text)
                  00001f44    000000fc     rtsv7M4_T_le_v4SPD16_eabi.lib : fd_mul_t2.asm.obj (.text)
                  00002040    000000f4     driverlib.lib : sysctl.obj (.text:SysCtlClockSet)
                  00002134    000000bc     Timer.obj (.text)
                  000021f0    000000b4     main.obj (.text)
                  000022a4    0000009c     rtsv7M4_T_le_v4SPD16_eabi.lib : memcpy_t2.asm.obj (.text)
                  00002340    00000086                                   : fd_cmp_t2.asm.obj (.text:__aeabi_cdcmple)
                  000023c6    00000086                                   : fd_cmp_t2.asm.obj (.text:__aeabi_cdrcmple)
                  0000244c    00000068     driverlib.lib : interrupt.obj (.text:IntDisable)
                  000024b4    00000068                   : interrupt.obj (.text:IntEnable)
                  0000251c    00000068     rtsv7M4_T_le_v4SPD16_eabi.lib : copy_decompress_lzss.c.obj (.text:decompress:lzss:__TI_decompress_lzss)
                  00002584    00000060     driverlib.lib : timer.obj (.text:TimerConfigure)
                  000025e4    00000056                   : gpio.obj (.text:GPIOIntTypeSet)
                  0000263a    00000002     --HOLE-- [fill = 0]
                  0000263c    00000048                   : gpio.obj (.text:GPIOPinConfigure)
                  00002684    00000048     rtsv7M4_T_le_v4SPD16_eabi.lib : fd_toi_t2.asm.obj (.text)
                  000026cc    00000046     driverlib.lib : uart.obj (.text:UARTConfigSetExpClk)
                  00002712    00000002     --HOLE-- [fill = 0]
                  00002714    00000044                   : gpio.obj (.text:_GPIOIntNumberGet)
                  00002758    00000044     rtsv7M4_T_le_v4SPD16_eabi.lib : autoinit.c.obj (.text:__TI_auto_init_nobinit_nopinit:__TI_auto_init_nobinit_nopinit)
                  0000279c    00000040     delay.obj (.text)
                  000027dc    00000040     rtsv7M4_T_le_v4SPD16_eabi.lib : u_divt2.asm.obj (.text)
                  0000281c    00000038     driverlib.lib : sysctl.obj (.text:SysCtlPeripheralPresent)
                  00002854    00000038                   : sysctl.obj (.text:SysCtlPeripheralReady)
                  0000288c    00000038     rtsv7M4_T_le_v4SPD16_eabi.lib : boot_cortex_m.c.obj (.text:_c_int00_noargs:_c_int00_noargs)
                  000028c4    00000034     driverlib.lib : interrupt.obj (.text:IntRegister)
                  000028f8    00000034                   : sysctl.obj (.text:SysCtlPeripheralEnable)
                  0000292c    0000002e     rtsv7M4_T_le_v4SPD16_eabi.lib : i_tofd_t2.asm.obj (.text)
                  0000295a    0000002a     driverlib.lib : gpio.obj (.text:GPIODirModeSet)
                  00002984    00000022                   : pwm.obj (.text:PWMGenConfigure)
                  000029a6    00000002     --HOLE-- [fill = 0]
                  000029a8    00000020                   : uart.obj (.text:UARTDisable)
                  000029c8    00000020     rtsv7M4_T_le_v4SPD16_eabi.lib : u_tofd_t2.asm.obj (.text)
                  000029e8    0000001e     driverlib.lib : pwm.obj (.text:PWMPulseWidthSet)
                  00002a06    00000018                   : gpio.obj (.text:GPIOIntRegister)
                  00002a1e    00000018                   : gpio.obj (.text:GPIOPinTypeGPIOOutput)
                  00002a36    00000002     --HOLE-- [fill = 0]
                  00002a38    00000014                   : sysctl.obj (.text:SysCtlPWMClockSet)
                  00002a4c    00000014                   : uart.obj (.text:UARTEnable)
                  00002a60    00000012                   : gpio.obj (.text:GPIOPinTypeGPIOInput)
                  00002a72    00000012                   : gpio.obj (.text:GPIOPinTypePWM)
                  00002a84    00000012                   : gpio.obj (.text:GPIOPinTypeUART)
                  00002a96    00000012                   : pwm.obj (.text:PWMOutputState)
                  00002aa8    00000012                   : timer.obj (.text:TimerLoadSet)
                  00002aba    00000012     rtsv7M4_T_le_v4SPD16_eabi.lib : copy_zero_init.c.obj (.text:decompress:ZI:__TI_zero_init_nomemset:__TI_zero_init_nomemset)
                  00002acc    00000010     driverlib.lib : interrupt.obj (.text:IntMasterEnable)
                  00002adc    00000010                   : pwm.obj (.text:PWMDeadBandEnable)
                  00002aec    00000010                   : pwm.obj (.text:PWMGenPeriodSet)
                  00002afc    0000000e                   : gpio.obj (.text:GPIOIntStatus)
                  00002b0a    0000000e                   : timer.obj (.text:TimerEnable)
                  00002b18    0000000e                   : uart.obj (.text:UARTCharGetNonBlocking)
                  00002b26    0000000e                   : uart.obj (.text:UARTCharPutNonBlocking)
                  00002b34    0000000e                   : uart.obj (.text:UARTCharsAvail)
                  00002b42    0000000e     rtsv7M4_T_le_v4SPD16_eabi.lib : copy_decompress_none.c.obj (.text:decompress:none:__TI_decompress_none)
                  00002b50    0000000c     driverlib.lib : cpu.obj (.text:CPUcpsie)
                  00002b5c    0000000c                   : gpio.obj (.text:GPIOIntEnable)
                  00002b68    0000000c                   : pwm.obj (.text:PWMGenDisable)
                  00002b74    0000000c                   : pwm.obj (.text:PWMGenEnable)
                  00002b80    0000000c     tm4c123gh6pm_startup_ccs.obj (.text)
                  00002b8c    0000000a     driverlib.lib : timer.obj (.text:TimerIntStatus)
                  00002b96    0000000a                   : timer.obj (.text:TimerValueGet)
                  00002ba0    0000000a                   : uart.obj (.text:UARTCharGet)
                  00002baa    0000000a                   : uart.obj (.text:UARTCharPut)
                  00002bb4    0000000a                   : uart.obj (.text:UARTIntStatus)
                  00002bbe    00000008                   : timer.obj (.text:TimerIntEnable)
                  00002bc6    00000008                   : uart.obj (.text:UARTIntEnable)
                  00002bce    00000006                   : gpio.obj (.text:GPIOIntClear)
                  00002bd4    00000006                   : gpio.obj (.text:GPIOPinRead)
                  00002bda    00000006                   : gpio.obj (.text:GPIOPinWrite)
                  00002be0    00000006                   : sysctl.obj (.text:SysCtlDelay)
                  00002be6    00000006                   : uart.obj (.text:UARTClockSourceSet)
                  00002bec    00000004                   : timer.obj (.text:TimerIntClear)
                  00002bf0    00000004                   : uart.obj (.text:UARTIntClear)
                  00002bf4    00000004     rtsv7M4_T_le_v4SPD16_eabi.lib : pre_init.c.obj (.text:_system_pre_init)
                  00002bf8    00000004                                   : exit.c.obj (.text:abort:abort)

.const     0    00002c00    00000ba4     
                  00002c00    000005f0     OLED.obj (.const:.string:F8X16)
                  000031f0    00000228     OLED.obj (.const:F6x8)
                  00003418    000000d8     driverlib.lib : gpio.obj (.const:g_ppui32GPIOIntMapSnowflake)
                  000034f0    000000c0                   : gpio.obj (.const:g_ppui32GPIOIntMapBlizzard)
                  000035b0    00000090                   : gpio.obj (.const:g_pui32GPIOBaseAddrs)
                  00003640    00000070                   : interrupt.obj (.const)
                  000036b0    0000006c                   : sysctl.obj (.const:g_pui32Xtals)
                  0000371c    00000004     uartstdio.obj (.const)
                  00003720    00000058     sonar.obj (.const:$P$T0$3)
                  00003778    00000012     uartstdio.obj (.const:.string)
                  0000378a    00000002     --HOLE-- [fill = 0]
                  0000378c    0000000c     uartstdio.obj (.const:g_ui32UARTBase)
                  00003798    0000000c     uartstdio.obj (.const:g_ui32UARTPeriph)

.cinit     0    000037a8    00000200     
                  000037a8    000001cb     (.cinit..data.load) [load image, compression = lzss]
                  00003973    00000001     --HOLE-- [fill = 0]
                  00003974    0000000c     (__TI_handler_table)
                  00003980    00000008     (.cinit..bss.load) [load image, compression = zero_init]
                  00003988    00000008     (.cinit..vtable.load) [load image, compression = zero_init]
                  00003990    00000018     (__TI_cinit_table)

.init_array 
*          0    00000000    00000000     UNINITIALIZED

.vtable    0    20000000    0000026c     UNINITIALIZED
                  20000000    0000026c     driverlib.lib : interrupt.obj (.vtable)

.data      0    20000270    000005a9     UNINITIALIZED
                  20000270    00000400     main.obj (.data:BMP3)
                  20000670    00000180     OLED.obj (.data:Hzk)
                  200007f0    0000000a     pwm.obj (.data)
                  200007fa    00000002     uart_echo.obj (.data)
                  200007fc    00000004     --HOLE--
                  20000800    0000000a     sonar.obj (.data)
                  2000080a    00000002     --HOLE--
                  2000080c    00000008     sonar.obj (.data:ui32Time$1)
                  20000814    00000005     uartstdio.obj (.data)

.bss       0    20000a20    00000025     UNINITIALIZED
                  20000a20    00000010     (.common:ReciveData_UART0)
                  20000a30    00000010     (.common:ReciveData_UART1)
                  20000a40    00000002     (.common:Disetence)
                  20000a42    00000002     (.common:Real_Distance)
                  20000a44    00000001     (.common:KeyPress0)

.stack     0    20000820    00000200     UNINITIALIZED
                  20000820    00000004     rtsv7M4_T_le_v4SPD16_eabi.lib : boot_cortex_m.c.obj (.stack)
                  20000824    000001fc     --HOLE--

MODULE SUMMARY

       Module                         code    ro data   rw data
       ------                         ----    -------   -------
    .\
       main.obj                       180     0         1027   
       tm4c123gh6pm_startup_ccs.obj   12      620       0      
    +--+------------------------------+-------+---------+---------+
       Total:                         192     620       1027   
                                                               
    .\9.6'OLED\
       OLED.obj                       2092    2072      384    
    +--+------------------------------+-------+---------+---------+
       Total:                         2092    2072      384    
                                                               
    .\Control\
       Control.obj                    260     0         2      
    +--+------------------------------+-------+---------+---------+
       Total:                         260     0         2      
                                                               
    .\Filter\
       filter.obj                     436     0         0      
    +--+------------------------------+-------+---------+---------+
       Total:                         436     0         0      
                                                               
    .\Pwm\
       pwm.obj                        476     0         10     
    +--+------------------------------+-------+---------+---------+
       Total:                         476     0         10     
                                                               
    .\Timer\
       Timer.obj                      188     0         0      
    +--+------------------------------+-------+---------+---------+
       Total:                         188     0         0      
                                                               
    .\colorful_LED\
       colorful_LED.obj               564     0         0      
    +--+------------------------------+-------+---------+---------+
       Total:                         564     0         0      
                                                               
    .\delay\
       delay.obj                      64      0         0      
    +--+------------------------------+-------+---------+---------+
       Total:                         64      0         0      
                                                               
    .\sonar\
       sonar.obj                      472     88        18     
    +--+------------------------------+-------+---------+---------+
       Total:                         472     88        18     
                                                               
    .\uart\
       uartstdio.obj                  1180    46        5      
       uart_echo.obj                  576     0         34     
    +--+------------------------------+-------+---------+---------+
       Total:                         1756    46        39     
                                                               
    D:/ti/TivaWare_C_Series-2.1.4.178/driverlib/ccs/Debug/driverlib.lib
       gpio.obj                       720     552       0      
       interrupt.obj                  276     112       620    
       sysctl.obj                     706     108       0      
       uart.obj                       212     0         0      
       timer.obj                      160     0         0      
       pwm.obj                        138     0         0      
       cpu.obj                        12      0         0      
    +--+------------------------------+-------+---------+---------+
       Total:                         2224    772       620    
                                                               
    D:\Project_Program\Ccs\ccsv8\tools\compiler\ti-cgt-arm_18.1.2.LTS\lib\rtsv7M4_T_le_v4SPD16_eabi.lib
       fd_add_t2.asm.obj              438     0         0      
       fd_div_t2.asm.obj              310     0         0      
       fd_cmp_t2.asm.obj              268     0         0      
       fd_mul_t2.asm.obj              252     0         0      
       memcpy_t2.asm.obj              156     0         0      
       copy_decompress_lzss.c.obj     104     0         0      
       fd_toi_t2.asm.obj              72      0         0      
       autoinit.c.obj                 68      0         0      
       u_divt2.asm.obj                64      0         0      
       boot_cortex_m.c.obj            56      0         0      
       i_tofd_t2.asm.obj              46      0         0      
       u_tofd_t2.asm.obj              32      0         0      
       copy_zero_init.c.obj           18      0         0      
       copy_decompress_none.c.obj     14      0         0      
       exit.c.obj                     4       0         0      
       pre_init.c.obj                 4       0         0      
       div0.asm.obj                   2       0         0      
    +--+------------------------------+-------+---------+---------+
       Total:                         1908    0         0      
                                                               
       Stack:                         0       0         512    
       Linker Generated:              0       511       0      
    +--+------------------------------+-------+---------+---------+
       Grand Total:                   10632   4109      2612   


LINKER GENERATED COPY TABLES

__TI_cinit_table @ 00003990 records: 3, size/record: 8, table size: 24
	.data: load addr=000037a8, load size=000001cb bytes, run addr=20000270, run size=000005a9 bytes, compression=lzss
	.bss: load addr=00003980, load size=00000008 bytes, run addr=20000a20, run size=00000025 bytes, compression=zero_init
	.vtable: load addr=00003988, load size=00000008 bytes, run addr=20000000, run size=0000026c bytes, compression=zero_init


LINKER GENERATED HANDLER TABLE

__TI_handler_table @ 00003974 records: 3, size/record: 4, table size: 12
	index: 0, handler: __TI_zero_init
	index: 1, handler: __TI_decompress_lzss
	index: 2, handler: __TI_decompress_none


GLOBAL SYMBOLS: SORTED ALPHABETICALLY BY Name 

address   name                          
-------   ----                          
00001f31  AltitudeHold                  
20000270  BMP3                          
000013a9  BeepPwmInit                   
00002bf9  C$$EXIT                       
00002b51  CPUcpsie                      
20000808  DataIsReady                   
0000279d  Delay_ms                      
000027bb  Delay_us                      
20000a40  Disetence                     
000031f0  F6x8                          
00002c00  F8X16                         
0000295b  GPIODirModeSet                
00002bcf  GPIOIntClear                  
00002b5d  GPIOIntEnable                 
00002a07  GPIOIntRegister               
00002afd  GPIOIntStatus                 
000025e5  GPIOIntTypeSet                
00001bff  GPIOPadConfigSet              
0000263d  GPIOPinConfigure              
00002bd5  GPIOPinRead                   
00002a61  GPIOPinTypeGPIOInput          
00002a1f  GPIOPinTypeGPIOOutput         
00002a73  GPIOPinTypePWM                
00002a85  GPIOPinTypeUART               
00002bdb  GPIOPinWrite                  
0000026d  GPIO_Init                     
00001663  GetAverageDistance            
000021f1  HardwareConfig                
20000670  Hzk                           
0000028f  IIC_Start                     
000002bf  IIC_Stop                      
000002e5  IIC_Wait_Ack                  
0000244d  IntDisable                    
000024b5  IntEnable                     
00002acd  IntMasterEnable               
000028c5  IntRegister                   
000015d1  Int_Handler_GPIOA             
20000a44  KeyPress0                     
00001215  LED_Color                     
00001175  LED_ColorInit                 
0000125f  LED_Config                    
0000127b  LED_Set                       
00001ef1  LandMode                      
000019b7  LimitingFilter                
00001ec1  LockPixhawk                   
000004e9  OLED_Clear                    
000004cd  OLED_Display_Off              
000004b1  OLED_Display_On               
00000905  OLED_DrawBMP                  
000009b5  OLED_Init                     
00000551  OLED_On                       
00000477  OLED_Set_Pos                  
00000849  OLED_ShowCHinese              
000005c5  OLED_ShowChar                 
00000711  OLED_ShowNum                  
000007df  OLED_ShowString               
000003eb  OLED_WR_Byte                  
00002add  PWMDeadBandEnable             
00002985  PWMGenConfigure               
00002b69  PWMGenDisable                 
00002b75  PWMGenEnable                  
00002aed  PWMGenPeriodSet               
00002a97  PWMOutputState                
000029e9  PWMPulseWidthSet              
200007f0  PwmChannel_1                  
200007f2  PwmChannel_2                  
200007f4  PwmChannel_3                  
200007f6  PwmChannel_4                  
200007f8  PwmChannel_5                  
00001429  PwmConfig                     
20000a42  Real_Distance                 
20000a20  ReciveData_UART0              
20000a30  ReciveData_UART1              
200007fa  ReciveData_i_UART0            
200007fb  ReciveData_i_UART1            
00002b81  ResetISR                      
0000193d  SelectSort                    
000015af  SonarTrig                     
00001585  Sonar_Configure               
000016d7  Sonar_GPIOA_Configure         
000016f5  Sonar_GPIOA_Interrupt         
00001d31  SysCtlClockGet                
00002041  SysCtlClockSet                
00002be1  SysCtlDelay                   
00002a39  SysCtlPWMClockSet             
000028f9  SysCtlPeripheralEnable        
0000281d  SysCtlPeripheralPresent       
00002855  SysCtlPeripheralReady         
00002165  Timer0IntHandler              
00002135  Timer0_Config                 
000021d5  Timer1IntHandler              
0000219b  Timer1_Config                 
00002585  TimerConfigure                
00002b0b  TimerEnable                   
00002bed  TimerIntClear                 
00002bbf  TimerIntEnable                
00002b8d  TimerIntStatus                
00002aa9  TimerLoadSet                  
00002b97  TimerValueGet                 
00000fa1  UART0Send                     
0000101f  UART1IntHandler               
00001093  UART1Send                     
00002ba1  UARTCharGet                   
00002b19  UARTCharGetNonBlocking        
00002bab  UARTCharPut                   
00002b27  UARTCharPutNonBlocking        
00002b35  UARTCharsAvail                
00002be7  UARTClockSourceSet            
000026cd  UARTConfigSetExpClk           
000029a9  UARTDisable                   
00002a4d  UARTEnable                    
00002bf1  UARTIntClear                  
00002bc7  UARTIntEnable                 
00000f35  UARTIntHandler                
00002bb5  UARTIntStatus                 
00000a99  UARTStdioConfig               
00000bdf  UARTgetc                      
00000b25  UARTgets                      
00000eff  UARTprintf                    
00000c05  UARTvprintf                   
00000adf  UARTwrite                     
00000fc9  Uart0Iint                     
000010bb  Uart1Iint                     
00001e41  UnlockPixhawk                 
000002fd  Write_IIC_Byte                
0000038b  Write_IIC_Command             
000003bb  Write_IIC_Data                
20000a20  __STACK_END                   
00000200  __STACK_SIZE                  
20000a20  __STACK_TOP                   
00003990  __TI_CINIT_Base               
000039a8  __TI_CINIT_Limit              
00003974  __TI_Handler_Table_Base       
00003980  __TI_Handler_Table_Limit      
00002759  __TI_auto_init_nobinit_nopinit
0000251d  __TI_decompress_lzss          
00002b43  __TI_decompress_none          
ffffffff  __TI_pprof_out_hndl           
ffffffff  __TI_prof_data_size           
ffffffff  __TI_prof_data_start          
00000000  __TI_static_base__            
00002abb  __TI_zero_init_nomemset       
00002341  __aeabi_cdcmpeq               
00002341  __aeabi_cdcmple               
000023c7  __aeabi_cdrcmple              
00002685  __aeabi_d2iz                  
00001767  __aeabi_dadd                  
00001ac9  __aeabi_ddiv                  
00001f45  __aeabi_dmul                  
0000175d  __aeabi_dsub                  
0000292d  __aeabi_i2d                   
00001913  __aeabi_idiv0                 
00001913  __aeabi_ldiv0                 
000022a5  __aeabi_memcpy                
000022a5  __aeabi_memcpy4               
000022a5  __aeabi_memcpy8               
000029c9  __aeabi_ui2d                  
000027dd  __aeabi_uidiv                 
000027dd  __aeabi_uidivmod              
ffffffff  __binit__                     
ffffffff  __c_args__                    
UNDEFED   __mpu_init                    
20000820  __stack                       
0000288d  _c_int00_noargs               
UNDEFED   _system_post_cinit            
00002bf5  _system_pre_init              
00002bf9  abort                         
ffffffff  binit                         
20000800  fPeriod                       
00000409  fill_picture                  
20000000  g_pfnRAMVectors               
00000000  g_pfnVectors                  
00002239  main                          
000022a5  memcpy                        
000006e1  oled_pow                      
00001915  swap                          


GLOBAL SYMBOLS: SORTED BY Symbol Address 

address   name                          
-------   ----                          
00000000  __TI_static_base__            
00000000  g_pfnVectors                  
00000200  __STACK_SIZE                  
0000026d  GPIO_Init                     
0000028f  IIC_Start                     
000002bf  IIC_Stop                      
000002e5  IIC_Wait_Ack                  
000002fd  Write_IIC_Byte                
0000038b  Write_IIC_Command             
000003bb  Write_IIC_Data                
000003eb  OLED_WR_Byte                  
00000409  fill_picture                  
00000477  OLED_Set_Pos                  
000004b1  OLED_Display_On               
000004cd  OLED_Display_Off              
000004e9  OLED_Clear                    
00000551  OLED_On                       
000005c5  OLED_ShowChar                 
000006e1  oled_pow                      
00000711  OLED_ShowNum                  
000007df  OLED_ShowString               
00000849  OLED_ShowCHinese              
00000905  OLED_DrawBMP                  
000009b5  OLED_Init                     
00000a99  UARTStdioConfig               
00000adf  UARTwrite                     
00000b25  UARTgets                      
00000bdf  UARTgetc                      
00000c05  UARTvprintf                   
00000eff  UARTprintf                    
00000f35  UARTIntHandler                
00000fa1  UART0Send                     
00000fc9  Uart0Iint                     
0000101f  UART1IntHandler               
00001093  UART1Send                     
000010bb  Uart1Iint                     
00001175  LED_ColorInit                 
00001215  LED_Color                     
0000125f  LED_Config                    
0000127b  LED_Set                       
000013a9  BeepPwmInit                   
00001429  PwmConfig                     
00001585  Sonar_Configure               
000015af  SonarTrig                     
000015d1  Int_Handler_GPIOA             
00001663  GetAverageDistance            
000016d7  Sonar_GPIOA_Configure         
000016f5  Sonar_GPIOA_Interrupt         
0000175d  __aeabi_dsub                  
00001767  __aeabi_dadd                  
00001913  __aeabi_idiv0                 
00001913  __aeabi_ldiv0                 
00001915  swap                          
0000193d  SelectSort                    
000019b7  LimitingFilter                
00001ac9  __aeabi_ddiv                  
00001bff  GPIOPadConfigSet              
00001d31  SysCtlClockGet                
00001e41  UnlockPixhawk                 
00001ec1  LockPixhawk                   
00001ef1  LandMode                      
00001f31  AltitudeHold                  
00001f45  __aeabi_dmul                  
00002041  SysCtlClockSet                
00002135  Timer0_Config                 
00002165  Timer0IntHandler              
0000219b  Timer1_Config                 
000021d5  Timer1IntHandler              
000021f1  HardwareConfig                
00002239  main                          
000022a5  __aeabi_memcpy                
000022a5  __aeabi_memcpy4               
000022a5  __aeabi_memcpy8               
000022a5  memcpy                        
00002341  __aeabi_cdcmpeq               
00002341  __aeabi_cdcmple               
000023c7  __aeabi_cdrcmple              
0000244d  IntDisable                    
000024b5  IntEnable                     
0000251d  __TI_decompress_lzss          
00002585  TimerConfigure                
000025e5  GPIOIntTypeSet                
0000263d  GPIOPinConfigure              
00002685  __aeabi_d2iz                  
000026cd  UARTConfigSetExpClk           
00002759  __TI_auto_init_nobinit_nopinit
0000279d  Delay_ms                      
000027bb  Delay_us                      
000027dd  __aeabi_uidiv                 
000027dd  __aeabi_uidivmod              
0000281d  SysCtlPeripheralPresent       
00002855  SysCtlPeripheralReady         
0000288d  _c_int00_noargs               
000028c5  IntRegister                   
000028f9  SysCtlPeripheralEnable        
0000292d  __aeabi_i2d                   
0000295b  GPIODirModeSet                
00002985  PWMGenConfigure               
000029a9  UARTDisable                   
000029c9  __aeabi_ui2d                  
000029e9  PWMPulseWidthSet              
00002a07  GPIOIntRegister               
00002a1f  GPIOPinTypeGPIOOutput         
00002a39  SysCtlPWMClockSet             
00002a4d  UARTEnable                    
00002a61  GPIOPinTypeGPIOInput          
00002a73  GPIOPinTypePWM                
00002a85  GPIOPinTypeUART               
00002a97  PWMOutputState                
00002aa9  TimerLoadSet                  
00002abb  __TI_zero_init_nomemset       
00002acd  IntMasterEnable               
00002add  PWMDeadBandEnable             
00002aed  PWMGenPeriodSet               
00002afd  GPIOIntStatus                 
00002b0b  TimerEnable                   
00002b19  UARTCharGetNonBlocking        
00002b27  UARTCharPutNonBlocking        
00002b35  UARTCharsAvail                
00002b43  __TI_decompress_none          
00002b51  CPUcpsie                      
00002b5d  GPIOIntEnable                 
00002b69  PWMGenDisable                 
00002b75  PWMGenEnable                  
00002b81  ResetISR                      
00002b8d  TimerIntStatus                
00002b97  TimerValueGet                 
00002ba1  UARTCharGet                   
00002bab  UARTCharPut                   
00002bb5  UARTIntStatus                 
00002bbf  TimerIntEnable                
00002bc7  UARTIntEnable                 
00002bcf  GPIOIntClear                  
00002bd5  GPIOPinRead                   
00002bdb  GPIOPinWrite                  
00002be1  SysCtlDelay                   
00002be7  UARTClockSourceSet            
00002bed  TimerIntClear                 
00002bf1  UARTIntClear                  
00002bf5  _system_pre_init              
00002bf9  C$$EXIT                       
00002bf9  abort                         
00002c00  F8X16                         
000031f0  F6x8                          
00003974  __TI_Handler_Table_Base       
00003980  __TI_Handler_Table_Limit      
00003990  __TI_CINIT_Base               
000039a8  __TI_CINIT_Limit              
20000000  g_pfnRAMVectors               
20000270  BMP3                          
20000670  Hzk                           
200007f0  PwmChannel_1                  
200007f2  PwmChannel_2                  
200007f4  PwmChannel_3                  
200007f6  PwmChannel_4                  
200007f8  PwmChannel_5                  
200007fa  ReciveData_i_UART0            
200007fb  ReciveData_i_UART1            
20000800  fPeriod                       
20000808  DataIsReady                   
20000820  __stack                       
20000a20  ReciveData_UART0              
20000a20  __STACK_END                   
20000a20  __STACK_TOP                   
20000a30  ReciveData_UART1              
20000a40  Disetence                     
20000a42  Real_Distance                 
20000a44  KeyPress0                     
ffffffff  __TI_pprof_out_hndl           
ffffffff  __TI_prof_data_size           
ffffffff  __TI_prof_data_start          
ffffffff  __binit__                     
ffffffff  __c_args__                    
ffffffff  binit                         
UNDEFED   __mpu_init                    
UNDEFED   _system_post_cinit            

[176 symbols]
