******************************************************************************
                  TI ARM Linker PC v18.1.2                     
******************************************************************************
>> Linked Thu Jul 12 11:34:26 2018

OUTPUT FILE NAME:   <Four_axes_2018.out>
ENTRY POINT SYMBOL: "_c_int00_noargs"  address: 000036c9


MEMORY CONFIGURATION

         name            origin    length      used     unused   attr    fill
----------------------  --------  ---------  --------  --------  ----  --------
  FLASH                 00000000   00040000  0000480c  0003b7f4  R  X
  SRAM                  20000000   00008000  00000b32  000074ce  RW X


SEGMENT ALLOCATION MAP

run origin  load origin   length   init length attrs members
----------  ----------- ---------- ----------- ----- -------
00000000    00000000    00004810   00004810    r-x
  00000000    00000000    0000026c   0000026c    r-- .intvecs
  0000026c    0000026c    000037e4   000037e4    r-x .text
  00003a50    00003a50    00000ba4   00000ba4    r-- .const
  000045f8    000045f8    00000218   00000218    r-- .cinit
20000000    20000000    00000b3d   00000000    rw-
  20000000    20000000    0000026c   00000000    rw- .vtable
  20000270    20000270    000005e1   00000000    rw- .data
  20000858    20000858    00000200   00000000    rw- .stack
  20000a58    20000a58    000000e5   00000000    rw- .bss


SECTION ALLOCATION MAP

 output                                  attributes/
section   page    origin      length       input sections
--------  ----  ----------  ----------   ----------------
.intvecs   0    00000000    0000026c     
                  00000000    0000026c     tm4c123gh6pm_startup_ccs.obj (.intvecs)

.text      0    0000026c    000037e4     
                  0000026c    0000082c     OLED.obj (.text)
                  00000a98    00000774     pid.obj (.text)
                  0000120c    0000049c     uartstdio.obj (.text)
                  000016a8    000003fc     uart_echo.obj (.text)
                  00001aa4    000002b8     Control.obj (.text)
                  00001d5c    000002a0     key.obj (.text)
                  00001ffc    0000029c     colorful_LED.obj (.text)
                  00002298    000001dc     pwm.obj (.text)
                  00002474    000001d8     sonar.obj (.text)
                  0000264c    000001b6     rtsv7M4_T_le_v4SPD16_eabi.lib : fd_add_t2.asm.obj (.text)
                  00002802    00000002                                   : div0.asm.obj (.text)
                  00002804    000001b0     filter.obj (.text)
                  000029b4    00000136     rtsv7M4_T_le_v4SPD16_eabi.lib : fd_div_t2.asm.obj (.text)
                  00002aea    00000132     driverlib.lib : gpio.obj (.text:GPIOPadConfigSet)
                  00002c1c    00000110                   : sysctl.obj (.text:SysCtlClockGet)
                  00002d2c    000000fc     rtsv7M4_T_le_v4SPD16_eabi.lib : fd_mul_t2.asm.obj (.text)
                  00002e28    000000f4     driverlib.lib : sysctl.obj (.text:SysCtlClockSet)
                  00002f1c    000000e4     Timer.obj (.text)
                  00003000    000000e0     main.obj (.text)
                  000030e0    0000009c     rtsv7M4_T_le_v4SPD16_eabi.lib : memcpy_t2.asm.obj (.text)
                  0000317c    00000086                                   : fd_cmp_t2.asm.obj (.text:__aeabi_cdcmple)
                  00003202    00000086                                   : fd_cmp_t2.asm.obj (.text:__aeabi_cdrcmple)
                  00003288    00000068     driverlib.lib : interrupt.obj (.text:IntDisable)
                  000032f0    00000068                   : interrupt.obj (.text:IntEnable)
                  00003358    00000068     rtsv7M4_T_le_v4SPD16_eabi.lib : copy_decompress_lzss.c.obj (.text:decompress:lzss:__TI_decompress_lzss)
                  000033c0    00000060     driverlib.lib : timer.obj (.text:TimerConfigure)
                  00003420    00000056                   : gpio.obj (.text:GPIOIntTypeSet)
                  00003476    00000002     --HOLE-- [fill = 0]
                  00003478    00000048                   : gpio.obj (.text:GPIOPinConfigure)
                  000034c0    00000048     rtsv7M4_T_le_v4SPD16_eabi.lib : fd_toi_t2.asm.obj (.text)
                  00003508    00000046     driverlib.lib : uart.obj (.text:UARTConfigSetExpClk)
                  0000354e    00000002     --HOLE-- [fill = 0]
                  00003550    00000044                   : gpio.obj (.text:_GPIOIntNumberGet)
                  00003594    00000044     rtsv7M4_T_le_v4SPD16_eabi.lib : autoinit.c.obj (.text:__TI_auto_init_nobinit_nopinit:__TI_auto_init_nobinit_nopinit)
                  000035d8    00000040     delay.obj (.text)
                  00003618    00000040     rtsv7M4_T_le_v4SPD16_eabi.lib : u_divt2.asm.obj (.text)
                  00003658    00000038     driverlib.lib : sysctl.obj (.text:SysCtlPeripheralPresent)
                  00003690    00000038                   : sysctl.obj (.text:SysCtlPeripheralReady)
                  000036c8    00000038     rtsv7M4_T_le_v4SPD16_eabi.lib : boot_cortex_m.c.obj (.text:_c_int00_noargs:_c_int00_noargs)
                  00003700    00000034     driverlib.lib : interrupt.obj (.text:IntRegister)
                  00003734    00000034                   : sysctl.obj (.text:SysCtlPeripheralEnable)
                  00003768    0000002e     rtsv7M4_T_le_v4SPD16_eabi.lib : i_tofd_t2.asm.obj (.text)
                  00003796    0000002a     driverlib.lib : gpio.obj (.text:GPIODirModeSet)
                  000037c0    00000022                   : pwm.obj (.text:PWMGenConfigure)
                  000037e2    00000002     --HOLE-- [fill = 0]
                  000037e4    00000020                   : uart.obj (.text:UARTDisable)
                  00003804    00000020     rtsv7M4_T_le_v4SPD16_eabi.lib : u_tofd_t2.asm.obj (.text)
                  00003824    0000001e     driverlib.lib : pwm.obj (.text:PWMPulseWidthSet)
                  00003842    00000018                   : gpio.obj (.text:GPIOIntRegister)
                  0000385a    00000018                   : gpio.obj (.text:GPIOPinTypeGPIOOutput)
                  00003872    00000002     --HOLE-- [fill = 0]
                  00003874    00000014                   : sysctl.obj (.text:SysCtlPWMClockSet)
                  00003888    00000014                   : uart.obj (.text:UARTEnable)
                  0000389c    00000012                   : gpio.obj (.text:GPIOPinTypeGPIOInput)
                  000038ae    00000012                   : gpio.obj (.text:GPIOPinTypePWM)
                  000038c0    00000012                   : gpio.obj (.text:GPIOPinTypeUART)
                  000038d2    00000012                   : pwm.obj (.text:PWMOutputState)
                  000038e4    00000012                   : timer.obj (.text:TimerLoadSet)
                  000038f6    00000012     rtsv7M4_T_le_v4SPD16_eabi.lib : copy_zero_init.c.obj (.text:decompress:ZI:__TI_zero_init_nomemset:__TI_zero_init_nomemset)
                  00003908    00000010     driverlib.lib : interrupt.obj (.text:IntMasterEnable)
                  00003918    00000010                   : pwm.obj (.text:PWMDeadBandEnable)
                  00003928    00000010                   : pwm.obj (.text:PWMGenPeriodSet)
                  00003938    0000000e                   : gpio.obj (.text:GPIOIntDisable)
                  00003946    0000000e                   : gpio.obj (.text:GPIOIntStatus)
                  00003954    0000000e                   : timer.obj (.text:TimerEnable)
                  00003962    0000000e                   : uart.obj (.text:UARTCharGetNonBlocking)
                  00003970    0000000e                   : uart.obj (.text:UARTCharPutNonBlocking)
                  0000397e    0000000e                   : uart.obj (.text:UARTCharsAvail)
                  0000398c    0000000e     rtsv7M4_T_le_v4SPD16_eabi.lib : copy_decompress_none.c.obj (.text:decompress:none:__TI_decompress_none)
                  0000399a    0000000c     driverlib.lib : cpu.obj (.text:CPUcpsie)
                  000039a6    0000000c                   : gpio.obj (.text:GPIOIntEnable)
                  000039b2    0000000c                   : pwm.obj (.text:PWMGenDisable)
                  000039be    0000000c                   : pwm.obj (.text:PWMGenEnable)
                  000039ca    0000000c     tm4c123gh6pm_startup_ccs.obj (.text)
                  000039d6    0000000a     driverlib.lib : timer.obj (.text:TimerIntDisable)
                  000039e0    0000000a                   : timer.obj (.text:TimerIntStatus)
                  000039ea    0000000a                   : timer.obj (.text:TimerValueGet)
                  000039f4    0000000a                   : uart.obj (.text:UARTCharGet)
                  000039fe    0000000a                   : uart.obj (.text:UARTCharPut)
                  00003a08    0000000a                   : uart.obj (.text:UARTIntStatus)
                  00003a12    00000008                   : timer.obj (.text:TimerIntEnable)
                  00003a1a    00000008                   : uart.obj (.text:UARTIntEnable)
                  00003a22    00000006                   : gpio.obj (.text:GPIOIntClear)
                  00003a28    00000006                   : gpio.obj (.text:GPIOPinRead)
                  00003a2e    00000006                   : gpio.obj (.text:GPIOPinWrite)
                  00003a34    00000006                   : sysctl.obj (.text:SysCtlDelay)
                  00003a3a    00000006                   : uart.obj (.text:UARTClockSourceSet)
                  00003a40    00000004                   : timer.obj (.text:TimerIntClear)
                  00003a44    00000004                   : uart.obj (.text:UARTIntClear)
                  00003a48    00000004     rtsv7M4_T_le_v4SPD16_eabi.lib : pre_init.c.obj (.text:_system_pre_init)
                  00003a4c    00000004                                   : exit.c.obj (.text:abort:abort)

.const     0    00003a50    00000ba4     
                  00003a50    000005f0     OLED.obj (.const:.string:F8X16)
                  00004040    00000228     OLED.obj (.const:F6x8)
                  00004268    000000d8     driverlib.lib : gpio.obj (.const:g_ppui32GPIOIntMapSnowflake)
                  00004340    000000c0                   : gpio.obj (.const:g_ppui32GPIOIntMapBlizzard)
                  00004400    00000090                   : gpio.obj (.const:g_pui32GPIOBaseAddrs)
                  00004490    00000070                   : interrupt.obj (.const)
                  00004500    0000006c                   : sysctl.obj (.const:g_pui32Xtals)
                  0000456c    00000004     uartstdio.obj (.const)
                  00004570    00000058     sonar.obj (.const:$P$T0$3)
                  000045c8    00000012     uartstdio.obj (.const:.string)
                  000045da    00000002     --HOLE-- [fill = 0]
                  000045dc    0000000c     uartstdio.obj (.const:g_ui32UARTBase)
                  000045e8    0000000c     uartstdio.obj (.const:g_ui32UARTPeriph)

.cinit     0    000045f8    00000218     
                  000045f8    000001de     (.cinit..data.load) [load image, compression = lzss]
                  000047d6    00000002     --HOLE-- [fill = 0]
                  000047d8    0000000c     (__TI_handler_table)
                  000047e4    00000004     --HOLE-- [fill = 0]
                  000047e8    00000008     (.cinit..bss.load) [load image, compression = zero_init]
                  000047f0    00000008     (.cinit..vtable.load) [load image, compression = zero_init]
                  000047f8    00000018     (__TI_cinit_table)

.init_array 
*          0    00000000    00000000     UNINITIALIZED

.vtable    0    20000000    0000026c     UNINITIALIZED
                  20000000    0000026c     driverlib.lib : interrupt.obj (.vtable)

.data      0    20000270    000005e1     UNINITIALIZED
                  20000270    00000400     main.obj (.data:BMP3)
                  20000670    00000180     OLED.obj (.data:Hzk)
                  200007f0    00000015     Timer.obj (.data)
                  20000805    00000003     uart_echo.obj (.data)
                  20000808    00000012     pid.obj (.data)
                  2000081a    0000000a     pwm.obj (.data)
                  20000824    00000004     --HOLE--
                  20000828    0000000a     sonar.obj (.data)
                  20000832    00000002     --HOLE--
                  20000834    00000008     sonar.obj (.data:ui32Time$1)
                  2000083c    00000007     Control.obj (.data)
                  20000843    00000001     --HOLE--
                  20000844    00000006     key.obj (.data)
                  2000084a    00000002     --HOLE--
                  2000084c    00000005     uartstdio.obj (.data)

.bss       0    20000a58    000000e5     UNINITIALIZED
                  20000a58    0000001c     (.common:PID_Data_H)
                  20000a74    0000001c     (.common:PID_Data_X)
                  20000a90    0000001c     (.common:PID_Data_Y)
                  20000aac    0000001c     (.common:PID_H)
                  20000ac8    0000001c     (.common:PID_X)
                  20000ae4    0000001c     (.common:PID_Y)
                  20000b00    00000010     (.common:ReciveData_UART0)
                  20000b10    00000010     (.common:ReciveData_UART1)
                  20000b20    00000010     (.common:ReciveData_UART2)
                  20000b30    00000004     (.common:ReadPin0)
                  20000b34    00000004     (.common:ReadPin4)
                  20000b38    00000002     (.common:Real_XCoordinate)
                  20000b3a    00000002     (.common:Real_YCoordinate)
                  20000b3c    00000001     (.common:KeyPress0)

.stack     0    20000858    00000200     UNINITIALIZED
                  20000858    00000004     rtsv7M4_T_le_v4SPD16_eabi.lib : boot_cortex_m.c.obj (.stack)
                  2000085c    000001fc     --HOLE--

MODULE SUMMARY

       Module                         code    ro data   rw data
       ------                         ----    -------   -------
    .\
       main.obj                       224     0         1025   
       tm4c123gh6pm_startup_ccs.obj   12      620       0      
    +--+------------------------------+-------+---------+---------+
       Total:                         236     620       1025   
                                                               
    .\0.96'OLED\
       OLED.obj                       2092    2072      384    
    +--+------------------------------+-------+---------+---------+
       Total:                         2092    2072      384    
                                                               
    .\Control\
       Control.obj                    696     0         11     
    +--+------------------------------+-------+---------+---------+
       Total:                         696     0         11     
                                                               
    .\Filter\
       filter.obj                     432     0         0      
    +--+------------------------------+-------+---------+---------+
       Total:                         432     0         0      
                                                               
    .\Pid\
       pid.obj                        1908    0         186    
    +--+------------------------------+-------+---------+---------+
       Total:                         1908    0         186    
                                                               
    .\Pwm\
       pwm.obj                        476     0         10     
    +--+------------------------------+-------+---------+---------+
       Total:                         476     0         10     
                                                               
    .\Timer\
       Timer.obj                      228     0         21     
    +--+------------------------------+-------+---------+---------+
       Total:                         228     0         21     
                                                               
    .\colorful_LED\
       colorful_LED.obj               668     0         0      
    +--+------------------------------+-------+---------+---------+
       Total:                         668     0         0      
                                                               
    .\delay\
       delay.obj                      64      0         0      
    +--+------------------------------+-------+---------+---------+
       Total:                         64      0         0      
                                                               
    .\key\
       key.obj                        672     0         14     
    +--+------------------------------+-------+---------+---------+
       Total:                         672     0         14     
                                                               
    .\sonar\
       sonar.obj                      472     88        18     
    +--+------------------------------+-------+---------+---------+
       Total:                         472     88        18     
                                                               
    .\uart\
       uartstdio.obj                  1180    46        5      
       uart_echo.obj                  1020    0         51     
    +--+------------------------------+-------+---------+---------+
       Total:                         2200    46        56     
                                                               
    D:/ti/TivaWare_C_Series-2.1.4.178/driverlib/ccs/Debug/driverlib.lib
       gpio.obj                       734     552       0      
       interrupt.obj                  276     112       620    
       sysctl.obj                     706     108       0      
       uart.obj                       212     0         0      
       timer.obj                      170     0         0      
       pwm.obj                        138     0         0      
       cpu.obj                        12      0         0      
    +--+------------------------------+-------+---------+---------+
       Total:                         2248    772       620    
                                                               
    D:\Project_Program\Ccs\ccsv8\tools\compiler\ti-cgt-arm_18.1.2.LTS\lib\rtsv7M4_T_le_v4SPD16_eabi.lib
       fd_add_t2.asm.obj              438     0         0      
       fd_div_t2.asm.obj              310     0         0      
       fd_cmp_t2.asm.obj              268     0         0      
       fd_mul_t2.asm.obj              252     0         0      
       memcpy_t2.asm.obj              156     0         0      
       copy_decompress_lzss.c.obj     104     0         0      
       fd_toi_t2.asm.obj              72      0         0      
       autoinit.c.obj                 68      0         0      
       u_divt2.asm.obj                64      0         0      
       boot_cortex_m.c.obj            56      0         0      
       i_tofd_t2.asm.obj              46      0         0      
       u_tofd_t2.asm.obj              32      0         0      
       copy_zero_init.c.obj           18      0         0      
       copy_decompress_none.c.obj     14      0         0      
       exit.c.obj                     4       0         0      
       pre_init.c.obj                 4       0         0      
       div0.asm.obj                   2       0         0      
    +--+------------------------------+-------+---------+---------+
       Total:                         1908    0         0      
                                                               
       Stack:                         0       0         512    
       Linker Generated:              0       530       0      
    +--+------------------------------+-------+---------+---------+
       Grand Total:                   14300   4128      2857   


LINKER GENERATED COPY TABLES

__TI_cinit_table @ 000047f8 records: 3, size/record: 8, table size: 24
	.data: load addr=000045f8, load size=000001de bytes, run addr=20000270, run size=000005e1 bytes, compression=lzss
	.bss: load addr=000047e8, load size=00000008 bytes, run addr=20000a58, run size=000000e5 bytes, compression=zero_init
	.vtable: load addr=000047f0, load size=00000008 bytes, run addr=20000000, run size=0000026c bytes, compression=zero_init


LINKER GENERATED HANDLER TABLE

__TI_handler_table @ 000047d8 records: 3, size/record: 4, table size: 12
	index: 0, handler: __TI_zero_init
	index: 1, handler: __TI_decompress_lzss
	index: 2, handler: __TI_decompress_none


GLOBAL SYMBOLS: SORTED ALPHABETICALLY BY Name 

address   name                          
-------   ----                          
00001c0b  AltitudeHold                  
20000270  BMP3                          
00002299  BeepPwmInit                   
200007fc  Beep_Counter                  
200007f8  Beep_Flag                     
20000800  Beep_Fre                      
00003a4d  C$$EXIT                       
0000399b  CPUcpsie                      
20000842  Control_Open                  
200007f4  Counter                       
20000830  DataIsReady                   
000035d9  Delay_ms                      
000035f7  Delay_us                      
00001cab  Display                       
20000840  Error_Distance                
00004040  F6x8                          
00003a50  F8X16                         
00003797  GPIODirModeSet                
00003a23  GPIOIntClear                  
00003939  GPIOIntDisable                
000039a7  GPIOIntEnable                 
00003843  GPIOIntRegister               
00003947  GPIOIntStatus                 
00003421  GPIOIntTypeSet                
00002aeb  GPIOPadConfigSet              
00003479  GPIOPinConfigure              
00003a29  GPIOPinRead                   
0000389d  GPIOPinTypeGPIOInput          
0000385b  GPIOPinTypeGPIOOutput         
000038af  GPIOPinTypePWM                
000038c1  GPIOPinTypeUART               
00003a2f  GPIOPinWrite                  
0000026d  GPIO_Init                     
00002553  GetAverageDistance            
00001be5  Get_Coordinate                
00001bf7  Get_Distance                  
2000083c  Goal_Distance                 
00003001  HardwareConfig                
20000670  Hzk                           
0000028f  IIC_Start                     
000002bf  IIC_Stop                      
000002e5  IIC_Wait_Ack                  
00003289  IntDisable                    
000032f1  IntEnable                     
00003909  IntMasterEnable               
00003701  IntRegister                   
000024c1  Int_Handler_GPIOA             
00001e5b  Int_Handler_GPIOF             
20000848  KEY_L                         
20000849  KEY_R                         
20000b3c  KeyPress0                     
20000844  KeyPress4                     
00001d5d  Key_Configure                 
00001d8b  Key_Interrupt                 
00001dab  Key_Scan                      
0000209d  LED_Color                     
00001ffd  LED_ColorInit                 
000020e7  LED_Config                    
00002103  LED_Set                       
00001ba5  LandMode                      
00002239  Led_Twinkle                   
000028a7  LimitingFilter                
00001b65  LockPixhawk                   
000004e9  OLED_Clear                    
000004cd  OLED_Display_Off              
000004b1  OLED_Display_On               
00000905  OLED_DrawBMP                  
000009b5  OLED_Init                     
00000551  OLED_On                       
00000477  OLED_Set_Pos                  
00000849  OLED_ShowCHinese              
000005c5  OLED_ShowChar                 
00000711  OLED_ShowNum                  
000007df  OLED_ShowString               
000003eb  OLED_WR_Byte                  
00001c55  OledDisplayInit               
20000a58  PID_Data_H                    
20000a74  PID_Data_X                    
20000a90  PID_Data_Y                    
20000aac  PID_H                         
00000a99  PID_Init                      
20000ac8  PID_X                         
20000ae4  PID_Y                         
00003919  PWMDeadBandEnable             
000037c1  PWMGenConfigure               
000039b3  PWMGenDisable                 
000039bf  PWMGenEnable                  
00003929  PWMGenPeriodSet               
000038d3  PWMOutputState                
00003825  PWMPulseWidthSet              
00000c29  Position_PID                  
2000081a  PwmChannel_1                  
2000081c  PwmChannel_2                  
2000081e  PwmChannel_3                  
20000820  PwmChannel_4                  
20000822  PwmChannel_5                  
00002319  PwmConfig                     
20000b30  ReadPin0                      
20000b34  ReadPin4                      
2000083e  Real_Distance                 
20000b38  Real_XCoordinate              
20000b3a  Real_YCoordinate              
20000b00  ReciveData_UART0              
20000b10  ReciveData_UART1              
20000b20  ReciveData_UART2              
20000805  ReciveData_i_UART0            
20000806  ReciveData_i_UART1            
20000807  ReciveData_i_UART2            
000039cb  ResetISR                      
0000282d  SelectSort                    
0000249f  SonarTrig                     
00002475  Sonar_Configure               
000025c7  Sonar_GPIOA_Configure         
000025e5  Sonar_GPIOA_Interrupt         
00002c1d  SysCtlClockGet                
00002e29  SysCtlClockSet                
00003a35  SysCtlDelay                   
00003875  SysCtlPWMClockSet             
00003735  SysCtlPeripheralEnable        
00003659  SysCtlPeripheralPresent       
00003691  SysCtlPeripheralReady         
200007f0  Time_Flag                     
00002f4d  Timer0IntHandler              
00002f1d  Timer0_Config                 
00000fe5  Timer1IntHandler              
00002fab  Timer1_Config                 
000033c1  TimerConfigure                
00003955  TimerEnable                   
00003a41  TimerIntClear                 
000039d7  TimerIntDisable               
00003a13  TimerIntEnable                
000039e1  TimerIntStatus                
000038e5  TimerLoadSet                  
000039eb  TimerValueGet                 
00001715  UART0Send                     
00001793  UART1IntHandler               
00001807  UART1Send                     
00001881  UART2IntHandler               
0000194d  UART2Send                     
000039f5  UARTCharGet                   
00003963  UARTCharGetNonBlocking        
000039ff  UARTCharPut                   
00003971  UARTCharPutNonBlocking        
0000397f  UARTCharsAvail                
00003a3b  UARTClockSourceSet            
00003509  UARTConfigSetExpClk           
000037e5  UARTDisable                   
00003889  UARTEnable                    
00003a45  UARTIntClear                  
00003a1b  UARTIntEnable                 
000016a9  UARTIntHandler                
00003a09  UARTIntStatus                 
0000120d  UARTStdioConfig               
00001353  UARTgetc                      
00001299  UARTgets                      
00001673  UARTprintf                    
00001379  UARTvprintf                   
00001253  UARTwrite                     
0000173d  Uart0Iint                     
0000182f  Uart1Iint                     
00001985  Uart2Iint                     
00001aa5  UnlockPixhawk                 
000002fd  Write_IIC_Byte                
0000038b  Write_IIC_Command             
000003bb  Write_IIC_Data                
20000a58  __STACK_END                   
00000200  __STACK_SIZE                  
20000a58  __STACK_TOP                   
000047f8  __TI_CINIT_Base               
00004810  __TI_CINIT_Limit              
000047d8  __TI_Handler_Table_Base       
000047e4  __TI_Handler_Table_Limit      
00003595  __TI_auto_init_nobinit_nopinit
00003359  __TI_decompress_lzss          
0000398d  __TI_decompress_none          
ffffffff  __TI_pprof_out_hndl           
ffffffff  __TI_prof_data_size           
ffffffff  __TI_prof_data_start          
00000000  __TI_static_base__            
000038f7  __TI_zero_init_nomemset       
0000317d  __aeabi_cdcmpeq               
0000317d  __aeabi_cdcmple               
00003203  __aeabi_cdrcmple              
000034c1  __aeabi_d2iz                  
00002657  __aeabi_dadd                  
000029b5  __aeabi_ddiv                  
00002d2d  __aeabi_dmul                  
0000264d  __aeabi_dsub                  
00003769  __aeabi_i2d                   
00002803  __aeabi_idiv0                 
00002803  __aeabi_ldiv0                 
000030e1  __aeabi_memcpy                
000030e1  __aeabi_memcpy4               
000030e1  __aeabi_memcpy8               
00003805  __aeabi_ui2d                  
00003619  __aeabi_uidiv                 
00003619  __aeabi_uidivmod              
ffffffff  __binit__                     
ffffffff  __c_args__                    
UNDEFED   __mpu_init                    
20000858  __stack                       
000036c9  _c_int00_noargs               
UNDEFED   _system_post_cinit            
00003a49  _system_pre_init              
00003a4d  abort                         
ffffffff  binit                         
20000814  err_h                         
2000080c  err_x                         
20000810  err_y                         
20000828  fPeriod                       
00000409  fill_picture                  
20000000  g_pfnRAMVectors               
00000000  g_pfnVectors                  
20000818  get_x                         
20000819  get_y                         
20000804  k                             
00003059  main                          
000030e1  memcpy                        
000006e1  oled_pow                      
2000080a  start_PID_H                   
20000808  start_PID_X                   
20000809  start_PID_Y                   
00002805  swap                          


GLOBAL SYMBOLS: SORTED BY Symbol Address 

address   name                          
-------   ----                          
00000000  __TI_static_base__            
00000000  g_pfnVectors                  
00000200  __STACK_SIZE                  
0000026d  GPIO_Init                     
0000028f  IIC_Start                     
000002bf  IIC_Stop                      
000002e5  IIC_Wait_Ack                  
000002fd  Write_IIC_Byte                
0000038b  Write_IIC_Command             
000003bb  Write_IIC_Data                
000003eb  OLED_WR_Byte                  
00000409  fill_picture                  
00000477  OLED_Set_Pos                  
000004b1  OLED_Display_On               
000004cd  OLED_Display_Off              
000004e9  OLED_Clear                    
00000551  OLED_On                       
000005c5  OLED_ShowChar                 
000006e1  oled_pow                      
00000711  OLED_ShowNum                  
000007df  OLED_ShowString               
00000849  OLED_ShowCHinese              
00000905  OLED_DrawBMP                  
000009b5  OLED_Init                     
00000a99  PID_Init                      
00000c29  Position_PID                  
00000fe5  Timer1IntHandler              
0000120d  UARTStdioConfig               
00001253  UARTwrite                     
00001299  UARTgets                      
00001353  UARTgetc                      
00001379  UARTvprintf                   
00001673  UARTprintf                    
000016a9  UARTIntHandler                
00001715  UART0Send                     
0000173d  Uart0Iint                     
00001793  UART1IntHandler               
00001807  UART1Send                     
0000182f  Uart1Iint                     
00001881  UART2IntHandler               
0000194d  UART2Send                     
00001985  Uart2Iint                     
00001aa5  UnlockPixhawk                 
00001b65  LockPixhawk                   
00001ba5  LandMode                      
00001be5  Get_Coordinate                
00001bf7  Get_Distance                  
00001c0b  AltitudeHold                  
00001c55  OledDisplayInit               
00001cab  Display                       
00001d5d  Key_Configure                 
00001d8b  Key_Interrupt                 
00001dab  Key_Scan                      
00001e5b  Int_Handler_GPIOF             
00001ffd  LED_ColorInit                 
0000209d  LED_Color                     
000020e7  LED_Config                    
00002103  LED_Set                       
00002239  Led_Twinkle                   
00002299  BeepPwmInit                   
00002319  PwmConfig                     
00002475  Sonar_Configure               
0000249f  SonarTrig                     
000024c1  Int_Handler_GPIOA             
00002553  GetAverageDistance            
000025c7  Sonar_GPIOA_Configure         
000025e5  Sonar_GPIOA_Interrupt         
0000264d  __aeabi_dsub                  
00002657  __aeabi_dadd                  
00002803  __aeabi_idiv0                 
00002803  __aeabi_ldiv0                 
00002805  swap                          
0000282d  SelectSort                    
000028a7  LimitingFilter                
000029b5  __aeabi_ddiv                  
00002aeb  GPIOPadConfigSet              
00002c1d  SysCtlClockGet                
00002d2d  __aeabi_dmul                  
00002e29  SysCtlClockSet                
00002f1d  Timer0_Config                 
00002f4d  Timer0IntHandler              
00002fab  Timer1_Config                 
00003001  HardwareConfig                
00003059  main                          
000030e1  __aeabi_memcpy                
000030e1  __aeabi_memcpy4               
000030e1  __aeabi_memcpy8               
000030e1  memcpy                        
0000317d  __aeabi_cdcmpeq               
0000317d  __aeabi_cdcmple               
00003203  __aeabi_cdrcmple              
00003289  IntDisable                    
000032f1  IntEnable                     
00003359  __TI_decompress_lzss          
000033c1  TimerConfigure                
00003421  GPIOIntTypeSet                
00003479  GPIOPinConfigure              
000034c1  __aeabi_d2iz                  
00003509  UARTConfigSetExpClk           
00003595  __TI_auto_init_nobinit_nopinit
000035d9  Delay_ms                      
000035f7  Delay_us                      
00003619  __aeabi_uidiv                 
00003619  __aeabi_uidivmod              
00003659  SysCtlPeripheralPresent       
00003691  SysCtlPeripheralReady         
000036c9  _c_int00_noargs               
00003701  IntRegister                   
00003735  SysCtlPeripheralEnable        
00003769  __aeabi_i2d                   
00003797  GPIODirModeSet                
000037c1  PWMGenConfigure               
000037e5  UARTDisable                   
00003805  __aeabi_ui2d                  
00003825  PWMPulseWidthSet              
00003843  GPIOIntRegister               
0000385b  GPIOPinTypeGPIOOutput         
00003875  SysCtlPWMClockSet             
00003889  UARTEnable                    
0000389d  GPIOPinTypeGPIOInput          
000038af  GPIOPinTypePWM                
000038c1  GPIOPinTypeUART               
000038d3  PWMOutputState                
000038e5  TimerLoadSet                  
000038f7  __TI_zero_init_nomemset       
00003909  IntMasterEnable               
00003919  PWMDeadBandEnable             
00003929  PWMGenPeriodSet               
00003939  GPIOIntDisable                
00003947  GPIOIntStatus                 
00003955  TimerEnable                   
00003963  UARTCharGetNonBlocking        
00003971  UARTCharPutNonBlocking        
0000397f  UARTCharsAvail                
0000398d  __TI_decompress_none          
0000399b  CPUcpsie                      
000039a7  GPIOIntEnable                 
000039b3  PWMGenDisable                 
000039bf  PWMGenEnable                  
000039cb  ResetISR                      
000039d7  TimerIntDisable               
000039e1  TimerIntStatus                
000039eb  TimerValueGet                 
000039f5  UARTCharGet                   
000039ff  UARTCharPut                   
00003a09  UARTIntStatus                 
00003a13  TimerIntEnable                
00003a1b  UARTIntEnable                 
00003a23  GPIOIntClear                  
00003a29  GPIOPinRead                   
00003a2f  GPIOPinWrite                  
00003a35  SysCtlDelay                   
00003a3b  UARTClockSourceSet            
00003a41  TimerIntClear                 
00003a45  UARTIntClear                  
00003a49  _system_pre_init              
00003a4d  C$$EXIT                       
00003a4d  abort                         
00003a50  F8X16                         
00004040  F6x8                          
000047d8  __TI_Handler_Table_Base       
000047e4  __TI_Handler_Table_Limit      
000047f8  __TI_CINIT_Base               
00004810  __TI_CINIT_Limit              
20000000  g_pfnRAMVectors               
20000270  BMP3                          
20000670  Hzk                           
200007f0  Time_Flag                     
200007f4  Counter                       
200007f8  Beep_Flag                     
200007fc  Beep_Counter                  
20000800  Beep_Fre                      
20000804  k                             
20000805  ReciveData_i_UART0            
20000806  ReciveData_i_UART1            
20000807  ReciveData_i_UART2            
20000808  start_PID_X                   
20000809  start_PID_Y                   
2000080a  start_PID_H                   
2000080c  err_x                         
20000810  err_y                         
20000814  err_h                         
20000818  get_x                         
20000819  get_y                         
2000081a  PwmChannel_1                  
2000081c  PwmChannel_2                  
2000081e  PwmChannel_3                  
20000820  PwmChannel_4                  
20000822  PwmChannel_5                  
20000828  fPeriod                       
20000830  DataIsReady                   
2000083c  Goal_Distance                 
2000083e  Real_Distance                 
20000840  Error_Distance                
20000842  Control_Open                  
20000844  KeyPress4                     
20000848  KEY_L                         
20000849  KEY_R                         
20000858  __stack                       
20000a58  PID_Data_H                    
20000a58  __STACK_END                   
20000a58  __STACK_TOP                   
20000a74  PID_Data_X                    
20000a90  PID_Data_Y                    
20000aac  PID_H                         
20000ac8  PID_X                         
20000ae4  PID_Y                         
20000b00  ReciveData_UART0              
20000b10  ReciveData_UART1              
20000b20  ReciveData_UART2              
20000b30  ReadPin0                      
20000b34  ReadPin4                      
20000b38  Real_XCoordinate              
20000b3a  Real_YCoordinate              
20000b3c  KeyPress0                     
ffffffff  __TI_pprof_out_hndl           
ffffffff  __TI_prof_data_size           
ffffffff  __TI_prof_data_start          
ffffffff  __binit__                     
ffffffff  __c_args__                    
ffffffff  binit                         
UNDEFED   __mpu_init                    
UNDEFED   _system_post_cinit            

[223 symbols]
