******************************************************************************
                  TI ARM Linker PC v18.1.2                     
******************************************************************************
>> Linked Wed Jul 11 17:48:07 2018

OUTPUT FILE NAME:   <Four_axes_2018.out>
ENTRY POINT SYMBOL: "_c_int00_noargs"  address: 00002f29


MEMORY CONFIGURATION

         name            origin    length      used     unused   attr    fill
----------------------  --------  ---------  --------  --------  ----  --------
  FLASH                 00000000   00040000  00004054  0003bfac  R  X
  SRAM                  20000000   00008000  00000ae3  0000751d  RW X


SEGMENT ALLOCATION MAP

run origin  load origin   length   init length attrs members
----------  ----------- ---------- ----------- ----- -------
00000000    00000000    00004058   00004058    r-x
  00000000    00000000    0000026c   0000026c    r-- .intvecs
  0000026c    0000026c    0000302c   0000302c    r-x .text
  00003298    00003298    00000ba4   00000ba4    r-- .const
  00003e40    00003e40    00000218   00000218    r-- .cinit
20000000    20000000    00000aee   00000000    rw-
  20000000    20000000    0000026c   00000000    rw- .vtable
  20000270    20000270    000005d1   00000000    rw- .data
  20000848    20000848    00000200   00000000    rw- .stack
  20000a48    20000a48    000000a6   00000000    rw- .bss


SECTION ALLOCATION MAP

 output                                  attributes/
section   page    origin      length       input sections
--------  ----  ----------  ----------   ----------------
.intvecs   0    00000000    0000026c     
                  00000000    0000026c     tm4c123gh6pm_startup_ccs.obj (.intvecs)

.text      0    0000026c    0000302c     
                  0000026c    0000082c     OLED.obj (.text)
                  00000a98    000005a4     pid.obj (.text)
                  0000103c    0000049c     uartstdio.obj (.text)
                  000014d8    000003fc     uart_echo.obj (.text)
                  000018d4    00000234     colorful_LED.obj (.text)
                  00001b08    000001dc     pwm.obj (.text)
                  00001ce4    000001d8     sonar.obj (.text)
                  00001ebc    000001b6     rtsv7M4_T_le_v4SPD16_eabi.lib : fd_add_t2.asm.obj (.text)
                  00002072    00000002                                   : div0.asm.obj (.text)
                  00002074    000001b0     filter.obj (.text)
                  00002224    00000136     rtsv7M4_T_le_v4SPD16_eabi.lib : fd_div_t2.asm.obj (.text)
                  0000235a    00000132     driverlib.lib : gpio.obj (.text:GPIOPadConfigSet)
                  0000248c    00000110                   : sysctl.obj (.text:SysCtlClockGet)
                  0000259c    000000fc     rtsv7M4_T_le_v4SPD16_eabi.lib : fd_mul_t2.asm.obj (.text)
                  00002698    000000f4     driverlib.lib : sysctl.obj (.text:SysCtlClockSet)
                  0000278c    000000e4     Timer.obj (.text)
                  00002870    000000d0     main.obj (.text)
                  00002940    0000009c     rtsv7M4_T_le_v4SPD16_eabi.lib : memcpy_t2.asm.obj (.text)
                  000029dc    00000086                                   : fd_cmp_t2.asm.obj (.text:__aeabi_cdcmple)
                  00002a62    00000086                                   : fd_cmp_t2.asm.obj (.text:__aeabi_cdrcmple)
                  00002ae8    00000068     driverlib.lib : interrupt.obj (.text:IntDisable)
                  00002b50    00000068                   : interrupt.obj (.text:IntEnable)
                  00002bb8    00000068     rtsv7M4_T_le_v4SPD16_eabi.lib : copy_decompress_lzss.c.obj (.text:decompress:lzss:__TI_decompress_lzss)
                  00002c20    00000060     driverlib.lib : timer.obj (.text:TimerConfigure)
                  00002c80    00000056                   : gpio.obj (.text:GPIOIntTypeSet)
                  00002cd6    00000002     --HOLE-- [fill = 0]
                  00002cd8    00000048                   : gpio.obj (.text:GPIOPinConfigure)
                  00002d20    00000048     rtsv7M4_T_le_v4SPD16_eabi.lib : fd_toi_t2.asm.obj (.text)
                  00002d68    00000046     driverlib.lib : uart.obj (.text:UARTConfigSetExpClk)
                  00002dae    00000002     --HOLE-- [fill = 0]
                  00002db0    00000044                   : gpio.obj (.text:_GPIOIntNumberGet)
                  00002df4    00000044     rtsv7M4_T_le_v4SPD16_eabi.lib : autoinit.c.obj (.text:__TI_auto_init_nobinit_nopinit:__TI_auto_init_nobinit_nopinit)
                  00002e38    00000040     delay.obj (.text)
                  00002e78    00000040     rtsv7M4_T_le_v4SPD16_eabi.lib : u_divt2.asm.obj (.text)
                  00002eb8    00000038     driverlib.lib : sysctl.obj (.text:SysCtlPeripheralPresent)
                  00002ef0    00000038                   : sysctl.obj (.text:SysCtlPeripheralReady)
                  00002f28    00000038     rtsv7M4_T_le_v4SPD16_eabi.lib : boot_cortex_m.c.obj (.text:_c_int00_noargs:_c_int00_noargs)
                  00002f60    00000034     driverlib.lib : interrupt.obj (.text:IntRegister)
                  00002f94    00000034                   : sysctl.obj (.text:SysCtlPeripheralEnable)
                  00002fc8    0000002e     rtsv7M4_T_le_v4SPD16_eabi.lib : i_tofd_t2.asm.obj (.text)
                  00002ff6    0000002a     driverlib.lib : gpio.obj (.text:GPIODirModeSet)
                  00003020    00000022                   : pwm.obj (.text:PWMGenConfigure)
                  00003042    00000002     --HOLE-- [fill = 0]
                  00003044    00000020                   : uart.obj (.text:UARTDisable)
                  00003064    00000020     rtsv7M4_T_le_v4SPD16_eabi.lib : u_tofd_t2.asm.obj (.text)
                  00003084    0000001e     driverlib.lib : pwm.obj (.text:PWMPulseWidthSet)
                  000030a2    00000018                   : gpio.obj (.text:GPIOIntRegister)
                  000030ba    00000018                   : gpio.obj (.text:GPIOPinTypeGPIOOutput)
                  000030d2    00000002     --HOLE-- [fill = 0]
                  000030d4    00000014                   : sysctl.obj (.text:SysCtlPWMClockSet)
                  000030e8    00000014                   : uart.obj (.text:UARTEnable)
                  000030fc    00000012                   : gpio.obj (.text:GPIOPinTypeGPIOInput)
                  0000310e    00000012                   : gpio.obj (.text:GPIOPinTypePWM)
                  00003120    00000012                   : gpio.obj (.text:GPIOPinTypeUART)
                  00003132    00000012                   : pwm.obj (.text:PWMOutputState)
                  00003144    00000012                   : timer.obj (.text:TimerLoadSet)
                  00003156    00000012     rtsv7M4_T_le_v4SPD16_eabi.lib : copy_zero_init.c.obj (.text:decompress:ZI:__TI_zero_init_nomemset:__TI_zero_init_nomemset)
                  00003168    00000010     driverlib.lib : interrupt.obj (.text:IntMasterEnable)
                  00003178    00000010                   : pwm.obj (.text:PWMDeadBandEnable)
                  00003188    00000010                   : pwm.obj (.text:PWMGenPeriodSet)
                  00003198    0000000e                   : gpio.obj (.text:GPIOIntStatus)
                  000031a6    0000000e                   : timer.obj (.text:TimerEnable)
                  000031b4    0000000e                   : uart.obj (.text:UARTCharGetNonBlocking)
                  000031c2    0000000e                   : uart.obj (.text:UARTCharPutNonBlocking)
                  000031d0    0000000e                   : uart.obj (.text:UARTCharsAvail)
                  000031de    0000000e     rtsv7M4_T_le_v4SPD16_eabi.lib : copy_decompress_none.c.obj (.text:decompress:none:__TI_decompress_none)
                  000031ec    0000000c     driverlib.lib : cpu.obj (.text:CPUcpsie)
                  000031f8    0000000c                   : gpio.obj (.text:GPIOIntEnable)
                  00003204    0000000c                   : pwm.obj (.text:PWMGenDisable)
                  00003210    0000000c                   : pwm.obj (.text:PWMGenEnable)
                  0000321c    0000000c     tm4c123gh6pm_startup_ccs.obj (.text)
                  00003228    0000000a     driverlib.lib : timer.obj (.text:TimerIntStatus)
                  00003232    0000000a                   : timer.obj (.text:TimerValueGet)
                  0000323c    0000000a                   : uart.obj (.text:UARTCharGet)
                  00003246    0000000a                   : uart.obj (.text:UARTCharPut)
                  00003250    0000000a                   : uart.obj (.text:UARTIntStatus)
                  0000325a    00000008                   : timer.obj (.text:TimerIntEnable)
                  00003262    00000008                   : uart.obj (.text:UARTIntEnable)
                  0000326a    00000006                   : gpio.obj (.text:GPIOIntClear)
                  00003270    00000006                   : gpio.obj (.text:GPIOPinRead)
                  00003276    00000006                   : gpio.obj (.text:GPIOPinWrite)
                  0000327c    00000006                   : sysctl.obj (.text:SysCtlDelay)
                  00003282    00000006                   : uart.obj (.text:UARTClockSourceSet)
                  00003288    00000004                   : timer.obj (.text:TimerIntClear)
                  0000328c    00000004                   : uart.obj (.text:UARTIntClear)
                  00003290    00000004     rtsv7M4_T_le_v4SPD16_eabi.lib : pre_init.c.obj (.text:_system_pre_init)
                  00003294    00000004                                   : exit.c.obj (.text:abort:abort)

.const     0    00003298    00000ba4     
                  00003298    000005f0     OLED.obj (.const:.string:F8X16)
                  00003888    00000228     OLED.obj (.const:F6x8)
                  00003ab0    000000d8     driverlib.lib : gpio.obj (.const:g_ppui32GPIOIntMapSnowflake)
                  00003b88    000000c0                   : gpio.obj (.const:g_ppui32GPIOIntMapBlizzard)
                  00003c48    00000090                   : gpio.obj (.const:g_pui32GPIOBaseAddrs)
                  00003cd8    00000070                   : interrupt.obj (.const)
                  00003d48    0000006c                   : sysctl.obj (.const:g_pui32Xtals)
                  00003db4    00000004     uartstdio.obj (.const)
                  00003db8    00000058     sonar.obj (.const:$P$T0$3)
                  00003e10    00000012     uartstdio.obj (.const:.string)
                  00003e22    00000002     --HOLE-- [fill = 0]
                  00003e24    0000000c     uartstdio.obj (.const:g_ui32UARTBase)
                  00003e30    0000000c     uartstdio.obj (.const:g_ui32UARTPeriph)

.cinit     0    00003e40    00000218     
                  00003e40    000001dd     (.cinit..data.load) [load image, compression = lzss]
                  0000401d    00000003     --HOLE-- [fill = 0]
                  00004020    0000000c     (__TI_handler_table)
                  0000402c    00000004     --HOLE-- [fill = 0]
                  00004030    00000008     (.cinit..bss.load) [load image, compression = zero_init]
                  00004038    00000008     (.cinit..vtable.load) [load image, compression = zero_init]
                  00004040    00000018     (__TI_cinit_table)

.init_array 
*          0    00000000    00000000     UNINITIALIZED

.vtable    0    20000000    0000026c     UNINITIALIZED
                  20000000    0000026c     driverlib.lib : interrupt.obj (.vtable)

.data      0    20000270    000005d1     UNINITIALIZED
                  20000270    00000400     main.obj (.data:BMP3)
                  20000670    00000180     OLED.obj (.data:Hzk)
                  200007f0    00000015     Timer.obj (.data)
                  20000805    00000003     uart_echo.obj (.data)
                  20000808    0000000e     pid.obj (.data)
                  20000816    0000000a     pwm.obj (.data)
                  20000820    0000000a     sonar.obj (.data)
                  2000082a    00000002     --HOLE--
                  2000082c    00000008     sonar.obj (.data:ui32Time$1)
                  20000834    00000006     Control.obj (.data)
                  2000083a    00000002     --HOLE--
                  2000083c    00000005     uartstdio.obj (.data)

.bss       0    20000a48    000000a6     UNINITIALIZED
                  20000a48    0000001c     (.common:PID_Data_X)
                  20000a64    0000001c     (.common:PID_Data_Y)
                  20000a80    0000001c     (.common:PID_X)
                  20000a9c    0000001c     (.common:PID_Y)
                  20000ab8    00000010     (.common:ReciveData_UART0)
                  20000ac8    00000010     (.common:ReciveData_UART1)
                  20000ad8    00000010     (.common:ReciveData_UART2)
                  20000ae8    00000002     (.common:Real_XCoordinate)
                  20000aea    00000002     (.common:Real_YCoordinate)
                  20000aec    00000001     (.common:KeyPress0)
                  20000aed    00000001     (.common:t)

.stack     0    20000848    00000200     UNINITIALIZED
                  20000848    00000004     rtsv7M4_T_le_v4SPD16_eabi.lib : boot_cortex_m.c.obj (.stack)
                  2000084c    000001fc     --HOLE--

MODULE SUMMARY

       Module                         code    ro data   rw data
       ------                         ----    -------   -------
    .\
       main.obj                       208     0         1025   
       tm4c123gh6pm_startup_ccs.obj   12      620       0      
    +--+------------------------------+-------+---------+---------+
       Total:                         220     620       1025   
                                                               
    .\9.6'OLED\
       OLED.obj                       2092    2072      384    
    +--+------------------------------+-------+---------+---------+
       Total:                         2092    2072      384    
                                                               
    .\Control\
       Control.obj                    0       0         10     
    +--+------------------------------+-------+---------+---------+
       Total:                         0       0         10     
                                                               
    .\Filter\
       filter.obj                     432     0         0      
    +--+------------------------------+-------+---------+---------+
       Total:                         432     0         0      
                                                               
    .\Pid\
       pid.obj                        1444    0         127    
    +--+------------------------------+-------+---------+---------+
       Total:                         1444    0         127    
                                                               
    .\Pwm\
       pwm.obj                        476     0         10     
    +--+------------------------------+-------+---------+---------+
       Total:                         476     0         10     
                                                               
    .\Timer\
       Timer.obj                      228     0         21     
    +--+------------------------------+-------+---------+---------+
       Total:                         228     0         21     
                                                               
    .\colorful_LED\
       colorful_LED.obj               564     0         0      
    +--+------------------------------+-------+---------+---------+
       Total:                         564     0         0      
                                                               
    .\delay\
       delay.obj                      64      0         0      
    +--+------------------------------+-------+---------+---------+
       Total:                         64      0         0      
                                                               
    .\sonar\
       sonar.obj                      472     88        18     
    +--+------------------------------+-------+---------+---------+
       Total:                         472     88        18     
                                                               
    .\uart\
       uartstdio.obj                  1180    46        5      
       uart_echo.obj                  1020    0         51     
    +--+------------------------------+-------+---------+---------+
       Total:                         2200    46        56     
                                                               
    D:/ti/TivaWare_C_Series-2.1.4.178/driverlib/ccs/Debug/driverlib.lib
       gpio.obj                       720     552       0      
       interrupt.obj                  276     112       620    
       sysctl.obj                     706     108       0      
       uart.obj                       212     0         0      
       timer.obj                      160     0         0      
       pwm.obj                        138     0         0      
       cpu.obj                        12      0         0      
    +--+------------------------------+-------+---------+---------+
       Total:                         2224    772       620    
                                                               
    D:\Project_Program\Ccs\ccsv8\tools\compiler\ti-cgt-arm_18.1.2.LTS\lib\rtsv7M4_T_le_v4SPD16_eabi.lib
       fd_add_t2.asm.obj              438     0         0      
       fd_div_t2.asm.obj              310     0         0      
       fd_cmp_t2.asm.obj              268     0         0      
       fd_mul_t2.asm.obj              252     0         0      
       memcpy_t2.asm.obj              156     0         0      
       copy_decompress_lzss.c.obj     104     0         0      
       fd_toi_t2.asm.obj              72      0         0      
       autoinit.c.obj                 68      0         0      
       u_divt2.asm.obj                64      0         0      
       boot_cortex_m.c.obj            56      0         0      
       i_tofd_t2.asm.obj              46      0         0      
       u_tofd_t2.asm.obj              32      0         0      
       copy_zero_init.c.obj           18      0         0      
       copy_decompress_none.c.obj     14      0         0      
       exit.c.obj                     4       0         0      
       pre_init.c.obj                 4       0         0      
       div0.asm.obj                   2       0         0      
    +--+------------------------------+-------+---------+---------+
       Total:                         1908    0         0      
                                                               
       Stack:                         0       0         512    
       Linker Generated:              0       529       0      
    +--+------------------------------+-------+---------+---------+
       Grand Total:                   12324   4127      2783   


LINKER GENERATED COPY TABLES

__TI_cinit_table @ 00004040 records: 3, size/record: 8, table size: 24
	.data: load addr=00003e40, load size=000001dd bytes, run addr=20000270, run size=000005d1 bytes, compression=lzss
	.bss: load addr=00004030, load size=00000008 bytes, run addr=20000a48, run size=000000a6 bytes, compression=zero_init
	.vtable: load addr=00004038, load size=00000008 bytes, run addr=20000000, run size=0000026c bytes, compression=zero_init


LINKER GENERATED HANDLER TABLE

__TI_handler_table @ 00004020 records: 3, size/record: 4, table size: 12
	index: 0, handler: __TI_zero_init
	index: 1, handler: __TI_decompress_lzss
	index: 2, handler: __TI_decompress_none


GLOBAL SYMBOLS: SORTED ALPHABETICALLY BY Name 

address   name                          
-------   ----                          
20000270  BMP3                          
00001b09  BeepPwmInit                   
200007fc  Beep_Counter                  
200007f8  Beep_Flag                     
20000800  Beep_Fre                      
00003295  C$$EXIT                       
000031ed  CPUcpsie                      
200007f4  Counter                       
20000828  DataIsReady                   
00002e39  Delay_ms                      
00002e57  Delay_us                      
20000838  Error_Distance                
00003888  F6x8                          
00003298  F8X16                         
00002ff7  GPIODirModeSet                
0000326b  GPIOIntClear                  
000031f9  GPIOIntEnable                 
000030a3  GPIOIntRegister               
00003199  GPIOIntStatus                 
00002c81  GPIOIntTypeSet                
0000235b  GPIOPadConfigSet              
00002cd9  GPIOPinConfigure              
00003271  GPIOPinRead                   
000030fd  GPIOPinTypeGPIOInput          
000030bb  GPIOPinTypeGPIOOutput         
0000310f  GPIOPinTypePWM                
00003121  GPIOPinTypeUART               
00003277  GPIOPinWrite                  
0000026d  GPIO_Init                     
00001dc3  GetAverageDistance            
20000834  Goal_Distance                 
00002871  HardwareConfig                
20000670  Hzk                           
0000028f  IIC_Start                     
000002bf  IIC_Stop                      
000002e5  IIC_Wait_Ack                  
00002ae9  IntDisable                    
00002b51  IntEnable                     
00003169  IntMasterEnable               
00002f61  IntRegister                   
00001d31  Int_Handler_GPIOA             
20000aec  KeyPress0                     
00001975  LED_Color                     
000018d5  LED_ColorInit                 
000019bf  LED_Config                    
000019db  LED_Set                       
00002117  LimitingFilter                
000004e9  OLED_Clear                    
000004cd  OLED_Display_Off              
000004b1  OLED_Display_On               
00000905  OLED_DrawBMP                  
000009b5  OLED_Init                     
00000551  OLED_On                       
00000477  OLED_Set_Pos                  
00000849  OLED_ShowCHinese              
000005c5  OLED_ShowChar                 
00000711  OLED_ShowNum                  
000007df  OLED_ShowString               
000003eb  OLED_WR_Byte                  
20000a48  PID_Data_X                    
20000a64  PID_Data_Y                    
00000a99  PID_Init                      
20000a80  PID_X                         
20000a9c  PID_Y                         
00003179  PWMDeadBandEnable             
00003021  PWMGenConfigure               
00003205  PWMGenDisable                 
00003211  PWMGenEnable                  
00003189  PWMGenPeriodSet               
00003133  PWMOutputState                
00003085  PWMPulseWidthSet              
00000b89  Position_PID                  
20000816  PwmChannel_1                  
20000818  PwmChannel_2                  
2000081a  PwmChannel_3                  
2000081c  PwmChannel_4                  
2000081e  PwmChannel_5                  
00001b89  PwmConfig                     
20000836  Real_Distance                 
20000ae8  Real_XCoordinate              
20000aea  Real_YCoordinate              
20000ab8  ReciveData_UART0              
20000ac8  ReciveData_UART1              
20000ad8  ReciveData_UART2              
20000805  ReciveData_i_UART0            
20000806  ReciveData_i_UART1            
20000807  ReciveData_i_UART2            
0000321d  ResetISR                      
0000209d  SelectSort                    
00001d0f  SonarTrig                     
00001ce5  Sonar_Configure               
00001e37  Sonar_GPIOA_Configure         
00001e55  Sonar_GPIOA_Interrupt         
0000248d  SysCtlClockGet                
00002699  SysCtlClockSet                
0000327d  SysCtlDelay                   
000030d5  SysCtlPWMClockSet             
00002f95  SysCtlPeripheralEnable        
00002eb9  SysCtlPeripheralPresent       
00002ef1  SysCtlPeripheralReady         
200007f0  Time_Flag                     
000027bd  Timer0IntHandler              
0000278d  Timer0_Config                 
00000f39  Timer1IntHandler              
0000281b  Timer1_Config                 
00002c21  TimerConfigure                
000031a7  TimerEnable                   
00003289  TimerIntClear                 
0000325b  TimerIntEnable                
00003229  TimerIntStatus                
00003145  TimerLoadSet                  
00003233  TimerValueGet                 
00001545  UART0Send                     
000015c3  UART1IntHandler               
00001637  UART1Send                     
000016b1  UART2IntHandler               
0000177d  UART2Send                     
0000323d  UARTCharGet                   
000031b5  UARTCharGetNonBlocking        
00003247  UARTCharPut                   
000031c3  UARTCharPutNonBlocking        
000031d1  UARTCharsAvail                
00003283  UARTClockSourceSet            
00002d69  UARTConfigSetExpClk           
00003045  UARTDisable                   
000030e9  UARTEnable                    
0000328d  UARTIntClear                  
00003263  UARTIntEnable                 
000014d9  UARTIntHandler                
00003251  UARTIntStatus                 
0000103d  UARTStdioConfig               
00001183  UARTgetc                      
000010c9  UARTgets                      
000014a3  UARTprintf                    
000011a9  UARTvprintf                   
00001083  UARTwrite                     
0000156d  Uart0Iint                     
0000165f  Uart1Iint                     
000017b5  Uart2Iint                     
000002fd  Write_IIC_Byte                
0000038b  Write_IIC_Command             
000003bb  Write_IIC_Data                
20000a48  __STACK_END                   
00000200  __STACK_SIZE                  
20000a48  __STACK_TOP                   
00004040  __TI_CINIT_Base               
00004058  __TI_CINIT_Limit              
00004020  __TI_Handler_Table_Base       
0000402c  __TI_Handler_Table_Limit      
00002df5  __TI_auto_init_nobinit_nopinit
00002bb9  __TI_decompress_lzss          
000031df  __TI_decompress_none          
ffffffff  __TI_pprof_out_hndl           
ffffffff  __TI_prof_data_size           
ffffffff  __TI_prof_data_start          
00000000  __TI_static_base__            
00003157  __TI_zero_init_nomemset       
000029dd  __aeabi_cdcmpeq               
000029dd  __aeabi_cdcmple               
00002a63  __aeabi_cdrcmple              
00002d21  __aeabi_d2iz                  
00001ec7  __aeabi_dadd                  
00002225  __aeabi_ddiv                  
0000259d  __aeabi_dmul                  
00001ebd  __aeabi_dsub                  
00002fc9  __aeabi_i2d                   
00002073  __aeabi_idiv0                 
00002073  __aeabi_ldiv0                 
00002941  __aeabi_memcpy                
00002941  __aeabi_memcpy4               
00002941  __aeabi_memcpy8               
00003065  __aeabi_ui2d                  
00002e79  __aeabi_uidiv                 
00002e79  __aeabi_uidivmod              
ffffffff  __binit__                     
ffffffff  __c_args__                    
UNDEFED   __mpu_init                    
20000848  __stack                       
00002f29  _c_int00_noargs               
UNDEFED   _system_post_cinit            
00003291  _system_pre_init              
00003295  abort                         
ffffffff  binit                         
2000080c  err_x                         
20000810  err_y                         
20000820  fPeriod                       
00000409  fill_picture                  
20000000  g_pfnRAMVectors               
00000000  g_pfnVectors                  
20000814  get_x                         
20000815  get_y                         
20000804  k                             
000028c1  main                          
00002941  memcpy                        
000006e1  oled_pow                      
2000080a  start_PID_H                   
20000808  start_PID_X                   
20000809  start_PID_Y                   
00002075  swap                          
20000aed  t                             


GLOBAL SYMBOLS: SORTED BY Symbol Address 

address   name                          
-------   ----                          
00000000  __TI_static_base__            
00000000  g_pfnVectors                  
00000200  __STACK_SIZE                  
0000026d  GPIO_Init                     
0000028f  IIC_Start                     
000002bf  IIC_Stop                      
000002e5  IIC_Wait_Ack                  
000002fd  Write_IIC_Byte                
0000038b  Write_IIC_Command             
000003bb  Write_IIC_Data                
000003eb  OLED_WR_Byte                  
00000409  fill_picture                  
00000477  OLED_Set_Pos                  
000004b1  OLED_Display_On               
000004cd  OLED_Display_Off              
000004e9  OLED_Clear                    
00000551  OLED_On                       
000005c5  OLED_ShowChar                 
000006e1  oled_pow                      
00000711  OLED_ShowNum                  
000007df  OLED_ShowString               
00000849  OLED_ShowCHinese              
00000905  OLED_DrawBMP                  
000009b5  OLED_Init                     
00000a99  PID_Init                      
00000b89  Position_PID                  
00000f39  Timer1IntHandler              
0000103d  UARTStdioConfig               
00001083  UARTwrite                     
000010c9  UARTgets                      
00001183  UARTgetc                      
000011a9  UARTvprintf                   
000014a3  UARTprintf                    
000014d9  UARTIntHandler                
00001545  UART0Send                     
0000156d  Uart0Iint                     
000015c3  UART1IntHandler               
00001637  UART1Send                     
0000165f  Uart1Iint                     
000016b1  UART2IntHandler               
0000177d  UART2Send                     
000017b5  Uart2Iint                     
000018d5  LED_ColorInit                 
00001975  LED_Color                     
000019bf  LED_Config                    
000019db  LED_Set                       
00001b09  BeepPwmInit                   
00001b89  PwmConfig                     
00001ce5  Sonar_Configure               
00001d0f  SonarTrig                     
00001d31  Int_Handler_GPIOA             
00001dc3  GetAverageDistance            
00001e37  Sonar_GPIOA_Configure         
00001e55  Sonar_GPIOA_Interrupt         
00001ebd  __aeabi_dsub                  
00001ec7  __aeabi_dadd                  
00002073  __aeabi_idiv0                 
00002073  __aeabi_ldiv0                 
00002075  swap                          
0000209d  SelectSort                    
00002117  LimitingFilter                
00002225  __aeabi_ddiv                  
0000235b  GPIOPadConfigSet              
0000248d  SysCtlClockGet                
0000259d  __aeabi_dmul                  
00002699  SysCtlClockSet                
0000278d  Timer0_Config                 
000027bd  Timer0IntHandler              
0000281b  Timer1_Config                 
00002871  HardwareConfig                
000028c1  main                          
00002941  __aeabi_memcpy                
00002941  __aeabi_memcpy4               
00002941  __aeabi_memcpy8               
00002941  memcpy                        
000029dd  __aeabi_cdcmpeq               
000029dd  __aeabi_cdcmple               
00002a63  __aeabi_cdrcmple              
00002ae9  IntDisable                    
00002b51  IntEnable                     
00002bb9  __TI_decompress_lzss          
00002c21  TimerConfigure                
00002c81  GPIOIntTypeSet                
00002cd9  GPIOPinConfigure              
00002d21  __aeabi_d2iz                  
00002d69  UARTConfigSetExpClk           
00002df5  __TI_auto_init_nobinit_nopinit
00002e39  Delay_ms                      
00002e57  Delay_us                      
00002e79  __aeabi_uidiv                 
00002e79  __aeabi_uidivmod              
00002eb9  SysCtlPeripheralPresent       
00002ef1  SysCtlPeripheralReady         
00002f29  _c_int00_noargs               
00002f61  IntRegister                   
00002f95  SysCtlPeripheralEnable        
00002fc9  __aeabi_i2d                   
00002ff7  GPIODirModeSet                
00003021  PWMGenConfigure               
00003045  UARTDisable                   
00003065  __aeabi_ui2d                  
00003085  PWMPulseWidthSet              
000030a3  GPIOIntRegister               
000030bb  GPIOPinTypeGPIOOutput         
000030d5  SysCtlPWMClockSet             
000030e9  UARTEnable                    
000030fd  GPIOPinTypeGPIOInput          
0000310f  GPIOPinTypePWM                
00003121  GPIOPinTypeUART               
00003133  PWMOutputState                
00003145  TimerLoadSet                  
00003157  __TI_zero_init_nomemset       
00003169  IntMasterEnable               
00003179  PWMDeadBandEnable             
00003189  PWMGenPeriodSet               
00003199  GPIOIntStatus                 
000031a7  TimerEnable                   
000031b5  UARTCharGetNonBlocking        
000031c3  UARTCharPutNonBlocking        
000031d1  UARTCharsAvail                
000031df  __TI_decompress_none          
000031ed  CPUcpsie                      
000031f9  GPIOIntEnable                 
00003205  PWMGenDisable                 
00003211  PWMGenEnable                  
0000321d  ResetISR                      
00003229  TimerIntStatus                
00003233  TimerValueGet                 
0000323d  UARTCharGet                   
00003247  UARTCharPut                   
00003251  UARTIntStatus                 
0000325b  TimerIntEnable                
00003263  UARTIntEnable                 
0000326b  GPIOIntClear                  
00003271  GPIOPinRead                   
00003277  GPIOPinWrite                  
0000327d  SysCtlDelay                   
00003283  UARTClockSourceSet            
00003289  TimerIntClear                 
0000328d  UARTIntClear                  
00003291  _system_pre_init              
00003295  C$$EXIT                       
00003295  abort                         
00003298  F8X16                         
00003888  F6x8                          
00004020  __TI_Handler_Table_Base       
0000402c  __TI_Handler_Table_Limit      
00004040  __TI_CINIT_Base               
00004058  __TI_CINIT_Limit              
20000000  g_pfnRAMVectors               
20000270  BMP3                          
20000670  Hzk                           
200007f0  Time_Flag                     
200007f4  Counter                       
200007f8  Beep_Flag                     
200007fc  Beep_Counter                  
20000800  Beep_Fre                      
20000804  k                             
20000805  ReciveData_i_UART0            
20000806  ReciveData_i_UART1            
20000807  ReciveData_i_UART2            
20000808  start_PID_X                   
20000809  start_PID_Y                   
2000080a  start_PID_H                   
2000080c  err_x                         
20000810  err_y                         
20000814  get_x                         
20000815  get_y                         
20000816  PwmChannel_1                  
20000818  PwmChannel_2                  
2000081a  PwmChannel_3                  
2000081c  PwmChannel_4                  
2000081e  PwmChannel_5                  
20000820  fPeriod                       
20000828  DataIsReady                   
20000834  Goal_Distance                 
20000836  Real_Distance                 
20000838  Error_Distance                
20000848  __stack                       
20000a48  PID_Data_X                    
20000a48  __STACK_END                   
20000a48  __STACK_TOP                   
20000a64  PID_Data_Y                    
20000a80  PID_X                         
20000a9c  PID_Y                         
20000ab8  ReciveData_UART0              
20000ac8  ReciveData_UART1              
20000ad8  ReciveData_UART2              
20000ae8  Real_XCoordinate              
20000aea  Real_YCoordinate              
20000aec  KeyPress0                     
20000aed  t                             
ffffffff  __TI_pprof_out_hndl           
ffffffff  __TI_prof_data_size           
ffffffff  __TI_prof_data_start          
ffffffff  __binit__                     
ffffffff  __c_args__                    
ffffffff  binit                         
UNDEFED   __mpu_init                    
UNDEFED   _system_post_cinit            

[200 symbols]
