<?xml version="1.0" encoding="ISO-8859-1" ?>
<link_info>
   <banner>TI ARM Linker PC v18.1.2.LTS</banner>
   <copyright>Copyright (c) 1996-2017 Texas Instruments Incorporated</copyright>
   <link_time>0x5b5094ee</link_time>
   <link_errors>0x0</link_errors>
   <output_file>Four_axes_2018.out</output_file>
   <entry_point>
      <name>_c_int00_noargs</name>
      <address>0x3ec1</address>
   </entry_point>
   <input_file_list>
      <input_file id="fl-2">
         <path>.\</path>
         <kind>object</kind>
         <file>main.obj</file>
         <name>main.obj</name>
      </input_file>
      <input_file id="fl-3">
         <path>.\</path>
         <kind>object</kind>
         <file>tm4c123gh6pm_startup_ccs.obj</file>
         <name>tm4c123gh6pm_startup_ccs.obj</name>
      </input_file>
      <input_file id="fl-4">
         <path>.\0.96&apos;OLED\</path>
         <kind>object</kind>
         <file>OLED.obj</file>
         <name>OLED.obj</name>
      </input_file>
      <input_file id="fl-5">
         <path>.\Beep\</path>
         <kind>object</kind>
         <file>Beep.obj</file>
         <name>Beep.obj</name>
      </input_file>
      <input_file id="fl-6">
         <path>.\Control\</path>
         <kind>object</kind>
         <file>Control.obj</file>
         <name>Control.obj</name>
      </input_file>
      <input_file id="fl-7">
         <path>.\Filter\</path>
         <kind>object</kind>
         <file>filter.obj</file>
         <name>filter.obj</name>
      </input_file>
      <input_file id="fl-8">
         <path>.\MavLink_Receive\</path>
         <kind>object</kind>
         <file>Mavlink_test.obj</file>
         <name>Mavlink_test.obj</name>
      </input_file>
      <input_file id="fl-9">
         <path>.\Pid\</path>
         <kind>object</kind>
         <file>pid.obj</file>
         <name>pid.obj</name>
      </input_file>
      <input_file id="fl-a">
         <path>.\Pwm\</path>
         <kind>object</kind>
         <file>pwm.obj</file>
         <name>pwm.obj</name>
      </input_file>
      <input_file id="fl-b">
         <path>.\Timer\</path>
         <kind>object</kind>
         <file>Timer.obj</file>
         <name>Timer.obj</name>
      </input_file>
      <input_file id="fl-c">
         <path>.\VisualScopeOutput\</path>
         <kind>object</kind>
         <file>VisualScopeOutput.obj</file>
         <name>VisualScopeOutput.obj</name>
      </input_file>
      <input_file id="fl-d">
         <path>.\colorful_LED\</path>
         <kind>object</kind>
         <file>colorful_LED.obj</file>
         <name>colorful_LED.obj</name>
      </input_file>
      <input_file id="fl-e">
         <path>.\delay\</path>
         <kind>object</kind>
         <file>delay.obj</file>
         <name>delay.obj</name>
      </input_file>
      <input_file id="fl-f">
         <path>.\key\</path>
         <kind>object</kind>
         <file>key.obj</file>
         <name>key.obj</name>
      </input_file>
      <input_file id="fl-10">
         <path>.\sonar\</path>
         <kind>object</kind>
         <file>sonar.obj</file>
         <name>sonar.obj</name>
      </input_file>
      <input_file id="fl-11">
         <path>.\uart\</path>
         <kind>object</kind>
         <file>uart_echo.obj</file>
         <name>uart_echo.obj</name>
      </input_file>
      <input_file id="fl-12">
         <path>.\uart\</path>
         <kind>object</kind>
         <file>uartstdio.obj</file>
         <name>uartstdio.obj</name>
      </input_file>
      <input_file id="fl-17">
         <kind>object</kind>
         <file>&lt;internal&gt;</file>
         <name>&lt;internal&gt;</name>
      </input_file>
      <input_file id="fl-18">
         <path>D:\ti\TivaWare_C_Series-2.1.4.178\driverlib\ccs\Debug\</path>
         <kind>archive</kind>
         <file>driverlib.lib</file>
         <name>fpu.obj</name>
      </input_file>
      <input_file id="fl-19">
         <path>D:\ti\TivaWare_C_Series-2.1.4.178\driverlib\ccs\Debug\</path>
         <kind>archive</kind>
         <file>driverlib.lib</file>
         <name>gpio.obj</name>
      </input_file>
      <input_file id="fl-1a">
         <path>D:\ti\TivaWare_C_Series-2.1.4.178\driverlib\ccs\Debug\</path>
         <kind>archive</kind>
         <file>driverlib.lib</file>
         <name>interrupt.obj</name>
      </input_file>
      <input_file id="fl-1b">
         <path>D:\ti\TivaWare_C_Series-2.1.4.178\driverlib\ccs\Debug\</path>
         <kind>archive</kind>
         <file>driverlib.lib</file>
         <name>pwm.obj</name>
      </input_file>
      <input_file id="fl-1c">
         <path>D:\ti\TivaWare_C_Series-2.1.4.178\driverlib\ccs\Debug\</path>
         <kind>archive</kind>
         <file>driverlib.lib</file>
         <name>sysctl.obj</name>
      </input_file>
      <input_file id="fl-1d">
         <path>D:\ti\TivaWare_C_Series-2.1.4.178\driverlib\ccs\Debug\</path>
         <kind>archive</kind>
         <file>driverlib.lib</file>
         <name>timer.obj</name>
      </input_file>
      <input_file id="fl-1e">
         <path>D:\ti\TivaWare_C_Series-2.1.4.178\driverlib\ccs\Debug\</path>
         <kind>archive</kind>
         <file>driverlib.lib</file>
         <name>uart.obj</name>
      </input_file>
      <input_file id="fl-1f">
         <path>D:\ti\TivaWare_C_Series-2.1.4.178\driverlib\ccs\Debug\</path>
         <kind>archive</kind>
         <file>driverlib.lib</file>
         <name>cpu.obj</name>
      </input_file>
      <input_file id="fl-d5">
         <path>D:\Project_Program\Ccs\ccsv8\tools\compiler\ti-cgt-arm_18.1.2.LTS\lib\</path>
         <kind>archive</kind>
         <file>rtsv7M4_T_le_v4SPD16_eabi.lib</file>
         <name>u_divt2.asm.obj</name>
      </input_file>
      <input_file id="fl-d6">
         <path>D:\Project_Program\Ccs\ccsv8\tools\compiler\ti-cgt-arm_18.1.2.LTS\lib\</path>
         <kind>archive</kind>
         <file>rtsv7M4_T_le_v4SPD16_eabi.lib</file>
         <name>memset_t2.asm.obj</name>
      </input_file>
      <input_file id="fl-d7">
         <path>D:\Project_Program\Ccs\ccsv8\tools\compiler\ti-cgt-arm_18.1.2.LTS\lib\</path>
         <kind>archive</kind>
         <file>rtsv7M4_T_le_v4SPD16_eabi.lib</file>
         <name>fd_add_t2.asm.obj</name>
      </input_file>
      <input_file id="fl-d8">
         <path>D:\Project_Program\Ccs\ccsv8\tools\compiler\ti-cgt-arm_18.1.2.LTS\lib\</path>
         <kind>archive</kind>
         <file>rtsv7M4_T_le_v4SPD16_eabi.lib</file>
         <name>fd_cmp_t2.asm.obj</name>
      </input_file>
      <input_file id="fl-d9">
         <path>D:\Project_Program\Ccs\ccsv8\tools\compiler\ti-cgt-arm_18.1.2.LTS\lib\</path>
         <kind>archive</kind>
         <file>rtsv7M4_T_le_v4SPD16_eabi.lib</file>
         <name>fd_div_t2.asm.obj</name>
      </input_file>
      <input_file id="fl-da">
         <path>D:\Project_Program\Ccs\ccsv8\tools\compiler\ti-cgt-arm_18.1.2.LTS\lib\</path>
         <kind>archive</kind>
         <file>rtsv7M4_T_le_v4SPD16_eabi.lib</file>
         <name>fd_mul_t2.asm.obj</name>
      </input_file>
      <input_file id="fl-db">
         <path>D:\Project_Program\Ccs\ccsv8\tools\compiler\ti-cgt-arm_18.1.2.LTS\lib\</path>
         <kind>archive</kind>
         <file>rtsv7M4_T_le_v4SPD16_eabi.lib</file>
         <name>fd_toi_t2.asm.obj</name>
      </input_file>
      <input_file id="fl-dc">
         <path>D:\Project_Program\Ccs\ccsv8\tools\compiler\ti-cgt-arm_18.1.2.LTS\lib\</path>
         <kind>archive</kind>
         <file>rtsv7M4_T_le_v4SPD16_eabi.lib</file>
         <name>fd_tos_t2.asm.obj</name>
      </input_file>
      <input_file id="fl-dd">
         <path>D:\Project_Program\Ccs\ccsv8\tools\compiler\ti-cgt-arm_18.1.2.LTS\lib\</path>
         <kind>archive</kind>
         <file>rtsv7M4_T_le_v4SPD16_eabi.lib</file>
         <name>fs_tod_t2.asm.obj</name>
      </input_file>
      <input_file id="fl-de">
         <path>D:\Project_Program\Ccs\ccsv8\tools\compiler\ti-cgt-arm_18.1.2.LTS\lib\</path>
         <kind>archive</kind>
         <file>rtsv7M4_T_le_v4SPD16_eabi.lib</file>
         <name>i_tofd_t2.asm.obj</name>
      </input_file>
      <input_file id="fl-df">
         <path>D:\Project_Program\Ccs\ccsv8\tools\compiler\ti-cgt-arm_18.1.2.LTS\lib\</path>
         <kind>archive</kind>
         <file>rtsv7M4_T_le_v4SPD16_eabi.lib</file>
         <name>memcpy_t2.asm.obj</name>
      </input_file>
      <input_file id="fl-e0">
         <path>D:\Project_Program\Ccs\ccsv8\tools\compiler\ti-cgt-arm_18.1.2.LTS\lib\</path>
         <kind>archive</kind>
         <file>rtsv7M4_T_le_v4SPD16_eabi.lib</file>
         <name>u_tofd_t2.asm.obj</name>
      </input_file>
      <input_file id="fl-e1">
         <path>D:\Project_Program\Ccs\ccsv8\tools\compiler\ti-cgt-arm_18.1.2.LTS\lib\</path>
         <kind>archive</kind>
         <file>rtsv7M4_T_le_v4SPD16_eabi.lib</file>
         <name>copy_zero_init.c.obj</name>
      </input_file>
      <input_file id="fl-e2">
         <path>D:\Project_Program\Ccs\ccsv8\tools\compiler\ti-cgt-arm_18.1.2.LTS\lib\</path>
         <kind>archive</kind>
         <file>rtsv7M4_T_le_v4SPD16_eabi.lib</file>
         <name>copy_decompress_none.c.obj</name>
      </input_file>
      <input_file id="fl-e3">
         <path>D:\Project_Program\Ccs\ccsv8\tools\compiler\ti-cgt-arm_18.1.2.LTS\lib\</path>
         <kind>archive</kind>
         <file>rtsv7M4_T_le_v4SPD16_eabi.lib</file>
         <name>copy_decompress_lzss.c.obj</name>
      </input_file>
      <input_file id="fl-e4">
         <path>D:\Project_Program\Ccs\ccsv8\tools\compiler\ti-cgt-arm_18.1.2.LTS\lib\</path>
         <kind>archive</kind>
         <file>rtsv7M4_T_le_v4SPD16_eabi.lib</file>
         <name>boot_cortex_m.c.obj</name>
      </input_file>
      <input_file id="fl-e5">
         <path>D:\Project_Program\Ccs\ccsv8\tools\compiler\ti-cgt-arm_18.1.2.LTS\lib\</path>
         <kind>archive</kind>
         <file>rtsv7M4_T_le_v4SPD16_eabi.lib</file>
         <name>exit.c.obj</name>
      </input_file>
      <input_file id="fl-e6">
         <path>D:\Project_Program\Ccs\ccsv8\tools\compiler\ti-cgt-arm_18.1.2.LTS\lib\</path>
         <kind>archive</kind>
         <file>rtsv7M4_T_le_v4SPD16_eabi.lib</file>
         <name>_lock.c.obj</name>
      </input_file>
      <input_file id="fl-e7">
         <path>D:\Project_Program\Ccs\ccsv8\tools\compiler\ti-cgt-arm_18.1.2.LTS\lib\</path>
         <kind>archive</kind>
         <file>rtsv7M4_T_le_v4SPD16_eabi.lib</file>
         <name>args_main.c.obj</name>
      </input_file>
      <input_file id="fl-e8">
         <path>D:\Project_Program\Ccs\ccsv8\tools\compiler\ti-cgt-arm_18.1.2.LTS\lib\</path>
         <kind>archive</kind>
         <file>rtsv7M4_T_le_v4SPD16_eabi.lib</file>
         <name>div0.asm.obj</name>
      </input_file>
      <input_file id="fl-e9">
         <path>D:\Project_Program\Ccs\ccsv8\tools\compiler\ti-cgt-arm_18.1.2.LTS\lib\</path>
         <kind>archive</kind>
         <file>rtsv7M4_T_le_v4SPD16_eabi.lib</file>
         <name>autoinit.c.obj</name>
      </input_file>
      <input_file id="fl-ea">
         <path>D:\Project_Program\Ccs\ccsv8\tools\compiler\ti-cgt-arm_18.1.2.LTS\lib\</path>
         <kind>archive</kind>
         <file>rtsv7M4_T_le_v4SPD16_eabi.lib</file>
         <name>pre_init.c.obj</name>
      </input_file>
      <input_file id="fl-eb">
         <path>D:\Project_Program\Ccs\ccsv8\tools\compiler\ti-cgt-arm_18.1.2.LTS\lib\</path>
         <kind>archive</kind>
         <file>rtsv7M4_T_le_v4SPD16_eabi.lib</file>
         <name>cpy_tbl.c.obj</name>
      </input_file>
   </input_file_list>
   <object_component_list>
      <object_component id="oc-f">
         <name>.intvecs</name>
         <load_address>0x0</load_address>
         <run_address>0x0</run_address>
         <size>0x26c</size>
         <input_file_ref idref="fl-3"/>
      </object_component>
      <object_component id="oc-1ca">
         <name>.text</name>
         <load_address>0x26c</load_address>
         <run_address>0x26c</run_address>
         <size>0x82c</size>
         <input_file_ref idref="fl-4"/>
      </object_component>
      <object_component id="oc-3c">
         <name>.text</name>
         <load_address>0xa98</load_address>
         <run_address>0xa98</run_address>
         <size>0x74c</size>
         <input_file_ref idref="fl-9"/>
      </object_component>
      <object_component id="oc-14a">
         <name>.text</name>
         <load_address>0x11e4</load_address>
         <run_address>0x11e4</run_address>
         <size>0x508</size>
         <input_file_ref idref="fl-6"/>
      </object_component>
      <object_component id="oc-131">
         <name>.text</name>
         <load_address>0x16ec</load_address>
         <run_address>0x16ec</run_address>
         <size>0x49c</size>
         <input_file_ref idref="fl-12"/>
      </object_component>
      <object_component id="oc-48">
         <name>.text</name>
         <load_address>0x1b88</load_address>
         <run_address>0x1b88</run_address>
         <size>0x3fc</size>
         <input_file_ref idref="fl-8"/>
      </object_component>
      <object_component id="oc-30">
         <name>.text</name>
         <load_address>0x1f84</load_address>
         <run_address>0x1f84</run_address>
         <size>0x3ec</size>
         <input_file_ref idref="fl-11"/>
      </object_component>
      <object_component id="oc-42">
         <name>.text</name>
         <load_address>0x2370</load_address>
         <run_address>0x2370</run_address>
         <size>0x2a0</size>
         <input_file_ref idref="fl-f"/>
      </object_component>
      <object_component id="oc-1d0">
         <name>.text</name>
         <load_address>0x2610</load_address>
         <run_address>0x2610</run_address>
         <size>0x29c</size>
         <input_file_ref idref="fl-d"/>
      </object_component>
      <object_component id="oc-35a">
         <name>.text</name>
         <load_address>0x28ac</load_address>
         <run_address>0x28ac</run_address>
         <size>0x1dc</size>
         <input_file_ref idref="fl-a"/>
      </object_component>
      <object_component id="oc-232">
         <name>.text</name>
         <load_address>0x2a88</load_address>
         <run_address>0x2a88</run_address>
         <size>0x1d8</size>
         <input_file_ref idref="fl-2"/>
      </object_component>
      <object_component id="oc-2a">
         <name>.text</name>
         <load_address>0x2c60</load_address>
         <run_address>0x2c60</run_address>
         <size>0x1d8</size>
         <input_file_ref idref="fl-10"/>
      </object_component>
      <object_component id="oc-1f4">
         <name>.text</name>
         <load_address>0x2e38</load_address>
         <run_address>0x2e38</run_address>
         <size>0x1b6</size>
         <input_file_ref idref="fl-d7"/>
      </object_component>
      <object_component id="oc-3df">
         <name>.text</name>
         <load_address>0x2fee</load_address>
         <run_address>0x2fee</run_address>
         <size>0x2</size>
         <input_file_ref idref="fl-e8"/>
      </object_component>
      <object_component id="oc-cf">
         <name>.text</name>
         <load_address>0x2ff0</load_address>
         <run_address>0x2ff0</run_address>
         <size>0x1b0</size>
         <input_file_ref idref="fl-7"/>
      </object_component>
      <object_component id="oc-1a2">
         <name>.text</name>
         <load_address>0x31a0</load_address>
         <run_address>0x31a0</run_address>
         <size>0x136</size>
         <input_file_ref idref="fl-d9"/>
      </object_component>
      <object_component id="oc-1b8">
         <name>.text:GPIOPadConfigSet</name>
         <load_address>0x32d6</load_address>
         <run_address>0x32d6</run_address>
         <size>0x132</size>
         <input_file_ref idref="fl-19"/>
      </object_component>
      <object_component id="oc-137">
         <name>.text:SysCtlClockGet</name>
         <load_address>0x3408</load_address>
         <run_address>0x3408</run_address>
         <size>0x110</size>
         <input_file_ref idref="fl-1c"/>
      </object_component>
      <object_component id="oc-ca">
         <name>.text</name>
         <load_address>0x3518</load_address>
         <run_address>0x3518</run_address>
         <size>0xfc</size>
         <input_file_ref idref="fl-da"/>
      </object_component>
      <object_component id="oc-36c">
         <name>.text:SysCtlClockSet</name>
         <load_address>0x3614</load_address>
         <run_address>0x3614</run_address>
         <size>0xf4</size>
         <input_file_ref idref="fl-1c"/>
      </object_component>
      <object_component id="oc-36">
         <name>.text</name>
         <load_address>0x3708</load_address>
         <run_address>0x3708</run_address>
         <size>0xe8</size>
         <input_file_ref idref="fl-b"/>
      </object_component>
      <object_component id="oc-5c">
         <name>.text</name>
         <load_address>0x37f0</load_address>
         <run_address>0x37f0</run_address>
         <size>0x9c</size>
         <input_file_ref idref="fl-df"/>
      </object_component>
      <object_component id="oc-25d">
         <name>.text:__aeabi_cdcmple</name>
         <load_address>0x388c</load_address>
         <run_address>0x388c</run_address>
         <size>0x86</size>
         <input_file_ref idref="fl-d8"/>
      </object_component>
      <object_component id="oc-262">
         <name>.text:__aeabi_cdrcmple</name>
         <load_address>0x3912</load_address>
         <run_address>0x3912</run_address>
         <size>0x86</size>
         <input_file_ref idref="fl-d8"/>
      </object_component>
      <object_component id="oc-1ea">
         <name>.text</name>
         <load_address>0x3998</load_address>
         <run_address>0x3998</run_address>
         <size>0x7a</size>
         <input_file_ref idref="fl-d6"/>
      </object_component>
      <object_component id="oc-1ef">
         <name>.text</name>
         <load_address>0x3a12</load_address>
         <run_address>0x3a12</run_address>
         <size>0x6e</size>
         <input_file_ref idref="fl-dc"/>
      </object_component>
      <object_component id="oc-16d">
         <name>.text:IntDisable</name>
         <load_address>0x3a80</load_address>
         <run_address>0x3a80</run_address>
         <size>0x68</size>
         <input_file_ref idref="fl-1a"/>
      </object_component>
      <object_component id="oc-e7">
         <name>.text:IntEnable</name>
         <load_address>0x3ae8</load_address>
         <run_address>0x3ae8</run_address>
         <size>0x68</size>
         <input_file_ref idref="fl-1a"/>
      </object_component>
      <object_component id="oc-12">
         <name>.text:decompress:lzss:__TI_decompress_lzss</name>
         <load_address>0x3b50</load_address>
         <run_address>0x3b50</run_address>
         <size>0x68</size>
         <input_file_ref idref="fl-e3"/>
      </object_component>
      <object_component id="oc-161">
         <name>.text:TimerConfigure</name>
         <load_address>0x3bb8</load_address>
         <run_address>0x3bb8</run_address>
         <size>0x60</size>
         <input_file_ref idref="fl-1d"/>
      </object_component>
      <object_component id="oc-bf">
         <name>.text:GPIOIntTypeSet</name>
         <load_address>0x3c18</load_address>
         <run_address>0x3c18</run_address>
         <size>0x56</size>
         <input_file_ref idref="fl-19"/>
      </object_component>
      <object_component id="oc-125">
         <name>.text:GPIOPinConfigure</name>
         <load_address>0x3c70</load_address>
         <run_address>0x3c70</run_address>
         <size>0x48</size>
         <input_file_ref idref="fl-19"/>
      </object_component>
      <object_component id="oc-1ac">
         <name>.text</name>
         <load_address>0x3cb8</load_address>
         <run_address>0x3cb8</run_address>
         <size>0x48</size>
         <input_file_ref idref="fl-db"/>
      </object_component>
      <object_component id="oc-13d">
         <name>.text:UARTConfigSetExpClk</name>
         <load_address>0x3d00</load_address>
         <run_address>0x3d00</run_address>
         <size>0x46</size>
         <input_file_ref idref="fl-1e"/>
      </object_component>
      <object_component id="oc-26b">
         <name>.text:_GPIOIntNumberGet</name>
         <load_address>0x3d48</load_address>
         <run_address>0x3d48</run_address>
         <size>0x44</size>
         <input_file_ref idref="fl-19"/>
      </object_component>
      <object_component id="oc-37f">
         <name>.text:__TI_auto_init_nobinit_nopinit:__TI_auto_init_nobinit_nopinit</name>
         <load_address>0x3d8c</load_address>
         <run_address>0x3d8c</run_address>
         <size>0x44</size>
         <input_file_ref idref="fl-e9"/>
      </object_component>
      <object_component id="oc-a7">
         <name>.text</name>
         <load_address>0x3dd0</load_address>
         <run_address>0x3dd0</run_address>
         <size>0x40</size>
         <input_file_ref idref="fl-e"/>
      </object_component>
      <object_component id="oc-2c0">
         <name>.text</name>
         <load_address>0x3e10</load_address>
         <run_address>0x3e10</run_address>
         <size>0x40</size>
         <input_file_ref idref="fl-d5"/>
      </object_component>
      <object_component id="oc-29f">
         <name>.text:SysCtlPeripheralPresent</name>
         <load_address>0x3e50</load_address>
         <run_address>0x3e50</run_address>
         <size>0x38</size>
         <input_file_ref idref="fl-1c"/>
      </object_component>
      <object_component id="oc-95">
         <name>.text:SysCtlPeripheralReady</name>
         <load_address>0x3e88</load_address>
         <run_address>0x3e88</run_address>
         <size>0x38</size>
         <input_file_ref idref="fl-1c"/>
      </object_component>
      <object_component id="oc-7a">
         <name>.text:_c_int00_noargs:_c_int00_noargs</name>
         <load_address>0x3ec0</load_address>
         <run_address>0x3ec0</run_address>
         <size>0x38</size>
         <input_file_ref idref="fl-e4"/>
      </object_component>
      <object_component id="oc-19d">
         <name>.text</name>
         <load_address>0x3ef8</load_address>
         <run_address>0x3ef8</run_address>
         <size>0x38</size>
         <input_file_ref idref="fl-dd"/>
      </object_component>
      <object_component id="oc-271">
         <name>.text:IntRegister</name>
         <load_address>0x3f30</load_address>
         <run_address>0x3f30</run_address>
         <size>0x34</size>
         <input_file_ref idref="fl-1a"/>
      </object_component>
      <object_component id="oc-8f">
         <name>.text:SysCtlPeripheralEnable</name>
         <load_address>0x3f64</load_address>
         <run_address>0x3f64</run_address>
         <size>0x34</size>
         <input_file_ref idref="fl-1c"/>
      </object_component>
      <object_component id="oc-1a7">
         <name>.text</name>
         <load_address>0x3f98</load_address>
         <run_address>0x3f98</run_address>
         <size>0x2e</size>
         <input_file_ref idref="fl-de"/>
      </object_component>
      <object_component id="oc-24c">
         <name>.text:GPIODirModeSet</name>
         <load_address>0x3fc6</load_address>
         <run_address>0x3fc6</run_address>
         <size>0x2a</size>
         <input_file_ref idref="fl-19"/>
      </object_component>
      <object_component id="oc-318">
         <name>.text:PWMGenConfigure</name>
         <load_address>0x3ff0</load_address>
         <run_address>0x3ff0</run_address>
         <size>0x22</size>
         <input_file_ref idref="fl-1b"/>
      </object_component>
      <object_component id="oc-2d3">
         <name>.text:UARTDisable</name>
         <load_address>0x4014</load_address>
         <run_address>0x4014</run_address>
         <size>0x20</size>
         <input_file_ref idref="fl-1e"/>
      </object_component>
      <object_component id="oc-c5">
         <name>.text</name>
         <load_address>0x4034</load_address>
         <run_address>0x4034</run_address>
         <size>0x20</size>
         <input_file_ref idref="fl-e0"/>
      </object_component>
      <object_component id="oc-1b1">
         <name>.text:PWMPulseWidthSet</name>
         <load_address>0x4054</load_address>
         <run_address>0x4054</run_address>
         <size>0x1e</size>
         <input_file_ref idref="fl-1b"/>
      </object_component>
      <object_component id="oc-e1">
         <name>.text:GPIOIntRegister</name>
         <load_address>0x4072</load_address>
         <run_address>0x4072</run_address>
         <size>0x18</size>
         <input_file_ref idref="fl-19"/>
      </object_component>
      <object_component id="oc-9b">
         <name>.text:GPIOPinTypeGPIOOutput</name>
         <load_address>0x408a</load_address>
         <run_address>0x408a</run_address>
         <size>0x18</size>
         <input_file_ref idref="fl-19"/>
      </object_component>
      <object_component id="oc-30c">
         <name>.text:SysCtlPWMClockSet</name>
         <load_address>0x40a4</load_address>
         <run_address>0x40a4</run_address>
         <size>0x14</size>
         <input_file_ref idref="fl-1c"/>
      </object_component>
      <object_component id="oc-2a5">
         <name>.text:UARTEnable</name>
         <load_address>0x40b8</load_address>
         <run_address>0x40b8</run_address>
         <size>0x14</size>
         <input_file_ref idref="fl-1e"/>
      </object_component>
      <object_component id="oc-d5">
         <name>.text:GPIOPinTypeGPIOInput</name>
         <load_address>0x40cc</load_address>
         <run_address>0x40cc</run_address>
         <size>0x12</size>
         <input_file_ref idref="fl-19"/>
      </object_component>
      <object_component id="oc-312">
         <name>.text:GPIOPinTypePWM</name>
         <load_address>0x40de</load_address>
         <run_address>0x40de</run_address>
         <size>0x12</size>
         <input_file_ref idref="fl-19"/>
      </object_component>
      <object_component id="oc-12b">
         <name>.text:GPIOPinTypeUART</name>
         <load_address>0x40f0</load_address>
         <run_address>0x40f0</run_address>
         <size>0x12</size>
         <input_file_ref idref="fl-19"/>
      </object_component>
      <object_component id="oc-324">
         <name>.text:PWMOutputState</name>
         <load_address>0x4102</load_address>
         <run_address>0x4102</run_address>
         <size>0x12</size>
         <input_file_ref idref="fl-1b"/>
      </object_component>
      <object_component id="oc-167">
         <name>.text:TimerLoadSet</name>
         <load_address>0x4114</load_address>
         <run_address>0x4114</run_address>
         <size>0x12</size>
         <input_file_ref idref="fl-1d"/>
      </object_component>
      <object_component id="oc-68">
         <name>.text:decompress:ZI:__TI_zero_init_nomemset:__TI_zero_init_nomemset</name>
         <load_address>0x4126</load_address>
         <run_address>0x4126</run_address>
         <size>0x12</size>
         <input_file_ref idref="fl-e1"/>
      </object_component>
      <object_component id="oc-360">
         <name>.text:FPUEnable</name>
         <load_address>0x4138</load_address>
         <run_address>0x4138</run_address>
         <size>0x10</size>
         <input_file_ref idref="fl-18"/>
      </object_component>
      <object_component id="oc-366">
         <name>.text:FPULazyStackingEnable</name>
         <load_address>0x4148</load_address>
         <run_address>0x4148</run_address>
         <size>0x10</size>
         <input_file_ref idref="fl-18"/>
      </object_component>
      <object_component id="oc-ed">
         <name>.text:IntMasterEnable</name>
         <load_address>0x4158</load_address>
         <run_address>0x4158</run_address>
         <size>0x10</size>
         <input_file_ref idref="fl-1a"/>
      </object_component>
      <object_component id="oc-3ff">
         <name>.text:PWMDeadBandEnable</name>
         <load_address>0x4168</load_address>
         <run_address>0x4168</run_address>
         <size>0x10</size>
         <input_file_ref idref="fl-1b"/>
      </object_component>
      <object_component id="oc-31e">
         <name>.text:PWMGenPeriodSet</name>
         <load_address>0x4178</load_address>
         <run_address>0x4178</run_address>
         <size>0x10</size>
         <input_file_ref idref="fl-1b"/>
      </object_component>
      <object_component id="oc-1c4">
         <name>.text:GPIOIntDisable</name>
         <load_address>0x4188</load_address>
         <run_address>0x4188</run_address>
         <size>0xe</size>
         <input_file_ref idref="fl-19"/>
      </object_component>
      <object_component id="oc-ad">
         <name>.text:GPIOIntStatus</name>
         <load_address>0x4196</load_address>
         <run_address>0x4196</run_address>
         <size>0xe</size>
         <input_file_ref idref="fl-19"/>
      </object_component>
      <object_component id="oc-173">
         <name>.text:TimerEnable</name>
         <load_address>0x41a4</load_address>
         <run_address>0x41a4</run_address>
         <size>0xe</size>
         <input_file_ref idref="fl-1d"/>
      </object_component>
      <object_component id="oc-113">
         <name>.text:UARTCharGetNonBlocking</name>
         <load_address>0x41b2</load_address>
         <run_address>0x41b2</run_address>
         <size>0xe</size>
         <input_file_ref idref="fl-1e"/>
      </object_component>
      <object_component id="oc-11f">
         <name>.text:UARTCharPutNonBlocking</name>
         <load_address>0x41c0</load_address>
         <run_address>0x41c0</run_address>
         <size>0xe</size>
         <input_file_ref idref="fl-1e"/>
      </object_component>
      <object_component id="oc-119">
         <name>.text:UARTCharsAvail</name>
         <load_address>0x41ce</load_address>
         <run_address>0x41ce</run_address>
         <size>0xe</size>
         <input_file_ref idref="fl-1e"/>
      </object_component>
      <object_component id="oc-18">
         <name>.text:decompress:none:__TI_decompress_none</name>
         <load_address>0x41dc</load_address>
         <run_address>0x41dc</run_address>
         <size>0xe</size>
         <input_file_ref idref="fl-e2"/>
      </object_component>
      <object_component id="oc-27d">
         <name>.text:CPUcpsie</name>
         <load_address>0x41ea</load_address>
         <run_address>0x41ea</run_address>
         <size>0xc</size>
         <input_file_ref idref="fl-1f"/>
      </object_component>
      <object_component id="oc-db">
         <name>.text:GPIOIntEnable</name>
         <load_address>0x41f6</load_address>
         <run_address>0x41f6</run_address>
         <size>0xc</size>
         <input_file_ref idref="fl-19"/>
      </object_component>
      <object_component id="oc-405">
         <name>.text:PWMGenDisable</name>
         <load_address>0x4202</load_address>
         <run_address>0x4202</run_address>
         <size>0xc</size>
         <input_file_ref idref="fl-1b"/>
      </object_component>
      <object_component id="oc-32a">
         <name>.text:PWMGenEnable</name>
         <load_address>0x420e</load_address>
         <run_address>0x420e</run_address>
         <size>0xc</size>
         <input_file_ref idref="fl-1b"/>
      </object_component>
      <object_component id="oc-24">
         <name>.text</name>
         <load_address>0x421a</load_address>
         <run_address>0x421a</run_address>
         <size>0xc</size>
         <input_file_ref idref="fl-3"/>
      </object_component>
      <object_component id="oc-197">
         <name>.text:TimerIntDisable</name>
         <load_address>0x4226</load_address>
         <run_address>0x4226</run_address>
         <size>0xa</size>
         <input_file_ref idref="fl-1d"/>
      </object_component>
      <object_component id="oc-179">
         <name>.text:TimerIntStatus</name>
         <load_address>0x4230</load_address>
         <run_address>0x4230</run_address>
         <size>0xa</size>
         <input_file_ref idref="fl-1d"/>
      </object_component>
      <object_component id="oc-b9">
         <name>.text:TimerValueGet</name>
         <load_address>0x423a</load_address>
         <run_address>0x423a</run_address>
         <size>0xa</size>
         <input_file_ref idref="fl-1d"/>
      </object_component>
      <object_component id="oc-2b1">
         <name>.text:UARTCharGet</name>
         <load_address>0x4244</load_address>
         <run_address>0x4244</run_address>
         <size>0xa</size>
         <input_file_ref idref="fl-1e"/>
      </object_component>
      <object_component id="oc-2ab">
         <name>.text:UARTCharPut</name>
         <load_address>0x424e</load_address>
         <run_address>0x424e</run_address>
         <size>0xa</size>
         <input_file_ref idref="fl-1e"/>
      </object_component>
      <object_component id="oc-1de">
         <name>.text:UARTFIFOEnable</name>
         <load_address>0x4258</load_address>
         <run_address>0x4258</run_address>
         <size>0xa</size>
         <input_file_ref idref="fl-1e"/>
      </object_component>
      <object_component id="oc-107">
         <name>.text:UARTIntStatus</name>
         <load_address>0x4262</load_address>
         <run_address>0x4262</run_address>
         <size>0xa</size>
         <input_file_ref idref="fl-1e"/>
      </object_component>
      <object_component id="oc-185">
         <name>.text:TimerIntEnable</name>
         <load_address>0x426c</load_address>
         <run_address>0x426c</run_address>
         <size>0x8</size>
         <input_file_ref idref="fl-1d"/>
      </object_component>
      <object_component id="oc-143">
         <name>.text:UARTIntEnable</name>
         <load_address>0x4274</load_address>
         <run_address>0x4274</run_address>
         <size>0x8</size>
         <input_file_ref idref="fl-1e"/>
      </object_component>
      <object_component id="oc-b3">
         <name>.text:GPIOIntClear</name>
         <load_address>0x427c</load_address>
         <run_address>0x427c</run_address>
         <size>0x6</size>
         <input_file_ref idref="fl-19"/>
      </object_component>
      <object_component id="oc-1be">
         <name>.text:GPIOPinRead</name>
         <load_address>0x4282</load_address>
         <run_address>0x4282</run_address>
         <size>0x6</size>
         <input_file_ref idref="fl-19"/>
      </object_component>
      <object_component id="oc-a1">
         <name>.text:GPIOPinWrite</name>
         <load_address>0x4288</load_address>
         <run_address>0x4288</run_address>
         <size>0x6</size>
         <input_file_ref idref="fl-19"/>
      </object_component>
      <object_component id="oc-149">
         <name>.text:SysCtlDelay</name>
         <load_address>0x428e</load_address>
         <run_address>0x428e</run_address>
         <size>0x6</size>
         <input_file_ref idref="fl-1c"/>
      </object_component>
      <object_component id="oc-1e4">
         <name>.text:UARTFIFOLevelSet</name>
         <load_address>0x4294</load_address>
         <run_address>0x4294</run_address>
         <size>0x6</size>
         <input_file_ref idref="fl-1e"/>
      </object_component>
      <object_component id="oc-17f">
         <name>.text:TimerIntClear</name>
         <load_address>0x429a</load_address>
         <run_address>0x429a</run_address>
         <size>0x4</size>
         <input_file_ref idref="fl-1d"/>
      </object_component>
      <object_component id="oc-10d">
         <name>.text:UARTIntClear</name>
         <load_address>0x429e</load_address>
         <run_address>0x429e</run_address>
         <size>0x4</size>
         <input_file_ref idref="fl-1e"/>
      </object_component>
      <object_component id="oc-22c">
         <name>.text:_system_pre_init</name>
         <load_address>0x42a2</load_address>
         <run_address>0x42a2</run_address>
         <size>0x4</size>
         <input_file_ref idref="fl-ea"/>
      </object_component>
      <object_component id="oc-373">
         <name>.text:abort:abort</name>
         <load_address>0x42a6</load_address>
         <run_address>0x42a6</run_address>
         <size>0x4</size>
         <input_file_ref idref="fl-e5"/>
      </object_component>
      <object_component id="oc-301">
         <name>.const:.string:F8X16</name>
         <load_address>0x42b0</load_address>
         <run_address>0x42b0</run_address>
         <size>0x5f0</size>
         <input_file_ref idref="fl-4"/>
      </object_component>
      <object_component id="oc-304">
         <name>.const:F6x8</name>
         <load_address>0x48a0</load_address>
         <run_address>0x48a0</run_address>
         <size>0x228</size>
         <input_file_ref idref="fl-4"/>
      </object_component>
      <object_component id="oc-3c4">
         <name>.const:g_ppui32GPIOIntMapSnowflake</name>
         <load_address>0x4ac8</load_address>
         <run_address>0x4ac8</run_address>
         <size>0xd8</size>
         <input_file_ref idref="fl-19"/>
      </object_component>
      <object_component id="oc-3c1">
         <name>.const:g_ppui32GPIOIntMapBlizzard</name>
         <load_address>0x4ba0</load_address>
         <run_address>0x4ba0</run_address>
         <size>0xc0</size>
         <input_file_ref idref="fl-19"/>
      </object_component>
      <object_component id="oc-29a">
         <name>.const:g_pui32GPIOBaseAddrs</name>
         <load_address>0x4c60</load_address>
         <run_address>0x4c60</run_address>
         <size>0x90</size>
         <input_file_ref idref="fl-19"/>
      </object_component>
      <object_component id="oc-278">
         <name>.const</name>
         <load_address>0x4cf0</load_address>
         <run_address>0x4cf0</run_address>
         <size>0x70</size>
         <input_file_ref idref="fl-1a"/>
      </object_component>
      <object_component id="oc-2cf">
         <name>.const:g_pui32Xtals</name>
         <load_address>0x4d60</load_address>
         <run_address>0x4d60</run_address>
         <size>0x6c</size>
         <input_file_ref idref="fl-1c"/>
      </object_component>
      <object_component id="oc-2c5">
         <name>.const</name>
         <load_address>0x4dcc</load_address>
         <run_address>0x4dcc</run_address>
         <size>0x4</size>
         <input_file_ref idref="fl-12"/>
      </object_component>
      <object_component id="oc-f7">
         <name>.const:$P$T0$3</name>
         <load_address>0x4dd0</load_address>
         <run_address>0x4dd0</run_address>
         <size>0x58</size>
         <input_file_ref idref="fl-10"/>
      </object_component>
      <object_component id="oc-3e5">
         <name>.const:.string</name>
         <load_address>0x4e28</load_address>
         <run_address>0x4e28</run_address>
         <size>0x12</size>
         <input_file_ref idref="fl-12"/>
      </object_component>
      <object_component id="oc-2bd">
         <name>.const:g_ui32UARTBase</name>
         <load_address>0x4e3c</load_address>
         <run_address>0x4e3c</run_address>
         <size>0xc</size>
         <input_file_ref idref="fl-12"/>
      </object_component>
      <object_component id="oc-2b7">
         <name>.const:g_ui32UARTPeriph</name>
         <load_address>0x4e48</load_address>
         <run_address>0x4e48</run_address>
         <size>0xc</size>
         <input_file_ref idref="fl-12"/>
      </object_component>
      <object_component id="oc-497">
         <name>.cinit..data.load</name>
         <load_address>0x4e58</load_address>
         <run_address>0x4e58</run_address>
         <size>0xef</size>
      </object_component>
      <object_component id="oc-494">
         <name>__TI_handler_table</name>
         <load_address>0x4f48</load_address>
         <run_address>0x4f48</run_address>
         <size>0xc</size>
      </object_component>
      <object_component id="oc-498">
         <name>.cinit..bss.load</name>
         <load_address>0x4f58</load_address>
         <run_address>0x4f58</run_address>
         <size>0x8</size>
      </object_component>
      <object_component id="oc-496">
         <name>.cinit..vtable.load</name>
         <load_address>0x4f60</load_address>
         <run_address>0x4f60</run_address>
         <size>0x8</size>
      </object_component>
      <object_component id="oc-495">
         <name>__TI_cinit_table</name>
         <load_address>0x4f68</load_address>
         <run_address>0x4f68</run_address>
         <size>0x18</size>
      </object_component>
      <object_component id="oc-3c8">
         <name>.vtable</name>
         <uninitialized>true</uninitialized>
         <run_address>0x20000000</run_address>
         <size>0x26c</size>
         <input_file_ref idref="fl-1a"/>
      </object_component>
      <object_component id="oc-307">
         <name>.data:Hzk</name>
         <load_address>0x20000270</load_address>
         <run_address>0x20000270</run_address>
         <size>0x180</size>
         <input_file_ref idref="fl-4"/>
      </object_component>
      <object_component id="oc-158">
         <name>.data</name>
         <load_address>0x20000418</load_address>
         <run_address>0x20000418</run_address>
         <size>0x14</size>
         <input_file_ref idref="fl-6"/>
      </object_component>
      <object_component id="oc-202">
         <name>.data</name>
         <load_address>0x20000474</load_address>
         <run_address>0x20000474</run_address>
         <size>0x7</size>
         <input_file_ref idref="fl-8"/>
      </object_component>
      <object_component id="oc-1ff">
         <name>.data:Rx_Buffer_attitude</name>
         <load_address>0x200003f0</load_address>
         <run_address>0x200003f0</run_address>
         <size>0x28</size>
         <input_file_ref idref="fl-8"/>
      </object_component>
      <object_component id="oc-206">
         <name>.data:Rx_Buffer_height</name>
         <load_address>0x2000042c</load_address>
         <run_address>0x2000042c</run_address>
         <size>0x14</size>
         <input_file_ref idref="fl-8"/>
      </object_component>
      <object_component id="oc-18c">
         <name>.data</name>
         <load_address>0x20000440</load_address>
         <run_address>0x20000440</run_address>
         <size>0x14</size>
         <input_file_ref idref="fl-9"/>
      </object_component>
      <object_component id="oc-40b">
         <name>.data</name>
         <load_address>0x20000454</load_address>
         <run_address>0x20000454</run_address>
         <size>0xa</size>
         <input_file_ref idref="fl-a"/>
      </object_component>
      <object_component id="oc-1da">
         <name>.data</name>
         <load_address>0x2000047c</load_address>
         <run_address>0x2000047c</run_address>
         <size>0x6</size>
         <input_file_ref idref="fl-f"/>
      </object_component>
      <object_component id="oc-f4">
         <name>.data</name>
         <load_address>0x20000460</load_address>
         <run_address>0x20000460</run_address>
         <size>0xa</size>
         <input_file_ref idref="fl-10"/>
      </object_component>
      <object_component id="oc-f3">
         <name>.data:ui32Time$1</name>
         <load_address>0x2000046c</load_address>
         <run_address>0x2000046c</run_address>
         <size>0x8</size>
         <input_file_ref idref="fl-10"/>
      </object_component>
      <object_component id="oc-150">
         <name>.data</name>
         <load_address>0x20000489</load_address>
         <run_address>0x20000489</run_address>
         <size>0x3</size>
         <input_file_ref idref="fl-11"/>
      </object_component>
      <object_component id="oc-2ba">
         <name>.data</name>
         <load_address>0x20000484</load_address>
         <run_address>0x20000484</run_address>
         <size>0x5</size>
         <input_file_ref idref="fl-12"/>
      </object_component>
      <object_component id="oc-1f9">
         <name>.bss</name>
         <uninitialized>true</uninitialized>
         <run_address>0x20000768</run_address>
         <size>0x11</size>
         <input_file_ref idref="fl-8"/>
      </object_component>
      <object_component id="oc-2dc">
         <name>.common:RealAttitude_roll</name>
         <uninitialized>true</uninitialized>
         <run_address>0x200007c4</run_address>
         <size>0x2</size>
      </object_component>
      <object_component id="oc-2db">
         <name>.common:RealAttitude_pitch</name>
         <uninitialized>true</uninitialized>
         <run_address>0x200007aa</run_address>
         <size>0x2</size>
      </object_component>
      <object_component id="oc-2dd">
         <name>.common:RealAttitude_yaw</name>
         <uninitialized>true</uninitialized>
         <run_address>0x200007c6</run_address>
         <size>0x2</size>
      </object_component>
      <object_component id="oc-15c">
         <name>.common:Real_XCoordinate</name>
         <uninitialized>true</uninitialized>
         <run_address>0x200007c8</run_address>
         <size>0x2</size>
      </object_component>
      <object_component id="oc-15f">
         <name>.common:Real_YCoordinate</name>
         <uninitialized>true</uninitialized>
         <run_address>0x200007ca</run_address>
         <size>0x2</size>
      </object_component>
      <object_component id="oc-205">
         <name>.common:rx_buffer</name>
         <uninitialized>true</uninitialized>
         <run_address>0x200007a9</run_address>
         <size>0x1</size>
      </object_component>
      <object_component id="oc-20a">
         <name>.common:int_pitch</name>
         <uninitialized>true</uninitialized>
         <run_address>0x200007cc</run_address>
         <size>0x2</size>
      </object_component>
      <object_component id="oc-20b">
         <name>.common:int_roll</name>
         <uninitialized>true</uninitialized>
         <run_address>0x200007ce</run_address>
         <size>0x2</size>
      </object_component>
      <object_component id="oc-20c">
         <name>.common:int_yaw</name>
         <uninitialized>true</uninitialized>
         <run_address>0x200007d0</run_address>
         <size>0x2</size>
      </object_component>
      <object_component id="oc-20d">
         <name>.common:int_distance</name>
         <uninitialized>true</uninitialized>
         <run_address>0x200007c0</run_address>
         <size>0x4</size>
      </object_component>
      <object_component id="oc-1fc">
         <name>.common:Source_attitude_payload</name>
         <uninitialized>true</uninitialized>
         <run_address>0x20000690</run_address>
         <size>0x30</size>
      </object_component>
      <object_component id="oc-209">
         <name>.common:Source_Rangefinder_payload</name>
         <uninitialized>true</uninitialized>
         <run_address>0x200007ac</run_address>
         <size>0x8</size>
      </object_component>
      <object_component id="oc-195">
         <name>.common:PID_X</name>
         <uninitialized>true</uninitialized>
         <run_address>0x20000730</run_address>
         <size>0x1c</size>
      </object_component>
      <object_component id="oc-18f">
         <name>.common:PID_Y</name>
         <uninitialized>true</uninitialized>
         <run_address>0x2000074c</run_address>
         <size>0x1c</size>
      </object_component>
      <object_component id="oc-193">
         <name>.common:PID_H</name>
         <uninitialized>true</uninitialized>
         <run_address>0x20000714</run_address>
         <size>0x1c</size>
      </object_component>
      <object_component id="oc-196">
         <name>.common:PID_Data_X</name>
         <uninitialized>true</uninitialized>
         <run_address>0x200006dc</run_address>
         <size>0x1c</size>
      </object_component>
      <object_component id="oc-192">
         <name>.common:PID_Data_Y</name>
         <uninitialized>true</uninitialized>
         <run_address>0x200006f8</run_address>
         <size>0x1c</size>
      </object_component>
      <object_component id="oc-194">
         <name>.common:PID_Data_H</name>
         <uninitialized>true</uninitialized>
         <run_address>0x200006c0</run_address>
         <size>0x1c</size>
      </object_component>
      <object_component id="oc-1d6">
         <name>.common:ReadPin0</name>
         <uninitialized>true</uninitialized>
         <run_address>0x200007b8</run_address>
         <size>0x4</size>
      </object_component>
      <object_component id="oc-1d9">
         <name>.common:ReadPin4</name>
         <uninitialized>true</uninitialized>
         <run_address>0x200007bc</run_address>
         <size>0x4</size>
      </object_component>
      <object_component id="oc-153">
         <name>.common:ReciveData_UART0</name>
         <uninitialized>true</uninitialized>
         <run_address>0x20000779</run_address>
         <size>0x10</size>
      </object_component>
      <object_component id="oc-156">
         <name>.common:Distance_Laser</name>
         <uninitialized>true</uninitialized>
         <run_address>0x200007b4</run_address>
         <size>0x4</size>
      </object_component>
      <object_component id="oc-157">
         <name>.common:ReciveData_UART1</name>
         <uninitialized>true</uninitialized>
         <run_address>0x20000789</run_address>
         <size>0x10</size>
      </object_component>
      <object_component id="oc-15b">
         <name>.common:ReciveData_UART3</name>
         <uninitialized>true</uninitialized>
         <run_address>0x20000799</run_address>
         <size>0x10</size>
      </object_component>
      <object_component id="oc-21">
         <name>.stack</name>
         <uninitialized>true</uninitialized>
         <run_address>0x20000490</run_address>
         <size>0x4</size>
         <input_file_ref idref="fl-e4"/>
      </object_component>
      <object_component id="oc-499">
         <name>.stack</name>
         <uninitialized>true</uninitialized>
         <run_address>0x20000490</run_address>
         <size>0x0</size>
      </object_component>
      <object_component id="oc-34e">
         <name>.debug_info</name>
         <load_address>0x0</load_address>
         <run_address>0x0</run_address>
         <size>0xa27</size>
         <input_file_ref idref="fl-2"/>
      </object_component>
      <object_component id="oc-233">
         <name>.debug_info</name>
         <load_address>0xa27</load_address>
         <run_address>0xa27</run_address>
         <size>0x455</size>
         <input_file_ref idref="fl-2"/>
      </object_component>
      <object_component id="oc-211">
         <name>.debug_info</name>
         <load_address>0xe7c</load_address>
         <run_address>0xe7c</run_address>
         <size>0x26b</size>
         <input_file_ref idref="fl-2"/>
      </object_component>
      <object_component id="oc-28a">
         <name>.debug_info</name>
         <load_address>0x10e7</load_address>
         <run_address>0x10e7</run_address>
         <size>0x6bd</size>
         <input_file_ref idref="fl-2"/>
      </object_component>
      <object_component id="oc-2f2">
         <name>.debug_info</name>
         <load_address>0x17a4</load_address>
         <run_address>0x17a4</run_address>
         <size>0x165</size>
         <input_file_ref idref="fl-2"/>
      </object_component>
      <object_component id="oc-33e">
         <name>.debug_info</name>
         <load_address>0x1909</load_address>
         <run_address>0x1909</run_address>
         <size>0xf5</size>
         <input_file_ref idref="fl-2"/>
      </object_component>
      <object_component id="oc-102">
         <name>.debug_info</name>
         <load_address>0x19fe</load_address>
         <run_address>0x19fe</run_address>
         <size>0x8b</size>
         <input_file_ref idref="fl-2"/>
      </object_component>
      <object_component id="oc-28f">
         <name>.debug_info</name>
         <load_address>0x1a89</load_address>
         <run_address>0x1a89</run_address>
         <size>0x297</size>
         <input_file_ref idref="fl-2"/>
      </object_component>
      <object_component id="oc-fd">
         <name>.debug_info</name>
         <load_address>0x1d20</load_address>
         <run_address>0x1d20</run_address>
         <size>0xbb</size>
         <input_file_ref idref="fl-2"/>
      </object_component>
      <object_component id="oc-2ca">
         <name>.debug_info</name>
         <load_address>0x1ddb</load_address>
         <run_address>0x1ddb</run_address>
         <size>0x2c</size>
         <input_file_ref idref="fl-2"/>
      </object_component>
      <object_component id="oc-50">
         <name>.debug_info</name>
         <load_address>0x1e07</load_address>
         <run_address>0x1e07</run_address>
         <size>0x403</size>
         <input_file_ref idref="fl-3"/>
      </object_component>
      <object_component id="oc-10">
         <name>.debug_info</name>
         <load_address>0x220a</load_address>
         <run_address>0x220a</run_address>
         <size>0xe0</size>
         <input_file_ref idref="fl-3"/>
      </object_component>
      <object_component id="oc-27">
         <name>.debug_info</name>
         <load_address>0x22ea</load_address>
         <run_address>0x22ea</run_address>
         <size>0x25d</size>
         <input_file_ref idref="fl-3"/>
      </object_component>
      <object_component id="oc-57">
         <name>.debug_info</name>
         <load_address>0x2547</load_address>
         <run_address>0x2547</run_address>
         <size>0x84</size>
         <input_file_ref idref="fl-3"/>
      </object_component>
      <object_component id="oc-30b">
         <name>.debug_info</name>
         <load_address>0x25cb</load_address>
         <run_address>0x25cb</run_address>
         <size>0x366</size>
         <input_file_ref idref="fl-4"/>
      </object_component>
      <object_component id="oc-305">
         <name>.debug_info</name>
         <load_address>0x2931</load_address>
         <run_address>0x2931</run_address>
         <size>0xc6</size>
         <input_file_ref idref="fl-4"/>
      </object_component>
      <object_component id="oc-302">
         <name>.debug_info</name>
         <load_address>0x29f7</load_address>
         <run_address>0x29f7</run_address>
         <size>0xc8</size>
         <input_file_ref idref="fl-4"/>
      </object_component>
      <object_component id="oc-308">
         <name>.debug_info</name>
         <load_address>0x2abf</load_address>
         <run_address>0x2abf</run_address>
         <size>0xc4</size>
         <input_file_ref idref="fl-4"/>
      </object_component>
      <object_component id="oc-1cb">
         <name>.debug_info</name>
         <load_address>0x2b83</load_address>
         <run_address>0x2b83</run_address>
         <size>0x1517</size>
         <input_file_ref idref="fl-4"/>
      </object_component>
      <object_component id="oc-15d">
         <name>.debug_info</name>
         <load_address>0x409a</load_address>
         <run_address>0x409a</run_address>
         <size>0x7ce</size>
         <input_file_ref idref="fl-6"/>
      </object_component>
      <object_component id="oc-159">
         <name>.debug_info</name>
         <load_address>0x4868</load_address>
         <run_address>0x4868</run_address>
         <size>0x200</size>
         <input_file_ref idref="fl-6"/>
      </object_component>
      <object_component id="oc-14e">
         <name>.debug_info</name>
         <load_address>0x4a68</load_address>
         <run_address>0x4a68</run_address>
         <size>0x90a</size>
         <input_file_ref idref="fl-6"/>
      </object_component>
      <object_component id="oc-268">
         <name>.debug_info</name>
         <load_address>0x5372</load_address>
         <run_address>0x5372</run_address>
         <size>0x481</size>
         <input_file_ref idref="fl-7"/>
      </object_component>
      <object_component id="oc-d0">
         <name>.debug_info</name>
         <load_address>0x57f3</load_address>
         <run_address>0x57f3</run_address>
         <size>0x3bf</size>
         <input_file_ref idref="fl-7"/>
      </object_component>
      <object_component id="oc-1fd">
         <name>.debug_info</name>
         <load_address>0x5bb2</load_address>
         <run_address>0x5bb2</run_address>
         <size>0x8c0</size>
         <input_file_ref idref="fl-8"/>
      </object_component>
      <object_component id="oc-203">
         <name>.debug_info</name>
         <load_address>0x6472</load_address>
         <run_address>0x6472</run_address>
         <size>0x1ae</size>
         <input_file_ref idref="fl-8"/>
      </object_component>
      <object_component id="oc-200">
         <name>.debug_info</name>
         <load_address>0x6620</load_address>
         <run_address>0x6620</run_address>
         <size>0xef</size>
         <input_file_ref idref="fl-8"/>
      </object_component>
      <object_component id="oc-207">
         <name>.debug_info</name>
         <load_address>0x670f</load_address>
         <run_address>0x670f</run_address>
         <size>0xeb</size>
         <input_file_ref idref="fl-8"/>
      </object_component>
      <object_component id="oc-1fa">
         <name>.debug_info</name>
         <load_address>0x67fa</load_address>
         <run_address>0x67fa</run_address>
         <size>0x151</size>
         <input_file_ref idref="fl-8"/>
      </object_component>
      <object_component id="oc-49">
         <name>.debug_info</name>
         <load_address>0x694b</load_address>
         <run_address>0x694b</run_address>
         <size>0x7ad</size>
         <input_file_ref idref="fl-8"/>
      </object_component>
      <object_component id="oc-343">
         <name>.debug_info</name>
         <load_address>0x70f8</load_address>
         <run_address>0x70f8</run_address>
         <size>0x2c</size>
         <input_file_ref idref="fl-8"/>
      </object_component>
      <object_component id="oc-190">
         <name>.debug_info</name>
         <load_address>0x7124</load_address>
         <run_address>0x7124</run_address>
         <size>0x7e4</size>
         <input_file_ref idref="fl-9"/>
      </object_component>
      <object_component id="oc-18d">
         <name>.debug_info</name>
         <load_address>0x7908</load_address>
         <run_address>0x7908</run_address>
         <size>0x1db</size>
         <input_file_ref idref="fl-9"/>
      </object_component>
      <object_component id="oc-3d">
         <name>.debug_info</name>
         <load_address>0x7ae3</load_address>
         <run_address>0x7ae3</run_address>
         <size>0x33a</size>
         <input_file_ref idref="fl-9"/>
      </object_component>
      <object_component id="oc-40c">
         <name>.debug_info</name>
         <load_address>0x7e1d</load_address>
         <run_address>0x7e1d</run_address>
         <size>0x173</size>
         <input_file_ref idref="fl-a"/>
      </object_component>
      <object_component id="oc-35b">
         <name>.debug_info</name>
         <load_address>0x7f90</load_address>
         <run_address>0x7f90</run_address>
         <size>0x562</size>
         <input_file_ref idref="fl-a"/>
      </object_component>
      <object_component id="oc-37">
         <name>.debug_info</name>
         <load_address>0x84f2</load_address>
         <run_address>0x84f2</run_address>
         <size>0x4c1</size>
         <input_file_ref idref="fl-b"/>
      </object_component>
      <object_component id="oc-1d3">
         <name>.debug_info</name>
         <load_address>0x89b3</load_address>
         <run_address>0x89b3</run_address>
         <size>0x7c3</size>
         <input_file_ref idref="fl-d"/>
      </object_component>
      <object_component id="oc-aa">
         <name>.debug_info</name>
         <load_address>0x9176</load_address>
         <run_address>0x9176</run_address>
         <size>0x200</size>
         <input_file_ref idref="fl-e"/>
      </object_component>
      <object_component id="oc-1d7">
         <name>.debug_info</name>
         <load_address>0x9376</load_address>
         <run_address>0x9376</run_address>
         <size>0x7f4</size>
         <input_file_ref idref="fl-f"/>
      </object_component>
      <object_component id="oc-1db">
         <name>.debug_info</name>
         <load_address>0x9b6a</load_address>
         <run_address>0x9b6a</run_address>
         <size>0xff</size>
         <input_file_ref idref="fl-f"/>
      </object_component>
      <object_component id="oc-43">
         <name>.debug_info</name>
         <load_address>0x9c69</load_address>
         <run_address>0x9c69</run_address>
         <size>0x4fa</size>
         <input_file_ref idref="fl-f"/>
      </object_component>
      <object_component id="oc-fb">
         <name>.debug_info</name>
         <load_address>0xa163</load_address>
         <run_address>0xa163</run_address>
         <size>0x81e</size>
         <input_file_ref idref="fl-10"/>
      </object_component>
      <object_component id="oc-f5">
         <name>.debug_info</name>
         <load_address>0xa981</load_address>
         <run_address>0xa981</run_address>
         <size>0xf0</size>
         <input_file_ref idref="fl-10"/>
      </object_component>
      <object_component id="oc-f8">
         <name>.debug_info</name>
         <load_address>0xaa71</load_address>
         <run_address>0xaa71</run_address>
         <size>0xc8</size>
         <input_file_ref idref="fl-10"/>
      </object_component>
      <object_component id="oc-2b">
         <name>.debug_info</name>
         <load_address>0xab39</load_address>
         <run_address>0xab39</run_address>
         <size>0x5d9</size>
         <input_file_ref idref="fl-10"/>
      </object_component>
      <object_component id="oc-154">
         <name>.debug_info</name>
         <load_address>0xb112</load_address>
         <run_address>0xb112</run_address>
         <size>0x9e2</size>
         <input_file_ref idref="fl-11"/>
      </object_component>
      <object_component id="oc-151">
         <name>.debug_info</name>
         <load_address>0xbaf4</load_address>
         <run_address>0xbaf4</run_address>
         <size>0x14d</size>
         <input_file_ref idref="fl-11"/>
      </object_component>
      <object_component id="oc-31">
         <name>.debug_info</name>
         <load_address>0xbc41</load_address>
         <run_address>0xbc41</run_address>
         <size>0xaf4</size>
         <input_file_ref idref="fl-11"/>
      </object_component>
      <object_component id="oc-2c9">
         <name>.debug_info</name>
         <load_address>0xc735</load_address>
         <run_address>0xc735</run_address>
         <size>0x3da</size>
         <input_file_ref idref="fl-12"/>
      </object_component>
      <object_component id="oc-2bb">
         <name>.debug_info</name>
         <load_address>0xcb0f</load_address>
         <run_address>0xcb0f</run_address>
         <size>0xd1</size>
         <input_file_ref idref="fl-12"/>
      </object_component>
      <object_component id="oc-2c6">
         <name>.debug_info</name>
         <load_address>0xcbe0</load_address>
         <run_address>0xcbe0</run_address>
         <size>0xcb</size>
         <input_file_ref idref="fl-12"/>
      </object_component>
      <object_component id="oc-2be">
         <name>.debug_info</name>
         <load_address>0xccab</load_address>
         <run_address>0xccab</run_address>
         <size>0xd9</size>
         <input_file_ref idref="fl-12"/>
      </object_component>
      <object_component id="oc-2b8">
         <name>.debug_info</name>
         <load_address>0xcd84</load_address>
         <run_address>0xcd84</run_address>
         <size>0xdd</size>
         <input_file_ref idref="fl-12"/>
      </object_component>
      <object_component id="oc-132">
         <name>.debug_info</name>
         <load_address>0xce61</load_address>
         <run_address>0xce61</run_address>
         <size>0x7b6</size>
         <input_file_ref idref="fl-12"/>
      </object_component>
      <object_component id="oc-368">
         <name>.debug_info</name>
         <load_address>0xd617</load_address>
         <run_address>0xd617</run_address>
         <size>0x225</size>
         <input_file_ref idref="fl-18"/>
      </object_component>
      <object_component id="oc-363">
         <name>.debug_info</name>
         <load_address>0xd83c</load_address>
         <run_address>0xd83c</run_address>
         <size>0x20d</size>
         <input_file_ref idref="fl-18"/>
      </object_component>
      <object_component id="oc-245">
         <name>.debug_info</name>
         <load_address>0xda49</load_address>
         <run_address>0xda49</run_address>
         <size>0x18b</size>
         <input_file_ref idref="fl-18"/>
      </object_component>
      <object_component id="oc-253">
         <name>.debug_info</name>
         <load_address>0xdbd4</load_address>
         <run_address>0xdbd4</run_address>
         <size>0x240</size>
         <input_file_ref idref="fl-19"/>
      </object_component>
      <object_component id="oc-3c2">
         <name>.debug_info</name>
         <load_address>0xde14</load_address>
         <run_address>0xde14</run_address>
         <size>0x167</size>
         <input_file_ref idref="fl-19"/>
      </object_component>
      <object_component id="oc-3c5">
         <name>.debug_info</name>
         <load_address>0xdf7b</load_address>
         <run_address>0xdf7b</run_address>
         <size>0x169</size>
         <input_file_ref idref="fl-19"/>
      </object_component>
      <object_component id="oc-29b">
         <name>.debug_info</name>
         <load_address>0xe0e4</load_address>
         <run_address>0xe0e4</run_address>
         <size>0x15b</size>
         <input_file_ref idref="fl-19"/>
      </object_component>
      <object_component id="oc-a2">
         <name>.debug_info</name>
         <load_address>0xe23f</load_address>
         <run_address>0xe23f</run_address>
         <size>0x2a3</size>
         <input_file_ref idref="fl-19"/>
      </object_component>
      <object_component id="oc-24d">
         <name>.debug_info</name>
         <load_address>0xe4e2</load_address>
         <run_address>0xe4e2</run_address>
         <size>0x2b3</size>
         <input_file_ref idref="fl-19"/>
      </object_component>
      <object_component id="oc-1b9">
         <name>.debug_info</name>
         <load_address>0xe795</load_address>
         <run_address>0xe795</run_address>
         <size>0x316</size>
         <input_file_ref idref="fl-19"/>
      </object_component>
      <object_component id="oc-12c">
         <name>.debug_info</name>
         <load_address>0xeaab</load_address>
         <run_address>0xeaab</run_address>
         <size>0x27b</size>
         <input_file_ref idref="fl-19"/>
      </object_component>
      <object_component id="oc-313">
         <name>.debug_info</name>
         <load_address>0xed26</load_address>
         <run_address>0xed26</run_address>
         <size>0x279</size>
         <input_file_ref idref="fl-19"/>
      </object_component>
      <object_component id="oc-9c">
         <name>.debug_info</name>
         <load_address>0xef9f</load_address>
         <run_address>0xef9f</run_address>
         <size>0x2b7</size>
         <input_file_ref idref="fl-19"/>
      </object_component>
      <object_component id="oc-d6">
         <name>.debug_info</name>
         <load_address>0xf256</load_address>
         <run_address>0xf256</run_address>
         <size>0x285</size>
         <input_file_ref idref="fl-19"/>
      </object_component>
      <object_component id="oc-1bf">
         <name>.debug_info</name>
         <load_address>0xf4db</load_address>
         <run_address>0xf4db</run_address>
         <size>0x27b</size>
         <input_file_ref idref="fl-19"/>
      </object_component>
      <object_component id="oc-126">
         <name>.debug_info</name>
         <load_address>0xf756</load_address>
         <run_address>0xf756</run_address>
         <size>0x280</size>
         <input_file_ref idref="fl-19"/>
      </object_component>
      <object_component id="oc-26c">
         <name>.debug_info</name>
         <load_address>0xf9d6</load_address>
         <run_address>0xf9d6</run_address>
         <size>0x298</size>
         <input_file_ref idref="fl-19"/>
      </object_component>
      <object_component id="oc-c0">
         <name>.debug_info</name>
         <load_address>0xfc6e</load_address>
         <run_address>0xfc6e</run_address>
         <size>0x2bb</size>
         <input_file_ref idref="fl-19"/>
      </object_component>
      <object_component id="oc-ae">
         <name>.debug_info</name>
         <load_address>0xff29</load_address>
         <run_address>0xff29</run_address>
         <size>0x27f</size>
         <input_file_ref idref="fl-19"/>
      </object_component>
      <object_component id="oc-e2">
         <name>.debug_info</name>
         <load_address>0x101a8</load_address>
         <run_address>0x101a8</run_address>
         <size>0x2cf</size>
         <input_file_ref idref="fl-19"/>
      </object_component>
      <object_component id="oc-dc">
         <name>.debug_info</name>
         <load_address>0x10477</load_address>
         <run_address>0x10477</run_address>
         <size>0x28f</size>
         <input_file_ref idref="fl-19"/>
      </object_component>
      <object_component id="oc-1c5">
         <name>.debug_info</name>
         <load_address>0x10706</load_address>
         <run_address>0x10706</run_address>
         <size>0x291</size>
         <input_file_ref idref="fl-19"/>
      </object_component>
      <object_component id="oc-b4">
         <name>.debug_info</name>
         <load_address>0x10997</load_address>
         <run_address>0x10997</run_address>
         <size>0x28d</size>
         <input_file_ref idref="fl-19"/>
      </object_component>
      <object_component id="oc-27c">
         <name>.debug_info</name>
         <load_address>0x10c24</load_address>
         <run_address>0x10c24</run_address>
         <size>0x20e</size>
         <input_file_ref idref="fl-1a"/>
      </object_component>
      <object_component id="oc-279">
         <name>.debug_info</name>
         <load_address>0x10e32</load_address>
         <run_address>0x10e32</run_address>
         <size>0x210</size>
         <input_file_ref idref="fl-1a"/>
      </object_component>
      <object_component id="oc-3c9">
         <name>.debug_info</name>
         <load_address>0x11042</load_address>
         <run_address>0x11042</run_address>
         <size>0x157</size>
         <input_file_ref idref="fl-1a"/>
      </object_component>
      <object_component id="oc-272">
         <name>.debug_info</name>
         <load_address>0x11199</load_address>
         <run_address>0x11199</run_address>
         <size>0x2c1</size>
         <input_file_ref idref="fl-1a"/>
      </object_component>
      <object_component id="oc-ee">
         <name>.debug_info</name>
         <load_address>0x1145a</load_address>
         <run_address>0x1145a</run_address>
         <size>0x23e</size>
         <input_file_ref idref="fl-1a"/>
      </object_component>
      <object_component id="oc-e8">
         <name>.debug_info</name>
         <load_address>0x11698</load_address>
         <run_address>0x11698</run_address>
         <size>0x268</size>
         <input_file_ref idref="fl-1a"/>
      </object_component>
      <object_component id="oc-16e">
         <name>.debug_info</name>
         <load_address>0x11900</load_address>
         <run_address>0x11900</run_address>
         <size>0x26a</size>
         <input_file_ref idref="fl-1a"/>
      </object_component>
      <object_component id="oc-2fd">
         <name>.debug_info</name>
         <load_address>0x11b6a</load_address>
         <run_address>0x11b6a</run_address>
         <size>0x1ed</size>
         <input_file_ref idref="fl-1b"/>
      </object_component>
      <object_component id="oc-1b2">
         <name>.debug_info</name>
         <load_address>0x11d57</load_address>
         <run_address>0x11d57</run_address>
         <size>0x2f6</size>
         <input_file_ref idref="fl-1b"/>
      </object_component>
      <object_component id="oc-325">
         <name>.debug_info</name>
         <load_address>0x1204d</load_address>
         <run_address>0x1204d</run_address>
         <size>0x2c4</size>
         <input_file_ref idref="fl-1b"/>
      </object_component>
      <object_component id="oc-31f">
         <name>.debug_info</name>
         <load_address>0x12311</load_address>
         <run_address>0x12311</run_address>
         <size>0x2b6</size>
         <input_file_ref idref="fl-1b"/>
      </object_component>
      <object_component id="oc-32b">
         <name>.debug_info</name>
         <load_address>0x125c7</load_address>
         <run_address>0x125c7</run_address>
         <size>0x276</size>
         <input_file_ref idref="fl-1b"/>
      </object_component>
      <object_component id="oc-406">
         <name>.debug_info</name>
         <load_address>0x1283d</load_address>
         <run_address>0x1283d</run_address>
         <size>0x278</size>
         <input_file_ref idref="fl-1b"/>
      </object_component>
      <object_component id="oc-319">
         <name>.debug_info</name>
         <load_address>0x12ab5</load_address>
         <run_address>0x12ab5</run_address>
         <size>0x2b3</size>
         <input_file_ref idref="fl-1b"/>
      </object_component>
      <object_component id="oc-400">
         <name>.debug_info</name>
         <load_address>0x12d68</load_address>
         <run_address>0x12d68</run_address>
         <size>0x2e4</size>
         <input_file_ref idref="fl-1b"/>
      </object_component>
      <object_component id="oc-24a">
         <name>.debug_info</name>
         <load_address>0x1304c</load_address>
         <run_address>0x1304c</run_address>
         <size>0x298</size>
         <input_file_ref idref="fl-1c"/>
      </object_component>
      <object_component id="oc-2d0">
         <name>.debug_info</name>
         <load_address>0x132e4</load_address>
         <run_address>0x132e4</run_address>
         <size>0x14d</size>
         <input_file_ref idref="fl-1c"/>
      </object_component>
      <object_component id="oc-97">
         <name>.debug_info</name>
         <load_address>0x13431</load_address>
         <run_address>0x13431</run_address>
         <size>0x27f</size>
         <input_file_ref idref="fl-1c"/>
      </object_component>
      <object_component id="oc-2a1">
         <name>.debug_info</name>
         <load_address>0x136b0</load_address>
         <run_address>0x136b0</run_address>
         <size>0x283</size>
         <input_file_ref idref="fl-1c"/>
      </object_component>
      <object_component id="oc-91">
         <name>.debug_info</name>
         <load_address>0x13933</load_address>
         <run_address>0x13933</run_address>
         <size>0x27d</size>
         <input_file_ref idref="fl-1c"/>
      </object_component>
      <object_component id="oc-30e">
         <name>.debug_info</name>
         <load_address>0x13bb0</load_address>
         <run_address>0x13bb0</run_address>
         <size>0x263</size>
         <input_file_ref idref="fl-1c"/>
      </object_component>
      <object_component id="oc-36d">
         <name>.debug_info</name>
         <load_address>0x13e13</load_address>
         <run_address>0x13e13</run_address>
         <size>0x2db</size>
         <input_file_ref idref="fl-1c"/>
      </object_component>
      <object_component id="oc-138">
         <name>.debug_info</name>
         <load_address>0x140ee</load_address>
         <run_address>0x140ee</run_address>
         <size>0x2b5</size>
         <input_file_ref idref="fl-1c"/>
      </object_component>
      <object_component id="oc-3b3">
         <name>.debug_info</name>
         <load_address>0x143a3</load_address>
         <run_address>0x143a3</run_address>
         <size>0x5f</size>
         <input_file_ref idref="fl-1c"/>
      </object_component>
      <object_component id="oc-259">
         <name>.debug_info</name>
         <load_address>0x14402</load_address>
         <run_address>0x14402</run_address>
         <size>0x223</size>
         <input_file_ref idref="fl-1d"/>
      </object_component>
      <object_component id="oc-bc">
         <name>.debug_info</name>
         <load_address>0x14625</load_address>
         <run_address>0x14625</run_address>
         <size>0x28a</size>
         <input_file_ref idref="fl-1d"/>
      </object_component>
      <object_component id="oc-16a">
         <name>.debug_info</name>
         <load_address>0x148af</load_address>
         <run_address>0x148af</run_address>
         <size>0x2ba</size>
         <input_file_ref idref="fl-1d"/>
      </object_component>
      <object_component id="oc-17c">
         <name>.debug_info</name>
         <load_address>0x14b69</load_address>
         <run_address>0x14b69</run_address>
         <size>0x284</size>
         <input_file_ref idref="fl-1d"/>
      </object_component>
      <object_component id="oc-188">
         <name>.debug_info</name>
         <load_address>0x14ded</load_address>
         <run_address>0x14ded</run_address>
         <size>0x294</size>
         <input_file_ref idref="fl-1d"/>
      </object_component>
      <object_component id="oc-19a">
         <name>.debug_info</name>
         <load_address>0x15081</load_address>
         <run_address>0x15081</run_address>
         <size>0x296</size>
         <input_file_ref idref="fl-1d"/>
      </object_component>
      <object_component id="oc-182">
         <name>.debug_info</name>
         <load_address>0x15317</load_address>
         <run_address>0x15317</run_address>
         <size>0x292</size>
         <input_file_ref idref="fl-1d"/>
      </object_component>
      <object_component id="oc-176">
         <name>.debug_info</name>
         <load_address>0x155a9</load_address>
         <run_address>0x155a9</run_address>
         <size>0x27f</size>
         <input_file_ref idref="fl-1d"/>
      </object_component>
      <object_component id="oc-164">
         <name>.debug_info</name>
         <load_address>0x15828</load_address>
         <run_address>0x15828</run_address>
         <size>0x28c</size>
         <input_file_ref idref="fl-1d"/>
      </object_component>
      <object_component id="oc-295">
         <name>.debug_info</name>
         <load_address>0x15ab4</load_address>
         <run_address>0x15ab4</run_address>
         <size>0x227</size>
         <input_file_ref idref="fl-1e"/>
      </object_component>
      <object_component id="oc-10a">
         <name>.debug_info</name>
         <load_address>0x15cdb</load_address>
         <run_address>0x15cdb</run_address>
         <size>0x27f</size>
         <input_file_ref idref="fl-1e"/>
      </object_component>
      <object_component id="oc-146">
         <name>.debug_info</name>
         <load_address>0x15f5a</load_address>
         <run_address>0x15f5a</run_address>
         <size>0x28f</size>
         <input_file_ref idref="fl-1e"/>
      </object_component>
      <object_component id="oc-110">
         <name>.debug_info</name>
         <load_address>0x161e9</load_address>
         <run_address>0x161e9</run_address>
         <size>0x28d</size>
         <input_file_ref idref="fl-1e"/>
      </object_component>
      <object_component id="oc-1e8">
         <name>.debug_info</name>
         <load_address>0x16476</load_address>
         <run_address>0x16476</run_address>
         <size>0x2cf</size>
         <input_file_ref idref="fl-1e"/>
      </object_component>
      <object_component id="oc-1e2">
         <name>.debug_info</name>
         <load_address>0x16745</load_address>
         <run_address>0x16745</run_address>
         <size>0x24f</size>
         <input_file_ref idref="fl-1e"/>
      </object_component>
      <object_component id="oc-2a9">
         <name>.debug_info</name>
         <load_address>0x16994</load_address>
         <run_address>0x16994</run_address>
         <size>0x247</size>
         <input_file_ref idref="fl-1e"/>
      </object_component>
      <object_component id="oc-2d7">
         <name>.debug_info</name>
         <load_address>0x16bdb</load_address>
         <run_address>0x16bdb</run_address>
         <size>0x249</size>
[...]
         <object_component_ref idref="oc-42"/>
      </symbol>
      <symbol id="sm-3d2">
         <name>GetAverageDistance</name>
         <value>0x2d3f</value>
         <object_component_ref idref="oc-2a"/>
      </symbol>
      <symbol id="sm-3d3">
         <name>DataIsReady</name>
         <value>0x20000468</value>
         <object_component_ref idref="oc-f4"/>
      </symbol>
      <symbol id="sm-3d4">
         <name>Sonar_Configure</name>
         <value>0x2c61</value>
         <object_component_ref idref="oc-2a"/>
      </symbol>
      <symbol id="sm-3d5">
         <name>Sonar_GPIOA_Interrupt</name>
         <value>0x2dd1</value>
         <object_component_ref idref="oc-2a"/>
      </symbol>
      <symbol id="sm-3d6">
         <name>Sonar_GPIOA_Configure</name>
         <value>0x2db3</value>
         <object_component_ref idref="oc-2a"/>
      </symbol>
      <symbol id="sm-3d7">
         <name>fPeriod</name>
         <value>0x20000460</value>
         <object_component_ref idref="oc-f4"/>
      </symbol>
      <symbol id="sm-3d8">
         <name>SonarTrig</name>
         <value>0x2c8b</value>
         <object_component_ref idref="oc-2a"/>
      </symbol>
      <symbol id="sm-3d9">
         <name>Int_Handler_GPIOA</name>
         <value>0x2cad</value>
         <object_component_ref idref="oc-2a"/>
      </symbol>
      <symbol id="sm-433">
         <name>ReciveData_UART0</name>
         <value>0x20000779</value>
      </symbol>
      <symbol id="sm-434">
         <name>Distance_Laser</name>
         <value>0x200007b4</value>
      </symbol>
      <symbol id="sm-435">
         <name>ReciveData_UART1</name>
         <value>0x20000789</value>
      </symbol>
      <symbol id="sm-436">
         <name>ReciveData_UART3</name>
         <value>0x20000799</value>
      </symbol>
      <symbol id="sm-437">
         <name>UART1IntHandler</name>
         <value>0x2097</value>
         <object_component_ref idref="oc-30"/>
      </symbol>
      <symbol id="sm-438">
         <name>UART3IntHandler</name>
         <value>0x21b5</value>
         <object_component_ref idref="oc-30"/>
      </symbol>
      <symbol id="sm-439">
         <name>Uart1Iint</name>
         <value>0x2163</value>
         <object_component_ref idref="oc-30"/>
      </symbol>
      <symbol id="sm-43a">
         <name>UART3Iint</name>
         <value>0x2259</value>
         <object_component_ref idref="oc-30"/>
      </symbol>
      <symbol id="sm-43b">
         <name>Uart0Iint</name>
         <value>0x2027</value>
         <object_component_ref idref="oc-30"/>
      </symbol>
      <symbol id="sm-43c">
         <name>UART1Send</name>
         <value>0x213b</value>
         <object_component_ref idref="oc-30"/>
      </symbol>
      <symbol id="sm-43d">
         <name>UART0Send</name>
         <value>0x1fff</value>
         <object_component_ref idref="oc-30"/>
      </symbol>
      <symbol id="sm-43e">
         <name>ReciveData_i_UART3</name>
         <value>0x2000048b</value>
         <object_component_ref idref="oc-150"/>
      </symbol>
      <symbol id="sm-43f">
         <name>ReciveData_i_UART1</name>
         <value>0x2000048a</value>
         <object_component_ref idref="oc-150"/>
      </symbol>
      <symbol id="sm-440">
         <name>ReciveData_i_UART0</name>
         <value>0x20000489</value>
         <object_component_ref idref="oc-150"/>
      </symbol>
      <symbol id="sm-441">
         <name>UARTIntHandler</name>
         <value>0x1f85</value>
         <object_component_ref idref="oc-30"/>
      </symbol>
      <symbol id="sm-442">
         <name>UART3Send</name>
         <value>0x2213</value>
         <object_component_ref idref="oc-30"/>
      </symbol>
      <symbol id="sm-4b1">
         <name>UARTgetc</name>
         <value>0x1833</value>
         <object_component_ref idref="oc-131"/>
      </symbol>
      <symbol id="sm-4b2">
         <name>UARTgets</name>
         <value>0x1779</value>
         <object_component_ref idref="oc-131"/>
      </symbol>
      <symbol id="sm-4b3">
         <name>UARTStdioConfig</name>
         <value>0x16ed</value>
         <object_component_ref idref="oc-131"/>
      </symbol>
      <symbol id="sm-4b4">
         <name>UARTwrite</name>
         <value>0x1733</value>
         <object_component_ref idref="oc-131"/>
      </symbol>
      <symbol id="sm-4b5">
         <name>UARTprintf</name>
         <value>0x1b53</value>
         <object_component_ref idref="oc-131"/>
      </symbol>
      <symbol id="sm-4b6">
         <name>UARTvprintf</name>
         <value>0x1859</value>
         <object_component_ref idref="oc-131"/>
      </symbol>
      <symbol id="sm-4d1">
         <name>FPULazyStackingEnable</name>
         <value>0x4149</value>
         <object_component_ref idref="oc-366"/>
      </symbol>
      <symbol id="sm-4d2">
         <name>FPUEnable</name>
         <value>0x4139</value>
         <object_component_ref idref="oc-360"/>
      </symbol>
      <symbol id="sm-57b">
         <name>GPIOPinTypePWM</name>
         <value>0x40df</value>
         <object_component_ref idref="oc-312"/>
      </symbol>
      <symbol id="sm-57c">
         <name>GPIOIntRegister</name>
         <value>0x4073</value>
         <object_component_ref idref="oc-e1"/>
      </symbol>
      <symbol id="sm-57d">
         <name>GPIOPinConfigure</name>
         <value>0x3c71</value>
         <object_component_ref idref="oc-125"/>
      </symbol>
      <symbol id="sm-57e">
         <name>GPIOIntDisable</name>
         <value>0x4189</value>
         <object_component_ref idref="oc-1c4"/>
      </symbol>
      <symbol id="sm-57f">
         <name>GPIOIntEnable</name>
         <value>0x41f7</value>
         <object_component_ref idref="oc-db"/>
      </symbol>
      <symbol id="sm-580">
         <name>GPIOIntTypeSet</name>
         <value>0x3c19</value>
         <object_component_ref idref="oc-bf"/>
      </symbol>
      <symbol id="sm-581">
         <name>GPIOPinTypeGPIOInput</name>
         <value>0x40cd</value>
         <object_component_ref idref="oc-d5"/>
      </symbol>
      <symbol id="sm-582">
         <name>GPIOIntClear</name>
         <value>0x427d</value>
         <object_component_ref idref="oc-b3"/>
      </symbol>
      <symbol id="sm-583">
         <name>GPIOPinTypeUART</name>
         <value>0x40f1</value>
         <object_component_ref idref="oc-12b"/>
      </symbol>
      <symbol id="sm-584">
         <name>GPIOIntStatus</name>
         <value>0x4197</value>
         <object_component_ref idref="oc-ad"/>
      </symbol>
      <symbol id="sm-585">
         <name>GPIOPinTypeGPIOOutput</name>
         <value>0x408b</value>
         <object_component_ref idref="oc-9b"/>
      </symbol>
      <symbol id="sm-586">
         <name>GPIOPinRead</name>
         <value>0x4283</value>
         <object_component_ref idref="oc-1be"/>
      </symbol>
      <symbol id="sm-587">
         <name>GPIODirModeSet</name>
         <value>0x3fc7</value>
         <object_component_ref idref="oc-24c"/>
      </symbol>
      <symbol id="sm-588">
         <name>GPIOPinWrite</name>
         <value>0x4289</value>
         <object_component_ref idref="oc-a1"/>
      </symbol>
      <symbol id="sm-589">
         <name>GPIOPadConfigSet</name>
         <value>0x32d7</value>
         <object_component_ref idref="oc-1b8"/>
      </symbol>
      <symbol id="sm-5de">
         <name>IntEnable</name>
         <value>0x3ae9</value>
         <object_component_ref idref="oc-e7"/>
      </symbol>
      <symbol id="sm-5df">
         <name>IntDisable</name>
         <value>0x3a81</value>
         <object_component_ref idref="oc-16d"/>
      </symbol>
      <symbol id="sm-5e0">
         <name>IntRegister</name>
         <value>0x3f31</value>
         <object_component_ref idref="oc-271"/>
      </symbol>
      <symbol id="sm-5e1">
         <name>g_pfnRAMVectors</name>
         <value>0x20000000</value>
         <object_component_ref idref="oc-3c8"/>
      </symbol>
      <symbol id="sm-5e2">
         <name>IntMasterEnable</name>
         <value>0x4159</value>
         <object_component_ref idref="oc-ed"/>
      </symbol>
      <symbol id="sm-61f">
         <name>PWMGenPeriodSet</name>
         <value>0x4179</value>
         <object_component_ref idref="oc-31e"/>
      </symbol>
      <symbol id="sm-620">
         <name>PWMGenDisable</name>
         <value>0x4203</value>
         <object_component_ref idref="oc-405"/>
      </symbol>
      <symbol id="sm-621">
         <name>PWMDeadBandEnable</name>
         <value>0x4169</value>
         <object_component_ref idref="oc-3ff"/>
      </symbol>
      <symbol id="sm-622">
         <name>PWMPulseWidthSet</name>
         <value>0x4055</value>
         <object_component_ref idref="oc-1b1"/>
      </symbol>
      <symbol id="sm-623">
         <name>PWMOutputState</name>
         <value>0x4103</value>
         <object_component_ref idref="oc-324"/>
      </symbol>
      <symbol id="sm-624">
         <name>PWMGenEnable</name>
         <value>0x420f</value>
         <object_component_ref idref="oc-32a"/>
      </symbol>
      <symbol id="sm-625">
         <name>PWMGenConfigure</name>
         <value>0x3ff1</value>
         <object_component_ref idref="oc-318"/>
      </symbol>
      <symbol id="sm-697">
         <name>SysCtlPeripheralPresent</name>
         <value>0x3e51</value>
         <object_component_ref idref="oc-29f"/>
      </symbol>
      <symbol id="sm-698">
         <name>SysCtlClockSet</name>
         <value>0x3615</value>
         <object_component_ref idref="oc-36c"/>
      </symbol>
      <symbol id="sm-699">
         <name>SysCtlDelay</name>
         <value>0x428f</value>
         <object_component_ref idref="oc-149"/>
      </symbol>
      <symbol id="sm-69a">
         <name>SysCtlPeripheralEnable</name>
         <value>0x3f65</value>
         <object_component_ref idref="oc-8f"/>
      </symbol>
      <symbol id="sm-69b">
         <name>SysCtlClockGet</name>
         <value>0x3409</value>
         <object_component_ref idref="oc-137"/>
      </symbol>
      <symbol id="sm-69c">
         <name>SysCtlPWMClockSet</name>
         <value>0x40a5</value>
         <object_component_ref idref="oc-30c"/>
      </symbol>
      <symbol id="sm-69d">
         <name>SysCtlPeripheralReady</name>
         <value>0x3e89</value>
         <object_component_ref idref="oc-95"/>
      </symbol>
      <symbol id="sm-6e9">
         <name>TimerLoadSet</name>
         <value>0x4115</value>
         <object_component_ref idref="oc-167"/>
      </symbol>
      <symbol id="sm-6ea">
         <name>TimerEnable</name>
         <value>0x41a5</value>
         <object_component_ref idref="oc-173"/>
      </symbol>
      <symbol id="sm-6eb">
         <name>TimerIntStatus</name>
         <value>0x4231</value>
         <object_component_ref idref="oc-179"/>
      </symbol>
      <symbol id="sm-6ec">
         <name>TimerIntDisable</name>
         <value>0x4227</value>
         <object_component_ref idref="oc-197"/>
      </symbol>
      <symbol id="sm-6ed">
         <name>TimerValueGet</name>
         <value>0x423b</value>
         <object_component_ref idref="oc-b9"/>
      </symbol>
      <symbol id="sm-6ee">
         <name>TimerIntEnable</name>
         <value>0x426d</value>
         <object_component_ref idref="oc-185"/>
      </symbol>
      <symbol id="sm-6ef">
         <name>TimerConfigure</name>
         <value>0x3bb9</value>
         <object_component_ref idref="oc-161"/>
      </symbol>
      <symbol id="sm-6f0">
         <name>TimerIntClear</name>
         <value>0x429b</value>
         <object_component_ref idref="oc-17f"/>
      </symbol>
      <symbol id="sm-763">
         <name>UARTCharPutNonBlocking</name>
         <value>0x41c1</value>
         <object_component_ref idref="oc-11f"/>
      </symbol>
      <symbol id="sm-764">
         <name>UARTConfigSetExpClk</name>
         <value>0x3d01</value>
         <object_component_ref idref="oc-13d"/>
      </symbol>
      <symbol id="sm-765">
         <name>UARTDisable</name>
         <value>0x4015</value>
         <object_component_ref idref="oc-2d3"/>
      </symbol>
      <symbol id="sm-766">
         <name>UARTIntEnable</name>
         <value>0x4275</value>
         <object_component_ref idref="oc-143"/>
      </symbol>
      <symbol id="sm-767">
         <name>UARTCharsAvail</name>
         <value>0x41cf</value>
         <object_component_ref idref="oc-119"/>
      </symbol>
      <symbol id="sm-768">
         <name>UARTCharGetNonBlocking</name>
         <value>0x41b3</value>
         <object_component_ref idref="oc-113"/>
      </symbol>
      <symbol id="sm-769">
         <name>UARTCharPut</name>
         <value>0x424f</value>
         <object_component_ref idref="oc-2ab"/>
      </symbol>
      <symbol id="sm-76a">
         <name>UARTEnable</name>
         <value>0x40b9</value>
         <object_component_ref idref="oc-2a5"/>
      </symbol>
      <symbol id="sm-76b">
         <name>UARTFIFOEnable</name>
         <value>0x4259</value>
         <object_component_ref idref="oc-1de"/>
      </symbol>
      <symbol id="sm-76c">
         <name>UARTIntClear</name>
         <value>0x429f</value>
         <object_component_ref idref="oc-10d"/>
      </symbol>
      <symbol id="sm-76d">
         <name>UARTIntStatus</name>
         <value>0x4263</value>
         <object_component_ref idref="oc-107"/>
      </symbol>
      <symbol id="sm-76e">
         <name>UARTCharGet</name>
         <value>0x4245</value>
         <object_component_ref idref="oc-2b1"/>
      </symbol>
      <symbol id="sm-76f">
         <name>UARTFIFOLevelSet</name>
         <value>0x4295</value>
         <object_component_ref idref="oc-1e4"/>
      </symbol>
      <symbol id="sm-779">
         <name>CPUcpsie</name>
         <value>0x41eb</value>
         <object_component_ref idref="oc-27d"/>
      </symbol>
      <symbol id="sm-788">
         <name>__aeabi_uidivmod</name>
         <value>0x3e11</value>
         <object_component_ref idref="oc-2c0"/>
      </symbol>
      <symbol id="sm-789">
         <name>__aeabi_uidiv</name>
         <value>0x3e11</value>
         <object_component_ref idref="oc-2c0"/>
      </symbol>
      <symbol id="sm-798">
         <name>__aeabi_memset</name>
         <value>0x399b</value>
         <object_component_ref idref="oc-1ea"/>
      </symbol>
      <symbol id="sm-799">
         <name>memset</name>
         <value>0x39a1</value>
         <object_component_ref idref="oc-1ea"/>
      </symbol>
      <symbol id="sm-79a">
         <name>__aeabi_memset8</name>
         <value>0x399b</value>
         <object_component_ref idref="oc-1ea"/>
      </symbol>
      <symbol id="sm-79b">
         <name>__aeabi_memset4</name>
         <value>0x399b</value>
         <object_component_ref idref="oc-1ea"/>
      </symbol>
      <symbol id="sm-79c">
         <name>__aeabi_memclr8</name>
         <value>0x3999</value>
         <object_component_ref idref="oc-1ea"/>
      </symbol>
      <symbol id="sm-79d">
         <name>__aeabi_memclr4</name>
         <value>0x3999</value>
         <object_component_ref idref="oc-1ea"/>
      </symbol>
      <symbol id="sm-79e">
         <name>__aeabi_memclr</name>
         <value>0x3999</value>
         <object_component_ref idref="oc-1ea"/>
      </symbol>
      <symbol id="sm-7b5">
         <name>__aeabi_dsub</name>
         <value>0x2e39</value>
         <object_component_ref idref="oc-1f4"/>
      </symbol>
      <symbol id="sm-7b6">
         <name>__aeabi_dadd</name>
         <value>0x2e43</value>
         <object_component_ref idref="oc-1f4"/>
      </symbol>
      <symbol id="sm-7d8">
         <name>__aeabi_cdcmpeq</name>
         <value>0x388d</value>
         <object_component_ref idref="oc-25d"/>
      </symbol>
      <symbol id="sm-7d9">
         <name>__aeabi_cdcmple</name>
         <value>0x388d</value>
         <object_component_ref idref="oc-25d"/>
      </symbol>
      <symbol id="sm-7da">
         <name>__aeabi_cdrcmple</name>
         <value>0x3913</value>
         <object_component_ref idref="oc-262"/>
      </symbol>
      <symbol id="sm-7ee">
         <name>__aeabi_ddiv</name>
         <value>0x31a1</value>
         <object_component_ref idref="oc-1a2"/>
      </symbol>
      <symbol id="sm-7f9">
         <name>__aeabi_dmul</name>
         <value>0x3519</value>
         <object_component_ref idref="oc-ca"/>
      </symbol>
      <symbol id="sm-803">
         <name>__aeabi_d2iz</name>
         <value>0x3cb9</value>
         <object_component_ref idref="oc-1ac"/>
      </symbol>
      <symbol id="sm-80f">
         <name>__aeabi_d2f</name>
         <value>0x3a13</value>
         <object_component_ref idref="oc-1ef"/>
      </symbol>
      <symbol id="sm-81a">
         <name>__aeabi_f2d</name>
         <value>0x3ef9</value>
         <object_component_ref idref="oc-19d"/>
      </symbol>
      <symbol id="sm-824">
         <name>__aeabi_i2d</name>
         <value>0x3f99</value>
         <object_component_ref idref="oc-1a7"/>
      </symbol>
      <symbol id="sm-83f">
         <name>memcpy</name>
         <value>0x37f1</value>
         <object_component_ref idref="oc-5c"/>
      </symbol>
      <symbol id="sm-840">
         <name>__aeabi_memcpy</name>
         <value>0x37f1</value>
         <object_component_ref idref="oc-5c"/>
      </symbol>
      <symbol id="sm-841">
         <name>__aeabi_memcpy8</name>
         <value>0x37f1</value>
         <object_component_ref idref="oc-5c"/>
      </symbol>
      <symbol id="sm-842">
         <name>__aeabi_memcpy4</name>
         <value>0x37f1</value>
         <object_component_ref idref="oc-5c"/>
      </symbol>
      <symbol id="sm-84c">
         <name>__aeabi_ui2d</name>
         <value>0x4035</value>
         <object_component_ref idref="oc-c5"/>
      </symbol>
      <symbol id="sm-860">
         <name>__TI_zero_init_nomemset</name>
         <value>0x4127</value>
         <object_component_ref idref="oc-68"/>
      </symbol>
      <symbol id="sm-877">
         <name>__TI_decompress_none</name>
         <value>0x41dd</value>
         <object_component_ref idref="oc-18"/>
      </symbol>
      <symbol id="sm-89a">
         <name>__TI_decompress_lzss</name>
         <value>0x3b51</value>
         <object_component_ref idref="oc-12"/>
      </symbol>
      <symbol id="sm-8ad">
         <name>__stack</name>
         <value>0x20000490</value>
         <object_component_ref idref="oc-21"/>
      </symbol>
      <symbol id="sm-8ae">
         <name>_c_int00_noargs</name>
         <value>0x3ec1</value>
         <object_component_ref idref="oc-7a"/>
      </symbol>
      <symbol id="sm-8b9">
         <name>C$$EXIT</name>
         <value>0x42a7</value>
         <object_component_ref idref="oc-373"/>
      </symbol>
      <symbol id="sm-8ba">
         <name>abort</name>
         <value>0x42a7</value>
         <object_component_ref idref="oc-373"/>
      </symbol>
      <symbol id="sm-8c6">
         <name>__aeabi_idiv0</name>
         <value>0x2fef</value>
         <object_component_ref idref="oc-3df"/>
      </symbol>
      <symbol id="sm-8c7">
         <name>__aeabi_ldiv0</name>
         <value>0x2fef</value>
         <object_component_ref idref="oc-3df"/>
      </symbol>
      <symbol id="sm-8ef">
         <name>__TI_auto_init_nobinit_nopinit</name>
         <value>0x3d8d</value>
         <object_component_ref idref="oc-37f"/>
      </symbol>
      <symbol id="sm-8f9">
         <name>_system_pre_init</name>
         <value>0x42a3</value>
         <object_component_ref idref="oc-22c"/>
      </symbol>
      <symbol id="sm-8fb">
         <name>__TI_static_base__</name>
         <value>0x0</value>
      </symbol>
      <symbol id="sm-8fe">
         <name>__mpu_init</name>
         <value>0x0</value>
      </symbol>
      <symbol id="sm-8ff">
         <name>_system_post_cinit</name>
         <value>0x0</value>
      </symbol>
   </symbol_table>
   <title>Link successful</title>
</link_info>
